=== ARM l3b_PIT_BAL_s0 Mon Sep 14 13:57:01 2026
loading /home/xiang/l34_e01_ckpt/trunk_l3b
[p1] ep0 step 100/423 loss 1.2950 lr 8.91e-06 37s
[p1] ep1 step 200/423 loss 1.0556 lr 5.67e-06 74s
[p1] ep2 step 300/423 loss 0.8372 lr 2.05e-06 111s
[p1] ep2 step 400/423 loss 0.3235 lr 7.71e-08 150s
[p1] ep2 step 423/423 loss 0.3219 lr 0.00e+00 161s
[p1] done 423 steps, final loss 0.3243, 161s
post-phase1 OLD eval done (36000 items, 43s)
[p2] ep0 step 100/2504 loss 0.6119 lr 1.00e-05 71s
[p2] ep0 step 200/2504 loss 0.3761 lr 9.93e-06 143s
[p2] ep0 step 300/2504 loss 0.2254 lr 9.79e-06 214s
[p2] ep1 step 400/2504 loss 0.1621 lr 9.56e-06 285s
[p2] ep1 step 500/2504 loss 0.1506 lr 9.26e-06 358s
[p2] ep1 step 600/2504 loss 0.1453 lr 8.89e-06 429s
[p2] ep2 step 700/2504 loss 0.1381 lr 8.45e-06 500s
[p2] ep2 step 800/2504 loss 0.1367 lr 7.96e-06 572s
[p2] ep2 step 900/2504 loss 0.1347 lr 7.41e-06 643s
[p2] ep3 step 1000/2504 loss 0.1318 lr 6.83e-06 714s
[p2] ep3 step 1100/2504 loss 0.1309 lr 6.21e-06 785s
[p2] ep3 step 1200/2504 loss 0.1292 lr 5.58e-06 856s
[p2] ep4 step 1300/2504 loss 0.1267 lr 4.93e-06 927s
[p2] ep4 step 1400/2504 loss 0.1257 lr 4.29e-06 999s
[p2] ep4 step 1500/2504 loss 0.1262 lr 3.66e-06 1070s
[p2] ep5 step 1600/2504 loss 0.1238 lr 3.05e-06 1141s
[p2] ep5 step 1700/2504 loss 0.1231 lr 2.47e-06 1212s
[p2] ep5 step 1800/2504 loss 0.1224 lr 1.93e-06 1283s
[p2] ep6 step 1900/2504 loss 0.1216 lr 1.45e-06 1354s
[p2] ep6 step 2000/2504 loss 0.1203 lr 1.03e-06 1426s
[p2] ep6 step 2100/2504 loss 0.1203 lr 6.67e-07 1497s
[p2] ep7 step 2200/2504 loss 0.1197 lr 3.82e-07 1568s
[p2] ep7 step 2300/2504 loss 0.1176 lr 1.73e-07 1639s
[p2] ep7 step 2400/2504 loss 0.1177 lr 4.52e-08 1711s
[p2] ep7 step 2500/2504 loss 0.1181 lr 6.69e-11 1781s
[p2] ep7 step 2504/2504 loss 0.1181 lr 0.00e+00 1784s
[p2] done 2504 steps, final loss 0.1167, 1784s
rank subset: 24000 items x (1+distractors)
final eval done (72000 items, 512s)
=== ARM l3b_PIT_BAL_s0 COMPLETE Mon Sep 14 14:48:25 2026
