`rope_scaling`'s beta_fast field must be a float, got 32
`rope_scaling`'s beta_slow field must be a float, got 1
Loading checkpoint shards:   0%|          | 0/3 [00:00<?, ?it/s]Loading checkpoint shards: 100%|██████████| 3/3 [00:00<00:00, 38.18it/s]
arm=Sbody repo=allenai/Olmo-3-1025-7B stop_ids=[100257] trainable=6,887,272,448
train=9262 val=302
step0 eval: {'val_loss': 0.7642544843256474, 'boundary_auc': 0.99543125, 'log_p_stop_at_boundary': -1.3495561935832825, 'log_p_stop_inside': -13.836823319880704, 'n_boundary': 160, 'n_inside': 23386}
[timing] step 1: 3.14s  16 seqs / 8796 padded tokens  peak 53.3GB
[timing] step 2: 2.48s  16 seqs / 8596 padded tokens  peak 71.5GB
[timing] step 3: 2.29s  16 seqs / 8224 padded tokens  peak 71.5GB
{"val_loss": 0.6374715019017458, "boundary_auc": 0.9997625, "log_p_stop_at_boundary": -0.25485955625012835, "log_p_stop_inside": -14.484598688278215, "n_boundary": 160, "n_inside": 23386, "step": 50, "train_loss": 0.6721216067671776, "lr": 1.992708874098054e-05, "elapsed": 127.48358249664307}
{"val_loss": 0.6309440705925227, "boundary_auc": 0.999803125, "log_p_stop_at_boundary": -0.20050184272093716, "log_p_stop_inside": -14.534620560900322, "n_boundary": 160, "n_inside": 23386, "step": 100, "train_loss": 0.6221990510821342, "lr": 1.9438833303083677e-05, "elapsed": 251.1915259361267}
{"val_loss": 0.6288160488009453, "boundary_auc": 0.99993125, "log_p_stop_at_boundary": -0.1778641361234346, "log_p_stop_inside": -14.703797450001282, "n_boundary": 160, "n_inside": 23386, "step": 150, "train_loss": 0.7092325687408447, "lr": 1.8512844415843514e-05, "elapsed": 378.25377440452576}
{"val_loss": 0.6269738357514143, "boundary_auc": 0.999884375, "log_p_stop_at_boundary": -0.15774268706847253, "log_p_stop_inside": -14.694216903464124, "n_boundary": 160, "n_inside": 23386, "step": 200, "train_loss": 0.8513148054480553, "lr": 1.7192065555074248e-05, "elapsed": 501.2976312637329}
{"val_loss": 0.6272516850382089, "boundary_auc": 0.99991875, "log_p_stop_at_boundary": -0.1743017654790787, "log_p_stop_inside": -14.75793356701055, "n_boundary": 160, "n_inside": 23386, "step": 250, "train_loss": 0.5671580359339714, "lr": 1.553774889760533e-05, "elapsed": 626.5769820213318}
{"val_loss": 0.6262143593281507, "boundary_auc": 0.999909375, "log_p_stop_at_boundary": -0.17094144477417444, "log_p_stop_inside": -14.927161238495001, "n_boundary": 160, "n_inside": 23386, "step": 300, "train_loss": 0.7991582080721855, "lr": 1.3626614702554322e-05, "elapsed": 754.0733523368835}
{"val_loss": 0.624816482141614, "boundary_auc": 0.999896875, "log_p_stop_at_boundary": -0.15737038392240463, "log_p_stop_inside": -14.92216984747236, "n_boundary": 160, "n_inside": 23386, "step": 350, "train_loss": 0.5913133025169373, "lr": 1.1547293347902813e-05, "elapsed": 881.9113204479218}
{"val_loss": 0.6247288774698972, "boundary_auc": 0.99991875, "log_p_stop_at_boundary": -0.16772713296259614, "log_p_stop_inside": -14.92488291219003, "n_boundary": 160, "n_inside": 23386, "step": 400, "train_loss": 0.8299918547272682, "lr": 9.39621502577714e-06, "elapsed": 1009.4535577297211}
{"val_loss": 0.623700300604105, "boundary_auc": 0.999915625, "log_p_stop_at_boundary": -0.1601326979268934, "log_p_stop_inside": -14.956698785794767, "n_boundary": 160, "n_inside": 23386, "step": 450, "train_loss": 0.486594058573246, "lr": 7.273137715105063e-06, "elapsed": 1131.716460466385}
{"val_loss": 0.6238127622753382, "boundary_auc": 0.999925, "log_p_stop_at_boundary": -0.15787569885054334, "log_p_stop_inside": -14.952672189095365, "n_boundary": 160, "n_inside": 23386, "step": 500, "train_loss": 0.9716087803244591, "lr": 5.276520825495963e-06, "elapsed": 1260.0371248722076}
{"val_loss": 0.6235994029790163, "boundary_auc": 0.999928125, "log_p_stop_at_boundary": -0.16069981329817146, "log_p_stop_inside": -14.969627389496829, "n_boundary": 160, "n_inside": 23386, "step": 550, "train_loss": 0.9231059774756432, "lr": 3.4989590633125583e-06, "elapsed": 1386.6070461273193}
{"val_loss": 0.623466257378459, "boundary_auc": 0.999925, "log_p_stop_at_boundary": -0.1610243910887088, "log_p_stop_inside": -14.973663537617542, "n_boundary": 160, "n_inside": 23386, "step": 600, "train_loss": 0.7370201125741005, "lr": 2.0228882780498405e-06, "elapsed": 1511.0085053443909}
{"val_loss": 0.6235183332115412, "boundary_auc": 0.999925, "log_p_stop_at_boundary": -0.16010596588288134, "log_p_stop_inside": -14.984428443142695, "n_boundary": 160, "n_inside": 23386, "step": 650, "train_loss": 0.9876711815595627, "lr": 9.167624338324599e-07, "elapsed": 1636.4832022190094}
{"val_loss": 0.6234835397452116, "boundary_auc": 0.999925, "log_p_stop_at_boundary": -0.1607279945872011, "log_p_stop_inside": -14.9847862846639, "n_boundary": 160, "n_inside": 23386, "step": 700, "train_loss": 0.655216284096241, "lr": 2.3187900203740843e-07, "elapsed": 1762.087802886963}
{"val_loss": 0.6236069288104773, "boundary_auc": 0.999928125, "log_p_stop_at_boundary": -0.16021627271527544, "log_p_stop_inside": -14.984054903329097, "n_boundary": 160, "n_inside": 23386, "step": 750, "train_loss": 0.641780398786068, "lr": 0.0, "elapsed": 1882.9257595539093}
wrote results/e02/budget/Sbody_st750_s0/e01.jsonl 50
wrote results/e02/budget/Sbody_st750_s0/e01_d.jsonl 12
done results/e02/budget/Sbody_st750_s0
