`rope_scaling`'s beta_fast field must be a float, got 32
`rope_scaling`'s beta_slow field must be a float, got 1
Loading checkpoint shards:   0%|          | 0/3 [00:00<?, ?it/s]Loading checkpoint shards: 100%|██████████| 3/3 [00:00<00:00, 39.33it/s]
arm=Rmlp repo=allenai/Olmo-3-1025-7B stop_ids=[100257] trainable=2,098,177
train=9262 val=302
step0 eval: {'val_loss': 0.7642544843256474, 'boundary_auc': 0.99543125, 'log_p_stop_at_boundary': -1.3495561935832825, 'log_p_stop_inside': -13.836823319880704, 'n_boundary': 160, 'n_inside': 23386}
[timing] step 1: 1.32s  16 seqs / 7420 padded tokens  peak 17.6GB
[timing] step 2: 0.80s  16 seqs / 9604 padded tokens  peak 17.6GB
[timing] step 3: 0.77s  16 seqs / 9088 padded tokens  peak 17.6GB
{"val_loss": 0.7570326313376426, "boundary_auc": 0.999759375, "log_p_stop_at_boundary": -0.5608823713233277, "log_p_stop_inside": -14.279706689556917, "n_boundary": 160, "n_inside": 23386, "step": 50, "train_loss": 1.0532797649502754, "lr": 0.0007462686567164179, "elapsed": 43.97582983970642}
{"val_loss": 0.7566236302256584, "boundary_auc": 0.999675, "log_p_stop_at_boundary": -0.4511792990664937, "log_p_stop_inside": -13.674680734665985, "n_boundary": 160, "n_inside": 23386, "step": 100, "train_loss": 1.194890946149826, "lr": 0.0009994362604092612, "elapsed": 87.79515361785889}
{"val_loss": 0.7552802972495556, "boundary_auc": 0.999815625, "log_p_stop_at_boundary": -0.2779433116813991, "log_p_stop_inside": -13.878957783029366, "n_boundary": 160, "n_inside": 23386, "step": 150, "train_loss": 0.8060046955943108, "lr": 0.0009964373591176152, "elapsed": 131.3121247291565}
{"val_loss": 0.7546715423464775, "boundary_auc": 0.999834375, "log_p_stop_at_boundary": -0.21313884360849328, "log_p_stop_inside": -14.439886370456795, "n_boundary": 160, "n_inside": 23386, "step": 200, "train_loss": 0.8653861582279205, "lr": 0.0009908691901918832, "elapsed": 175.19187211990356}
{"val_loss": 0.7550942033529282, "boundary_auc": 0.999721875, "log_p_stop_at_boundary": -0.3074738608993073, "log_p_stop_inside": -14.512214886282335, "n_boundary": 160, "n_inside": 23386, "step": 250, "train_loss": 0.618098646402359, "lr": 0.0009827605711977445, "elapsed": 219.24085211753845}
{"val_loss": 0.7550481803715229, "boundary_auc": 0.999728125, "log_p_stop_at_boundary": -0.3539891006607167, "log_p_stop_inside": -13.253509248316345, "n_boundary": 160, "n_inside": 23386, "step": 300, "train_loss": 0.8897832930088043, "lr": 0.0009721534675754631, "elapsed": 263.3584945201874}
{"val_loss": 0.7552457369863987, "boundary_auc": 0.999775, "log_p_stop_at_boundary": -0.32448089886577447, "log_p_stop_inside": -13.993343167651162, "n_boundary": 160, "n_inside": 23386, "step": 350, "train_loss": 0.9755626022815704, "lr": 0.0009591027754514634, "elapsed": 308.70475244522095}
{"val_loss": 0.7546864204108715, "boundary_auc": 0.99976875, "log_p_stop_at_boundary": -0.24407559566089249, "log_p_stop_inside": -15.08888128369073, "n_boundary": 160, "n_inside": 23386, "step": 400, "train_loss": 1.0997032821178436, "lr": 0.0009436760375282858, "elapsed": 353.38624596595764}
{"val_loss": 0.7548123195767402, "boundary_auc": 0.999803125, "log_p_stop_at_boundary": -0.1830260179855489, "log_p_stop_inside": -13.47422124674394, "n_boundary": 160, "n_inside": 23386, "step": 450, "train_loss": 0.6023862436413765, "lr": 0.0009259530935233036, "elapsed": 397.0302383899689}
{"val_loss": 0.7556082502007484, "boundary_auc": 0.999859375, "log_p_stop_at_boundary": -0.41424531507032614, "log_p_stop_inside": -14.542510754560142, "n_boundary": 160, "n_inside": 23386, "step": 500, "train_loss": 0.6524332836270332, "lr": 0.0009060256669653293, "elapsed": 441.9549603462219}
{"val_loss": 0.7546644918620586, "boundary_auc": 0.999815625, "log_p_stop_at_boundary": -0.317291999795647, "log_p_stop_inside": -14.281984830603008, "n_boundary": 160, "n_inside": 23386, "step": 550, "train_loss": 0.5812294706702232, "lr": 0.0008839968904876061, "elapsed": 488.31935381889343}
{"val_loss": 0.7541800513863564, "boundary_auc": 0.999903125, "log_p_stop_at_boundary": -0.2922183215757087, "log_p_stop_inside": -14.963677635274616, "n_boundary": 160, "n_inside": 23386, "step": 600, "train_loss": 0.5320785939693451, "lr": 0.0008599807720739878, "elapsed": 533.7611265182495}
{"val_loss": 0.7545933835208416, "boundary_auc": 0.99986875, "log_p_stop_at_boundary": -0.3158861319766871, "log_p_stop_inside": -15.065605706674425, "n_boundary": 160, "n_inside": 23386, "step": 650, "train_loss": 0.8497706279158592, "lr": 0.0008341016050207046, "elapsed": 578.6273393630981}
{"val_loss": 0.7545431330800056, "boundary_auc": 0.999875, "log_p_stop_at_boundary": -0.2798388164373815, "log_p_stop_inside": -15.475145016215537, "n_boundary": 160, "n_inside": 23386, "step": 700, "train_loss": 0.6706402450799942, "lr": 0.0008064933246674039, "elapsed": 623.8293821811676}
{"val_loss": 0.7541694648563861, "boundary_auc": 0.999834375, "log_p_stop_at_boundary": -0.2895507631276316, "log_p_stop_inside": -14.430954559382542, "n_boundary": 160, "n_inside": 23386, "step": 750, "train_loss": 0.9907287806272507, "lr": 0.0007772988152266487, "elapsed": 670.1540865898132}
{"val_loss": 0.7543074414134026, "boundary_auc": 0.999909375, "log_p_stop_at_boundary": -0.30786291879042305, "log_p_stop_inside": -15.66677791927517, "n_boundary": 160, "n_inside": 23386, "step": 800, "train_loss": 0.6851892992854118, "lr": 0.0007466691702993169, "elapsed": 713.3129289150238}
{"val_loss": 0.753815496712923, "boundary_auc": 0.99986875, "log_p_stop_at_boundary": -0.23667574866817875, "log_p_stop_inside": -15.371760485130304, "n_boundary": 160, "n_inside": 23386, "step": 850, "train_loss": 0.7304990664124489, "lr": 0.0007147629109030349, "elapsed": 758.4053654670715}
{"val_loss": 0.7538896173238754, "boundary_auc": 0.9998625, "log_p_stop_at_boundary": -0.28181077822553674, "log_p_stop_inside": -16.661155550488257, "n_boundary": 160, "n_inside": 23386, "step": 900, "train_loss": 1.0120032727718353, "lr": 0.0006817451650606765, "elapsed": 802.8469882011414}
{"val_loss": 0.7544045299291611, "boundary_auc": 0.99980625, "log_p_stop_at_boundary": -0.28273396584181765, "log_p_stop_inside": -15.55433634421051, "n_boundary": 160, "n_inside": 23386, "step": 950, "train_loss": 0.7437688708305359, "lr": 0.0006477868131948875, "elapsed": 849.8014183044434}
{"val_loss": 0.7544127196073532, "boundary_auc": 0.999884375, "log_p_stop_at_boundary": -0.3055685842742474, "log_p_stop_inside": -15.23366534112189, "n_boundary": 160, "n_inside": 23386, "step": 1000, "train_loss": 1.103796809911728, "lr": 0.0006130636037515762, "elapsed": 894.1984267234802}
{"val_loss": 0.7538532838225365, "boundary_auc": 0.99980625, "log_p_stop_at_boundary": -0.17377781314048413, "log_p_stop_inside": -15.70312033886022, "n_boundary": 160, "n_inside": 23386, "step": 1050, "train_loss": 0.5477574020624161, "lr": 0.0005777552436293787, "elapsed": 939.3922553062439}
{"val_loss": 0.7544926270842552, "boundary_auc": 0.99979375, "log_p_stop_at_boundary": -0.2589703776559085, "log_p_stop_inside": -15.669796374669348, "n_boundary": 160, "n_inside": 23386, "step": 1100, "train_loss": 0.8298301696777344, "lr": 0.0005420444681225041, "elapsed": 984.4586553573608}
{"val_loss": 0.754711464047432, "boundary_auc": 0.99985, "log_p_stop_at_boundary": -0.3080468432606377, "log_p_stop_inside": -17.50721801049739, "n_boundary": 160, "n_inside": 23386, "step": 1150, "train_loss": 0.8602738305926323, "lr": 0.0005061160951903845, "elapsed": 1029.243134021759}
{"val_loss": 0.7541136279702186, "boundary_auc": 0.99985, "log_p_stop_at_boundary": -0.22488167245772778, "log_p_stop_inside": -17.058655169244577, "n_boundary": 160, "n_inside": 23386, "step": 1200, "train_loss": 0.8012250661849976, "lr": 0.0004701560689486759, "elapsed": 1073.762212753296}
{"val_loss": 0.7540644407272339, "boundary_auc": 0.999840625, "log_p_stop_at_boundary": -0.24343883069011082, "log_p_stop_inside": -16.982506047623826, "n_boundary": 160, "n_inside": 23386, "step": 1250, "train_loss": 1.2499425262212753, "lr": 0.0004343504973319381, "elapsed": 1119.5027623176575}
{"val_loss": 0.7541129991412163, "boundary_auc": 0.99988125, "log_p_stop_at_boundary": -0.3063444023662638, "log_p_stop_inside": -17.016489781696727, "n_boundary": 160, "n_inside": 23386, "step": 1300, "train_loss": 0.6890684440732002, "lr": 0.0003988846889084836, "elapsed": 1164.5534601211548}
{"val_loss": 0.7545085191726685, "boundary_auc": 0.999796875, "log_p_stop_at_boundary": -0.3150913499933288, "log_p_stop_inside": -17.69212923219137, "n_boundary": 160, "n_inside": 23386, "step": 1350, "train_loss": 0.48149610310792923, "lr": 0.00036394219383227555, "elapsed": 1209.1297748088837}
{"val_loss": 0.7536368474364281, "boundary_auc": 0.999925, "log_p_stop_at_boundary": -0.25178838691213873, "log_p_stop_inside": -16.735968583493083, "n_boundary": 160, "n_inside": 23386, "step": 1400, "train_loss": 0.9157118648290634, "lr": 0.00032970385389534374, "elapsed": 1254.686743736267}
{"val_loss": 0.7539559461176395, "boundary_auc": 0.99985625, "log_p_stop_at_boundary": -0.27032078498297396, "log_p_stop_inside": -17.36333933370732, "n_boundary": 160, "n_inside": 23386, "step": 1450, "train_loss": 0.7240358218550682, "lr": 0.000296346866597089, "elapsed": 1299.6684033870697}
{"val_loss": 0.7540295094251632, "boundary_auc": 0.99988125, "log_p_stop_at_boundary": -0.2653283856370455, "log_p_stop_inside": -17.459008054595124, "n_boundary": 160, "n_inside": 23386, "step": 1500, "train_loss": 1.0442643612623215, "lr": 0.000264043868074301, "elapsed": 1344.510197877884}
{"val_loss": 0.7540363818407059, "boundary_auc": 0.999859375, "log_p_stop_at_boundary": -0.25184856849016474, "log_p_stop_inside": -17.050892867787017, "n_boundary": 160, "n_inside": 23386, "step": 1550, "train_loss": 0.7260431796312332, "lr": 0.00023296203963810448, "elapsed": 1389.038866519928}
{"val_loss": 0.7537432111799717, "boundary_auc": 0.99985, "log_p_stop_at_boundary": -0.22641021873370515, "log_p_stop_inside": -17.944167306397727, "n_boundary": 160, "n_inside": 23386, "step": 1600, "train_loss": 0.874529093503952, "lr": 0.0002032622425418732, "elapsed": 1435.461707353592}
{"val_loss": 0.7539585553109646, "boundary_auc": 0.999821875, "log_p_stop_at_boundary": -0.25846368245193607, "log_p_stop_inside": -18.623163485387114, "n_boundary": 160, "n_inside": 23386, "step": 1650, "train_loss": 0.8760127127170563, "lr": 0.00017509818545804434, "elapsed": 1481.091876745224}
{"val_loss": 0.7540629006922245, "boundary_auc": 0.99983125, "log_p_stop_at_boundary": -0.28756512614124496, "log_p_stop_inside": -18.825963503156483, "n_boundary": 160, "n_inside": 23386, "step": 1700, "train_loss": 0.8528320640325546, "lr": 0.00014861562897248282, "elapsed": 1526.6819009780884}
{"val_loss": 0.753788510710001, "boundary_auc": 0.999859375, "log_p_stop_at_boundary": -0.24761721259445632, "log_p_stop_inside": -18.477518456404137, "n_boundary": 160, "n_inside": 23386, "step": 1750, "train_loss": 0.9032315239310265, "lr": 0.00012395163121346292, "elapsed": 1572.3536167144775}
{"val_loss": 0.7538017071783543, "boundary_auc": 0.999846875, "log_p_stop_at_boundary": -0.268144470128588, "log_p_stop_inside": -18.90181404310899, "n_boundary": 160, "n_inside": 23386, "step": 1800, "train_loss": 0.5763441398739815, "lr": 0.00010123383851945116, "elapsed": 1616.0998330116272}
{"val_loss": 0.7538454502820968, "boundary_auc": 0.999825, "log_p_stop_at_boundary": -0.26148187670400364, "log_p_stop_inside": -18.88806693226615, "n_boundary": 160, "n_inside": 23386, "step": 1850, "train_loss": 0.9887259006500244, "lr": 8.05798248167744e-05, "elapsed": 1661.8711984157562}
{"val_loss": 0.7540054269134998, "boundary_auc": 0.999828125, "log_p_stop_at_boundary": -0.276976227854546, "log_p_stop_inside": -18.828992790978695, "n_boundary": 160, "n_inside": 23386, "step": 1900, "train_loss": 0.7610376626253128, "lr": 6.209648312616411e-05, "elapsed": 1706.6150810718536}
{"val_loss": 0.7539665192365647, "boundary_auc": 0.99981875, "log_p_stop_at_boundary": -0.2785695660840389, "log_p_stop_inside": -18.97115653677838, "n_boundary": 160, "n_inside": 23386, "step": 1950, "train_loss": 0.8148823976516724, "lr": 4.587947234738565e-05, "elapsed": 1752.1765418052673}
{"val_loss": 0.753995393961668, "boundary_auc": 0.999821875, "log_p_stop_at_boundary": -0.2807867529647069, "log_p_stop_inside": -19.020570656441596, "n_boundary": 160, "n_inside": 23386, "step": 2000, "train_loss": 0.6962627470493317, "lr": 3.201272218506379e-05, "elapsed": 1797.3643040657043}
{"val_loss": 0.7539265714585781, "boundary_auc": 0.999815625, "log_p_stop_at_boundary": -0.27306913924052406, "log_p_stop_inside": -18.958351734953325, "n_boundary": 160, "n_inside": 23386, "step": 2050, "train_loss": 0.6309259682893753, "lr": 2.0567998777922202e-05, "elapsed": 1842.0184450149536}
{"val_loss": 0.7538933761417865, "boundary_auc": 0.999815625, "log_p_stop_at_boundary": -0.2673594748426112, "log_p_stop_inside": -18.948554187167137, "n_boundary": 160, "n_inside": 23386, "step": 2100, "train_loss": 0.6533165276050568, "lr": 1.1604533279480966e-05, "elapsed": 1888.199761390686}
{"val_loss": 0.7538549102842808, "boundary_auc": 0.999821875, "log_p_stop_at_boundary": -0.2634354039878815, "log_p_stop_inside": -18.96530137710158, "n_boundary": 160, "n_inside": 23386, "step": 2150, "train_loss": 1.0892034024000168, "lr": 5.168715312461825e-06, "elapsed": 1932.3108966350555}
{"val_loss": 0.7538528569042683, "boundary_auc": 0.999821875, "log_p_stop_at_boundary": -0.26299823591193955, "log_p_stop_inside": -18.958903786358242, "n_boundary": 160, "n_inside": 23386, "step": 2200, "train_loss": 0.9992990642786026, "lr": 1.293852883399338e-06, "elapsed": 1977.7721412181854}
{"val_loss": 0.7538527920842171, "boundary_auc": 0.999821875, "log_p_stop_at_boundary": -0.26296410378753593, "log_p_stop_inside": -18.956382966168427, "n_boundary": 160, "n_inside": 23386, "step": 2250, "train_loss": 1.3309586495161057, "lr": 0.0, "elapsed": 2022.288318157196}
wrote results/e02/budget/Rmlp_st2250_s1/e01.jsonl 50
wrote results/e02/budget/Rmlp_st2250_s1/e01_d.jsonl 12
done results/e02/budget/Rmlp_st2250_s1
