`rope_scaling`'s beta_fast field must be a float, got 32
`rope_scaling`'s beta_slow field must be a float, got 1
Loading checkpoint shards:   0%|          | 0/3 [00:00<?, ?it/s]Loading checkpoint shards: 100%|██████████| 3/3 [00:00<00:00, 42.30it/s]
  assistant-turn stop token: '<|endoftext|>' -> 100257
  degraded stop row: removed 1 x (w_stop . b_hat = 0.319) along the boundary direction
arm=R repo=allenai/Olmo-3-1025-7B stop_ids=[100257] trainable=4,097
train=9262 val=302
  pad id: 100277 ('<|pad|>')
step0 eval: {'val_loss': 0.8753442287445068, 'boundary_auc': 0.38373125, 'log_p_stop_at_boundary': -12.512914237946461, 'log_p_stop_inside': -10.82756988338334, 'n_boundary': 160, 'n_inside': 23386}
[timing] step 1: 1.43s  16 seqs / 7420 padded tokens  peak 17.6GB
[timing] step 2: 0.83s  16 seqs / 9604 padded tokens  peak 17.6GB
[timing] step 3: 0.77s  16 seqs / 9088 padded tokens  peak 17.6GB
{"val_loss": 0.7619908168911934, "boundary_auc": 0.99934375, "log_p_stop_at_boundary": -0.7502920632922668, "log_p_stop_inside": -18.295171379376306, "n_boundary": 160, "n_inside": 23386, "step": 50, "train_loss": 1.0560968965291977, "lr": 0.002238805970149254, "elapsed": 44.080039501190186}
{"val_loss": 0.7598439559340477, "boundary_auc": 0.99939375, "log_p_stop_at_boundary": -0.5773316082643867, "log_p_stop_inside": -16.94358469272199, "n_boundary": 160, "n_inside": 23386, "step": 100, "train_loss": 1.1943109184503555, "lr": 0.0029983087812277837, "elapsed": 88.37551236152649}
{"val_loss": 0.7583000414073467, "boundary_auc": 0.999640625, "log_p_stop_at_boundary": -0.2951563429475475, "log_p_stop_inside": -16.151431329351364, "n_boundary": 160, "n_inside": 23386, "step": 150, "train_loss": 0.807965911924839, "lr": 0.0029893120773528455, "elapsed": 131.6797661781311}
{"val_loss": 0.7559309728443623, "boundary_auc": 0.9997375, "log_p_stop_at_boundary": -0.23480318088293428, "log_p_stop_inside": -17.905089730504837, "n_boundary": 160, "n_inside": 23386, "step": 200, "train_loss": 0.8673485070466995, "lr": 0.0029726075705756496, "elapsed": 175.2212517261505}
{"val_loss": 0.7579306215047836, "boundary_auc": 0.99954375, "log_p_stop_at_boundary": -0.6004566743310876, "log_p_stop_inside": -19.084106273196316, "n_boundary": 160, "n_inside": 23386, "step": 250, "train_loss": 0.6181442216038704, "lr": 0.0029482817135932336, "elapsed": 218.89064741134644}
{"val_loss": 0.7565406255424023, "boundary_auc": 0.9996, "log_p_stop_at_boundary": -0.4249526006287658, "log_p_stop_inside": -17.46593534080393, "n_boundary": 160, "n_inside": 23386, "step": 300, "train_loss": 0.8948580175638199, "lr": 0.002916460402726389, "elapsed": 262.413179397583}
{"val_loss": 0.757446750253439, "boundary_auc": 0.999359375, "log_p_stop_at_boundary": -0.5617069789396817, "log_p_stop_inside": -19.05738634387599, "n_boundary": 160, "n_inside": 23386, "step": 350, "train_loss": 0.9782260954380035, "lr": 0.0028773083263543904, "elapsed": 307.08756828308105}
{"val_loss": 0.7566143415868283, "boundary_auc": 0.999646875, "log_p_stop_at_boundary": -0.4749859963433556, "log_p_stop_inside": -17.42691357213915, "n_boundary": 160, "n_inside": 23386, "step": 400, "train_loss": 1.1003666073083878, "lr": 0.0028310281125848574, "elapsed": 351.0758686065674}
{"val_loss": 0.7576926536858082, "boundary_auc": 0.999690625, "log_p_stop_at_boundary": -0.2896174019340165, "log_p_stop_inside": -15.798051408432954, "n_boundary": 160, "n_inside": 23386, "step": 450, "train_loss": 0.6039612367749214, "lr": 0.0027778592805699108, "elapsed": 394.0189309120178}
{"val_loss": 0.7560637287795544, "boundary_auc": 0.999665625, "log_p_stop_at_boundary": -0.5411710028495781, "log_p_stop_inside": -17.69278784287969, "n_boundary": 160, "n_inside": 23386, "step": 500, "train_loss": 0.6535439118742943, "lr": 0.002718077000895988, "elapsed": 438.24637365341187}
{"val_loss": 0.7558495298027992, "boundary_auc": 0.999721875, "log_p_stop_at_boundary": -0.3327504912533089, "log_p_stop_inside": -18.05104885352363, "n_boundary": 160, "n_inside": 23386, "step": 550, "train_loss": 0.5803604647517204, "lr": 0.0026519906714628184, "elapsed": 483.9016649723053}
{"val_loss": 0.7561921089887619, "boundary_auc": 0.999859375, "log_p_stop_at_boundary": -0.4963979618597989, "log_p_stop_inside": -19.81450681224614, "n_boundary": 160, "n_inside": 23386, "step": 600, "train_loss": 0.5316822156310081, "lr": 0.0025799423162219635, "elapsed": 528.9240727424622}
{"val_loss": 0.75709038823843, "boundary_auc": 0.9997875, "log_p_stop_at_boundary": -0.4827440595563903, "log_p_stop_inside": -17.94143086097509, "n_boundary": 160, "n_inside": 23386, "step": 650, "train_loss": 0.8503556177020073, "lr": 0.002502304815062114, "elapsed": 573.3550095558167}
{"val_loss": 0.7587753258645534, "boundary_auc": 0.9995375, "log_p_stop_at_boundary": -0.647147066341039, "log_p_stop_inside": -19.240311450256634, "n_boundary": 160, "n_inside": 23386, "step": 700, "train_loss": 0.6708335131406784, "lr": 0.0024194799740022118, "elapsed": 617.8979458808899}
{"val_loss": 0.7568450644612312, "boundary_auc": 0.99945625, "log_p_stop_at_boundary": -0.5056383031603694, "log_p_stop_inside": -16.70070312340366, "n_boundary": 160, "n_inside": 23386, "step": 750, "train_loss": 1.0044692605733871, "lr": 0.002331896445679946, "elapsed": 663.5589096546173}
{"val_loss": 0.7587523445487022, "boundary_auc": 0.9995375, "log_p_stop_at_boundary": -0.6997544834218375, "log_p_stop_inside": -19.882590871468217, "n_boundary": 160, "n_inside": 23386, "step": 800, "train_loss": 0.6901579797267914, "lr": 0.0022400075108979507, "elapsed": 706.0264773368835}
{"val_loss": 0.758308345079422, "boundary_auc": 0.999346875, "log_p_stop_at_boundary": -0.47151277089519417, "log_p_stop_inside": -18.13970999818277, "n_boundary": 160, "n_inside": 23386, "step": 850, "train_loss": 0.7362329736351967, "lr": 0.0021442887327091046, "elapsed": 750.4634318351746}
{"val_loss": 0.7568445570766926, "boundary_auc": 0.99944375, "log_p_stop_at_boundary": -0.542481019209438, "log_p_stop_inside": -20.068837667114753, "n_boundary": 160, "n_inside": 23386, "step": 900, "train_loss": 1.0123683884739876, "lr": 0.0020452354951820293, "elapsed": 794.1536064147949}
{"val_loss": 0.7595529519021511, "boundary_auc": 0.999528125, "log_p_stop_at_boundary": -0.5158683854371138, "log_p_stop_inside": -19.094100389502568, "n_boundary": 160, "n_inside": 23386, "step": 950, "train_loss": 0.7465301007032394, "lr": 0.0019433604395846626, "elapsed": 840.4271392822266}
{"val_loss": 0.7610963478684425, "boundary_auc": 0.99928125, "log_p_stop_at_boundary": -0.732681342047439, "log_p_stop_inside": -19.03533946792256, "n_boundary": 160, "n_inside": 23386, "step": 1000, "train_loss": 1.1135264337062836, "lr": 0.0018391908112547286, "elapsed": 884.19895195961}
{"val_loss": 0.7572846494615078, "boundary_auc": 0.999740625, "log_p_stop_at_boundary": -0.22193965864109982, "log_p_stop_inside": -18.832902507788525, "n_boundary": 160, "n_inside": 23386, "step": 1050, "train_loss": 0.5520172119140625, "lr": 0.0017332657308881361, "elapsed": 928.8369331359863}
{"val_loss": 0.756638465821743, "boundary_auc": 0.999709375, "log_p_stop_at_boundary": -0.2632624724192342, "log_p_stop_inside": -18.54135560596763, "n_boundary": 160, "n_inside": 23386, "step": 1100, "train_loss": 0.8302557021379471, "lr": 0.0016261334043675122, "elapsed": 973.3228089809418}
{"val_loss": 0.7589292325079441, "boundary_auc": 0.99971875, "log_p_stop_at_boundary": -0.4889859960830435, "log_p_stop_inside": -20.024340547261083, "n_boundary": 160, "n_inside": 23386, "step": 1150, "train_loss": 0.8633424043655396, "lr": 0.0015183482855711534, "elapsed": 1017.4003074169159}
{"val_loss": 0.7573056221008301, "boundary_auc": 0.999703125, "log_p_stop_at_boundary": -0.42089015396500945, "log_p_stop_inside": -19.80113591334831, "n_boundary": 160, "n_inside": 23386, "step": 1200, "train_loss": 0.8031534180045128, "lr": 0.0014104682068460275, "elapsed": 1061.4149956703186}
{"val_loss": 0.757116923481226, "boundary_auc": 0.999759375, "log_p_stop_at_boundary": -0.39668160619349985, "log_p_stop_inside": -20.48747749129761, "n_boundary": 160, "n_inside": 23386, "step": 1250, "train_loss": 1.2657713294029236, "lr": 0.0013030514919958143, "elapsed": 1106.6375851631165}
{"val_loss": 0.7563094958662987, "boundary_auc": 0.999740625, "log_p_stop_at_boundary": -0.5181022461259758, "log_p_stop_inside": -20.326447693619144, "n_boundary": 160, "n_inside": 23386, "step": 1300, "train_loss": 0.6887153387069702, "lr": 0.0011966540667254508, "elapsed": 1151.1300957202911}
{"val_loss": 0.758311665058136, "boundary_auc": 0.99968125, "log_p_stop_at_boundary": -0.6696903135628929, "log_p_stop_inside": -20.319585245057723, "n_boundary": 160, "n_inside": 23386, "step": 1350, "train_loss": 0.4821416288614273, "lr": 0.0010918265814968268, "elapsed": 1195.0545840263367}
{"val_loss": 0.7557937800884247, "boundary_auc": 0.999853125, "log_p_stop_at_boundary": -0.3153688261425305, "log_p_stop_inside": -19.427207923682627, "n_boundary": 160, "n_inside": 23386, "step": 1400, "train_loss": 0.9164664968848228, "lr": 0.0009891115616860312, "elapsed": 1239.9916412830353}
{"val_loss": 0.7565366223454475, "boundary_auc": 0.99979375, "log_p_stop_at_boundary": -0.3905175839010614, "log_p_stop_inside": -19.92191498965996, "n_boundary": 160, "n_inside": 23386, "step": 1450, "train_loss": 0.7238557636737823, "lr": 0.0008890405997912671, "elapsed": 1284.2855670452118}
{"val_loss": 0.756247716397047, "boundary_auc": 0.99981875, "log_p_stop_at_boundary": -0.40850836078312547, "log_p_stop_inside": -19.32776489337414, "n_boundary": 160, "n_inside": 23386, "step": 1500, "train_loss": 1.0462499856948853, "lr": 0.0007921316042229031, "elapsed": 1328.4949626922607}
{"val_loss": 0.756491880863905, "boundary_auc": 0.9998125, "log_p_stop_at_boundary": -0.3862291698723025, "log_p_stop_inside": -19.51402502926461, "n_boundary": 160, "n_inside": 23386, "step": 1550, "train_loss": 0.7279039695858955, "lr": 0.0006988861189143134, "elapsed": 1372.2898473739624}
{"val_loss": 0.7563058085739612, "boundary_auc": 0.99983125, "log_p_stop_at_boundary": -0.37521607502814386, "log_p_stop_inside": -19.325367035830553, "n_boundary": 160, "n_inside": 23386, "step": 1600, "train_loss": 0.8791308328509331, "lr": 0.0006097867276256196, "elapsed": 1417.965321302414}
{"val_loss": 0.7558839730918407, "boundary_auc": 0.999821875, "log_p_stop_at_boundary": -0.3557471149967796, "log_p_stop_inside": -19.963526164233063, "n_boundary": 160, "n_inside": 23386, "step": 1650, "train_loss": 0.8771678358316422, "lr": 0.000525294556374133, "elapsed": 1462.8936097621918}
{"val_loss": 0.756120353192091, "boundary_auc": 0.99974375, "log_p_stop_at_boundary": -0.4744761519841033, "log_p_stop_inside": -19.745126617457828, "n_boundary": 160, "n_inside": 23386, "step": 1700, "train_loss": 0.8534686341881752, "lr": 0.00044584688691744846, "elapsed": 1507.7704894542694}
{"val_loss": 0.755766224861145, "boundary_auc": 0.999790625, "log_p_stop_at_boundary": -0.3485909690289873, "log_p_stop_inside": -19.090139858164612, "n_boundary": 160, "n_inside": 23386, "step": 1750, "train_loss": 0.902912825345993, "lr": 0.00037185489364038876, "elapsed": 1552.8768901824951}
{"val_loss": 0.7562205784022809, "boundary_auc": 0.99979375, "log_p_stop_at_boundary": -0.4440047237129619, "log_p_stop_inside": -19.928306926744654, "n_boundary": 160, "n_inside": 23386, "step": 1800, "train_loss": 0.5769423171877861, "lr": 0.0003037015155583535, "elapsed": 1595.959156036377}
{"val_loss": 0.7557862035930156, "boundary_auc": 0.999803125, "log_p_stop_at_boundary": -0.3378790579341796, "log_p_stop_inside": -19.377623133642576, "n_boundary": 160, "n_inside": 23386, "step": 1850, "train_loss": 0.989365354180336, "lr": 0.00024173947445032317, "elapsed": 1640.9666242599487}
{"val_loss": 0.7560606978833675, "boundary_auc": 0.999784375, "log_p_stop_at_boundary": -0.3842358719642291, "log_p_stop_inside": -19.398266833841692, "n_boundary": 160, "n_inside": 23386, "step": 1900, "train_loss": 0.7607207074761391, "lr": 0.00018628944937849234, "elapsed": 1685.0145516395569}
{"val_loss": 0.7558077059686183, "boundary_auc": 0.99980625, "log_p_stop_at_boundary": -0.3649600148854084, "log_p_stop_inside": -19.18635938250643, "n_boundary": 160, "n_inside": 23386, "step": 1950, "train_loss": 0.8151684105396271, "lr": 0.00013763841704215695, "elapsed": 1729.9920179843903}
{"val_loss": 0.7557964272797107, "boundary_auc": 0.99979375, "log_p_stop_at_boundary": -0.3777786689023593, "log_p_stop_inside": -19.239365365180266, "n_boundary": 160, "n_inside": 23386, "step": 2000, "train_loss": 0.7055394276976585, "lr": 9.603816655519137e-05, "elapsed": 1774.5938193798065}
{"val_loss": 0.755688700824976, "boundary_auc": 0.99980625, "log_p_stop_at_boundary": -0.3373134195029749, "log_p_stop_inside": -19.056385437513068, "n_boundary": 160, "n_inside": 23386, "step": 2050, "train_loss": 0.6311103999614716, "lr": 6.17039963337666e-05, "elapsed": 1818.7425248622894}
{"val_loss": 0.7557756870985031, "boundary_auc": 0.99980625, "log_p_stop_at_boundary": -0.3543336693324065, "log_p_stop_inside": -19.111839985551644, "n_boundary": 160, "n_inside": 23386, "step": 2100, "train_loss": 0.6532251238822937, "lr": 3.48135998384429e-05, "elapsed": 1864.3441245555878}
{"val_loss": 0.7557092890143394, "boundary_auc": 0.99981875, "log_p_stop_at_boundary": -0.34433683231423656, "log_p_stop_inside": -19.135606106246875, "n_boundary": 160, "n_inside": 23386, "step": 2150, "train_loss": 1.0925678759813309, "lr": 1.5506145937385474e-05, "elapsed": 1907.8114142417908}
{"val_loss": 0.7557196706533432, "boundary_auc": 0.99981875, "log_p_stop_at_boundary": -0.34800474075923804, "log_p_stop_inside": -19.142558180851594, "n_boundary": 160, "n_inside": 23386, "step": 2200, "train_loss": 0.9998994544148445, "lr": 3.881558650198013e-06, "elapsed": 1952.601938009262}
{"val_loss": 0.7557132616639137, "boundary_auc": 0.99981875, "log_p_stop_at_boundary": -0.3475369782087043, "log_p_stop_inside": -19.137848311460345, "n_boundary": 160, "n_inside": 23386, "step": 2250, "train_loss": 1.3337549418210983, "lr": 0.0, "elapsed": 1996.644409418106}
wrote results/e02/degrade/R_lam1.0_s1/e01.jsonl 50
wrote results/e02/degrade/R_lam1.0_s1/e01_d.jsonl 12
done results/e02/degrade/R_lam1.0_s1
