Loading checkpoint shards:   0%|          | 0/3 [00:00<?, ?it/s]Loading checkpoint shards: 100%|██████████| 3/3 [00:00<00:00, 34.48it/s]
The following generation flags are not valid and may be ignored: ['temperature', 'top_p']. Set `TRANSFORMERS_VERBOSITY=info` for more details.
mask=full pairing=shuffled init=allenai/Olmo-3-7B-Think-SFT
  pool=7055 of 12000 usable under EVERY pairing; train=7055 val=223
  supervised tokens=1,252,462 of 2,615,739 (47.88%)
{"val_loss": 1.165734938532114, "boundary_auc": 0.93155625, "log_p_stop_at_boundary": -11.103755895793437, "log_p_stop_inside": -17.424190506612575, "n_boundary": 160, "n_inside": 27187, "step": 0}
wrote results/e04/full_shuffled_s0/step0/e01.jsonl 50
wrote results/e04/full_shuffled_s0/step0/e01_d.jsonl 12
{"val_loss": 0.9921822778880596, "boundary_auc": 0.999171875, "log_p_stop_at_boundary": -0.5261952652695981, "log_p_stop_inside": -12.846660695857544, "n_boundary": 160, "n_inside": 27187, "step": 50, "train_loss": 1.0699278116226196, "lr": 1.492537313432836e-05, "elapsed": 133.37968063354492}
{"val_loss": 1.021772550791502, "boundary_auc": 0.99934375, "log_p_stop_at_boundary": -0.5391018445463487, "log_p_stop_inside": -13.37246189693712, "n_boundary": 160, "n_inside": 27187, "step": 100, "train_loss": 1.0604619085788727, "lr": 1.9988725208185227e-05, "elapsed": 267.8014850616455}
{"val_loss": 1.0451557762920856, "boundary_auc": 0.9993125, "log_p_stop_at_boundary": -0.5505996442878314, "log_p_stop_inside": -13.389593455785784, "n_boundary": 160, "n_inside": 27187, "step": 150, "train_loss": 0.8703024685382843, "lr": 1.9928747182352305e-05, "elapsed": 402.4128649234772}
{"val_loss": 1.060547735542059, "boundary_auc": 0.999290625, "log_p_stop_at_boundary": -0.45640654725702917, "log_p_stop_inside": -13.070809341327697, "n_boundary": 160, "n_inside": 27187, "step": 200, "train_loss": 1.1291721612215042, "lr": 1.9817383803837663e-05, "elapsed": 536.8811411857605}
{"val_loss": 1.0656857252120973, "boundary_auc": 0.999371875, "log_p_stop_at_boundary": -0.4724138265061811, "log_p_stop_inside": -13.305555527707595, "n_boundary": 160, "n_inside": 27187, "step": 250, "train_loss": 0.997781902551651, "lr": 1.9655211423954892e-05, "elapsed": 672.4739367961884}
wrote results/e04/full_shuffled_s0/step250/e01.jsonl 50
wrote results/e04/full_shuffled_s0/step250/e01_d.jsonl 12
{"val_loss": 1.087901669740677, "boundary_auc": 0.999365625, "log_p_stop_at_boundary": -0.49994932752315435, "log_p_stop_inside": -13.490262638919932, "n_boundary": 160, "n_inside": 27187, "step": 300, "train_loss": 0.9277900084853172, "lr": 1.9443069351509263e-05, "elapsed": 824.2379078865051}
{"val_loss": 1.088578823208809, "boundary_auc": 0.999328125, "log_p_stop_at_boundary": -0.445662126483694, "log_p_stop_inside": -13.77948944336601, "n_boundary": 160, "n_inside": 27187, "step": 350, "train_loss": 1.0881240218877792, "lr": 1.918205550902927e-05, "elapsed": 959.0896923542023}
{"val_loss": 1.0866874806582927, "boundary_auc": 0.999321875, "log_p_stop_at_boundary": -0.5341110569048396, "log_p_stop_inside": -14.07272413151141, "n_boundary": 160, "n_inside": 27187, "step": 400, "train_loss": 0.9234233796596527, "lr": 1.8873520750565716e-05, "elapsed": 1097.5592954158783}
{"val_loss": 1.125220739841461, "boundary_auc": 0.999259375, "log_p_stop_at_boundary": -0.4975448226954313, "log_p_stop_inside": -14.216709830767053, "n_boundary": 160, "n_inside": 27187, "step": 450, "train_loss": 1.0608024448156357, "lr": 1.8519061870466073e-05, "elapsed": 1232.4219572544098}
{"val_loss": 1.0899295501410962, "boundary_auc": 0.99934375, "log_p_stop_at_boundary": -0.4630152262274578, "log_p_stop_inside": -14.480608063091976, "n_boundary": 160, "n_inside": 27187, "step": 500, "train_loss": 0.9237172156572342, "lr": 1.812051333930659e-05, "elapsed": 1370.1719462871552}
wrote results/e04/full_shuffled_s0/step500/e01.jsonl 50
wrote results/e04/full_shuffled_s0/step500/e01_d.jsonl 12
{"val_loss": 1.0784583672881127, "boundary_auc": 0.999296875, "log_p_stop_at_boundary": -0.5294998234550121, "log_p_stop_inside": -14.590027261491933, "n_boundary": 160, "n_inside": 27187, "step": 550, "train_loss": 1.0523752719163895, "lr": 1.7679937809752125e-05, "elapsed": 1520.5190877914429}
{"val_loss": 1.0873528845608234, "boundary_auc": 0.99934375, "log_p_stop_at_boundary": -0.4397618145400884, "log_p_stop_inside": -14.634078653351969, "n_boundary": 160, "n_inside": 27187, "step": 600, "train_loss": 0.8625408411026001, "lr": 1.7199615441479757e-05, "elapsed": 1653.2045135498047}
{"val_loss": 1.0735681660473346, "boundary_auc": 0.999309375, "log_p_stop_at_boundary": -0.5058208619246216, "log_p_stop_inside": -14.754708931119094, "n_boundary": 160, "n_inside": 27187, "step": 650, "train_loss": 1.0981544256210327, "lr": 1.6682032100414094e-05, "elapsed": 1789.5487353801727}
{"val_loss": 1.065614401549101, "boundary_auc": 0.999325, "log_p_stop_at_boundary": -0.4646156736624107, "log_p_stop_inside": -14.864240417612761, "n_boundary": 160, "n_inside": 27187, "step": 700, "train_loss": 1.2830161899328232, "lr": 1.612986649334808e-05, "elapsed": 1925.6900250911713}
{"val_loss": 1.067073031514883, "boundary_auc": 0.999421875, "log_p_stop_at_boundary": -0.43476259063977524, "log_p_stop_inside": -14.8701207561556, "n_boundary": 160, "n_inside": 27187, "step": 750, "train_loss": 0.8431732803583145, "lr": 1.5545976304532974e-05, "elapsed": 2060.739797592163}
wrote results/e04/full_shuffled_s0/step750/e01.jsonl 50
wrote results/e04/full_shuffled_s0/step750/e01_d.jsonl 12
{"val_loss": 1.077233189344406, "boundary_auc": 0.999353125, "log_p_stop_at_boundary": -0.503344490160407, "log_p_stop_inside": -15.169139500833348, "n_boundary": 160, "n_inside": 27187, "step": 800, "train_loss": 0.798915795981884, "lr": 1.493338340598634e-05, "elapsed": 2211.1910605430603}
{"val_loss": 1.076104712486267, "boundary_auc": 0.99931875, "log_p_stop_at_boundary": -0.4829416145515097, "log_p_stop_inside": -15.005952594719368, "n_boundary": 160, "n_inside": 27187, "step": 850, "train_loss": 0.9187110960483551, "lr": 1.42952582180607e-05, "elapsed": 2348.4746096134186}
{"val_loss": 1.0951550394296645, "boundary_auc": 0.999309375, "log_p_stop_at_boundary": -0.46425427141255116, "log_p_stop_inside": -15.091398224096391, "n_boundary": 160, "n_inside": 27187, "step": 900, "train_loss": 0.581837072968483, "lr": 1.363490330121353e-05, "elapsed": 2480.5934948921204}
{"val_loss": 1.099101785570383, "boundary_auc": 0.99934375, "log_p_stop_at_boundary": -0.45832279693122474, "log_p_stop_inside": -15.307271044946736, "n_boundary": 160, "n_inside": 27187, "step": 950, "train_loss": 1.0206147283315659, "lr": 1.2955736263897752e-05, "elapsed": 2614.04411816597}
{"val_loss": 1.0930283449590206, "boundary_auc": 0.999271875, "log_p_stop_at_boundary": -0.4718405538309298, "log_p_stop_inside": -15.33406108156248, "n_boundary": 160, "n_inside": 27187, "step": 1000, "train_loss": 0.79244564473629, "lr": 1.2261272075031524e-05, "elapsed": 2749.8817133903503}
wrote results/e04/full_shuffled_s0/step1000/e01.jsonl 50
wrote results/e04/full_shuffled_s0/step1000/e01_d.jsonl 12
{"val_loss": 1.0990334250032903, "boundary_auc": 0.99929375, "log_p_stop_at_boundary": -0.48344760646450596, "log_p_stop_inside": -15.419162185310185, "n_boundary": 160, "n_inside": 27187, "step": 1050, "train_loss": 0.7732788622379303, "lr": 1.1555104872587575e-05, "elapsed": 2899.1615228652954}
{"val_loss": 1.1004843086004257, "boundary_auc": 0.9993, "log_p_stop_at_boundary": -0.4947694471188697, "log_p_stop_inside": -15.565280938396334, "n_boundary": 160, "n_inside": 27187, "step": 1100, "train_loss": 0.8322232812643051, "lr": 1.0840889362450082e-05, "elapsed": 3032.8208153247833}
{"val_loss": 1.1047419048845768, "boundary_auc": 0.999303125, "log_p_stop_at_boundary": -0.4541779495387345, "log_p_stop_inside": -15.390869049781598, "n_boundary": 160, "n_inside": 27187, "step": 1150, "train_loss": 0.868020161986351, "lr": 1.012232190380769e-05, "elapsed": 3166.9061925411224}
{"val_loss": 1.100138781964779, "boundary_auc": 0.9992875, "log_p_stop_at_boundary": -0.46637902888979854, "log_p_stop_inside": -15.31469755201191, "n_boundary": 160, "n_inside": 27187, "step": 1200, "train_loss": 1.0022620558738708, "lr": 9.403121378973517e-06, "elapsed": 3305.6294219493866}
{"val_loss": 1.0986709363758564, "boundary_auc": 0.999284375, "log_p_stop_at_boundary": -0.459089132434508, "log_p_stop_inside": -15.306130413104215, "n_boundary": 160, "n_inside": 27187, "step": 1250, "train_loss": 0.8538699746131897, "lr": 8.687009946638763e-06, "elapsed": 3443.035528421402}
wrote results/e04/full_shuffled_s0/step1250/e01.jsonl 50
wrote results/e04/full_shuffled_s0/step1250/e01_d.jsonl 12
{"val_loss": 1.0951542750000953, "boundary_auc": 0.9992875, "log_p_stop_at_boundary": -0.4506496659515051, "log_p_stop_inside": -15.306068814819366, "n_boundary": 160, "n_inside": 27187, "step": 1300, "train_loss": 0.8192613199353218, "lr": 7.977693778169673e-06, "elapsed": 3592.9389774799347}
{"val_loss": 1.116509798914194, "boundary_auc": 0.999253125, "log_p_stop_at_boundary": -0.4439675411617202, "log_p_stop_inside": -15.329532534331165, "n_boundary": 160, "n_inside": 27187, "step": 1350, "train_loss": 0.7501860857009888, "lr": 7.278843876645512e-06, "elapsed": 3730.4669620990753}
{"val_loss": 1.1207680605351924, "boundary_auc": 0.999265625, "log_p_stop_at_boundary": -0.45564646672601156, "log_p_stop_inside": -15.412425227378915, "n_boundary": 160, "n_inside": 27187, "step": 1400, "train_loss": 0.7925080806016922, "lr": 6.594077077906875e-06, "elapsed": 3866.102826356888}
{"val_loss": 1.1214023239910602, "boundary_auc": 0.999259375, "log_p_stop_at_boundary": -0.4697626740852172, "log_p_stop_inside": -15.509195570747883, "n_boundary": 160, "n_inside": 27187, "step": 1450, "train_loss": 0.6348238959908485, "lr": 5.926937331941781e-06, "elapsed": 3997.5785319805145}
{"val_loss": 1.117876785248518, "boundary_auc": 0.99925625, "log_p_stop_at_boundary": -0.47422568505917295, "log_p_stop_inside": -15.545694881810718, "n_boundary": 160, "n_inside": 27187, "step": 1500, "train_loss": 0.7257616296410561, "lr": 5.280877361486021e-06, "elapsed": 4136.228893995285}
wrote results/e04/full_shuffled_s0/step1500/e01.jsonl 50
wrote results/e04/full_shuffled_s0/step1500/e01_d.jsonl 12
{"val_loss": 1.118900479376316, "boundary_auc": 0.9992625, "log_p_stop_at_boundary": -0.4763981339666884, "log_p_stop_inside": -15.523804138422904, "n_boundary": 160, "n_inside": 27187, "step": 1550, "train_loss": 0.8178192228078842, "lr": 4.65924079276209e-06, "elapsed": 4282.811867237091}
{"val_loss": 1.117684905976057, "boundary_auc": 0.999271875, "log_p_stop_at_boundary": -0.46677016841140356, "log_p_stop_inside": -15.517096999413615, "n_boundary": 160, "n_inside": 27187, "step": 1600, "train_loss": 0.6181822940707207, "lr": 4.065244850837464e-06, "elapsed": 4419.760311126709}
{"val_loss": 1.1174729265272618, "boundary_auc": 0.9992625, "log_p_stop_at_boundary": -0.46622249805938054, "log_p_stop_inside": -15.520594535041367, "n_boundary": 160, "n_inside": 27187, "step": 1650, "train_loss": 0.8701310828328133, "lr": 3.501963709160887e-06, "elapsed": 4558.578414201736}
{"val_loss": 1.1166587308049203, "boundary_auc": 0.99925625, "log_p_stop_at_boundary": -0.4718409020240756, "log_p_stop_inside": -15.528083738787611, "n_boundary": 160, "n_inside": 27187, "step": 1700, "train_loss": 0.6349188014864922, "lr": 2.9723125794496567e-06, "elapsed": 4696.5016984939575}
{"val_loss": 1.1170653723180295, "boundary_auc": 0.99926875, "log_p_stop_at_boundary": -0.4735189078575786, "log_p_stop_inside": -15.548589058650716, "n_boundary": 160, "n_inside": 27187, "step": 1750, "train_loss": 0.6710180565714836, "lr": 2.4790326242692587e-06, "elapsed": 4832.828052997589}
wrote results/e04/full_shuffled_s0/step1750/e01.jsonl 50
wrote results/e04/full_shuffled_s0/step1750/e01_d.jsonl 12
{"val_loss": 1.1182471796870233, "boundary_auc": 0.999259375, "log_p_stop_at_boundary": -0.47259270008202064, "log_p_stop_inside": -15.559325430943414, "n_boundary": 160, "n_inside": 27187, "step": 1800, "train_loss": 0.5940150693058968, "lr": 2.0246767703890237e-06, "elapsed": 4983.905778169632}
{"val_loss": 1.1202325060963632, "boundary_auc": 0.999259375, "log_p_stop_at_boundary": -0.47210541665979805, "log_p_stop_inside": -15.573325694500488, "n_boundary": 160, "n_inside": 27187, "step": 1850, "train_loss": 0.6756439581513405, "lr": 1.6115964963354879e-06, "elapsed": 5119.996993780136}
{"val_loss": 1.120977806299925, "boundary_auc": 0.999278125, "log_p_stop_at_boundary": -0.47183988600811516, "log_p_stop_inside": -15.577587753195514, "n_boundary": 160, "n_inside": 27187, "step": 1900, "train_loss": 0.6628824025392532, "lr": 1.2419296625232825e-06, "elapsed": 5257.144590139389}
{"val_loss": 1.1212697170674801, "boundary_auc": 0.9992625, "log_p_stop_at_boundary": -0.4725347330048635, "log_p_stop_inside": -15.579198821148587, "n_boundary": 160, "n_inside": 27187, "step": 1950, "train_loss": 0.9779236316680908, "lr": 9.175894469477131e-07, "elapsed": 5393.947868108749}
{"val_loss": 1.1215223968029022, "boundary_auc": 0.99926875, "log_p_stop_at_boundary": -0.47392836519022696, "log_p_stop_inside": -15.580259635378516, "n_boundary": 160, "n_inside": 27187, "step": 2000, "train_loss": 0.7063338756561279, "lr": 6.402544437012759e-07, "elapsed": 5527.661342382431}
wrote results/e04/full_shuffled_s0/step2000/e01.jsonl 50
wrote results/e04/full_shuffled_s0/step2000/e01_d.jsonl 12
{"val_loss": 1.121649220585823, "boundary_auc": 0.9992625, "log_p_stop_at_boundary": -0.4735566340138405, "log_p_stop_inside": -15.578139218574409, "n_boundary": 160, "n_inside": 27187, "step": 2050, "train_loss": 0.7476329505443573, "lr": 4.1135997555844407e-07, "elapsed": 5678.152951955795}
{"val_loss": 1.121387465298176, "boundary_auc": 0.99925, "log_p_stop_at_boundary": -0.4742062519438264, "log_p_stop_inside": -15.581110858856094, "n_boundary": 160, "n_inside": 27187, "step": 2100, "train_loss": 0.75252366065979, "lr": 2.3209066558961936e-07, "elapsed": 5809.893146753311}
{"val_loss": 1.1213603399693965, "boundary_auc": 0.99926875, "log_p_stop_at_boundary": -0.4748722226788004, "log_p_stop_inside": -15.5803672880302, "n_boundary": 160, "n_inside": 27187, "step": 2150, "train_loss": 0.6522937268018723, "lr": 1.033743062492365e-07, "elapsed": 5944.879025220871}
{"val_loss": 1.1214824497699738, "boundary_auc": 0.99924375, "log_p_stop_at_boundary": -0.47403205131878395, "log_p_stop_inside": -15.579750715888855, "n_boundary": 160, "n_inside": 27187, "step": 2200, "train_loss": 1.0874089300632477, "lr": 2.587705766798676e-08, "elapsed": 6076.081550121307}
{"val_loss": 1.1215538635849953, "boundary_auc": 0.999246875, "log_p_stop_at_boundary": -0.47592720683496736, "log_p_stop_inside": -15.57989457383001, "n_boundary": 160, "n_inside": 27187, "step": 2250, "train_loss": 0.6838284507393837, "lr": 0.0, "elapsed": 6210.609899044037}
wrote results/e04/full_shuffled_s0/e01.jsonl 50
wrote results/e04/full_shuffled_s0/e01_d.jsonl 12
done results/e04/full_shuffled_s0
