Loading checkpoint shards:   0%|          | 0/3 [00:00<?, ?it/s]Loading checkpoint shards: 100%|██████████| 3/3 [00:00<00:00, 37.11it/s]
The following generation flags are not valid and may be ignored: ['temperature', 'top_p']. Set `TRANSFORMERS_VERBOSITY=info` for more details.
mask=terminal pairing=shuffled init=allenai/Olmo-3-7B-Think-SFT
  pool=7055 of 12000 usable under EVERY pairing; train=7055 val=223
  supervised tokens=7,055 of 2,615,739 (0.27%)
{"val_loss": 1.165734938532114, "boundary_auc": 0.93155625, "log_p_stop_at_boundary": -11.103755895793437, "log_p_stop_inside": -17.424190506612575, "n_boundary": 160, "n_inside": 27187, "step": 0}
wrote results/e04/terminal_shuffled_s0/step0/e01.jsonl 50
wrote results/e04/terminal_shuffled_s0/step0/e01_d.jsonl 12
{"val_loss": 1.3716724768280983, "boundary_auc": 0.99829375, "log_p_stop_at_boundary": -0.003231705961979481, "log_p_stop_inside": -7.45053077680855, "n_boundary": 160, "n_inside": 27187, "step": 50, "train_loss": 0.0010106737589694603, "lr": 1.492537313432836e-05, "elapsed": 133.17199110984802}
{"val_loss": 3.1311169058084487, "boundary_auc": 0.9969796875, "log_p_stop_at_boundary": -9.639651072701483e-06, "log_p_stop_inside": -1.7096477225567086, "n_boundary": 160, "n_inside": 27187, "step": 100, "train_loss": 3.181356387216283e-06, "lr": 1.9988725208185227e-05, "elapsed": 266.6575484275818}
{"val_loss": 6.665422368049621, "boundary_auc": 0.99606875, "log_p_stop_at_boundary": -8.478595816541201e-07, "log_p_stop_inside": -0.11110741598040971, "n_boundary": 160, "n_inside": 27187, "step": 150, "train_loss": 1.0296218831307158e-05, "lr": 1.9928747182352305e-05, "elapsed": 399.79813718795776}
{"val_loss": 7.195756685733795, "boundary_auc": 0.995546875, "log_p_stop_at_boundary": -6.005072084924734e-07, "log_p_stop_inside": -0.08924247977060507, "n_boundary": 160, "n_inside": 27187, "step": 200, "train_loss": 9.462197532172922e-07, "lr": 1.9817383803837663e-05, "elapsed": 532.445983171463}
{"val_loss": 10.351221871376037, "boundary_auc": 0.9803171875, "log_p_stop_at_boundary": -4.4703397161782735e-08, "log_p_stop_inside": -0.03999589572362809, "n_boundary": 160, "n_inside": 27187, "step": 250, "train_loss": 0.0001391782279824838, "lr": 1.9655211423954892e-05, "elapsed": 666.061776638031}
wrote results/e04/terminal_shuffled_s0/step250/e01.jsonl 50
wrote results/e04/terminal_shuffled_s0/step250/e01_d.jsonl 12
{"val_loss": 13.917465996742248, "boundary_auc": 0.944834375, "log_p_stop_at_boundary": -1.4901159417490816e-09, "log_p_stop_inside": -0.020921193365720934, "n_boundary": 160, "n_inside": 27187, "step": 300, "train_loss": 0.0, "lr": 1.9443069351509263e-05, "elapsed": 816.5338470935822}
{"val_loss": 13.920913171768188, "boundary_auc": 0.9448359375, "log_p_stop_at_boundary": -1.4901159417490816e-09, "log_p_stop_inside": -0.02085889695566731, "n_boundary": 160, "n_inside": 27187, "step": 350, "train_loss": 0.0, "lr": 1.918205550902927e-05, "elapsed": 949.625746011734}
{"val_loss": 13.978643608093261, "boundary_auc": 0.943825, "log_p_stop_at_boundary": -1.4901159417490816e-09, "log_p_stop_inside": -0.02037091166646398, "n_boundary": 160, "n_inside": 27187, "step": 400, "train_loss": 0.0, "lr": 1.8873520750565716e-05, "elapsed": 1086.261970281601}
{"val_loss": 15.470642280578613, "boundary_auc": 0.903721875, "log_p_stop_at_boundary": -7.450580152834618e-10, "log_p_stop_inside": -0.00796972359866024, "n_boundary": 160, "n_inside": 27187, "step": 450, "train_loss": 0.0, "lr": 1.8519061870466073e-05, "elapsed": 1219.2505583763123}
{"val_loss": 15.507049345970154, "boundary_auc": 0.9029640625, "log_p_stop_at_boundary": -7.450580152834618e-10, "log_p_stop_inside": -0.007774895090754308, "n_boundary": 160, "n_inside": 27187, "step": 500, "train_loss": 0.0, "lr": 1.812051333930659e-05, "elapsed": 1355.1209630966187}
wrote results/e04/terminal_shuffled_s0/step500/e01.jsonl 50
wrote results/e04/terminal_shuffled_s0/step500/e01_d.jsonl 12
{"val_loss": 15.520059466362, "boundary_auc": 0.9024625, "log_p_stop_at_boundary": -7.450580152834618e-10, "log_p_stop_inside": -0.007773331424018314, "n_boundary": 160, "n_inside": 27187, "step": 550, "train_loss": 0.0, "lr": 1.7679937809752125e-05, "elapsed": 1504.022130727768}
{"val_loss": 15.85571722984314, "boundary_auc": 0.89375, "log_p_stop_at_boundary": 0.0, "log_p_stop_inside": -0.006426422549025203, "n_boundary": 160, "n_inside": 27187, "step": 600, "train_loss": 0.0, "lr": 1.7199615441479757e-05, "elapsed": 1634.917640209198}
{"val_loss": 15.856843042373658, "boundary_auc": 0.89375, "log_p_stop_at_boundary": 0.0, "log_p_stop_inside": -0.0063204341671459115, "n_boundary": 160, "n_inside": 27187, "step": 650, "train_loss": 0.0, "lr": 1.6682032100414094e-05, "elapsed": 1769.3150026798248}
{"val_loss": 15.87824375629425, "boundary_auc": 0.89325, "log_p_stop_at_boundary": 0.0, "log_p_stop_inside": -0.006195059004848532, "n_boundary": 160, "n_inside": 27187, "step": 700, "train_loss": 0.0, "lr": 1.612986649334808e-05, "elapsed": 1903.5210585594177}
{"val_loss": 15.905361557006836, "boundary_auc": 0.892, "log_p_stop_at_boundary": 0.0, "log_p_stop_inside": -0.0061241889663616435, "n_boundary": 160, "n_inside": 27187, "step": 750, "train_loss": 0.0, "lr": 1.5545976304532974e-05, "elapsed": 2036.6244490146637}
wrote results/e04/terminal_shuffled_s0/step750/e01.jsonl 50
wrote results/e04/terminal_shuffled_s0/step750/e01_d.jsonl 12
{"val_loss": 15.997114515304565, "boundary_auc": 0.88825, "log_p_stop_at_boundary": 0.0, "log_p_stop_inside": -0.005599932034106611, "n_boundary": 160, "n_inside": 27187, "step": 800, "train_loss": 0.0, "lr": 1.493338340598634e-05, "elapsed": 2185.836144208908}
{"val_loss": 16.067599391937257, "boundary_auc": 0.88525, "log_p_stop_at_boundary": 0.0, "log_p_stop_inside": -0.005374558966866723, "n_boundary": 160, "n_inside": 27187, "step": 850, "train_loss": 0.0, "lr": 1.42952582180607e-05, "elapsed": 2321.258590698242}
{"val_loss": 16.096195816993713, "boundary_auc": 0.8855, "log_p_stop_at_boundary": 0.0, "log_p_stop_inside": -0.005261348504557853, "n_boundary": 160, "n_inside": 27187, "step": 900, "train_loss": 0.0, "lr": 1.363490330121353e-05, "elapsed": 2451.534868478775}
{"val_loss": 16.12588028907776, "boundary_auc": 0.88475, "log_p_stop_at_boundary": 0.0, "log_p_stop_inside": -0.005167512783248962, "n_boundary": 160, "n_inside": 27187, "step": 950, "train_loss": 0.0, "lr": 1.2955736263897752e-05, "elapsed": 2583.1245844364166}
{"val_loss": 16.111646151542665, "boundary_auc": 0.88375, "log_p_stop_at_boundary": 0.0, "log_p_stop_inside": -0.005199860390983674, "n_boundary": 160, "n_inside": 27187, "step": 1000, "train_loss": 0.0, "lr": 1.2261272075031524e-05, "elapsed": 2716.885219335556}
wrote results/e04/terminal_shuffled_s0/step1000/e01.jsonl 50
wrote results/e04/terminal_shuffled_s0/step1000/e01_d.jsonl 12
{"val_loss": 16.102190375328064, "boundary_auc": 0.88525, "log_p_stop_at_boundary": 0.0, "log_p_stop_inside": -0.005304275422697336, "n_boundary": 160, "n_inside": 27187, "step": 1050, "train_loss": 0.0, "lr": 1.1555104872587575e-05, "elapsed": 2864.716365337372}
{"val_loss": 16.11528859138489, "boundary_auc": 0.885, "log_p_stop_at_boundary": 0.0, "log_p_stop_inside": -0.005199620171416903, "n_boundary": 160, "n_inside": 27187, "step": 1100, "train_loss": 0.0, "lr": 1.0840889362450082e-05, "elapsed": 2996.458298444748}
{"val_loss": 16.114812564849853, "boundary_auc": 0.88525, "log_p_stop_at_boundary": 0.0, "log_p_stop_inside": -0.005270313406955122, "n_boundary": 160, "n_inside": 27187, "step": 1150, "train_loss": 0.0, "lr": 1.012232190380769e-05, "elapsed": 3128.462715625763}
{"val_loss": 16.134066104888916, "boundary_auc": 0.884, "log_p_stop_at_boundary": 0.0, "log_p_stop_inside": -0.0051276638142464075, "n_boundary": 160, "n_inside": 27187, "step": 1200, "train_loss": 0.0, "lr": 9.403121378973517e-06, "elapsed": 3265.1430344581604}
{"val_loss": 16.139341831207275, "boundary_auc": 0.88275, "log_p_stop_at_boundary": 0.0, "log_p_stop_inside": -0.005162620583411142, "n_boundary": 160, "n_inside": 27187, "step": 1250, "train_loss": 0.0, "lr": 8.687009946638763e-06, "elapsed": 3400.4300923347473}
wrote results/e04/terminal_shuffled_s0/step1250/e01.jsonl 50
wrote results/e04/terminal_shuffled_s0/step1250/e01_d.jsonl 12
{"val_loss": 16.166812157630922, "boundary_auc": 0.883, "log_p_stop_at_boundary": 0.0, "log_p_stop_inside": -0.005081443450563932, "n_boundary": 160, "n_inside": 27187, "step": 1300, "train_loss": 5.2154042862184724e-08, "lr": 7.977693778169673e-06, "elapsed": 3548.881434440613}
{"val_loss": 16.202845191955568, "boundary_auc": 0.8825, "log_p_stop_at_boundary": 0.0, "log_p_stop_inside": -0.005017547829515866, "n_boundary": 160, "n_inside": 27187, "step": 1350, "train_loss": 0.0, "lr": 7.278843876645512e-06, "elapsed": 3684.4872436523438}
{"val_loss": 16.206490087509156, "boundary_auc": 0.881, "log_p_stop_at_boundary": 0.0, "log_p_stop_inside": -0.005029448950503845, "n_boundary": 160, "n_inside": 27187, "step": 1400, "train_loss": 0.0, "lr": 6.594077077906875e-06, "elapsed": 3818.1991255283356}
{"val_loss": 16.200715088844298, "boundary_auc": 0.882, "log_p_stop_at_boundary": 0.0, "log_p_stop_inside": -0.005040150555549602, "n_boundary": 160, "n_inside": 27187, "step": 1450, "train_loss": 0.0, "lr": 5.926937331941781e-06, "elapsed": 3947.8184490203857}
{"val_loss": 16.198032474517824, "boundary_auc": 0.88225, "log_p_stop_at_boundary": 0.0, "log_p_stop_inside": -0.004993359578871481, "n_boundary": 160, "n_inside": 27187, "step": 1500, "train_loss": 0.0, "lr": 5.280877361486021e-06, "elapsed": 4084.688575029373}
wrote results/e04/terminal_shuffled_s0/step1500/e01.jsonl 50
wrote results/e04/terminal_shuffled_s0/step1500/e01_d.jsonl 12
{"val_loss": 16.2031747341156, "boundary_auc": 0.882, "log_p_stop_at_boundary": 0.0, "log_p_stop_inside": -0.005055335702785144, "n_boundary": 160, "n_inside": 27187, "step": 1550, "train_loss": 0.0, "lr": 4.65924079276209e-06, "elapsed": 4229.703608036041}
{"val_loss": 16.203631114959716, "boundary_auc": 0.88175, "log_p_stop_at_boundary": 0.0, "log_p_stop_inside": -0.005023814107450205, "n_boundary": 160, "n_inside": 27187, "step": 1600, "train_loss": 0.0, "lr": 4.065244850837464e-06, "elapsed": 4364.6079454422}
{"val_loss": 16.207974100112914, "boundary_auc": 0.881, "log_p_stop_at_boundary": 0.0, "log_p_stop_inside": -0.004966083062292508, "n_boundary": 160, "n_inside": 27187, "step": 1650, "train_loss": 0.0, "lr": 3.501963709160887e-06, "elapsed": 4501.371773481369}
{"val_loss": 16.207535529136656, "boundary_auc": 0.8815, "log_p_stop_at_boundary": 0.0, "log_p_stop_inside": -0.0049759186662786505, "n_boundary": 160, "n_inside": 27187, "step": 1700, "train_loss": 0.0, "lr": 2.9723125794496567e-06, "elapsed": 4637.177531003952}
{"val_loss": 16.204527497291565, "boundary_auc": 0.88125, "log_p_stop_at_boundary": 0.0, "log_p_stop_inside": -0.005027143602023942, "n_boundary": 160, "n_inside": 27187, "step": 1750, "train_loss": 0.0, "lr": 2.4790326242692587e-06, "elapsed": 4771.427079677582}
wrote results/e04/terminal_shuffled_s0/step1750/e01.jsonl 50
wrote results/e04/terminal_shuffled_s0/step1750/e01_d.jsonl 12
{"val_loss": 16.207156825065614, "boundary_auc": 0.88175, "log_p_stop_at_boundary": 0.0, "log_p_stop_inside": -0.004997451159095269, "n_boundary": 160, "n_inside": 27187, "step": 1800, "train_loss": 0.0, "lr": 2.0246767703890237e-06, "elapsed": 4920.957628488541}
{"val_loss": 16.201736974716187, "boundary_auc": 0.88125, "log_p_stop_at_boundary": 0.0, "log_p_stop_inside": -0.005026036240777606, "n_boundary": 160, "n_inside": 27187, "step": 1850, "train_loss": 0.0, "lr": 1.6115964963354879e-06, "elapsed": 5055.098699808121}
{"val_loss": 16.205298948287965, "boundary_auc": 0.88125, "log_p_stop_at_boundary": 0.0, "log_p_stop_inside": -0.0049916106019603276, "n_boundary": 160, "n_inside": 27187, "step": 1900, "train_loss": 0.0, "lr": 1.2419296625232825e-06, "elapsed": 5190.175578117371}
{"val_loss": 16.20207748413086, "boundary_auc": 0.8815, "log_p_stop_at_boundary": 0.0, "log_p_stop_inside": -0.004967933845374524, "n_boundary": 160, "n_inside": 27187, "step": 1950, "train_loss": 0.0, "lr": 9.175894469477131e-07, "elapsed": 5325.063637971878}
{"val_loss": 16.200604701042174, "boundary_auc": 0.88275, "log_p_stop_at_boundary": 0.0, "log_p_stop_inside": -0.005001308682172617, "n_boundary": 160, "n_inside": 27187, "step": 2000, "train_loss": 0.0, "lr": 6.402544437012759e-07, "elapsed": 5456.920402288437}
wrote results/e04/terminal_shuffled_s0/step2000/e01.jsonl 50
wrote results/e04/terminal_shuffled_s0/step2000/e01_d.jsonl 12
{"val_loss": 16.202101874351502, "boundary_auc": 0.8825, "log_p_stop_at_boundary": 0.0, "log_p_stop_inside": -0.0049827387666412535, "n_boundary": 160, "n_inside": 27187, "step": 2050, "train_loss": 5.2154042862184724e-08, "lr": 4.1135997555844407e-07, "elapsed": 5606.07328081131}
{"val_loss": 16.208348655700682, "boundary_auc": 0.881, "log_p_stop_at_boundary": 0.0, "log_p_stop_inside": -0.004971245123733623, "n_boundary": 160, "n_inside": 27187, "step": 2100, "train_loss": 0.0, "lr": 2.3209066558961936e-07, "elapsed": 5735.897345066071}
{"val_loss": 16.204491090774535, "boundary_auc": 0.88225, "log_p_stop_at_boundary": 0.0, "log_p_stop_inside": -0.005008522794831501, "n_boundary": 160, "n_inside": 27187, "step": 2150, "train_loss": 0.0, "lr": 1.033743062492365e-07, "elapsed": 5869.193377494812}
{"val_loss": 16.205527544021606, "boundary_auc": 0.8815, "log_p_stop_at_boundary": 0.0, "log_p_stop_inside": -0.005007448317701446, "n_boundary": 160, "n_inside": 27187, "step": 2200, "train_loss": 0.0, "lr": 2.587705766798676e-08, "elapsed": 5999.512595415115}
{"val_loss": 16.205637741088868, "boundary_auc": 0.88175, "log_p_stop_at_boundary": 0.0, "log_p_stop_inside": -0.005006403294091458, "n_boundary": 160, "n_inside": 27187, "step": 2250, "train_loss": 0.0, "lr": 0.0, "elapsed": 6133.637153148651}
wrote results/e04/terminal_shuffled_s0/e01.jsonl 50
wrote results/e04/terminal_shuffled_s0/e01_d.jsonl 12
done results/e04/terminal_shuffled_s0
