`rope_scaling`'s beta_fast field must be a float, got 32
`rope_scaling`'s beta_slow field must be a float, got 1
Loading checkpoint shards:   0%|          | 0/3 [00:00<?, ?it/s]Loading checkpoint shards:  33%|███▎      | 1/3 [00:01<00:03,  1.68s/it]Loading checkpoint shards:  67%|██████▋   | 2/3 [00:03<00:01,  1.65s/it]Loading checkpoint shards: 100%|██████████| 3/3 [00:04<00:00,  1.56s/it]Loading checkpoint shards: 100%|██████████| 3/3 [00:04<00:00,  1.59s/it]
stop ids: [100257] -> ['<|endoftext|>']
[1] untied at storage level                : PASS  (data_ptr equal=False, config tie=False)
`rope_scaling`'s beta_fast field must be a float, got 32
`rope_scaling`'s beta_slow field must be a float, got 1
Loading checkpoint shards:   0%|          | 0/3 [00:00<?, ?it/s]Loading checkpoint shards:  33%|███▎      | 1/3 [00:01<00:03,  1.83s/it]Loading checkpoint shards:  67%|██████▋   | 2/3 [00:03<00:01,  1.74s/it]Loading checkpoint shards: 100%|██████████| 3/3 [00:04<00:00,  1.60s/it]Loading checkpoint shards: 100%|██████████| 3/3 [00:04<00:00,  1.65s/it]
[4] R: step-0 output == base (zero init)   : PASS
[2] R: non-stop logits bit-exact after train: PASS
    R: stop logit actually moved            : PASS
    R: all model params byte-identical      : PASS
`rope_scaling`'s beta_fast field must be a float, got 32
`rope_scaling`'s beta_slow field must be a float, got 1
Loading checkpoint shards:   0%|          | 0/3 [00:00<?, ?it/s]Loading checkpoint shards:  33%|███▎      | 1/3 [00:01<00:03,  1.56s/it]Loading checkpoint shards:  67%|██████▋   | 2/3 [00:03<00:01,  1.56s/it]Loading checkpoint shards: 100%|██████████| 3/3 [00:04<00:00,  1.50s/it]Loading checkpoint shards: 100%|██████████| 3/3 [00:04<00:00,  1.52s/it]
[W917 23:58:11.253240767 CUDACachingAllocator.cpp:508] expandable_segments: memory mapping failed with OOM on device 0 while trying to map 20971520 bytes (free: 77725696, total: 101971722240).
[W917 23:58:11.255377253 CUDACachingAllocator.cpp:508] expandable_segments: memory mapping failed with OOM on device 0 while trying to map 20971520 bytes (free: 77725696, total: 101971722240).
Traceback (most recent call last):
  File "/home/xiang/ssn-group-papaer/candidates/S03_GOAL_RELATIVE_STOPPING/src/e02_verify_freeze.py", line 120, in <module>
    main()
  File "/home/xiang/ssn-group-papaer/candidates/S03_GOAL_RELATIVE_STOPPING/src/e02_verify_freeze.py", line 56, in main
    tok2, m2 = load()
               ^^^^^^
  File "/home/xiang/ssn-group-papaer/candidates/S03_GOAL_RELATIVE_STOPPING/src/e02_verify_freeze.py", line 33, in load
    m = AutoModelForCausalLM.from_pretrained(REPO, dtype=torch.float32).cuda()
        ^^^^^^^^^^^^^^^^^^^^^^^^^^^^^^^^^^^^^^^^^^^^^^^^^^^^^^^^^^^^^^^^^^^^^^
  File "/home/xiang/miniconda3/envs/dlm_clean/lib/python3.12/site-packages/transformers/modeling_utils.py", line 4276, in cuda
    return super().cuda(*args, **kwargs)
           ^^^^^^^^^^^^^^^^^^^^^^^^^^^^^
  File "/home/xiang/miniconda3/envs/dlm_clean/lib/python3.12/site-packages/torch/nn/modules/module.py", line 1096, in cuda
    return self._apply(lambda t: t.cuda(device))
           ^^^^^^^^^^^^^^^^^^^^^^^^^^^^^^^^^^^^^
  File "/home/xiang/miniconda3/envs/dlm_clean/lib/python3.12/site-packages/torch/nn/modules/module.py", line 933, in _apply
    module._apply(fn)
  File "/home/xiang/miniconda3/envs/dlm_clean/lib/python3.12/site-packages/torch/nn/modules/module.py", line 933, in _apply
    module._apply(fn)
  File "/home/xiang/miniconda3/envs/dlm_clean/lib/python3.12/site-packages/torch/nn/modules/module.py", line 933, in _apply
    module._apply(fn)
  [Previous line repeated 2 more times]
  File "/home/xiang/miniconda3/envs/dlm_clean/lib/python3.12/site-packages/torch/nn/modules/module.py", line 964, in _apply
    param_applied = fn(param)
                    ^^^^^^^^^
  File "/home/xiang/miniconda3/envs/dlm_clean/lib/python3.12/site-packages/torch/nn/modules/module.py", line 1096, in <lambda>
    return self._apply(lambda t: t.cuda(device))
                                 ^^^^^^^^^^^^^^
torch.OutOfMemoryError: CUDA out of memory. Tried to allocate 172.00 MiB. GPU 0 has a total capacity of 94.97 GiB of which 174.12 MiB is free. Including non-PyTorch memory, this process has 94.77 GiB memory in use. Of the allocated memory 94.10 GiB is allocated by PyTorch, and 34.19 MiB is reserved by PyTorch but unallocated. If reserved but unallocated memory is large try setting PYTORCH_CUDA_ALLOC_CONF=expandable_segments:True to avoid fragmentation.  See documentation for Memory Management  (https://docs.pytorch.org/docs/stable/notes/cuda.html#optimizing-memory-usage-with-pytorch-cuda-alloc-conf)
