8621 words; e.g. ['abandon', 'abbrev', 'abdomen', 'abide', 'ability', 'able', 'aboard', 'abolish', 'abort', 'aborted']
8100 rows -> /home/xiang/ssn-group-papaer/workbench/in-context-evidence-structure/data/conf_case
S

Input: briefly
Output: BRIEFLY

Input: council
Output: COUNCIL

Input: putting
Output: PUTTING

Input: waste
Output: WASTE

Input: thank
Output: THANK

Input: drowned
Output: DROWNED

Input: eclipse
Output: ECLIPSE

Input: shadow
Output: SHADOW

Input: directs
Output: stcerid

Input: base
Output:
