Using the latest cached version of the dataset since SetFit/sst5 couldn't be found on the Hugging Face Hub (offline mode is enabled).
Found the latest cached dataset configuration 'default' at /home/xiang/.cache/huggingface/datasets/SetFit___sst5/default/0.0.0/e51bdcd8cd3a30da231967c1a249ba59361279a3 (last modified on Mon Oct  5 12:43:54 2026).
{0: 747, 1: 916}
8100 rows -> /home/xiang/ssn-group-papaer/workbench/in-context-evidence-structure/data/conf_sst
Below are examples of reviews and their labels.

Review: it 's hard to imagine any recent film , independent or otherwise , that makes as much of a mess as this one .
Label: negative

Review: just about the best straight-up , old-school horror film of the last 15 years .
Label: positive

Review: much of all about lily chou-chou is mesmerizing : some of its plaintiveness could make you weep .
Label: positive

Review: has no reason to exist , other than to employ hollywood kids and people who owe favors to their famous parents .
Label: negative

Review: michael moore 's latest documentary about 
Exception ignored in: <function ResourceTracker.__del__ at 0x7e436ad4ae0>
Traceback (most recent call last):
  File "/home/xiang/miniconda3/envs/verl-clean/lib/python3.12/site-packages/multiprocess/resource_tracker.py", line 80, in __del__
  File "/home/xiang/miniconda3/envs/verl-clean/lib/python3.12/site-packages/multiprocess/resource_tracker.py", line 89, in _stop
  File "/home/xiang/miniconda3/envs/verl-clean/lib/python3.12/site-packages/multiprocess/resource_tracker.py", line 102, in _stop_locked
AttributeError: '_thread.RLock' object has no attribute '_recursion_count'
