Loading checkpoint shards:   0%|          | 0/5 [00:00<?, ?it/s]Loading checkpoint shards:  20%|██        | 1/5 [00:01<00:06,  1.58s/it]Loading checkpoint shards:  40%|████      | 2/5 [00:03<00:04,  1.57s/it]Loading checkpoint shards:  60%|██████    | 3/5 [00:07<00:05,  2.77s/it]Loading checkpoint shards:  80%|████████  | 4/5 [00:10<00:02,  2.75s/it]Loading checkpoint shards: 100%|██████████| 5/5 [00:10<00:00,  1.94s/it]Loading checkpoint shards: 100%|██████████| 5/5 [00:10<00:00,  2.11s/it]
trainable params: 43,646,976 || all params: 8,234,382,336 || trainable%: 0.5301
step 0/3000 loss 2.3581 3s
step 50/3000 loss 1.3271 54s
step 100/3000 loss 1.2941 106s
step 150/3000 loss 1.2868 159s
step 200/3000 loss 1.3569 212s
step 250/3000 loss 1.2842 266s
step 300/3000 loss 1.1784 319s
step 350/3000 loss 1.2250 373s
step 400/3000 loss 1.1578 426s
step 450/3000 loss 1.1376 481s
step 500/3000 loss 1.1521 534s
step 550/3000 loss 1.2051 588s
step 600/3000 loss 1.0309 641s
step 650/3000 loss 1.2841 695s
step 700/3000 loss 1.1863 750s
step 750/3000 loss 1.1790 803s
step 800/3000 loss 1.2611 857s
step 850/3000 loss 1.1554 911s
step 900/3000 loss 1.0828 964s
step 950/3000 loss 1.1880 1018s
step 1000/3000 loss 1.1143 1072s
step 1050/3000 loss 1.1319 1126s
step 1100/3000 loss 1.1008 1180s
step 1150/3000 loss 1.0626 1233s
step 1200/3000 loss 1.2614 1287s
step 1250/3000 loss 1.1359 1341s
step 1300/3000 loss 1.2358 1395s
step 1350/3000 loss 1.1583 1449s
step 1400/3000 loss 1.0981 1503s
step 1450/3000 loss 1.1973 1557s
step 1500/3000 loss 1.3027 1611s
step 1550/3000 loss 1.1301 1665s
step 1600/3000 loss 1.0946 1719s
step 1650/3000 loss 1.2048 1772s
step 1700/3000 loss 1.0647 1827s
step 1750/3000 loss 1.0565 1881s
step 1800/3000 loss 1.0287 1935s
step 1850/3000 loss 1.2744 1990s
step 1900/3000 loss 1.2108 2044s
step 1950/3000 loss 1.1810 2097s
step 2000/3000 loss 1.2103 2151s
step 2050/3000 loss 1.1496 2205s
step 2100/3000 loss 1.0950 2259s
step 2150/3000 loss 1.1468 2313s
step 2200/3000 loss 1.1579 2367s
step 2250/3000 loss 1.1012 2421s
step 2300/3000 loss 1.0406 2475s
step 2350/3000 loss 1.1695 2529s
step 2400/3000 loss 1.1998 2583s
step 2450/3000 loss 1.1477 2637s
step 2500/3000 loss 1.0751 2691s
step 2550/3000 loss 1.1486 2745s
step 2600/3000 loss 1.0929 2799s
step 2650/3000 loss 1.0459 2853s
step 2700/3000 loss 1.0901 2907s
step 2750/3000 loss 1.1191 2960s
step 2800/3000 loss 1.0597 3015s
step 2850/3000 loss 1.2666 3068s
step 2900/3000 loss 1.1331 3122s
step 2950/3000 loss 1.1264 3177s
Warning: The cache directory for DeepSpeed Triton autotune, /home/xiang/.triton/autotune, appears to be on an NFS system. While this is generally acceptable, if you experience slowdowns or hanging when DeepSpeed exits, it is recommended to set the TRITON_CACHE_DIR environment variable to a non-NFS path.
saved /tmp/xiang_lora/vol_x4
