pythia-70m@6000: A=[] heldCL=0.90 (35.2s)
AttributeError: '_thread.RLock' object has no attribute '_recursion_count'
pythia-70m@64000: A=['0.4', '0.5', '0.6', '0.7'] heldCL=1.70 ->A_mean 0.44 A_zero 4.55 resample 1.99 rand [1.41, 1.75, 5.19, 4.05, 2.27, 4.84, 4.71, 2.77, 3.33, 1.79] pile 3.0912->3.3775 nat 0.17->0.12 (57.1s)
AttributeError: '_thread.RLock' object has no attribute '_recursion_count'
pythia-70m@32000: A=['0.0', '0.4', '0.5', '0.6', '0.7', '1.4'] heldCL=1.68 ->A_mean 0.79 A_zero 11.94 resample 2.36 rand [3.92, 6.16, 6.63, 3.8, 5.37, 3.04, 2.53, 5.96, 7.35, 5.69] pile 3.1048->3.4540 nat 0.10->0.07 (56.8s)
AttributeError: '_thread.RLock' object has no attribute '_recursion_count'
pythia-70m@143000: A=['0.4', '0.5', '0.7', '1.4'] heldCL=1.41 ->A_mean 0.17 A_zero 1.54 resample 1.58 rand [1.4, 1.83, 3.55, 1.88, 2.07, 1.48, 2.9, 5.31, 4.33, 1.2] pile 3.1117->3.4811 nat 0.18->0.12 (31.1s)
AttributeError: '_thread.RLock' object has no attribute '_recursion_count'
pythia-70m-seed1@6000: A=[] heldCL=0.78 (21.9s)
AttributeError: '_thread.RLock' object has no attribute '_recursion_count'
pythia-70m-seed1@32000: A=['0.4', '0.6', '1.0', '2.3', '2.4'] heldCL=2.21 ->A_mean 0.37 A_zero 2.19 resample 2.04 rand [3.95, 3.7, 6.74, 2.68, 2.75, 3.11, 2.21, 1.83, 2.52, 3.23] pile 3.1007->3.4740 nat 0.11->0.11 (34.4s)
AttributeError: '_thread.RLock' object has no attribute '_recursion_count'
pythia-70m-seed2@6000: A=[] heldCL=0.68 (21.8s)
AttributeError: '_thread.RLock' object has no attribute '_recursion_count'
pythia-70m-seed1@143000: A=['1.0'] heldCL=1.33 ->A_mean 0.78 A_zero 0.81 resample 1.34 rand [1.85, 1.22, 1.85, 1.22, 1.31, 1.5, 1.21, 1.22, 1.22, 1.85] pile 3.0481->3.0734 nat 0.14->0.13 (37.9s)
AttributeError: '_thread.RLock' object has no attribute '_recursion_count'
pythia-70m-seed1@64000: A=['0.4', '1.0', '2.4'] heldCL=1.67 ->A_mean 0.31 A_zero 0.90 resample 2.36 rand [3.06, 1.3, 3.69, 1.73, 1.79, 1.57, 2.23, 2.89, 2.39, 1.91] pile 3.0856->3.3511 nat 0.15->0.21 (38.8s)
AttributeError: '_thread.RLock' object has no attribute '_recursion_count'
pythia-70m-seed2@143000: A=['0.0', '0.1', '0.3', '0.5', '0.6', '1.5', '2.4'] heldCL=5.38 ->A_mean 0.25 A_zero 13.15 resample 6.24 rand [5.82, 7.24, 8.74, 6.13, 9.24, 7.4, 6.7, 8.34, 8.99, 5.24] pile 3.1136->3.5038 nat 0.15->0.27 (41.7s)
AttributeError: '_thread.RLock' object has no attribute '_recursion_count'
pythia-70m-seed2@64000: A=['0.0', '0.3', '0.5', '0.6'] heldCL=7.33 ->A_mean 0.23 A_zero 12.98 resample 8.12 rand [9.19, 9.71, 7.64, 8.47, 7.04, 7.68, 7.35, 10.07, 7.91, 6.99] pile 3.0910->3.3154 nat 0.12->0.10 (47.6s)
AttributeError: '_thread.RLock' object has no attribute '_recursion_count'
pythia-70m-seed2@32000: A=['0.0', '0.3', '0.5', '0.6'] heldCL=4.34 ->A_mean 0.20 A_zero 12.02 resample 5.18 rand [7.63, 8.15, 4.09, 4.68, 3.99, 3.45, 3.71, 8.16, 4.74, 4.36] pile 3.0973->3.2895 nat 0.10->0.06 (46.8s)
AttributeError: '_thread.RLock' object has no attribute '_recursion_count'
pythia-70m-seed3@64000: A=[] heldCL=1.20 (22.6s)
AttributeError: '_thread.RLock' object has no attribute '_recursion_count'
pythia-70m-seed3@6000: A=[] heldCL=0.88 (23.7s)
AttributeError: '_thread.RLock' object has no attribute '_recursion_count'
pythia-70m-seed3@32000: A=[] heldCL=0.96 (23.7s)
AttributeError: '_thread.RLock' object has no attribute '_recursion_count'
pythia-70m-seed4@32000: A=[] heldCL=1.11 (17.1s)
AttributeError: '_thread.RLock' object has no attribute '_recursion_count'
pythia-70m-seed3@143000: A=[] heldCL=1.03 (18.8s)
AttributeError: '_thread.RLock' object has no attribute '_recursion_count'
pythia-70m-seed4@8000: A=[] heldCL=0.70 (18.9s)
AttributeError: '_thread.RLock' object has no attribute '_recursion_count'
pythia-70m-seed5@16000: A=[] heldCL=0.30 (27.1s)
AttributeError: '_thread.RLock' object has no attribute '_recursion_count'
pythia-70m-seed4@143000: A=['0.1', '0.4', '0.6'] heldCL=1.64 ->A_mean 0.50 A_zero 4.97 resample 1.73 rand [7.55, 1.52, 2.97, 2.08, 2.45, 3.31, 1.52, 4.41, 2.26, 2.3] pile 3.1487->3.4227 nat 0.09->0.10 (46.0s)
AttributeError: '_thread.RLock' object has no attribute '_recursion_count'
pythia-70m-seed4@64000: A=['0.1', '0.4', '0.6', '1.6'] heldCL=1.73 ->A_mean 0.28 A_zero 9.16 resample 2.02 rand [8.0, 5.03, 5.21, 3.23, 2.36, 4.07, 5.75, 1.57, 2.73, 6.59] pile 3.0905->3.3148 nat 0.12->0.11 (45.7s)
AttributeError: '_thread.RLock' object has no attribute '_recursion_count'
pythia-70m-seed5@143000: A=['0.0', '0.1', '0.2', '0.3', '0.5'] heldCL=2.18 ->A_mean 0.39 A_zero 3.43 resample 2.96 rand [1.81, 4.42, 4.29, 3.34, 3.76, 2.23, 4.34, 3.79, 2.62, 4.61] pile 3.1255->3.4283 nat 0.13->0.14 (29.1s)
AttributeError: '_thread.RLock' object has no attribute '_recursion_count'
pythia-70m-seed5@32000: A=[] heldCL=0.40 (19.0s)
AttributeError: '_thread.RLock' object has no attribute '_recursion_count'
pythia-70m-seed5@64000: A=['0.0', '0.1', '0.2'] heldCL=1.00 ->A_mean 0.36 A_zero 1.23 resample 1.33 rand [0.88, 0.61, 0.94, 3.36, 0.51, 1.29, 0.72, 1.1, 2.99, 0.86] pile 3.0979->3.2893 nat 0.11->0.09 (28.8s)
AttributeError: '_thread.RLock' object has no attribute '_recursion_count'
pythia-70m-seed6@100000: A=[] heldCL=0.44 (13.1s)
AttributeError: '_thread.RLock' object has no attribute '_recursion_count'
pythia-70m-seed6@32000: A=[] heldCL=1.08 (15.2s)
AttributeError: '_thread.RLock' object has no attribute '_recursion_count'
pythia-70m-seed6@64000: A=[] heldCL=0.74 (12.3s)
AttributeError: '_thread.RLock' object has no attribute '_recursion_count'
pythia-70m-seed6@143000: A=[] heldCL=0.58 (16.4s)
AttributeError: '_thread.RLock' object has no attribute '_recursion_count'
pythia-70m-seed7@32000: A=['0.2', '0.4', '0.5', '0.7', '2.5'] heldCL=5.98 ->A_mean 0.73 A_zero 12.94 resample 6.77 rand [8.73, 7.89, 11.42, 11.36, 10.24, 7.0, 8.11, 6.48, 8.66, 10.38] pile 3.0966->3.3474 nat 0.08->0.18 (26.6s)
AttributeError: '_thread.RLock' object has no attribute '_recursion_count'
pythia-70m-seed7@6000: A=[] heldCL=0.70 (15.1s)
AttributeError: '_thread.RLock' object has no attribute '_recursion_count'
pythia-70m-seed8@8000: A=[] heldCL=0.17 (17.6s)
AttributeError: '_thread.RLock' object has no attribute '_recursion_count'
pythia-70m-seed7@64000: A=['0.2', '0.4', '0.5', '0.7'] heldCL=5.26 ->A_mean 0.40 A_zero 12.87 resample 6.57 rand [4.57, 5.43, 7.0, 8.19, 11.09, 8.52, 11.38, 11.02, 7.31, 5.68] pile 3.0985->3.3804 nat 0.17->0.17 (31.6s)
AttributeError: '_thread.RLock' object has no attribute '_recursion_count'
pythia-70m-seed7@143000: A=['0.2', '0.4', '0.5', '0.7', '2.5'] heldCL=3.32 ->A_mean 0.34 A_zero 12.57 resample 4.77 rand [3.69, 2.65, 3.92, 11.02, 11.56, 11.49, 3.58, 3.92, 11.52, 11.44] pile 3.1131->3.4183 nat 0.15->0.27 (32.4s)
AttributeError: '_thread.RLock' object has no attribute '_recursion_count'
pythia-70m-seed8@32000: A=[] heldCL=0.68 (20.2s)
AttributeError: '_thread.RLock' object has no attribute '_recursion_count'
pythia-70m-seed8@143000: A=['0.3', '0.4', '0.5', '0.6', '1.5', '2.4'] heldCL=1.56 ->A_mean 0.36 A_zero 0.70 resample 1.68 rand [4.94, 2.84, 2.26, 2.52, 1.83, 4.0, 4.84, 5.48, 1.86, 3.09] pile 3.1136->3.4837 nat 0.10->0.11 (30.7s)
AttributeError: '_thread.RLock' object has no attribute '_recursion_count'
pythia-70m-seed8@64000: A=['0.4', '0.5', '1.5'] heldCL=1.34 ->A_mean 0.29 A_zero 0.43 resample 1.42 rand [2.93, 0.89, 0.93, 1.83, 1.12, 2.52, 0.9, 2.91, 0.84, 1.52] pile 3.0886->3.2857 nat 0.11->0.10 (28.8s)
AttributeError: '_thread.RLock' object has no attribute '_recursion_count'
pythia-70m-seed9@32000: A=[] heldCL=0.81 (13.4s)
AttributeError: '_thread.RLock' object has no attribute '_recursion_count'
pythia-70m-seed9@143000: A=[] heldCL=0.35 (13.7s)
AttributeError: '_thread.RLock' object has no attribute '_recursion_count'
pythia-70m-seed9@64000: A=[] heldCL=0.57 (9.8s)
AttributeError: '_thread.RLock' object has no attribute '_recursion_count'
