{
  "created_utc": "2026-09-08T03:24:40.943303+00:00",
  "repository": "https://github.com/ruixiangcui/UCCA-Refined-Implicit-EWT_English",
  "commit": "432bac16527299b389a0f964e34abf040e000f7c",
  "graphs": 393,
  "documents": 116,
  "typed_implicit_participants": 391,
  "category_counts": {
    "Arbitrary/Nonspecific": 36,
    "Deictic": 107,
    "Generic": 86,
    "Genre-based": 147,
    "Iterated/repeated/set": 9,
    "Type-identifiable": 6
  },
  "other_implicit_nodes_by_incoming_labels": {
    "A": 8,
    "C": 4,
    "P": 10,
    "S": 6
  },
  "mixed_type_parent_scenes": 82,
  "paper_table_2_reproduced": true,
  "admission": "Native interpretation/scene inventory only. A participant edge A is not a frame-specific role identity. No candidate-specific negative or positive support labels are inferred.",
  "script_sha256": "671fc47f22a4e244347329b279323fe9d1b3a5765e8d99ae19e07f96e3c27412"
}
