Loading qwen32b
`torch_dtype` is deprecated! Use `dtype` instead!
Loading checkpoint shards:   0%|          | 0/17 [00:00<?, ?it/s]Loading checkpoint shards:   6%|▌         | 1/17 [00:01<00:29,  1.84s/it]Loading checkpoint shards:  12%|█▏        | 2/17 [00:03<00:25,  1.71s/it]Loading checkpoint shards:  18%|█▊        | 3/17 [00:05<00:23,  1.65s/it]Loading checkpoint shards:  24%|██▎       | 4/17 [00:06<00:21,  1.67s/it]Loading checkpoint shards:  29%|██▉       | 5/17 [00:08<00:19,  1.62s/it]Loading checkpoint shards:  35%|███▌      | 6/17 [00:09<00:17,  1.59s/it]Loading checkpoint shards:  41%|████      | 7/17 [00:11<00:16,  1.63s/it]Loading checkpoint shards:  47%|████▋     | 8/17 [00:13<00:14,  1.61s/it]Loading checkpoint shards:  53%|█████▎    | 9/17 [00:14<00:12,  1.60s/it]Loading checkpoint shards:  59%|█████▉    | 10/17 [00:16<00:11,  1.61s/it]Loading checkpoint shards:  65%|██████▍   | 11/17 [00:18<00:09,  1.66s/it]Loading checkpoint shards:  71%|███████   | 12/17 [00:19<00:08,  1.66s/it]Loading checkpoint shards:  76%|███████▋  | 13/17 [00:21<00:06,  1.67s/it]Loading checkpoint shards:  82%|████████▏ | 14/17 [00:23<00:05,  1.69s/it]Loading checkpoint shards:  88%|████████▊ | 15/17 [00:24<00:03,  1.72s/it]Loading checkpoint shards:  94%|█████████▍| 16/17 [00:26<00:01,  1.73s/it]Loading checkpoint shards: 100%|██████████| 17/17 [00:28<00:00,  1.63s/it]Loading checkpoint shards: 100%|██████████| 17/17 [00:28<00:00,  1.65s/it]
The following generation flags are not valid and may be ignored: ['temperature', 'top_p', 'top_k']. Set `TRANSFORMERS_VERBOSITY=info` for more details.
qwen32b 2/84 batch_s=2.49
qwen32b 4/84 batch_s=0.47
qwen32b 6/84 batch_s=0.47
qwen32b 8/84 batch_s=0.47
qwen32b 10/84 batch_s=0.52
qwen32b 12/84 batch_s=0.46
qwen32b 14/84 batch_s=0.49
qwen32b 16/84 batch_s=0.49
qwen32b 18/84 batch_s=0.49
qwen32b 20/84 batch_s=0.49
qwen32b 22/84 batch_s=0.48
qwen32b 24/84 batch_s=0.49
qwen32b 26/84 batch_s=0.50
qwen32b 28/84 batch_s=0.48
qwen32b 30/84 batch_s=0.51
qwen32b 32/84 batch_s=0.52
qwen32b 34/84 batch_s=0.52
qwen32b 36/84 batch_s=0.53
qwen32b 38/84 batch_s=0.52
qwen32b 40/84 batch_s=0.53
qwen32b 42/84 batch_s=0.56
qwen32b 44/84 batch_s=13.42
qwen32b 46/84 batch_s=13.46
qwen32b 48/84 batch_s=8.02
qwen32b 50/84 batch_s=8.05
qwen32b 52/84 batch_s=13.50
qwen32b 54/84 batch_s=13.60
qwen32b 56/84 batch_s=8.16
qwen32b 58/84 batch_s=13.82
qwen32b 60/84 batch_s=13.78
qwen32b 62/84 batch_s=13.88
qwen32b 64/84 batch_s=8.21
qwen32b 66/84 batch_s=8.22
qwen32b 68/84 batch_s=8.22
qwen32b 70/84 batch_s=8.23
qwen32b 72/84 batch_s=8.25
qwen32b 74/84 batch_s=8.25
qwen32b 76/84 batch_s=8.31
qwen32b 78/84 batch_s=8.33
qwen32b 80/84 batch_s=14.11
qwen32b 82/84 batch_s=14.14
qwen32b 84/84 batch_s=14.09
COMPLETE E001b_qwen32b_v1
