Loading qwen32b
`torch_dtype` is deprecated! Use `dtype` instead!
Loading checkpoint shards:   0%|          | 0/17 [00:00<?, ?it/s]Loading checkpoint shards:   6%|▌         | 1/17 [02:13<35:31, 133.22s/it]Loading checkpoint shards:  12%|█▏        | 2/17 [04:41<35:34, 142.32s/it]Loading checkpoint shards:  18%|█▊        | 3/17 [07:49<38:02, 163.03s/it]Loading checkpoint shards:  24%|██▎       | 4/17 [07:51<21:32, 99.41s/it] Loading checkpoint shards:  29%|██▉       | 5/17 [11:13<27:17, 136.47s/it]Loading checkpoint shards:  35%|███▌      | 6/17 [11:15<16:37, 90.66s/it] Loading checkpoint shards:  41%|████      | 7/17 [11:29<10:55, 65.50s/it]Loading checkpoint shards:  47%|████▋     | 8/17 [21:40<35:53, 239.29s/it]Loading checkpoint shards:  53%|█████▎    | 9/17 [30:42<44:32, 334.04s/it]Loading checkpoint shards:  59%|█████▉    | 10/17 [30:45<27:01, 231.63s/it]Loading checkpoint shards:  65%|██████▍   | 11/17 [41:08<35:09, 351.54s/it]Loading checkpoint shards:  71%|███████   | 12/17 [41:10<20:25, 245.20s/it]Loading checkpoint shards:  76%|███████▋  | 13/17 [41:12<11:26, 171.59s/it]Loading checkpoint shards:  82%|████████▏ | 14/17 [41:14<06:01, 120.41s/it]Loading checkpoint shards:  88%|████████▊ | 15/17 [45:51<05:35, 167.59s/it]Loading checkpoint shards:  94%|█████████▍| 16/17 [45:53<01:57, 117.70s/it]Loading checkpoint shards: 100%|██████████| 17/17 [45:55<00:00, 82.73s/it] Loading checkpoint shards: 100%|██████████| 17/17 [45:55<00:00, 162.07s/it]
qwen32b 2/168 tokens=241 batch_s=1.52
qwen32b 4/168 tokens=248 batch_s=0.16
qwen32b 6/168 tokens=253 batch_s=0.17
qwen32b 8/168 tokens=252 batch_s=0.17
qwen32b 10/168 tokens=251 batch_s=0.17
qwen32b 12/168 tokens=252 batch_s=0.17
qwen32b 14/168 tokens=257 batch_s=0.20
qwen32b 16/168 tokens=262 batch_s=0.20
qwen32b 18/168 tokens=262 batch_s=0.20
qwen32b 20/168 tokens=269 batch_s=0.20
qwen32b 22/168 tokens=265 batch_s=0.20
qwen32b 24/168 tokens=266 batch_s=0.20
qwen32b 26/168 tokens=275 batch_s=0.21
qwen32b 28/168 tokens=276 batch_s=0.21
qwen32b 30/168 tokens=284 batch_s=0.21
qwen32b 32/168 tokens=281 batch_s=0.21
qwen32b 34/168 tokens=283 batch_s=0.21
qwen32b 36/168 tokens=275 batch_s=0.21
qwen32b 38/168 tokens=281 batch_s=0.21
qwen32b 40/168 tokens=273 batch_s=0.21
qwen32b 42/168 tokens=276 batch_s=0.21
qwen32b 44/168 tokens=289 batch_s=0.21
qwen32b 46/168 tokens=294 batch_s=0.21
qwen32b 48/168 tokens=304 batch_s=0.21
qwen32b 50/168 tokens=300 batch_s=0.21
qwen32b 52/168 tokens=301 batch_s=0.21
qwen32b 54/168 tokens=319 batch_s=0.21
qwen32b 56/168 tokens=319 batch_s=0.21
qwen32b 58/168 tokens=313 batch_s=0.21
qwen32b 60/168 tokens=331 batch_s=0.23
qwen32b 62/168 tokens=329 batch_s=0.23
qwen32b 64/168 tokens=335 batch_s=0.24
qwen32b 66/168 tokens=340 batch_s=0.23
qwen32b 68/168 tokens=349 batch_s=0.24
qwen32b 70/168 tokens=354 batch_s=0.24
qwen32b 72/168 tokens=372 batch_s=0.24
qwen32b 74/168 tokens=368 batch_s=0.24
qwen32b 76/168 tokens=380 batch_s=0.24
qwen32b 78/168 tokens=379 batch_s=0.24
qwen32b 80/168 tokens=377 batch_s=0.24
qwen32b 82/168 tokens=396 batch_s=0.28
qwen32b 84/168 tokens=398 batch_s=0.28
qwen32b 86/168 tokens=11191 batch_s=7.71
qwen32b 88/168 tokens=11192 batch_s=7.75
qwen32b 90/168 tokens=11194 batch_s=7.80
qwen32b 92/168 tokens=11195 batch_s=7.80
qwen32b 94/168 tokens=11198 batch_s=7.76
qwen32b 96/168 tokens=11198 batch_s=7.79
qwen32b 98/168 tokens=11208 batch_s=7.84
qwen32b 100/168 tokens=11208 batch_s=7.86
qwen32b 102/168 tokens=11207 batch_s=7.88
qwen32b 104/168 tokens=11208 batch_s=7.89
qwen32b 106/168 tokens=11205 batch_s=7.91
qwen32b 108/168 tokens=11204 batch_s=7.90
qwen32b 110/168 tokens=11221 batch_s=7.91
qwen32b 112/168 tokens=11221 batch_s=7.92
qwen32b 114/168 tokens=11218 batch_s=7.93
qwen32b 116/168 tokens=11220 batch_s=7.94
qwen32b 118/168 tokens=11226 batch_s=7.95
qwen32b 120/168 tokens=11227 batch_s=7.95
qwen32b 122/168 tokens=11220 batch_s=7.96
qwen32b 124/168 tokens=11221 batch_s=7.97
qwen32b 126/168 tokens=11219 batch_s=7.97
qwen32b 128/168 tokens=11219 batch_s=7.98
qwen32b 130/168 tokens=11228 batch_s=7.98
qwen32b 132/168 tokens=11228 batch_s=7.99
qwen32b 134/168 tokens=11224 batch_s=7.99
qwen32b 136/168 tokens=11224 batch_s=8.00
qwen32b 138/168 tokens=11231 batch_s=8.00
qwen32b 140/168 tokens=11231 batch_s=8.00
qwen32b 142/168 tokens=11265 batch_s=8.06
qwen32b 144/168 tokens=11265 batch_s=8.06
qwen32b 146/168 tokens=11272 batch_s=8.07
qwen32b 148/168 tokens=11272 batch_s=8.07
qwen32b 150/168 tokens=11282 batch_s=8.08
qwen32b 152/168 tokens=11282 batch_s=8.08
qwen32b 154/168 tokens=11321 batch_s=8.09
qwen32b 156/168 tokens=11321 batch_s=8.09
qwen32b 158/168 tokens=11304 batch_s=8.09
qwen32b 160/168 tokens=11305 batch_s=8.09
qwen32b 162/168 tokens=11325 batch_s=8.10
qwen32b 164/168 tokens=11326 batch_s=8.10
qwen32b 166/168 tokens=11332 batch_s=8.12
qwen32b 168/168 tokens=11333 batch_s=8.12
COMPLETE E001a_qwen32b_v1
