Loading mistral24b
`torch_dtype` is deprecated! Use `dtype` instead!
Loading checkpoint shards:   0%|          | 0/10 [00:00<?, ?it/s]Loading checkpoint shards:  10%|█         | 1/10 [02:44<24:37, 164.14s/it]Loading checkpoint shards:  20%|██        | 2/10 [05:48<23:29, 176.15s/it]Loading checkpoint shards:  30%|███       | 3/10 [14:43<39:39, 339.89s/it]Loading checkpoint shards:  40%|████      | 4/10 [20:02<33:09, 331.61s/it]Loading checkpoint shards:  50%|█████     | 5/10 [20:04<17:43, 212.79s/it]Loading checkpoint shards:  60%|██████    | 6/10 [20:06<09:24, 141.22s/it]Loading checkpoint shards:  70%|███████   | 7/10 [22:26<07:02, 140.78s/it]Loading checkpoint shards:  80%|████████  | 8/10 [25:10<04:56, 148.20s/it]Loading checkpoint shards:  90%|█████████ | 9/10 [33:24<04:16, 256.14s/it]Loading checkpoint shards: 100%|██████████| 10/10 [33:27<00:00, 177.96s/it]Loading checkpoint shards: 100%|██████████| 10/10 [33:27<00:00, 200.71s/it]
mistral24b 2/168 tokens=407 batch_s=79.63
mistral24b 4/168 tokens=415 batch_s=0.17
mistral24b 6/168 tokens=421 batch_s=0.18
mistral24b 8/168 tokens=419 batch_s=0.18
mistral24b 10/168 tokens=416 batch_s=0.18
mistral24b 12/168 tokens=418 batch_s=0.17
mistral24b 14/168 tokens=422 batch_s=0.18
mistral24b 16/168 tokens=429 batch_s=0.19
mistral24b 18/168 tokens=432 batch_s=0.19
mistral24b 20/168 tokens=438 batch_s=0.19
mistral24b 22/168 tokens=432 batch_s=0.19
mistral24b 24/168 tokens=432 batch_s=0.19
mistral24b 26/168 tokens=443 batch_s=0.19
mistral24b 28/168 tokens=444 batch_s=0.19
mistral24b 30/168 tokens=451 batch_s=0.20
mistral24b 32/168 tokens=447 batch_s=0.19
mistral24b 34/168 tokens=450 batch_s=0.20
mistral24b 36/168 tokens=440 batch_s=0.19
mistral24b 38/168 tokens=446 batch_s=0.19
mistral24b 40/168 tokens=439 batch_s=0.19
mistral24b 42/168 tokens=449 batch_s=0.20
mistral24b 44/168 tokens=458 batch_s=0.20
mistral24b 46/168 tokens=461 batch_s=0.20
mistral24b 48/168 tokens=471 batch_s=0.20
mistral24b 50/168 tokens=467 batch_s=0.20
mistral24b 52/168 tokens=468 batch_s=0.20
mistral24b 54/168 tokens=486 batch_s=0.21
mistral24b 56/168 tokens=488 batch_s=0.20
mistral24b 58/168 tokens=479 batch_s=0.20
mistral24b 60/168 tokens=497 batch_s=0.21
mistral24b 62/168 tokens=497 batch_s=0.21
mistral24b 64/168 tokens=503 batch_s=0.19
mistral24b 66/168 tokens=511 batch_s=0.21
mistral24b 68/168 tokens=517 batch_s=0.23
mistral24b 70/168 tokens=522 batch_s=0.23
mistral24b 72/168 tokens=543 batch_s=0.24
mistral24b 74/168 tokens=539 batch_s=0.24
mistral24b 76/168 tokens=552 batch_s=0.24
mistral24b 78/168 tokens=550 batch_s=0.24
mistral24b 80/168 tokens=547 batch_s=0.24
mistral24b 82/168 tokens=567 batch_s=0.25
mistral24b 84/168 tokens=569 batch_s=0.24
mistral24b 86/168 tokens=11419 batch_s=4.90
mistral24b 88/168 tokens=11420 batch_s=4.92
mistral24b 90/168 tokens=11422 batch_s=4.95
mistral24b 92/168 tokens=11423 batch_s=4.98
mistral24b 94/168 tokens=11425 batch_s=5.00
mistral24b 96/168 tokens=11425 batch_s=5.01
mistral24b 98/168 tokens=11438 batch_s=4.90
mistral24b 100/168 tokens=11438 batch_s=4.79
mistral24b 102/168 tokens=11436 batch_s=4.79
mistral24b 104/168 tokens=11437 batch_s=4.79
mistral24b 106/168 tokens=11437 batch_s=4.80
mistral24b 108/168 tokens=11436 batch_s=4.81
mistral24b 110/168 tokens=11450 batch_s=4.82
mistral24b 112/168 tokens=11450 batch_s=4.83
mistral24b 114/168 tokens=11448 batch_s=4.83
mistral24b 116/168 tokens=11448 batch_s=4.84
mistral24b 118/168 tokens=11457 batch_s=4.87
mistral24b 120/168 tokens=11458 batch_s=4.87
mistral24b 122/168 tokens=11448 batch_s=4.86
mistral24b 124/168 tokens=11449 batch_s=4.86
mistral24b 126/168 tokens=11447 batch_s=4.85
mistral24b 128/168 tokens=11447 batch_s=4.85
mistral24b 130/168 tokens=11456 batch_s=4.85
mistral24b 132/168 tokens=11455 batch_s=4.86
mistral24b 134/168 tokens=11452 batch_s=4.86
mistral24b 136/168 tokens=11453 batch_s=4.86
mistral24b 138/168 tokens=11460 batch_s=4.88
mistral24b 140/168 tokens=11460 batch_s=4.89
mistral24b 142/168 tokens=11493 batch_s=4.89
mistral24b 144/168 tokens=11493 batch_s=4.90
mistral24b 146/168 tokens=11505 batch_s=4.90
mistral24b 148/168 tokens=11503 batch_s=4.91
mistral24b 150/168 tokens=11512 batch_s=4.91
mistral24b 152/168 tokens=11512 batch_s=4.91
mistral24b 154/168 tokens=11555 batch_s=4.94
mistral24b 156/168 tokens=11554 batch_s=4.94
mistral24b 158/168 tokens=11534 batch_s=4.94
mistral24b 160/168 tokens=11536 batch_s=4.94
mistral24b 162/168 tokens=11558 batch_s=4.95
mistral24b 164/168 tokens=11559 batch_s=4.95
mistral24b 166/168 tokens=11565 batch_s=4.95
mistral24b 168/168 tokens=11565 batch_s=4.95
COMPLETE E001a_mistral24b_v1
