arm A: 400 to run
0 11  4s
10 5  51s
20 12  75s
30 10  117s
40 40  119s
50 63  53s
60 73  54s
70 81  66s
80 95  58s
90 32  404s
100 107  145s
110 62  419s
120 143  3s
130 152  14s
140 139  144s
150 157  72s
160 168  86s
170 160  173s
180 201  14s
190 183  167s
200 194  187s
210 225  140s
220 207  359s
230 238  136s
240 248  119s
250 258  118s
260 267  123s
270 283  72s
280 287  72s
290 301  59s
300 305  137s
310 318  153s
320 335 BadRequestError: Error code: 400 - {'error': {'message': "This model's maximum c 72s
330 343  79s
340 361  23s
350 349  149s
360 373  88s
370 381  66s
380 371  168s
390 397  182s
