arm C: 400 to run
0 4  9s
10 5  122s
20 18  165s
30 27  195s
40 50  35s
50 46  178s
60 65  90s
70 85  6s
80 87  63s
90 91  71s
100 88  174s
110 124  11s
120 135  0s
130 129  62s
140 115  204s
150 160  39s
160 139  192s
170 178  61s
180 162  190s
190 202  10s
200 199  101s
210 219  54s
220 232  4s
230 237  71s
240 252  21s
250 249  87s
260 250  184s
270 266  197s
280 294  5s
290 283  196s
300 312  44s
310 304  208s
320 314  202s
330 336  32s
340 329  189s
350 361  23s
360 355  189s
370 360  174s
380 371  162s
390 397  69s
