=== ARM l3b_NO_PIT_s1 Mon Sep 14 14:52:09 2026
loading /home/xiang/l34_e01_ckpt/trunk_l3b
[p1] empty phase, skipped
post-phase1 OLD eval done (36000 items, 43s)
[p2] ep0 step 100/2504 loss 0.6559 lr 1.00e-05 71s
[p2] ep0 step 200/2504 loss 0.4174 lr 9.93e-06 143s
[p2] ep0 step 300/2504 loss 0.2467 lr 9.79e-06 214s
[p2] ep1 step 400/2504 loss 0.1728 lr 9.56e-06 285s
[p2] ep1 step 500/2504 loss 0.1572 lr 9.26e-06 356s
[p2] ep1 step 600/2504 loss 0.1462 lr 8.89e-06 427s
[p2] ep2 step 700/2504 loss 0.1362 lr 8.45e-06 499s
[p2] ep2 step 800/2504 loss 0.1377 lr 7.96e-06 569s
[p2] ep2 step 900/2504 loss 0.1342 lr 7.41e-06 641s
[p2] ep3 step 1000/2504 loss 0.1307 lr 6.83e-06 712s
[p2] ep3 step 1100/2504 loss 0.1305 lr 6.21e-06 783s
[p2] ep3 step 1200/2504 loss 0.1292 lr 5.58e-06 854s
[p2] ep4 step 1300/2504 loss 0.1272 lr 4.93e-06 925s
[p2] ep4 step 1400/2504 loss 0.1262 lr 4.29e-06 996s
[p2] ep4 step 1500/2504 loss 0.1254 lr 3.66e-06 1067s
[p2] ep5 step 1600/2504 loss 0.1244 lr 3.05e-06 1138s
[p2] ep5 step 1700/2504 loss 0.1223 lr 2.47e-06 1209s
[p2] ep5 step 1800/2504 loss 0.1228 lr 1.93e-06 1280s
[p2] ep6 step 1900/2504 loss 0.1219 lr 1.45e-06 1351s
[p2] ep6 step 2000/2504 loss 0.1199 lr 1.03e-06 1422s
[p2] ep6 step 2100/2504 loss 0.1199 lr 6.67e-07 1493s
[p2] ep7 step 2200/2504 loss 0.1195 lr 3.82e-07 1564s
[p2] ep7 step 2300/2504 loss 0.1181 lr 1.73e-07 1635s
[p2] ep7 step 2400/2504 loss 0.1172 lr 4.52e-08 1706s
[p2] ep7 step 2500/2504 loss 0.1183 lr 6.69e-11 1777s
[p2] ep7 step 2504/2504 loss 0.1177 lr 0.00e+00 1779s
[p2] done 2504 steps, final loss 0.1172, 1780s
rank subset: 24000 items x (1+distractors)
final eval done (72000 items, 508s)
=== ARM l3b_NO_PIT_s1 COMPLETE Mon Sep 14 15:31:08 2026
