{"condition": "A_ONLY", "total_steps": 1122, "n_train": 2998, "end_id": 151650}
[A_ONLY] step     0  loss nan  rank_A   130650 rank_B   126029  p(END@end) A 0.000 B 0.000  learned A 0.00 B 0.00
/home/xiang/ssn-group-papaer/candidates/L36_BEAM_CURSE_REGIME_SHIFT/src/e02_train.py:303: UserWarning: Converting a tensor with requires_grad=True to a scalar may lead to unexpected behavior.
Consider using tensor.detach() first. (Triggered internally at /pytorch/torch/csrc/autograd/generated/python_variable_methods.cpp:835.)
  running += float(out.loss) / a.accum
[A_ONLY] step    50  loss 114.6996  rank_A   117942 rank_B   111194  p(END@end) A 0.000 B 0.000  learned A 0.00 B 0.00
[A_ONLY] step   100  loss 96.4795  rank_A   114272 rank_B   106505  p(END@end) A 0.000 B 0.000  learned A 0.00 B 0.00
[A_ONLY] step   150  loss 88.4691  rank_A   110902 rank_B   104032  p(END@end) A 0.004 B 0.000  learned A 0.00 B 0.00
[A_ONLY] step   200  loss 86.1073  rank_A   110278 rank_B   101791  p(END@end) A 0.026 B 0.000  learned A 0.00 B 0.00
[A_ONLY] step   250  loss 82.4365  rank_A   106062 rank_B   100076  p(END@end) A 0.123 B 0.000  learned A 0.00 B 0.00
[A_ONLY] step   300  loss 81.1551  rank_A   106754 rank_B    98046  p(END@end) A 0.424 B 0.000  learned A 0.03 B 0.00
[A_ONLY] step   350  loss 78.9281  rank_A   104858 rank_B    97572  p(END@end) A 0.618 B 0.000  learned A 0.90 B 0.00
[A_ONLY] step   400  loss 72.6983  rank_A   104791 rank_B    98304  p(END@end) A 0.735 B 0.000  learned A 0.94 B 0.00
[A_ONLY] step   450  loss 71.0267  rank_A   105009 rank_B    97564  p(END@end) A 0.805 B 0.000  learned A 0.94 B 0.00
[A_ONLY] step   500  loss 70.8340  rank_A   105746 rank_B    97996  p(END@end) A 0.847 B 0.000  learned A 0.96 B 0.00
[A_ONLY] step   550  loss 73.4324  rank_A   106062 rank_B    97454  p(END@end) A 0.869 B 0.000  learned A 0.97 B 0.00
[A_ONLY] step   600  loss 69.6276  rank_A   105401 rank_B    97321  p(END@end) A 0.888 B 0.000  learned A 0.97 B 0.00
[A_ONLY] step   650  loss 69.4337  rank_A   105666 rank_B    97274  p(END@end) A 0.898 B 0.000  learned A 0.97 B 0.00
[A_ONLY] step   700  loss 69.6641  rank_A   105610 rank_B    96780  p(END@end) A 0.895 B 0.000  learned A 0.96 B 0.00
[A_ONLY] step   750  loss 71.9556  rank_A   106470 rank_B    96712  p(END@end) A 0.899 B 0.000  learned A 0.97 B 0.00
[A_ONLY] step   800  loss 66.6470  rank_A   106070 rank_B    96578  p(END@end) A 0.900 B 0.000  learned A 0.97 B 0.00
[A_ONLY] step   850  loss 67.4528  rank_A   105434 rank_B    96716  p(END@end) A 0.903 B 0.000  learned A 0.97 B 0.00
[A_ONLY] step   900  loss 72.3709  rank_A   105686 rank_B    96604  p(END@end) A 0.900 B 0.000  learned A 0.97 B 0.00
[A_ONLY] step   950  loss 67.7468  rank_A   105457 rank_B    96900  p(END@end) A 0.900 B 0.000  learned A 0.97 B 0.00
[A_ONLY] step  1000  loss 68.0992  rank_A   105438 rank_B    96540  p(END@end) A 0.901 B 0.000  learned A 0.97 B 0.00
[A_ONLY] step  1050  loss 67.9836  rank_A   105282 rank_B    96613  p(END@end) A 0.901 B 0.000  learned A 0.97 B 0.00
[A_ONLY] step  1100  loss 69.0741  rank_A   105378 rank_B    96902  p(END@end) A 0.902 B 0.000  learned A 0.97 B 0.00
The following generation flags are not valid and may be ignored: ['length_penalty']. Set `TRANSFORMERS_VERBOSITY=info` for more details.
[A_ONLY] step  1122  loss 29.3379  rank_A   105488 rank_B    96592  p(END@end) A 0.902 B 0.000  learned A 0.97 B 0.00  |  A b64 empty 0.0% BLEU 20.9   B b64 empty 0.0% BLEU 1.7
[A_ONLY] done in 324s
