Loading checkpoint shards:   0%|          | 0/2 [00:00<?, ?it/s]Loading checkpoint shards: 100%|██████████| 2/2 [00:00<00:00, 59.20it/s]
{"condition": "MIXED", "total_steps": 1122, "n_train": 2998, "end_id": 151650}
[MIXED] step     0  loss nan  rank_A   128667 rank_B   115093  p(END@end) A 0.000 B 0.000  learned A 0.00 B 0.00
/home/xiang/ssn-group-papaer/candidates/L36_BEAM_CURSE_REGIME_SHIFT/src/e02_train.py:303: UserWarning: Converting a tensor with requires_grad=True to a scalar may lead to unexpected behavior.
Consider using tensor.detach() first. (Triggered internally at /pytorch/torch/csrc/autograd/generated/python_variable_methods.cpp:835.)
  running += float(out.loss) / a.accum
[MIXED] step    50  loss 80.2329  rank_A   123202 rank_B   111018  p(END@end) A 0.000 B 0.000  learned A 0.00 B 0.00
[MIXED] step   100  loss 55.2483  rank_A   118434 rank_B   113471  p(END@end) A 0.002 B 0.002  learned A 0.00 B 0.00
[MIXED] step   150  loss 49.9833  rank_A   117646 rank_B   115470  p(END@end) A 0.022 B 0.020  learned A 0.00 B 0.00
[MIXED] step   200  loss 47.1347  rank_A   119135 rank_B   115713  p(END@end) A 0.159 B 0.168  learned A 0.00 B 0.00
[MIXED] step   250  loss 43.3196  rank_A   119644 rank_B   117206  p(END@end) A 0.546 B 0.540  learned A 0.91 B 0.87
[MIXED] step   300  loss 43.7310  rank_A   119666 rank_B   116954  p(END@end) A 0.768 B 0.767  learned A 0.96 B 0.97
[MIXED] step   350  loss 43.1315  rank_A   118826 rank_B   117251  p(END@end) A 0.860 B 0.861  learned A 0.97 B 0.97
[MIXED] step   400  loss 40.5501  rank_A   117723 rank_B   116600  p(END@end) A 0.908 B 0.908  learned A 0.97 B 0.97
[MIXED] step   450  loss 37.0554  rank_A   115738 rank_B   116735  p(END@end) A 0.934 B 0.929  learned A 0.98 B 0.98
[MIXED] step   500  loss 38.5046  rank_A   116948 rank_B   116565  p(END@end) A 0.935 B 0.943  learned A 0.97 B 0.98
[MIXED] step   550  loss 36.8403  rank_A   116096 rank_B   116824  p(END@end) A 0.951 B 0.950  learned A 0.98 B 0.98
[MIXED] step   600  loss 36.7408  rank_A   115663 rank_B   116098  p(END@end) A 0.957 B 0.956  learned A 0.98 B 0.98
[MIXED] step   650  loss 37.2509  rank_A   116265 rank_B   117085  p(END@end) A 0.959 B 0.958  learned A 0.98 B 0.98
[MIXED] step   700  loss 37.5523  rank_A   116336 rank_B   116557  p(END@end) A 0.961 B 0.959  learned A 0.98 B 0.98
[MIXED] step   750  loss 37.6776  rank_A   115907 rank_B   116322  p(END@end) A 0.962 B 0.960  learned A 0.98 B 0.98
[MIXED] step   800  loss 34.9237  rank_A   115782 rank_B   116426  p(END@end) A 0.961 B 0.961  learned A 0.98 B 0.98
[MIXED] step   850  loss 35.6480  rank_A   115857 rank_B   116488  p(END@end) A 0.961 B 0.960  learned A 0.98 B 0.98
[MIXED] step   900  loss 35.0319  rank_A   115782 rank_B   116544  p(END@end) A 0.961 B 0.960  learned A 0.98 B 0.98
[MIXED] step   950  loss 37.8993  rank_A   115736 rank_B   116279  p(END@end) A 0.961 B 0.960  learned A 0.98 B 0.98
[MIXED] step  1000  loss 35.3783  rank_A   115668 rank_B   116372  p(END@end) A 0.961 B 0.961  learned A 0.98 B 0.98
[MIXED] step  1050  loss 37.0099  rank_A   115570 rank_B   116354  p(END@end) A 0.961 B 0.961  learned A 0.98 B 0.98
[MIXED] step  1100  loss 35.5515  rank_A   115512 rank_B   116562  p(END@end) A 0.961 B 0.960  learned A 0.98 B 0.98
The following generation flags are not valid and may be ignored: ['length_penalty']. Set `TRANSFORMERS_VERBOSITY=info` for more details.
[MIXED] step  1122  loss 15.5353  rank_A   115636 rank_B   116452  p(END@end) A 0.961 B 0.960  learned A 0.98 B 0.98  |  A b64 empty 0.0% BLEU 39.2   B b64 empty 0.0% BLEU 36.4
[MIXED] done in 563s
