{"condition": "MIXED", "total_steps": 1122, "n_train": 2998, "end_id": 151650}
[MIXED] step     0  loss nan  rank_A   130650 rank_B   126029  p(END@end) A 0.000 B 0.000  learned A 0.00 B 0.00
/home/xiang/ssn-group-papaer/candidates/L36_BEAM_CURSE_REGIME_SHIFT/src/e02_train.py:303: UserWarning: Converting a tensor with requires_grad=True to a scalar may lead to unexpected behavior.
Consider using tensor.detach() first. (Triggered internally at /pytorch/torch/csrc/autograd/generated/python_variable_methods.cpp:835.)
  running += float(out.loss) / a.accum
[MIXED] step    50  loss 117.2568  rank_A   115018 rank_B   114062  p(END@end) A 0.000 B 0.000  learned A 0.00 B 0.00
[MIXED] step   100  loss 98.4627  rank_A   113686 rank_B   111712  p(END@end) A 0.000 B 0.000  learned A 0.00 B 0.00
[MIXED] step   150  loss 89.7688  rank_A   112142 rank_B   112362  p(END@end) A 0.002 B 0.002  learned A 0.00 B 0.00
[MIXED] step   200  loss 87.6100  rank_A   112242 rank_B   113737  p(END@end) A 0.012 B 0.012  learned A 0.00 B 0.00
[MIXED] step   250  loss 83.8599  rank_A   109084 rank_B   110566  p(END@end) A 0.062 B 0.064  learned A 0.00 B 0.00
[MIXED] step   300  loss 82.2992  rank_A   107933 rank_B   109319  p(END@end) A 0.261 B 0.259  learned A 0.00 B 0.00
[MIXED] step   350  loss 79.7986  rank_A   104842 rank_B   105974  p(END@end) A 0.477 B 0.489  learned A 0.68 B 0.76
[MIXED] step   400  loss 73.2161  rank_A   105908 rank_B   106817  p(END@end) A 0.645 B 0.647  learned A 0.92 B 0.91
[MIXED] step   450  loss 71.2283  rank_A   106346 rank_B   106984  p(END@end) A 0.734 B 0.736  learned A 0.94 B 0.93
[MIXED] step   500  loss 71.0049  rank_A   106174 rank_B   106920  p(END@end) A 0.805 B 0.789  learned A 0.95 B 0.95
[MIXED] step   550  loss 73.7104  rank_A   104810 rank_B   105947  p(END@end) A 0.834 B 0.833  learned A 0.95 B 0.95
[MIXED] step   600  loss 69.8665  rank_A   104678 rank_B   105038  p(END@end) A 0.855 B 0.857  learned A 0.95 B 0.96
[MIXED] step   650  loss 69.6382  rank_A   104282 rank_B   104804  p(END@end) A 0.867 B 0.871  learned A 0.95 B 0.96
[MIXED] step   700  loss 69.6879  rank_A   104645 rank_B   104845  p(END@end) A 0.877 B 0.873  learned A 0.96 B 0.96
[MIXED] step   750  loss 72.2705  rank_A   104377 rank_B   105136  p(END@end) A 0.875 B 0.876  learned A 0.95 B 0.96
[MIXED] step   800  loss 66.6960  rank_A   104376 rank_B   105122  p(END@end) A 0.875 B 0.876  learned A 0.95 B 0.96
[MIXED] step   850  loss 67.6208  rank_A   104296 rank_B   105141  p(END@end) A 0.877 B 0.877  learned A 0.95 B 0.96
[MIXED] step   900  loss 72.2919  rank_A   104303 rank_B   105098  p(END@end) A 0.879 B 0.877  learned A 0.96 B 0.96
[MIXED] step   950  loss 68.0596  rank_A   104198 rank_B   104884  p(END@end) A 0.876 B 0.877  learned A 0.95 B 0.96
[MIXED] step  1000  loss 68.4154  rank_A   103841 rank_B   105028  p(END@end) A 0.876 B 0.877  learned A 0.95 B 0.96
[MIXED] step  1050  loss 68.1719  rank_A   104236 rank_B   105058  p(END@end) A 0.876 B 0.878  learned A 0.96 B 0.96
[MIXED] step  1100  loss 69.2233  rank_A   104135 rank_B   105266  p(END@end) A 0.877 B 0.878  learned A 0.95 B 0.96
The following generation flags are not valid and may be ignored: ['length_penalty']. Set `TRANSFORMERS_VERBOSITY=info` for more details.
[MIXED] step  1122  loss 29.3979  rank_A   104287 rank_B   105194  p(END@end) A 0.877 B 0.878  learned A 0.96 B 0.96  |  A b64 empty 0.0% BLEU 21.1   B b64 empty 0.0% BLEU 21.5
[MIXED] done in 254s
