`rope_scaling`'s beta_fast field must be a float, got 32
`rope_scaling`'s beta_slow field must be a float, got 1
Loading checkpoint shards:   0%|          | 0/3 [00:00<?, ?it/s]Loading checkpoint shards: 100%|██████████| 3/3 [00:00<00:00, 36.24it/s]
arm=S repo=allenai/Olmo-3-1025-7B stop_ids=[100257] trainable=7,298,011,136
train=9262 val=302
step0 eval: {'val_loss': 0.7642544843256474, 'boundary_auc': 0.99543125, 'log_p_stop_at_boundary': -1.3495561935832825, 'log_p_stop_inside': -13.836823319880704, 'n_boundary': 160, 'n_inside': 23386}
[W918 00:42:49.551342517 CUDACachingAllocator.cpp:508] expandable_segments: memory mapping failed with OOM on device 0 while trying to map 20971520 bytes (free: 78381056, total: 101971722240).
[W918 00:42:49.551958292 CUDACachingAllocator.cpp:508] expandable_segments: memory mapping failed with OOM on device 0 while trying to map 20971520 bytes (free: 78381056, total: 101971722240).
Traceback (most recent call last):
  File "/home/xiang/ssn-group-papaer/candidates/S03_GOAL_RELATIVE_STOPPING/src/e02_train.py", line 317, in <module>
    main()
  File "/home/xiang/ssn-group-papaer/candidates/S03_GOAL_RELATIVE_STOPPING/src/e02_train.py", line 239, in main
    logits = arm(ids, att)
             ^^^^^^^^^^^^^
  File "/home/xiang/miniconda3/envs/dlm_clean/lib/python3.12/site-packages/torch/nn/modules/module.py", line 1778, in _wrapped_call_impl
    return self._call_impl(*args, **kwargs)
           ^^^^^^^^^^^^^^^^^^^^^^^^^^^^^^^^
  File "/home/xiang/miniconda3/envs/dlm_clean/lib/python3.12/site-packages/torch/nn/modules/module.py", line 1789, in _call_impl
    return forward_call(*args, **kwargs)
           ^^^^^^^^^^^^^^^^^^^^^^^^^^^^^
  File "/home/xiang/ssn-group-papaer/candidates/S03_GOAL_RELATIVE_STOPPING/src/e02_arms.py", line 133, in forward
    out = self.model(input_ids=input_ids, attention_mask=attention_mask)
          ^^^^^^^^^^^^^^^^^^^^^^^^^^^^^^^^^^^^^^^^^^^^^^^^^^^^^^^^^^^^^^
  File "/home/xiang/miniconda3/envs/dlm_clean/lib/python3.12/site-packages/torch/nn/modules/module.py", line 1778, in _wrapped_call_impl
    return self._call_impl(*args, **kwargs)
           ^^^^^^^^^^^^^^^^^^^^^^^^^^^^^^^^
  File "/home/xiang/miniconda3/envs/dlm_clean/lib/python3.12/site-packages/torch/nn/modules/module.py", line 1789, in _call_impl
    return forward_call(*args, **kwargs)
           ^^^^^^^^^^^^^^^^^^^^^^^^^^^^^
  File "/home/xiang/miniconda3/envs/dlm_clean/lib/python3.12/site-packages/transformers/utils/generic.py", line 918, in wrapper
    output = func(self, *args, **kwargs)
             ^^^^^^^^^^^^^^^^^^^^^^^^^^^
  File "/home/xiang/miniconda3/envs/dlm_clean/lib/python3.12/site-packages/transformers/models/olmo3/modeling_olmo3.py", line 480, in forward
    outputs: BaseModelOutputWithPast = self.model(
                                       ^^^^^^^^^^^
  File "/home/xiang/miniconda3/envs/dlm_clean/lib/python3.12/site-packages/torch/nn/modules/module.py", line 1778, in _wrapped_call_impl
    return self._call_impl(*args, **kwargs)
           ^^^^^^^^^^^^^^^^^^^^^^^^^^^^^^^^
  File "/home/xiang/miniconda3/envs/dlm_clean/lib/python3.12/site-packages/torch/nn/modules/module.py", line 1789, in _call_impl
    return forward_call(*args, **kwargs)
           ^^^^^^^^^^^^^^^^^^^^^^^^^^^^^
  File "/home/xiang/miniconda3/envs/dlm_clean/lib/python3.12/site-packages/transformers/utils/generic.py", line 1072, in wrapper
    outputs = func(self, *args, **kwargs)
              ^^^^^^^^^^^^^^^^^^^^^^^^^^^
  File "/home/xiang/miniconda3/envs/dlm_clean/lib/python3.12/site-packages/transformers/models/olmo3/modeling_olmo3.py", line 416, in forward
    hidden_states = decoder_layer(
                    ^^^^^^^^^^^^^^
  File "/home/xiang/miniconda3/envs/dlm_clean/lib/python3.12/site-packages/transformers/modeling_layers.py", line 94, in __call__
    return super().__call__(*args, **kwargs)
           ^^^^^^^^^^^^^^^^^^^^^^^^^^^^^^^^^
  File "/home/xiang/miniconda3/envs/dlm_clean/lib/python3.12/site-packages/torch/nn/modules/module.py", line 1778, in _wrapped_call_impl
    return self._call_impl(*args, **kwargs)
           ^^^^^^^^^^^^^^^^^^^^^^^^^^^^^^^^
  File "/home/xiang/miniconda3/envs/dlm_clean/lib/python3.12/site-packages/torch/nn/modules/module.py", line 1789, in _call_impl
    return forward_call(*args, **kwargs)
           ^^^^^^^^^^^^^^^^^^^^^^^^^^^^^
  File "/home/xiang/miniconda3/envs/dlm_clean/lib/python3.12/site-packages/transformers/utils/deprecation.py", line 172, in wrapped_func
    return func(*args, **kwargs)
           ^^^^^^^^^^^^^^^^^^^^^
  File "/home/xiang/miniconda3/envs/dlm_clean/lib/python3.12/site-packages/transformers/models/olmo3/modeling_olmo3.py", line 274, in forward
    hidden_states = self.mlp(hidden_states)
                    ^^^^^^^^^^^^^^^^^^^^^^^
  File "/home/xiang/miniconda3/envs/dlm_clean/lib/python3.12/site-packages/torch/nn/modules/module.py", line 1778, in _wrapped_call_impl
    return self._call_impl(*args, **kwargs)
           ^^^^^^^^^^^^^^^^^^^^^^^^^^^^^^^^
  File "/home/xiang/miniconda3/envs/dlm_clean/lib/python3.12/site-packages/torch/nn/modules/module.py", line 1789, in _call_impl
    return forward_call(*args, **kwargs)
           ^^^^^^^^^^^^^^^^^^^^^^^^^^^^^
  File "/home/xiang/miniconda3/envs/dlm_clean/lib/python3.12/site-packages/transformers/models/olmo3/modeling_olmo3.py", line 232, in forward
    down_proj = self.down_proj(self.act_fn(self.gate_proj(x)) * self.up_proj(x))
                                                                ^^^^^^^^^^^^^^^
  File "/home/xiang/miniconda3/envs/dlm_clean/lib/python3.12/site-packages/torch/nn/modules/module.py", line 1778, in _wrapped_call_impl
    return self._call_impl(*args, **kwargs)
           ^^^^^^^^^^^^^^^^^^^^^^^^^^^^^^^^
  File "/home{"val_loss": 0.6380931366235018, "boundary_auc": 0.999928125, "log_p_stop_at_boundary": -0.1618443229300452, "log_p_stop_inside": -16.188096940474097, "n_boundary": 160, "n_inside": 23386, "step": 900, "train_loss": 0.9192443042993546, "lr": 1.363490330121353e-05, "elapsed": 2297.4764471054077}
{"val_loss": 0.637903705984354, "boundary_auc": 0.99993125, "log_p_stop_at_boundary": -0.16171235251227167, "log_p_stop_inside": -16.286137750548313, "n_boundary": 160, "n_inside": 23386, "step": 950, "train_loss": 0.6193189360201359, "lr": 1.2955736263897752e-05, "elapsed": 2425.9861483573914}
{"val_loss": 0.6373663239181042, "boundary_auc": 0.999971875, "log_p_stop_at_boundary": -0.1692308152528951, "log_p_stop_inside": -16.263390183271653, "n_boundary": 160, "n_inside": 23386, "step": 1000, "train_loss": 0.4807347357273102, "lr": 1.2261272075031524e-05, "elapsed": 2555.9159927368164}
{"val_loss": 0.6377746317535639, "boundary_auc": 0.99993125, "log_p_stop_at_boundary": -0.17352260099294153, "log_p_stop_inside": -16.342811988288645, "n_boundary": 160, "n_inside": 23386, "step": 1050, "train_loss": 0.6582929417490959, "lr": 1.1555104872587575e-05, "elapsed": 2685.7735602855682}
{"val_loss": 0.6377191502600909, "boundary_auc": 0.999975, "log_p_stop_at_boundary": -0.16780905043200417, "log_p_stop_inside": -16.376534453507574, "n_boundary": 160, "n_inside": 23386, "step": 1100, "train_loss": 0.5937934815883636, "lr": 1.0840889362450082e-05, "elapsed": 2814.2875411510468}
{"val_loss": 0.636625350266695, "boundary_auc": 0.999959375, "log_p_stop_at_boundary": -0.16563847952483596, "log_p_stop_inside": -16.31842436144962, "n_boundary": 160, "n_inside": 23386, "step": 1150, "train_loss": 0.6866955384612083, "lr": 1.012232190380769e-05, "elapsed": 2940.5683965682983}
{"val_loss": 0.6498649772256613, "boundary_auc": 0.999946875, "log_p_stop_at_boundary": -0.1735604571787838, "log_p_stop_inside": -16.69189006577418, "n_boundary": 160, "n_inside": 23386, "step": 1200, "train_loss": 0.2602035254240036, "lr": 9.403121378973517e-06, "elapsed": 3070.087204694748}
{"val_loss": 0.6524168640375138, "boundary_auc": 0.999965625, "log_p_stop_at_boundary": -0.18494100359078777, "log_p_stop_inside": -16.773648102432528, "n_boundary": 160, "n_inside": 23386, "step": 1250, "train_loss": 0.6068360134959221, "lr": 8.687009946638763e-06, "elapsed": 3199.724990129471}
{"val_loss": 0.655233845859766, "boundary_auc": 0.999946875, "log_p_stop_at_boundary": -0.18864821195377862, "log_p_stop_inside": -16.84511932759985, "n_boundary": 160, "n_inside": 23386, "step": 1300, "train_loss": 0.720013864338398, "lr": 7.977693778169673e-06, "elapsed": 3326.35281085968}
{"val_loss": 0.6557912945747375, "boundary_auc": 0.999940625, "log_p_stop_at_boundary": -0.18926909161802996, "log_p_stop_inside": -16.867872976800808, "n_boundary": 160, "n_inside": 23386, "step": 1350, "train_loss": 0.49805673211812973, "lr": 7.278843876645512e-06, "elapsed": 3451.146675348282}
{"val_loss": 0.6563711922615767, "boundary_auc": 0.99993125, "log_p_stop_at_boundary": -0.18954992687844877, "log_p_stop_inside": -16.881427204478676, "n_boundary": 160, "n_inside": 23386, "step": 1400, "train_loss": 0.176246527582407, "lr": 6.594077077906875e-06, "elapsed": 3578.231087207794}
{"val_loss": 0.6580352876335382, "boundary_auc": 0.999925, "log_p_stop_at_boundary": -0.18792448824491076, "log_p_stop_inside": -16.9468384432955, "n_boundary": 160, "n_inside": 23386, "step": 1450, "train_loss": 0.686763308942318, "lr": 5.926937331941781e-06, "elapsed": 3706.2753522396088}
{"val_loss": 0.6575611442327499, "boundary_auc": 0.999921875, "log_p_stop_at_boundary": -0.1851094750254308, "log_p_stop_inside": -16.934216159639995, "n_boundary": 160, "n_inside": 23386, "step": 1500, "train_loss": 0.39232057332992554, "lr": 5.280877361486021e-06, "elapsed": 3832.250345468521}
{"val_loss": 0.6569642558693886, "boundary_auc": 0.9999375, "log_p_stop_at_boundary": -0.18566700114792306, "log_p_stop_inside": -16.91743721254218, "n_boundary": 160, "n_inside": 23386, "step": 1550, "train_loss": 0.4685364179313183, "lr": 4.65924079276209e-06, "elapsed": 3958.4391989707947}
{"val_loss": 0.6565879281610251, "boundary_auc": 0.99993125, "log_p_stop_at_boundary": -0.18272894808057005, "log_p_stop_inside": -16.913500061928513, "n_boundary": 160, "n_inside": 23386, "step": 1600, "train_loss": 0.423179280012846, "lr": 4.065244850837464e-06, "elapsed": 4086.897142648697}
{"val_loss": 0.6562388855963945, "boundary_auc": 0.999940625, "log_p_stop_at_boundary": -0.1839604378934719, "log_p_stop_inside": -16.917160676163206, "n_boundary": 160, "n_inside": 23386, "step": 1650, "train_loss": 0.504736416041851, "lr": 3.501963709160887e-06, "elapsed": 4218.751141548157}
{"val_loss": 0.6560825422406197, "boundary_auc": 0.999946875, "log_p_stop_at_boundary": -0.1816897773073373, "log_p_stop_inside": -16.91863375227399, "n_boundary": 160, "n_inside": 23386, "step": 1700, "train_loss": 0.3711177874356508, "lr": 2.9723125794496567e-06, "elapsed": 4350.713538169861}
{"val_loss": 0.6563589986413717, "boundary_auc": 0.999946875, "log_p_stop_at_boundary": -0.1822054043735754, "log_p_stop_inside": -16.91926364430913, "n_boundary": 160, "n_inside": 23386, "step": 1750, "train_loss": 0.6198699697852135, "lr": 2.4790326242692587e-06, "elapsed": 4477.517780780792}
{"val_loss": 0.6576824240386486, "boundary_auc": 0.999946875, "log_p_stop_at_boundary": -0.18303640743433364, "log_p_stop_inside": -16.93992606863503, "n_boundary": 160, "n_inside": 23386, "step": 1800, "train_loss": 0.5343941897153854, "lr": 2.0246767703890237e-06, "elapsed": 4606.64920425415}
{"val_loss": 0.6580914571881294, "boundary_auc": 0.999946875, "log_p_stop_at_boundary": -0.18208679916390244, "log_p_stop_inside": -16.95237332277964, "n_boundary": 160, "n_inside": 23386, "step": 1850, "train_loss": 0.47348013520240784, "lr": 1.6115964963354879e-06, "elapsed": 4737.575380325317}
{"val_loss": 0.658673045411706, "boundary_auc": 0.99994375, "log_p_stop_at_boundary": -0.1818738473950839, "log_p_stop_inside": -16.95924914421374, "n_boundary": 160, "n_inside": 23386, "step": 1900, "train_loss": 0.45818599686026573, "lr": 1.2419296625232825e-06, "elapsed": 4862.961409568787}
{"val_loss": 0.65895214676857, "boundary_auc": 0.999940625, "log_p_stop_at_boundary": -0.18219004562325636, "log_p_stop_inside": -16.966026667235656, "n_boundary": 160, "n_inside": 23386, "step": 1950, "train_loss": 0.37196169421076775, "lr": 9.175894469477131e-07, "elapsed": 4989.62654709816}
{"val_loss": 0.6591924823820591, "boundary_auc": 0.99994375, "log_p_stop_at_boundary": -0.18359130145842198, "log_p_stop_inside": -16.96840815635233, "n_boundary": 160, "n_inside": 23386, "step": 2000, "train_loss": 0.6147293001413345, "lr": 6.402544437012759e-07, "elapsed": 5119.485214471817}
{"val_loss": 0.6588892754167318, "boundary_auc": 0.999940625, "log_p_stop_at_boundary": -0.18448996275495447, "log_p_stop_inside": -16.966526882561606, "n_boundary": 160, "n_inside": 23386, "step": 2050, "train_loss": 0.4384538419544697, "lr": 4.1135997555844407e-07, "elapsed": 5246.804158687592}
{"val_loss": 0.6590612236410379, "boundary_auc": 0.99994375, "log_p_stop_at_boundary": -0.1830280263123521, "log_p_stop_inside": -16.967204365253902, "n_boundary": 160, "n_inside": 23386, "step": 2100, "train_loss": 0.5425359904766083, "lr": 2.3209066558961936e-07, "elapsed": 5372.778677225113}
{"val_loss": 0.6589764952659607, "boundary_auc": 0.99994375, "log_p_stop_at_boundary": -0.184023711540787, "log_p_stop_inside": -16.96786111415536, "n_boundary": 160, "n_inside": 23386, "step": 2150, "train_loss": 0.45844438672065735, "lr": 1.033743062492365e-07, "elapsed": 5498.459333181381}
{"val_loss": 0.6592137195169926, "boundary_auc": 0.999946875, "log_p_stop_at_boundary": -0.1825218403884911, "log_p_stop_inside": -16.96972760276175, "n_boundary": 160, "n_inside": 23386, "step": 2200, "train_loss": 0.8557335734367371, "lr": 2.587705766798676e-08, "elapsed": 5626.083452701569}
{"val_loss": 0.6589081797748804, "boundary_auc": 0.999946875, "log_p_stop_at_boundary": -0.18269409752640442, "log_p_stop_inside": -16.96725524779013, "n_boundary": 160, "n_inside": 23386, "step": 2250, "train_loss": 0.5508105047047138, "lr": 0.0, "elapsed": 5750.369544744492}
wrote results/e02/budget/S_st2250_s0/e01.jsonl 50
wrote results/e02/budget/S_st2250_s0/e01_d.jsonl 12
done results/e02/budget/S_st2250_s0
