`rope_scaling`'s beta_fast field must be a float, got 32
`rope_scaling`'s beta_slow field must be a float, got 1
Loading checkpoint shards:   0%|          | 0/3 [00:00<?, ?it/s]Loading checkpoint shards: 100%|██████████| 3/3 [00:00<00:00, 41.40it/s]
  assistant-turn stop token: '<|endoftext|>' -> 100257
  degraded stop row: removed 1 x (w_stop . b_hat = 0.319) along the boundary direction
arm=R repo=allenai/Olmo-3-1025-7B stop_ids=[100257] trainable=4,097
train=9262 val=302
  pad id: 100277 ('<|pad|>')
step0 eval: {'val_loss': 0.8753442287445068, 'boundary_auc': 0.38373125, 'log_p_stop_at_boundary': -12.512914237946461, 'log_p_stop_inside': -10.82756988338334, 'n_boundary': 160, 'n_inside': 23386}
[timing] step 1: 1.46s  16 seqs / 8796 padded tokens  peak 17.6GB
[timing] step 2: 0.76s  16 seqs / 8596 padded tokens  peak 17.6GB
[timing] step 3: 0.72s  16 seqs / 8224 padded tokens  peak 17.6GB
{"val_loss": 0.7607093065977096, "boundary_auc": 0.999425, "log_p_stop_at_boundary": -0.6581385575490863, "log_p_stop_inside": -17.965571934125585, "n_boundary": 160, "n_inside": 23386, "step": 50, "train_loss": 0.7414935901761055, "lr": 0.002238805970149254, "elapsed": 44.45738244056702}
{"val_loss": 0.7559719160199165, "boundary_auc": 0.999621875, "log_p_stop_at_boundary": -0.26927898292903546, "log_p_stop_inside": -15.890736912818626, "n_boundary": 160, "n_inside": 23386, "step": 100, "train_loss": 0.7216672822833061, "lr": 0.0029983087812277837, "elapsed": 88.15560793876648}
{"val_loss": 0.7590509608387948, "boundary_auc": 0.999515625, "log_p_stop_at_boundary": -0.6580313206401698, "log_p_stop_inside": -18.710287329344734, "n_boundary": 160, "n_inside": 23386, "step": 150, "train_loss": 0.9038629233837128, "lr": 0.0029893120773528455, "elapsed": 131.76199913024902}
{"val_loss": 0.7592719182372093, "boundary_auc": 0.999090625, "log_p_stop_at_boundary": -0.5454941509780615, "log_p_stop_inside": -16.10597413560234, "n_boundary": 160, "n_inside": 23386, "step": 200, "train_loss": 1.113193318247795, "lr": 0.0029726075705756496, "elapsed": 174.59873938560486}
{"val_loss": 0.7562790662050247, "boundary_auc": 0.999459375, "log_p_stop_at_boundary": -0.3129211419874077, "log_p_stop_inside": -17.15369538226128, "n_boundary": 160, "n_inside": 23386, "step": 250, "train_loss": 0.7184989973902702, "lr": 0.0029482817135932336, "elapsed": 218.8252673149109}
{"val_loss": 0.7580955281853676, "boundary_auc": 0.998875, "log_p_stop_at_boundary": -0.6005191041789899, "log_p_stop_inside": -15.792396694397834, "n_boundary": 160, "n_inside": 23386, "step": 300, "train_loss": 0.8665113896131516, "lr": 0.002916460402726389, "elapsed": 263.18079018592834}
{"val_loss": 0.7580716870725155, "boundary_auc": 0.999284375, "log_p_stop_at_boundary": -0.25611203028763063, "log_p_stop_inside": -14.183964550835666, "n_boundary": 160, "n_inside": 23386, "step": 350, "train_loss": 0.7679587453603745, "lr": 0.0028773083263543904, "elapsed": 307.9804153442383}
{"val_loss": 0.7596917077898979, "boundary_auc": 0.999546875, "log_p_stop_at_boundary": -0.7652052020570281, "log_p_stop_inside": -18.60666874362581, "n_boundary": 160, "n_inside": 23386, "step": 400, "train_loss": 0.9461887925863266, "lr": 0.0028310281125848574, "elapsed": 352.77222752571106}
{"val_loss": 0.7586321592330932, "boundary_auc": 0.999490625, "log_p_stop_at_boundary": -0.5575584267150957, "log_p_stop_inside": -18.46734329968895, "n_boundary": 160, "n_inside": 23386, "step": 450, "train_loss": 0.6264745369553566, "lr": 0.0027778592805699108, "elapsed": 396.14790511131287}
{"val_loss": 0.7595035083591938, "boundary_auc": 0.999628125, "log_p_stop_at_boundary": -0.20355068041456764, "log_p_stop_inside": -19.374328172628477, "n_boundary": 160, "n_inside": 23386, "step": 500, "train_loss": 1.122397541999817, "lr": 0.002718077000895988, "elapsed": 441.18110823631287}
{"val_loss": 0.7568749718368053, "boundary_auc": 0.999621875, "log_p_stop_at_boundary": -0.3945897997434215, "log_p_stop_inside": -18.81186851981745, "n_boundary": 160, "n_inside": 23386, "step": 550, "train_loss": 1.0330901443958282, "lr": 0.0026519906714628184, "elapsed": 485.65471053123474}
{"val_loss": 0.7590448774397374, "boundary_auc": 0.999471875, "log_p_stop_at_boundary": -0.7129871339730741, "log_p_stop_inside": -20.73792087414275, "n_boundary": 160, "n_inside": 23386, "step": 600, "train_loss": 0.8719617202877998, "lr": 0.0025799423162219635, "elapsed": 529.6147780418396}
{"val_loss": 0.7559954583644867, "boundary_auc": 0.99976875, "log_p_stop_at_boundary": -0.44929435456613687, "log_p_stop_inside": -20.972051947823452, "n_boundary": 160, "n_inside": 23386, "step": 650, "train_loss": 1.191930502653122, "lr": 0.002502304815062114, "elapsed": 573.7517890930176}
{"val_loss": 0.7579051204025745, "boundary_auc": 0.999628125, "log_p_stop_at_boundary": -0.7086070267992625, "log_p_stop_inside": -22.466414526429812, "n_boundary": 160, "n_inside": 23386, "step": 700, "train_loss": 0.7687318697571754, "lr": 0.0024194799740022118, "elapsed": 617.9674997329712}
{"val_loss": 0.760248938947916, "boundary_auc": 0.999603125, "log_p_stop_at_boundary": -0.746097478515875, "log_p_stop_inside": -20.456701303630005, "n_boundary": 160, "n_inside": 23386, "step": 750, "train_loss": 0.8185874372720718, "lr": 0.002331896445679946, "elapsed": 661.1488614082336}
{"val_loss": 0.7563765972852707, "boundary_auc": 0.999628125, "log_p_stop_at_boundary": -0.5331242075502527, "log_p_stop_inside": -19.962070750865166, "n_boundary": 160, "n_inside": 23386, "step": 800, "train_loss": 0.9920004606246948, "lr": 0.0022400075108979507, "elapsed": 705.0763068199158}
{"val_loss": 0.7572782687842846, "boundary_auc": 0.999540625, "log_p_stop_at_boundary": -0.37443805189996116, "log_p_stop_inside": -18.186202746187554, "n_boundary": 160, "n_inside": 23386, "step": 850, "train_loss": 0.5294565185904503, "lr": 0.0021442887327091046, "elapsed": 749.5811569690704}
{"val_loss": 0.7576510861515999, "boundary_auc": 0.999559375, "log_p_stop_at_boundary": -0.3648460460077997, "log_p_stop_inside": -21.287993725750113, "n_boundary": 160, "n_inside": 23386, "step": 900, "train_loss": 1.2439130395650864, "lr": 0.0020452354951820293, "elapsed": 794.4821224212646}
{"val_loss": 0.7587900914251804, "boundary_auc": 0.999121875, "log_p_stop_at_boundary": -0.6791752113203808, "log_p_stop_inside": -21.270882812534946, "n_boundary": 160, "n_inside": 23386, "step": 950, "train_loss": 1.2448188737034798, "lr": 0.0019433604395846626, "elapsed": 839.2414910793304}
{"val_loss": 0.7587131835520268, "boundary_auc": 0.99926875, "log_p_stop_at_boundary": -0.7237201967079707, "log_p_stop_inside": -19.66453590761129, "n_boundary": 160, "n_inside": 23386, "step": 1000, "train_loss": 0.7317200377583504, "lr": 0.0018391908112547286, "elapsed": 883.9008412361145}
{"val_loss": 0.7565452300012112, "boundary_auc": 0.999675, "log_p_stop_at_boundary": -0.3675191579812723, "log_p_stop_inside": -20.158333827647837, "n_boundary": 160, "n_inside": 23386, "step": 1050, "train_loss": 0.8553418144583702, "lr": 0.0017332657308881361, "elapsed": 928.4671692848206}
{"val_loss": 0.7599220015108585, "boundary_auc": 0.999365625, "log_p_stop_at_boundary": -0.807349303269293, "log_p_stop_inside": -21.193983698128783, "n_boundary": 160, "n_inside": 23386, "step": 1100, "train_loss": 0.8683662265539169, "lr": 0.0016261334043675122, "elapsed": 972.9757654666901}
{"val_loss": 0.7581126652657986, "boundary_auc": 0.999553125, "log_p_stop_at_boundary": -0.5573199150065266, "log_p_stop_inside": -20.46244781056161, "n_boundary": 160, "n_inside": 23386, "step": 1150, "train_loss": 0.9381036758422852, "lr": 0.0015183482855711534, "elapsed": 1016.5296649932861}
{"val_loss": 0.7562657728791237, "boundary_auc": 0.9996625, "log_p_stop_at_boundary": -0.3857743341929273, "log_p_stop_inside": -20.758144564574533, "n_boundary": 160, "n_inside": 23386, "step": 1200, "train_loss": 0.5560107454657555, "lr": 0.0014104682068460275, "elapsed": 1061.0912585258484}
{"val_loss": 0.7574654586613179, "boundary_auc": 0.99965625, "log_p_stop_at_boundary": -0.5796953478118375, "log_p_stop_inside": -21.554770056654128, "n_boundary": 160, "n_inside": 23386, "step": 1250, "train_loss": 1.0149121582508087, "lr": 0.0013030514919958143, "elapsed": 1105.5128619670868}
{"val_loss": 0.7576985493302345, "boundary_auc": 0.9997, "log_p_stop_at_boundary": -0.2917902227465844, "log_p_stop_inside": -19.238256490890034, "n_boundary": 160, "n_inside": 23386, "step": 1300, "train_loss": 1.0897375792264938, "lr": 0.0011966540667254508, "elapsed": 1149.6638278961182}
{"val_loss": 0.7577309757471085, "boundary_auc": 0.99959375, "log_p_stop_at_boundary": -0.4836834510569705, "log_p_stop_inside": -21.11753958492639, "n_boundary": 160, "n_inside": 23386, "step": 1350, "train_loss": 0.846434697508812, "lr": 0.0010918265814968268, "elapsed": 1192.7432358264923}
{"val_loss": 0.7583302967250347, "boundary_auc": 0.999584375, "log_p_stop_at_boundary": -0.4566870250410794, "log_p_stop_inside": -20.348580419249373, "n_boundary": 160, "n_inside": 23386, "step": 1400, "train_loss": 0.4397515580058098, "lr": 0.0009891115616860312, "elapsed": 1236.2859263420105}
{"val_loss": 0.7576261200010777, "boundary_auc": 0.99955625, "log_p_stop_at_boundary": -0.36684096550889056, "log_p_stop_inside": -19.201774021179407, "n_boundary": 160, "n_inside": 23386, "step": 1450, "train_loss": 1.1748314052820206, "lr": 0.0008890405997912671, "elapsed": 1281.084332704544}
{"val_loss": 0.7588085822761059, "boundary_auc": 0.99950625, "log_p_stop_at_boundary": -0.648602650538529, "log_p_stop_inside": -20.204567257977974, "n_boundary": 160, "n_inside": 23386, "step": 1500, "train_loss": 0.709090992808342, "lr": 0.0007921316042229031, "elapsed": 1324.6517448425293}
{"val_loss": 0.7582667879760265, "boundary_auc": 0.999546875, "log_p_stop_at_boundary": -0.623615498550788, "log_p_stop_inside": -20.155462081319136, "n_boundary": 160, "n_inside": 23386, "step": 1550, "train_loss": 0.8315773233771324, "lr": 0.0006988861189143134, "elapsed": 1368.3906698226929}
{"val_loss": 0.7568910077214241, "boundary_auc": 0.999603125, "log_p_stop_at_boundary": -0.40736988918874817, "log_p_stop_inside": -19.343599327834735, "n_boundary": 160, "n_inside": 23386, "step": 1600, "train_loss": 0.7987188398838043, "lr": 0.0006097867276256196, "elapsed": 1413.0938568115234}
{"val_loss": 0.756413770467043, "boundary_auc": 0.99964375, "log_p_stop_at_boundary": -0.3516515839362197, "log_p_stop_inside": -19.16175139764991, "n_boundary": 160, "n_inside": 23386, "step": 1650, "train_loss": 0.7354623973369598, "lr": 0.000525294556374133, "elapsed": 1458.3304784297943}
{"val_loss": 0.7573059856891632, "boundary_auc": 0.999534375, "log_p_stop_at_boundary": -0.4509581303129798, "log_p_stop_inside": -18.330571325319518, "n_boundary": 160, "n_inside": 23386, "step": 1700, "train_loss": 0.7477293759584427, "lr": 0.00044584688691744846, "elapsed": 1503.6024849414825}
{"val_loss": 0.7566576227545738, "boundary_auc": 0.9996, "log_p_stop_at_boundary": -0.3877955504145574, "log_p_stop_inside": -18.465958808687684, "n_boundary": 160, "n_inside": 23386, "step": 1750, "train_loss": 0.9848845154047012, "lr": 0.00037185489364038876, "elapsed": 1547.183703660965}
{"val_loss": 0.756767676025629, "boundary_auc": 0.99965, "log_p_stop_at_boundary": -0.4383200702276099, "log_p_stop_inside": -19.37414713311232, "n_boundary": 160, "n_inside": 23386, "step": 1800, "train_loss": 0.8240973204374313, "lr": 0.0003037015155583535, "elapsed": 1592.0401921272278}
{"val_loss": 0.7564745709300041, "boundary_auc": 0.999690625, "log_p_stop_at_boundary": -0.4138326252858405, "log_p_stop_inside": -19.591951649781638, "n_boundary": 160, "n_inside": 23386, "step": 1850, "train_loss": 0.8968480154871941, "lr": 0.00024173947445032317, "elapsed": 1636.9323887825012}
{"val_loss": 0.7569880895316601, "boundary_auc": 0.999665625, "log_p_stop_at_boundary": -0.4639739278634277, "log_p_stop_inside": -19.599649463136902, "n_boundary": 160, "n_inside": 23386, "step": 1900, "train_loss": 0.9017423540353775, "lr": 0.00018628944937849234, "elapsed": 1680.174034357071}
{"val_loss": 0.7567410796880722, "boundary_auc": 0.999684375, "log_p_stop_at_boundary": -0.432364803784192, "log_p_stop_inside": -19.546676952079867, "n_boundary": 160, "n_inside": 23386, "step": 1950, "train_loss": 0.7794775068759918, "lr": 0.00013763841704215695, "elapsed": 1724.5873484611511}
{"val_loss": 0.7569405190646649, "boundary_auc": 0.99968125, "log_p_stop_at_boundary": -0.4696568365481351, "log_p_stop_inside": -19.809345602808435, "n_boundary": 160, "n_inside": 23386, "step": 2000, "train_loss": 0.9155469983816147, "lr": 9.603816655519137e-05, "elapsed": 1769.4464688301086}
{"val_loss": 0.7567086979746819, "boundary_auc": 0.9997, "log_p_stop_at_boundary": -0.45051772924339206, "log_p_stop_inside": -19.67711613596931, "n_boundary": 160, "n_inside": 23386, "step": 2050, "train_loss": 0.7368763610720634, "lr": 6.17039963337666e-05, "elapsed": 1813.585853099823}
{"val_loss": 0.7564921222627163, "boundary_auc": 0.9997125, "log_p_stop_at_boundary": -0.421980790259909, "log_p_stop_inside": -19.676897586883076, "n_boundary": 160, "n_inside": 23386, "step": 2100, "train_loss": 1.156788781285286, "lr": 3.48135998384429e-05, "elapsed": 1858.2428302764893}
{"val_loss": 0.7563580639660359, "boundary_auc": 0.99971875, "log_p_stop_at_boundary": -0.4049814521209452, "log_p_stop_inside": -19.647157926404795, "n_boundary": 160, "n_inside": 23386, "step": 2150, "train_loss": 0.8891544193029404, "lr": 1.5506145937385474e-05, "elapsed": 1902.3072535991669}
{"val_loss": 0.7563592664897442, "boundary_auc": 0.99971875, "log_p_stop_at_boundary": -0.40971138613529556, "log_p_stop_inside": -19.676515636354324, "n_boundary": 160, "n_inside": 23386, "step": 2200, "train_loss": 1.0925893485546112, "lr": 3.881558650198013e-06, "elapsed": 1947.064438343048}
{"val_loss": 0.7563616938889026, "boundary_auc": 0.99971875, "log_p_stop_at_boundary": -0.4101298774793847, "log_p_stop_inside": -19.677993911941954, "n_boundary": 160, "n_inside": 23386, "step": 2250, "train_loss": 0.8631177842617035, "lr": 0.0, "elapsed": 1990.4543101787567}
wrote results/e02/degrade/R_lam1.0_s0/e01.jsonl 50
wrote results/e02/degrade/R_lam1.0_s0/e01_d.jsonl 12
done results/e02/degrade/R_lam1.0_s0
