`rope_scaling`'s beta_fast field must be a float, got 32
`rope_scaling`'s beta_slow field must be a float, got 1
Loading checkpoint shards:   0%|          | 0/3 [00:00<?, ?it/s]Loading checkpoint shards: 100%|██████████| 3/3 [00:00<00:00, 41.84it/s]
  assistant-turn stop token: '<|endoftext|>' -> 100257
  degraded stop row: removed 0.5 x (w_stop . b_hat = 0.319) along the boundary direction
arm=R repo=allenai/Olmo-3-1025-7B stop_ids=[100257] trainable=4,097
train=9262 val=302
  pad id: 100277 ('<|pad|>')
step0 eval: {'val_loss': 0.814776086807251, 'boundary_auc': 0.924509375, 'log_p_stop_at_boundary': -6.423242819077541, 'log_p_stop_inside': -12.332490118832622, 'n_boundary': 160, 'n_inside': 23386}
[timing] step 1: 1.40s  16 seqs / 7420 padded tokens  peak 17.6GB
[timing] step 2: 0.82s  16 seqs / 9604 padded tokens  peak 17.6GB
[timing] step 3: 0.78s  16 seqs / 9088 padded tokens  peak 17.6GB
{"val_loss": 0.7589225433766842, "boundary_auc": 0.9995375, "log_p_stop_at_boundary": -0.5074884422342866, "log_p_stop_inside": -15.920036236122508, "n_boundary": 160, "n_inside": 23386, "step": 50, "train_loss": 1.055013969540596, "lr": 0.002238805970149254, "elapsed": 44.558570861816406}
{"val_loss": 0.7588255561888217, "boundary_auc": 0.999421875, "log_p_stop_at_boundary": -0.4788102293969246, "log_p_stop_inside": -15.06414983826674, "n_boundary": 160, "n_inside": 23386, "step": 100, "train_loss": 1.1918126195669174, "lr": 0.0029983087812277837, "elapsed": 88.80954098701477}
{"val_loss": 0.7583570666611195, "boundary_auc": 0.999659375, "log_p_stop_at_boundary": -0.3065066727432391, "log_p_stop_inside": -15.234118301199286, "n_boundary": 160, "n_inside": 23386, "step": 150, "train_loss": 0.8088815063238144, "lr": 0.0029893120773528455, "elapsed": 132.72780013084412}
{"val_loss": 0.7562697760760784, "boundary_auc": 0.9997125, "log_p_stop_at_boundary": -0.24103474446912543, "log_p_stop_inside": -17.342842395823492, "n_boundary": 160, "n_inside": 23386, "step": 200, "train_loss": 0.8676757216453552, "lr": 0.0029726075705756496, "elapsed": 176.97590970993042}
{"val_loss": 0.7582984574139118, "boundary_auc": 0.999578125, "log_p_stop_at_boundary": -0.6129611572640344, "log_p_stop_inside": -18.80846738740072, "n_boundary": 160, "n_inside": 23386, "step": 250, "train_loss": 0.6181283891201019, "lr": 0.0029482817135932336, "elapsed": 221.28175020217896}
{"val_loss": 0.7569465517997742, "boundary_auc": 0.999625, "log_p_stop_at_boundary": -0.448607564290109, "log_p_stop_inside": -16.90846986748775, "n_boundary": 160, "n_inside": 23386, "step": 300, "train_loss": 0.8945690914988518, "lr": 0.002916460402726389, "elapsed": 265.57704877853394}
{"val_loss": 0.7577174738049507, "boundary_auc": 0.99944375, "log_p_stop_at_boundary": -0.5583444118527522, "log_p_stop_inside": -18.7891701373995, "n_boundary": 160, "n_inside": 23386, "step": 350, "train_loss": 0.9778069108724594, "lr": 0.0028773083263543904, "elapsed": 311.0072965621948}
{"val_loss": 0.756532720476389, "boundary_auc": 0.999671875, "log_p_stop_at_boundary": -0.4553388247214526, "log_p_stop_inside": -17.255408289953415, "n_boundary": 160, "n_inside": 23386, "step": 400, "train_loss": 1.100547194480896, "lr": 0.0028310281125848574, "elapsed": 355.734991312027}
{"val_loss": 0.7579465977847576, "boundary_auc": 0.999740625, "log_p_stop_at_boundary": -0.27960688231926945, "log_p_stop_inside": -15.764140196840962, "n_boundary": 160, "n_inside": 23386, "step": 450, "train_loss": 0.6038190424442291, "lr": 0.0027778592805699108, "elapsed": 399.3564713001251}
{"val_loss": 0.7563360132277012, "boundary_auc": 0.999715625, "log_p_stop_at_boundary": -0.5899030695596975, "log_p_stop_inside": -17.668024193818642, "n_boundary": 160, "n_inside": 23386, "step": 500, "train_loss": 0.6536766439676285, "lr": 0.002718077000895988, "elapsed": 444.23586082458496}
{"val_loss": 0.7557193011045455, "boundary_auc": 0.9997375, "log_p_stop_at_boundary": -0.34528172529186985, "log_p_stop_inside": -17.90385136717757, "n_boundary": 160, "n_inside": 23386, "step": 550, "train_loss": 0.5801899582147598, "lr": 0.0026519906714628184, "elapsed": 490.56231331825256}
{"val_loss": 0.7562289431691169, "boundary_auc": 0.99988125, "log_p_stop_at_boundary": -0.513061328688799, "log_p_stop_inside": -19.791229431667798, "n_boundary": 160, "n_inside": 23386, "step": 600, "train_loss": 0.5316968783736229, "lr": 0.0025799423162219635, "elapsed": 535.9169461727142}
{"val_loss": 0.7573628857731819, "boundary_auc": 0.99981875, "log_p_stop_at_boundary": -0.4988735823981047, "log_p_stop_inside": -17.97346722053523, "n_boundary": 160, "n_inside": 23386, "step": 650, "train_loss": 0.8499745056033134, "lr": 0.002502304815062114, "elapsed": 580.7184698581696}
{"val_loss": 0.7589101254940033, "boundary_auc": 0.99958125, "log_p_stop_at_boundary": -0.6506543422483329, "log_p_stop_inside": -19.06008888468449, "n_boundary": 160, "n_inside": 23386, "step": 700, "train_loss": 0.6708397045731544, "lr": 0.0024194799740022118, "elapsed": 625.8383784294128}
{"val_loss": 0.7570363633334637, "boundary_auc": 0.99958125, "log_p_stop_at_boundary": -0.5082570311359588, "log_p_stop_inside": -16.66123686041165, "n_boundary": 160, "n_inside": 23386, "step": 750, "train_loss": 1.0073618739843369, "lr": 0.002331896445679946, "elapsed": 672.0754351615906}
{"val_loss": 0.759005994349718, "boundary_auc": 0.9995625, "log_p_stop_at_boundary": -0.7225674353542102, "log_p_stop_inside": -19.729771336147895, "n_boundary": 160, "n_inside": 23386, "step": 800, "train_loss": 0.6895778253674507, "lr": 0.0022400075108979507, "elapsed": 715.1344127655029}
{"val_loss": 0.758346688002348, "boundary_auc": 0.99941875, "log_p_stop_at_boundary": -0.48551660956275555, "log_p_stop_inside": -17.955633241921202, "n_boundary": 160, "n_inside": 23386, "step": 850, "train_loss": 0.7361591756343842, "lr": 0.0021442887327091046, "elapsed": 760.1954529285431}
{"val_loss": 0.7571201458573341, "boundary_auc": 0.999465625, "log_p_stop_at_boundary": -0.5760474971061982, "log_p_stop_inside": -19.83409188672821, "n_boundary": 160, "n_inside": 23386, "step": 900, "train_loss": 1.0123565346002579, "lr": 0.0020452354951820293, "elapsed": 804.5864479541779}
{"val_loss": 0.7597616106271744, "boundary_auc": 0.999528125, "log_p_stop_at_boundary": -0.5484856267924467, "log_p_stop_inside": -19.00285360598755, "n_boundary": 160, "n_inside": 23386, "step": 950, "train_loss": 0.7468046694993973, "lr": 0.0019433604395846626, "elapsed": 851.5483272075653}
{"val_loss": 0.7609047278761863, "boundary_auc": 0.999328125, "log_p_stop_at_boundary": -0.7263939850915205, "log_p_stop_inside": -18.920539518393014, "n_boundary": 160, "n_inside": 23386, "step": 1000, "train_loss": 1.1113981902599335, "lr": 0.0018391908112547286, "elapsed": 895.9239327907562}
{"val_loss": 0.757025771588087, "boundary_auc": 0.999746875, "log_p_stop_at_boundary": -0.23304768742682644, "log_p_stop_inside": -18.783538332558162, "n_boundary": 160, "n_inside": 23386, "step": 1050, "train_loss": 0.5511921048164368, "lr": 0.0017332657308881361, "elapsed": 941.1290445327759}
{"val_loss": 0.7563159495592118, "boundary_auc": 0.9997375, "log_p_stop_at_boundary": -0.2643379768596058, "log_p_stop_inside": -18.449243533241784, "n_boundary": 160, "n_inside": 23386, "step": 1100, "train_loss": 0.830055296421051, "lr": 0.0016261334043675122, "elapsed": 986.2499268054962}
{"val_loss": 0.7584918811917305, "boundary_auc": 0.999740625, "log_p_stop_at_boundary": -0.4647599866263583, "log_p_stop_inside": -19.69895014960252, "n_boundary": 160, "n_inside": 23386, "step": 1150, "train_loss": 0.8629123046994209, "lr": 0.0015183482855711534, "elapsed": 1031.023516178131}
{"val_loss": 0.7569763459265232, "boundary_auc": 0.999725, "log_p_stop_at_boundary": -0.4192149229366452, "log_p_stop_inside": -19.756235136289497, "n_boundary": 160, "n_inside": 23386, "step": 1200, "train_loss": 0.802866704761982, "lr": 0.0014104682068460275, "elapsed": 1075.5635831356049}
{"val_loss": 0.7568130798637867, "boundary_auc": 0.999759375, "log_p_stop_at_boundary": -0.4008273985454295, "log_p_stop_inside": -20.38575693639732, "n_boundary": 160, "n_inside": 23386, "step": 1250, "train_loss": 1.2651038765907288, "lr": 0.0013030514919958143, "elapsed": 1120.7230710983276}
{"val_loss": 0.7560036070644855, "boundary_auc": 0.99974375, "log_p_stop_at_boundary": -0.5019633107465467, "log_p_stop_inside": -20.1475070932723, "n_boundary": 160, "n_inside": 23386, "step": 1300, "train_loss": 0.6887170821428299, "lr": 0.0011966540667254508, "elapsed": 1166.2498707771301}
{"val_loss": 0.7581892661750317, "boundary_auc": 0.999690625, "log_p_stop_at_boundary": -0.671165878044491, "log_p_stop_inside": -20.193613927680442, "n_boundary": 160, "n_inside": 23386, "step": 1350, "train_loss": 0.48212147504091263, "lr": 0.0010918265814968268, "elapsed": 1210.7417829036713}
{"val_loss": 0.7556299686431884, "boundary_auc": 0.999853125, "log_p_stop_at_boundary": -0.31695082976864286, "log_p_stop_inside": -19.40499730675703, "n_boundary": 160, "n_inside": 23386, "step": 1400, "train_loss": 0.9161824733018875, "lr": 0.0009891115616860312, "elapsed": 1256.1486101150513}
{"val_loss": 0.7563969381153584, "boundary_auc": 0.999825, "log_p_stop_at_boundary": -0.3969464156644694, "log_p_stop_inside": -19.90526354217837, "n_boundary": 160, "n_inside": 23386, "step": 1450, "train_loss": 0.7238712906837463, "lr": 0.0008890405997912671, "elapsed": 1301.0824971199036}
{"val_loss": 0.7560756228864193, "boundary_auc": 0.99984375, "log_p_stop_at_boundary": -0.41866845696805444, "log_p_stop_inside": -19.25651183399496, "n_boundary": 160, "n_inside": 23386, "step": 1500, "train_loss": 1.0460473746061325, "lr": 0.0007921316042229031, "elapsed": 1345.8609628677368}
{"val_loss": 0.7562538132071495, "boundary_auc": 0.999834375, "log_p_stop_at_boundary": -0.38063596851940956, "log_p_stop_inside": -19.33649807568185, "n_boundary": 160, "n_inside": 23386, "step": 1550, "train_loss": 0.7279237806797028, "lr": 0.0006988861189143134, "elapsed": 1390.3322701454163}
{"val_loss": 0.7560768380761147, "boundary_auc": 0.99985, "log_p_stop_at_boundary": -0.37557784003812617, "log_p_stop_inside": -19.22992898557387, "n_boundary": 160, "n_inside": 23386, "step": 1600, "train_loss": 0.878641739487648, "lr": 0.0006097867276256196, "elapsed": 1436.742026567459}
{"val_loss": 0.75584596991539, "boundary_auc": 0.99983125, "log_p_stop_at_boundary": -0.36071676133636354, "log_p_stop_inside": -19.8842404392157, "n_boundary": 160, "n_inside": 23386, "step": 1650, "train_loss": 0.8771606087684631, "lr": 0.000525294556374133, "elapsed": 1482.2798578739166}
{"val_loss": 0.7560729756951332, "boundary_auc": 0.999796875, "log_p_stop_at_boundary": -0.4770705863717204, "log_p_stop_inside": -19.653516355752856, "n_boundary": 160, "n_inside": 23386, "step": 1700, "train_loss": 0.853097952902317, "lr": 0.00044584688691744846, "elapsed": 1527.8467588424683}
{"val_loss": 0.7557427659630775, "boundary_auc": 0.999828125, "log_p_stop_at_boundary": -0.3507474881189914, "log_p_stop_inside": -18.99102710402333, "n_boundary": 160, "n_inside": 23386, "step": 1750, "train_loss": 0.903074711561203, "lr": 0.00037185489364038876, "elapsed": 1572.985441684723}
{"val_loss": 0.756201233714819, "boundary_auc": 0.999828125, "log_p_stop_at_boundary": -0.44999559967905595, "log_p_stop_inside": -19.82430039626228, "n_boundary": 160, "n_inside": 23386, "step": 1800, "train_loss": 0.5770464912056923, "lr": 0.0003037015155583535, "elapsed": 1617.2332246303558}
{"val_loss": 0.7556879609823227, "boundary_auc": 0.999834375, "log_p_stop_at_boundary": -0.3357729706073712, "log_p_stop_inside": -19.26500858817551, "n_boundary": 160, "n_inside": 23386, "step": 1850, "train_loss": 0.989302933216095, "lr": 0.00024173947445032317, "elapsed": 1662.9346323013306}
{"val_loss": 0.7559684462845325, "boundary_auc": 0.99981875, "log_p_stop_at_boundary": -0.3810128981976973, "log_p_stop_inside": -19.288429633225938, "n_boundary": 160, "n_inside": 23386, "step": 1900, "train_loss": 0.7607778385281563, "lr": 0.00018628944937849234, "elapsed": 1707.636197566986}
{"val_loss": 0.7557311378419399, "boundary_auc": 0.99981875, "log_p_stop_at_boundary": -0.36690792283617946, "log_p_stop_inside": -19.08857737556041, "n_boundary": 160, "n_inside": 23386, "step": 1950, "train_loss": 0.8151461184024811, "lr": 0.00013763841704215695, "elapsed": 1753.2366914749146}
{"val_loss": 0.755725198239088, "boundary_auc": 0.999828125, "log_p_stop_at_boundary": -0.37604674513392167, "log_p_stop_inside": -19.116202075361812, "n_boundary": 160, "n_inside": 23386, "step": 2000, "train_loss": 0.7036217898130417, "lr": 9.603816655519137e-05, "elapsed": 1798.3314263820648}
{"val_loss": 0.7556198291480541, "boundary_auc": 0.999828125, "log_p_stop_at_boundary": -0.33845257502440873, "log_p_stop_inside": -18.93875468621456, "n_boundary": 160, "n_inside": 23386, "step": 2050, "train_loss": 0.6311221793293953, "lr": 6.17039963337666e-05, "elapsed": 1842.9423651695251}
{"val_loss": 0.7557018429040909, "boundary_auc": 0.9998375, "log_p_stop_at_boundary": -0.3556238321050273, "log_p_stop_inside": -19.00292177836119, "n_boundary": 160, "n_inside": 23386, "step": 2100, "train_loss": 0.6532286554574966, "lr": 3.48135998384429e-05, "elapsed": 1889.1703343391418}
{"val_loss": 0.7556532092392445, "boundary_auc": 0.9998375, "log_p_stop_at_boundary": -0.34600688949222586, "log_p_stop_inside": -19.022959024958165, "n_boundary": 160, "n_inside": 23386, "step": 2150, "train_loss": 1.0921262949705124, "lr": 1.5506145937385474e-05, "elapsed": 1933.2062742710114}
{"val_loss": 0.755652979016304, "boundary_auc": 0.999834375, "log_p_stop_at_boundary": -0.34862893018129026, "log_p_stop_inside": -19.026447239547586, "n_boundary": 160, "n_inside": 23386, "step": 2200, "train_loss": 0.9999480098485947, "lr": 3.881558650198013e-06, "elapsed": 1978.6425762176514}
{"val_loss": 0.7556535132229328, "boundary_auc": 0.999834375, "log_p_stop_at_boundary": -0.3487714213674408, "log_p_stop_inside": -19.021944602854315, "n_boundary": 160, "n_inside": 23386, "step": 2250, "train_loss": 1.3339395374059677, "lr": 0.0, "elapsed": 2022.6334269046783}
wrote results/e02/degrade/R_lam0.5_s1/e01.jsonl 50
wrote results/e02/degrade/R_lam0.5_s1/e01_d.jsonl 12
done results/e02/degrade/R_lam0.5_s1
