Loading checkpoint shards:   0%|          | 0/3 [00:00<?, ?it/s]Loading checkpoint shards: 100%|██████████| 3/3 [00:00<00:00, 40.45it/s]
The following generation flags are not valid and may be ignored: ['temperature', 'top_p']. Set `TRANSFORMERS_VERBOSITY=info` for more details.
mask=full pairing=correct init=allenai/Olmo-3-7B-Think-SFT
  pool=7055 of 12000 usable under EVERY pairing; train=7055 val=223
  supervised tokens=1,252,462 of 2,372,009 (52.80%)
{"val_loss": 1.165734938532114, "boundary_auc": 0.93155625, "log_p_stop_at_boundary": -11.103755895793437, "log_p_stop_inside": -17.424190506612575, "n_boundary": 160, "n_inside": 27187, "step": 0}
wrote results/e04/full_correct_s0/step0/e01.jsonl 50
wrote results/e04/full_correct_s0/step0/e01_d.jsonl 12
{"val_loss": 0.9695263277739287, "boundary_auc": 0.99936875, "log_p_stop_at_boundary": -0.5264523144784107, "log_p_stop_inside": -13.81841601138578, "n_boundary": 160, "n_inside": 27187, "step": 50, "train_loss": 0.7257896885275841, "lr": 1.492537313432836e-05, "elapsed": 123.2870123386383}
{"val_loss": 0.9265013437718153, "boundary_auc": 0.9996125, "log_p_stop_at_boundary": -0.4619642579152128, "log_p_stop_inside": -14.489000500432429, "n_boundary": 160, "n_inside": 27187, "step": 100, "train_loss": 0.6911871284246445, "lr": 1.9988725208185227e-05, "elapsed": 252.3020145893097}
{"val_loss": 0.9102779973298312, "boundary_auc": 0.999640625, "log_p_stop_at_boundary": -0.432323647966507, "log_p_stop_inside": -14.560328259218378, "n_boundary": 160, "n_inside": 27187, "step": 150, "train_loss": 0.5134732611477375, "lr": 1.9928747182352305e-05, "elapsed": 378.7662808895111}
{"val_loss": 0.8999191101640462, "boundary_auc": 0.99969375, "log_p_stop_at_boundary": -0.3599369284227748, "log_p_stop_inside": -14.538565715819187, "n_boundary": 160, "n_inside": 27187, "step": 200, "train_loss": 0.6509981006383896, "lr": 1.9817383803837663e-05, "elapsed": 507.07415795326233}
{"val_loss": 0.8932605993002654, "boundary_auc": 0.99965, "log_p_stop_at_boundary": -0.39224591866149866, "log_p_stop_inside": -14.723967484514203, "n_boundary": 160, "n_inside": 27187, "step": 250, "train_loss": 0.581834226846695, "lr": 1.9655211423954892e-05, "elapsed": 636.2600674629211}
wrote results/e04/full_correct_s0/step250/e01.jsonl 50
wrote results/e04/full_correct_s0/step250/e01_d.jsonl 12
{"val_loss": 0.8885397121310235, "boundary_auc": 0.999640625, "log_p_stop_at_boundary": -0.3970604374480672, "log_p_stop_inside": -14.98870238560482, "n_boundary": 160, "n_inside": 27187, "step": 300, "train_loss": 0.6576702035963535, "lr": 1.9443069351509263e-05, "elapsed": 780.3031551837921}
{"val_loss": 0.8865453261882067, "boundary_auc": 0.999665625, "log_p_stop_at_boundary": -0.3635567258034726, "log_p_stop_inside": -15.20113118825464, "n_boundary": 160, "n_inside": 27187, "step": 350, "train_loss": 0.6024744883179665, "lr": 1.918205550902927e-05, "elapsed": 910.9667222499847}
{"val_loss": 0.8851758826524019, "boundary_auc": 0.9996375, "log_p_stop_at_boundary": -0.3976512969046503, "log_p_stop_inside": -15.190313645297788, "n_boundary": 160, "n_inside": 27187, "step": 400, "train_loss": 0.6226683259010315, "lr": 1.8873520750565716e-05, "elapsed": 1039.37961769104}
{"val_loss": 0.8827916864305735, "boundary_auc": 0.99960625, "log_p_stop_at_boundary": -0.35617427056694273, "log_p_stop_inside": -15.474852416734748, "n_boundary": 160, "n_inside": 27187, "step": 450, "train_loss": 0.7214982323348522, "lr": 1.8519061870466073e-05, "elapsed": 1168.6559827327728}
{"val_loss": 0.8944228485226631, "boundary_auc": 0.999528125, "log_p_stop_at_boundary": -0.43745777495544036, "log_p_stop_inside": -16.16543713923749, "n_boundary": 160, "n_inside": 27187, "step": 500, "train_loss": 0.6540753543376923, "lr": 1.812051333930659e-05, "elapsed": 1300.3876082897186}
wrote results/e04/full_correct_s0/step500/e01.jsonl 50
wrote results/e04/full_correct_s0/step500/e01_d.jsonl 12
{"val_loss": 0.8977144502103329, "boundary_auc": 0.999615625, "log_p_stop_at_boundary": -0.4009492633668077, "log_p_stop_inside": -15.905326984157043, "n_boundary": 160, "n_inside": 27187, "step": 550, "train_loss": 0.666182741522789, "lr": 1.7679937809752125e-05, "elapsed": 1444.7110991477966}
{"val_loss": 0.8952980451285839, "boundary_auc": 0.9996625, "log_p_stop_at_boundary": -0.34636383102936585, "log_p_stop_inside": -15.956203054211274, "n_boundary": 160, "n_inside": 27187, "step": 600, "train_loss": 0.6109681725502014, "lr": 1.7199615441479757e-05, "elapsed": 1573.1517879962921}
{"val_loss": 0.8955603241920471, "boundary_auc": 0.99964375, "log_p_stop_at_boundary": -0.380145563130631, "log_p_stop_inside": -16.06825174991128, "n_boundary": 160, "n_inside": 27187, "step": 650, "train_loss": 0.6206016466021538, "lr": 1.6682032100414094e-05, "elapsed": 1697.9450500011444}
{"val_loss": 0.8930899403989315, "boundary_auc": 0.9996625, "log_p_stop_at_boundary": -0.380084699349237, "log_p_stop_inside": -16.128713377210552, "n_boundary": 160, "n_inside": 27187, "step": 700, "train_loss": 0.8965229690074921, "lr": 1.612986649334808e-05, "elapsed": 1827.2881972789764}
{"val_loss": 0.8907709330320358, "boundary_auc": 0.999659375, "log_p_stop_at_boundary": -0.3550630590249145, "log_p_stop_inside": -16.136055927721397, "n_boundary": 160, "n_inside": 27187, "step": 750, "train_loss": 0.4590536765754223, "lr": 1.5545976304532974e-05, "elapsed": 1954.3231778144836}
wrote results/e04/full_correct_s0/step750/e01.jsonl 50
wrote results/e04/full_correct_s0/step750/e01_d.jsonl 12
{"val_loss": 0.8914580568671227, "boundary_auc": 0.99966875, "log_p_stop_at_boundary": -0.37500080492621624, "log_p_stop_inside": -16.40858073685345, "n_boundary": 160, "n_inside": 27187, "step": 800, "train_loss": 0.5101689286530018, "lr": 1.493338340598634e-05, "elapsed": 2100.8924520015717}
{"val_loss": 0.8933353196829558, "boundary_auc": 0.99966875, "log_p_stop_at_boundary": -0.3719654971174052, "log_p_stop_inside": -16.435713392168196, "n_boundary": 160, "n_inside": 27187, "step": 850, "train_loss": 0.568203940987587, "lr": 1.42952582180607e-05, "elapsed": 2228.6366245746613}
{"val_loss": 0.9057137921452523, "boundary_auc": 0.9996625, "log_p_stop_at_boundary": -0.37212930063459415, "log_p_stop_inside": -16.51296140459739, "n_boundary": 160, "n_inside": 27187, "step": 900, "train_loss": 0.2981264665722847, "lr": 1.363490330121353e-05, "elapsed": 2353.520583152771}
{"val_loss": 0.9214076235890388, "boundary_auc": 0.99964375, "log_p_stop_at_boundary": -0.38170212245812674, "log_p_stop_inside": -16.71639529940897, "n_boundary": 160, "n_inside": 27187, "step": 950, "train_loss": 0.4680662751197815, "lr": 1.2955736263897752e-05, "elapsed": 2480.369899749756}
{"val_loss": 0.923379086330533, "boundary_auc": 0.99965, "log_p_stop_at_boundary": -0.39977883021145183, "log_p_stop_inside": -16.80129248298822, "n_boundary": 160, "n_inside": 27187, "step": 1000, "train_loss": 0.4839666709303856, "lr": 1.2261272075031524e-05, "elapsed": 2609.6817915439606}
wrote results/e04/full_correct_s0/step1000/e01.jsonl 50
wrote results/e04/full_correct_s0/step1000/e01_d.jsonl 12
{"val_loss": 0.9252296566963196, "boundary_auc": 0.99965, "log_p_stop_at_boundary": -0.38486882805016087, "log_p_stop_inside": -16.929119302028315, "n_boundary": 160, "n_inside": 27187, "step": 1050, "train_loss": 0.4910045973956585, "lr": 1.1555104872587575e-05, "elapsed": 2751.9752027988434}
{"val_loss": 0.925991227477789, "boundary_auc": 0.99965, "log_p_stop_at_boundary": -0.4124272885667173, "log_p_stop_inside": -16.96570339281636, "n_boundary": 160, "n_inside": 27187, "step": 1100, "train_loss": 0.5630166232585907, "lr": 1.0840889362450082e-05, "elapsed": 2879.5601806640625}
{"val_loss": 0.9289047043770552, "boundary_auc": 0.999653125, "log_p_stop_at_boundary": -0.4022187786281249, "log_p_stop_inside": -16.886798509098252, "n_boundary": 160, "n_inside": 27187, "step": 1150, "train_loss": 0.5031331703066826, "lr": 1.012232190380769e-05, "elapsed": 3008.8280684947968}
{"val_loss": 0.926511138677597, "boundary_auc": 0.999653125, "log_p_stop_at_boundary": -0.39067763950469575, "log_p_stop_inside": -16.806970641197566, "n_boundary": 160, "n_inside": 27187, "step": 1200, "train_loss": 0.49530576821416616, "lr": 9.403121378973517e-06, "elapsed": 3139.831666469574}
{"val_loss": 0.9264212064445019, "boundary_auc": 0.999646875, "log_p_stop_at_boundary": -0.38356097226415464, "log_p_stop_inside": -16.813086878899803, "n_boundary": 160, "n_inside": 27187, "step": 1250, "train_loss": 0.5664716511964798, "lr": 8.687009946638763e-06, "elapsed": 3273.8568139076233}
wrote results/e04/full_correct_s0/step1250/e01.jsonl 50
wrote results/e04/full_correct_s0/step1250/e01_d.jsonl 12
{"val_loss": 0.9280554227530956, "boundary_auc": 0.99965625, "log_p_stop_at_boundary": -0.3745439800311699, "log_p_stop_inside": -16.81005467110814, "n_boundary": 160, "n_inside": 27187, "step": 1300, "train_loss": 0.4085908755660057, "lr": 7.977693778169673e-06, "elapsed": 3414.6193873882294}
{"val_loss": 0.9450136434286833, "boundary_auc": 0.999640625, "log_p_stop_at_boundary": -0.35373423382116037, "log_p_stop_inside": -16.909248884395183, "n_boundary": 160, "n_inside": 27187, "step": 1350, "train_loss": 0.457173727452755, "lr": 7.278843876645512e-06, "elapsed": 3544.5350036621094}
{"val_loss": 0.9457627613097429, "boundary_auc": 0.999628125, "log_p_stop_at_boundary": -0.3765675584992761, "log_p_stop_inside": -16.918430866361255, "n_boundary": 160, "n_inside": 27187, "step": 1400, "train_loss": 0.5003472752869129, "lr": 6.594077077906875e-06, "elapsed": 3675.7291107177734}
{"val_loss": 0.9516649838536978, "boundary_auc": 0.99961875, "log_p_stop_at_boundary": -0.38400263455581973, "log_p_stop_inside": -16.986096062727853, "n_boundary": 160, "n_inside": 27187, "step": 1450, "train_loss": 0.31956352293491364, "lr": 5.926937331941781e-06, "elapsed": 3804.5138897895813}
{"val_loss": 0.9494863484054804, "boundary_auc": 0.999621875, "log_p_stop_at_boundary": -0.39697895268320316, "log_p_stop_inside": -17.02564664377808, "n_boundary": 160, "n_inside": 27187, "step": 1500, "train_loss": 0.467460211366415, "lr": 5.280877361486021e-06, "elapsed": 3932.055727958679}
wrote results/e04/full_correct_s0/step1500/e01.jsonl 50
wrote results/e04/full_correct_s0/step1500/e01_d.jsonl 12
{"val_loss": 0.9496968131512403, "boundary_auc": 0.999621875, "log_p_stop_at_boundary": -0.3910199935777972, "log_p_stop_inside": -16.998829000477933, "n_boundary": 160, "n_inside": 27187, "step": 1550, "train_loss": 0.5799823552370071, "lr": 4.65924079276209e-06, "elapsed": 4074.456165075302}
{"val_loss": 0.9505552314221859, "boundary_auc": 0.9996375, "log_p_stop_at_boundary": -0.3907554725123036, "log_p_stop_inside": -17.02183146216826, "n_boundary": 160, "n_inside": 27187, "step": 1600, "train_loss": 0.33724354580044746, "lr": 4.065244850837464e-06, "elapsed": 4204.026392221451}
{"val_loss": 0.9500327464193106, "boundary_auc": 0.999625, "log_p_stop_at_boundary": -0.38727769797964695, "log_p_stop_inside": -17.015408776571075, "n_boundary": 160, "n_inside": 27187, "step": 1650, "train_loss": 0.528718501329422, "lr": 3.501963709160887e-06, "elapsed": 4335.580194950104}
{"val_loss": 0.9502699114382267, "boundary_auc": 0.999615625, "log_p_stop_at_boundary": -0.39259922864880725, "log_p_stop_inside": -17.01623467495954, "n_boundary": 160, "n_inside": 27187, "step": 1700, "train_loss": 0.33213971555233, "lr": 2.9723125794496567e-06, "elapsed": 4465.4701108932495}
{"val_loss": 0.951521535217762, "boundary_auc": 0.99963125, "log_p_stop_at_boundary": -0.39308329734559294, "log_p_stop_inside": -17.049184333176783, "n_boundary": 160, "n_inside": 27187, "step": 1750, "train_loss": 0.4474283568561077, "lr": 2.4790326242692587e-06, "elapsed": 4594.526817560196}
wrote results/e04/full_correct_s0/step1750/e01.jsonl 50
wrote results/e04/full_correct_s0/step1750/e01_d.jsonl 12
{"val_loss": 0.952631302550435, "boundary_auc": 0.999628125, "log_p_stop_at_boundary": -0.3967325165184206, "log_p_stop_inside": -17.066380246759046, "n_boundary": 160, "n_inside": 27187, "step": 1800, "train_loss": 0.2788315489888191, "lr": 2.0246767703890237e-06, "elapsed": 4739.189966678619}
{"val_loss": 0.953949511796236, "boundary_auc": 0.9996125, "log_p_stop_at_boundary": -0.3937101699579778, "log_p_stop_inside": -17.08243534198058, "n_boundary": 160, "n_inside": 27187, "step": 1850, "train_loss": 0.31485551968216896, "lr": 1.6115964963354879e-06, "elapsed": 4868.1192009449005}
{"val_loss": 0.9551173876971006, "boundary_auc": 0.999634375, "log_p_stop_at_boundary": -0.39651380001562664, "log_p_stop_inside": -17.093173341731845, "n_boundary": 160, "n_inside": 27187, "step": 1900, "train_loss": 0.4200155809521675, "lr": 1.2419296625232825e-06, "elapsed": 4998.43515920639}
{"val_loss": 0.9556812819093465, "boundary_auc": 0.9996375, "log_p_stop_at_boundary": -0.39666644506930393, "log_p_stop_inside": -17.095913842991227, "n_boundary": 160, "n_inside": 27187, "step": 1950, "train_loss": 0.5517336688935757, "lr": 9.175894469477131e-07, "elapsed": 5128.191129922867}
{"val_loss": 0.9558563429862261, "boundary_auc": 0.999646875, "log_p_stop_at_boundary": -0.3982085943983763, "log_p_stop_inside": -17.09450127834376, "n_boundary": 160, "n_inside": 27187, "step": 2000, "train_loss": 0.46423722244799137, "lr": 6.402544437012759e-07, "elapsed": 5257.128175020218}
wrote results/e04/full_correct_s0/step2000/e01.jsonl 50
wrote results/e04/full_correct_s0/step2000/e01_d.jsonl 12
{"val_loss": 0.9554413571953774, "boundary_auc": 0.999628125, "log_p_stop_at_boundary": -0.3970236957914603, "log_p_stop_inside": -17.094303157534156, "n_boundary": 160, "n_inside": 27187, "step": 2050, "train_loss": 0.46893130242824554, "lr": 4.1135997555844407e-07, "elapsed": 5402.428309679031}
{"val_loss": 0.9550764206796885, "boundary_auc": 0.999628125, "log_p_stop_at_boundary": -0.3983260584635141, "log_p_stop_inside": -17.09331273890296, "n_boundary": 160, "n_inside": 27187, "step": 2100, "train_loss": 0.33549459278583527, "lr": 2.3209066558961936e-07, "elapsed": 5530.200678825378}
{"val_loss": 0.9556726217269897, "boundary_auc": 0.99963125, "log_p_stop_at_boundary": -0.39872039071683296, "log_p_stop_inside": -17.094254533853597, "n_boundary": 160, "n_inside": 27187, "step": 2150, "train_loss": 0.4083234816789627, "lr": 1.033743062492365e-07, "elapsed": 5658.461712360382}
{"val_loss": 0.9553844653069973, "boundary_auc": 0.999625, "log_p_stop_at_boundary": -0.39815894656033646, "log_p_stop_inside": -17.097021378855494, "n_boundary": 160, "n_inside": 27187, "step": 2200, "train_loss": 0.675769753754139, "lr": 2.587705766798676e-08, "elapsed": 5785.04855799675}
{"val_loss": 0.9553070042282343, "boundary_auc": 0.99963125, "log_p_stop_at_boundary": -0.3966949780905602, "log_p_stop_inside": -17.094388210606272, "n_boundary": 160, "n_inside": 27187, "step": 2250, "train_loss": 0.4202720336616039, "lr": 0.0, "elapsed": 5915.62890291214}
wrote results/e04/full_correct_s0/e01.jsonl 50
wrote results/e04/full_correct_s0/e01_d.jsonl 12
done results/e04/full_correct_s0
