`rope_scaling`'s beta_fast field must be a float, got 32
`rope_scaling`'s beta_slow field must be a float, got 1
Loading checkpoint shards:   0%|          | 0/3 [00:00<?, ?it/s]Loading checkpoint shards: 100%|██████████| 3/3 [00:00<00:00, 40.45it/s]
arm=S repo=allenai/Olmo-3-1025-7B stop_ids=[100257] trainable=7,298,011,136
train=9262 val=302
step0 eval: {'val_loss': 0.7642544843256474, 'boundary_auc': 0.99543125, 'log_p_stop_at_boundary': -1.3495561935832825, 'log_p_stop_inside': -13.836823319880704, 'n_boundary': 160, 'n_inside': 23386}
[timing] step 1: 3.34s  16 seqs / 8796 padded tokens  peak 53.7GB
[timing] step 2: 2.58s  16 seqs / 8596 padded tokens  peak 72.4GB
[timing] step 3: 2.29s  16 seqs / 8224 padded tokens  peak 72.4GB
{"val_loss": 0.6369569104164838, "boundary_auc": 0.9997625, "log_p_stop_at_boundary": -0.2547667747182615, "log_p_stop_inside": -14.53008833074028, "n_boundary": 160, "n_inside": 23386, "step": 50, "train_loss": 0.6717805601656437, "lr": 1.992708874098054e-05, "elapsed": 127.09679460525513}
{"val_loss": 0.630347041040659, "boundary_auc": 0.999796875, "log_p_stop_at_boundary": -0.19832477531420523, "log_p_stop_inside": -14.531289637688683, "n_boundary": 160, "n_inside": 23386, "step": 100, "train_loss": 0.6229216158390045, "lr": 1.9438833303083677e-05, "elapsed": 250.80459022521973}
{"val_loss": 0.6288032952696085, "boundary_auc": 0.99993125, "log_p_stop_at_boundary": -0.17794117324795736, "log_p_stop_inside": -14.660071952784122, "n_boundary": 160, "n_inside": 23386, "step": 150, "train_loss": 0.7084254249930382, "lr": 1.8512844415843514e-05, "elapsed": 377.85405683517456}
{"val_loss": 0.6266037594527006, "boundary_auc": 0.999878125, "log_p_stop_at_boundary": -0.16734841751487295, "log_p_stop_inside": -14.715308586922587, "n_boundary": 160, "n_inside": 23386, "step": 200, "train_loss": 0.8507936149835587, "lr": 1.7192065555074248e-05, "elapsed": 501.2399048805237}
{"val_loss": 0.6276888351887464, "boundary_auc": 0.999925, "log_p_stop_at_boundary": -0.1801053656712707, "log_p_stop_inside": -14.781376211670542, "n_boundary": 160, "n_inside": 23386, "step": 250, "train_loss": 0.5681721270084381, "lr": 1.553774889760533e-05, "elapsed": 626.790768623352}
{"val_loss": 0.6266853675246239, "boundary_auc": 0.99990625, "log_p_stop_at_boundary": -0.17538128257802815, "log_p_stop_inside": -14.942402807378405, "n_boundary": 160, "n_inside": 23386, "step": 300, "train_loss": 0.7991372719407082, "lr": 1.3626614702554322e-05, "elapsed": 754.2132141590118}
{"val_loss": 0.6250121735036374, "boundary_auc": 0.9999, "log_p_stop_at_boundary": -0.1599039234214036, "log_p_stop_inside": -14.919015107658067, "n_boundary": 160, "n_inside": 23386, "step": 350, "train_loss": 0.5887814089655876, "lr": 1.1547293347902813e-05, "elapsed": 882.4229381084442}
{"val_loss": 0.6246770601719618, "boundary_auc": 0.999915625, "log_p_stop_at_boundary": -0.17118487297399873, "log_p_stop_inside": -14.93015279149689, "n_boundary": 160, "n_inside": 23386, "step": 400, "train_loss": 0.8297085165977478, "lr": 9.39621502577714e-06, "elapsed": 1010.3365912437439}
{"val_loss": 0.6241638332605361, "boundary_auc": 0.999921875, "log_p_stop_at_boundary": -0.16412841391305136, "log_p_stop_inside": -14.9697914526821, "n_boundary": 160, "n_inside": 23386, "step": 450, "train_loss": 0.48651037365198135, "lr": 7.273137715105063e-06, "elapsed": 1133.0589530467987}
{"val_loss": 0.6242352601140737, "boundary_auc": 0.999921875, "log_p_stop_at_boundary": -0.1630542144107303, "log_p_stop_inside": -14.96900498805483, "n_boundary": 160, "n_inside": 23386, "step": 500, "train_loss": 0.9710223264992237, "lr": 5.276520825495963e-06, "elapsed": 1261.7110664844513}
{"val_loss": 0.6237001042813063, "boundary_auc": 0.999928125, "log_p_stop_at_boundary": -0.16347048844506498, "log_p_stop_inside": -14.989318031782949, "n_boundary": 160, "n_inside": 23386, "step": 550, "train_loss": 0.9229053035378456, "lr": 3.4989590633125583e-06, "elapsed": 1388.612797498703}
{"val_loss": 0.6236735131591559, "boundary_auc": 0.999934375, "log_p_stop_at_boundary": -0.16315719264307754, "log_p_stop_inside": -14.991543951327802, "n_boundary": 160, "n_inside": 23386, "step": 600, "train_loss": 0.7343255616724491, "lr": 2.0228882780498405e-06, "elapsed": 1513.490005016327}
{"val_loss": 0.6237233370542526, "boundary_auc": 0.999925, "log_p_stop_at_boundary": -0.164351974341105, "log_p_stop_inside": -15.002466958858832, "n_boundary": 160, "n_inside": 23386, "step": 650, "train_loss": 0.9855010434985161, "lr": 9.167624338324599e-07, "elapsed": 1639.4314980506897}
{"val_loss": 0.6237428948283196, "boundary_auc": 0.999934375, "log_p_stop_at_boundary": -0.16389752624269982, "log_p_stop_inside": -15.004763044796029, "n_boundary": 160, "n_inside": 23386, "step": 700, "train_loss": 0.64985691010952, "lr": 2.3187900203740843e-07, "elapsed": 1765.4966990947723}
{"val_loss": 0.6237667381763459, "boundary_auc": 0.999928125, "log_p_stop_at_boundary": -0.1640442012321254, "log_p_stop_inside": -15.005053481441522, "n_boundary": 160, "n_inside": 23386, "step": 750, "train_loss": 0.6412048116326332, "lr": 0.0, "elapsed": 1886.829158782959}
wrote results/e02/final/S_s0/e01.jsonl 50
wrote results/e02/final/S_s0/e01_d.jsonl 12
done results/e02/final/S_s0
