`rope_scaling`'s beta_fast field must be a float, got 32
`rope_scaling`'s beta_slow field must be a float, got 1
Loading checkpoint shards:   0%|          | 0/3 [00:00<?, ?it/s]Loading checkpoint shards: 100%|██████████| 3/3 [00:00<00:00, 39.50it/s]
arm=Rmlp repo=allenai/Olmo-3-1025-7B stop_ids=[100257] trainable=2,098,177
train=9262 val=302
step0 eval: {'val_loss': 0.7642544843256474, 'boundary_auc': 0.99543125, 'log_p_stop_at_boundary': -1.3495561935832825, 'log_p_stop_inside': -13.836823319880704, 'n_boundary': 160, 'n_inside': 23386}
[timing] step 1: 1.42s  16 seqs / 8796 padded tokens  peak 17.6GB
[timing] step 2: 0.76s  16 seqs / 8596 padded tokens  peak 17.6GB
[timing] step 3: 0.73s  16 seqs / 8224 padded tokens  peak 17.6GB
{"val_loss": 0.7567194655537606, "boundary_auc": 0.9998125, "log_p_stop_at_boundary": -0.5336190899447917, "log_p_stop_inside": -13.461156268409042, "n_boundary": 160, "n_inside": 23386, "step": 50, "train_loss": 0.738838218152523, "lr": 0.000996354437049027, "elapsed": 45.00495266914368}
{"val_loss": 0.7548715099692345, "boundary_auc": 0.999665625, "log_p_stop_at_boundary": -0.21899311081346298, "log_p_stop_inside": -13.492037229746412, "n_boundary": 160, "n_inside": 23386, "step": 100, "train_loss": 0.7203554287552834, "lr": 0.0009719416651541838, "elapsed": 89.28976488113403}
{"val_loss": 0.7549147427082061, "boundary_auc": 0.999790625, "log_p_stop_at_boundary": -0.3194591185150699, "log_p_stop_inside": -14.712328563747656, "n_boundary": 160, "n_inside": 23386, "step": 150, "train_loss": 0.892009362578392, "lr": 0.0009256422207921756, "elapsed": 134.1029818058014}
{"val_loss": 0.7564708031713963, "boundary_auc": 0.99973125, "log_p_stop_at_boundary": -0.4062570495774921, "log_p_stop_inside": -13.941050683086239, "n_boundary": 160, "n_inside": 23386, "step": 200, "train_loss": 1.1009533107280731, "lr": 0.0008596032777537123, "elapsed": 178.07015919685364}
{"val_loss": 0.7542326778173447, "boundary_auc": 0.999815625, "log_p_stop_at_boundary": -0.2095528064740108, "log_p_stop_inside": -14.667040581228955, "n_boundary": 160, "n_inside": 23386, "step": 250, "train_loss": 0.7188863679766655, "lr": 0.0007768874448802665, "elapsed": 223.42710900306702}
{"val_loss": 0.7572067163884639, "boundary_auc": 0.99985, "log_p_stop_at_boundary": -0.5545849042689657, "log_p_stop_inside": -13.776582864821302, "n_boundary": 160, "n_inside": 23386, "step": 300, "train_loss": 0.8638721257448196, "lr": 0.000681330735127716, "elapsed": 268.8394296169281}
{"val_loss": 0.7539699248969555, "boundary_auc": 0.99984375, "log_p_stop_at_boundary": -0.23764326859645574, "log_p_stop_inside": -13.630270889861864, "n_boundary": 160, "n_inside": 23386, "step": 350, "train_loss": 0.7580223381519318, "lr": 0.0005773646673951406, "elapsed": 314.697589635849}
{"val_loss": 0.7550559274852275, "boundary_auc": 0.999840625, "log_p_stop_at_boundary": -0.3419032559190356, "log_p_stop_inside": -13.869756001135004, "n_boundary": 160, "n_inside": 23386, "step": 400, "train_loss": 0.9385494813323021, "lr": 0.0004698107512888569, "elapsed": 360.4961724281311}
{"val_loss": 0.7542559780180454, "boundary_auc": 0.99983125, "log_p_stop_at_boundary": -0.24186015655810422, "log_p_stop_inside": -14.293142477869363, "n_boundary": 160, "n_inside": 23386, "step": 450, "train_loss": 0.6181861981749535, "lr": 0.0003636568857552531, "elapsed": 404.91937613487244}
{"val_loss": 0.7543759979307652, "boundary_auc": 0.99975, "log_p_stop_at_boundary": -0.22942419198207914, "log_p_stop_inside": -14.373866884086876, "n_boundary": 160, "n_inside": 23386, "step": 500, "train_loss": 1.1073199734091759, "lr": 0.00026382604127479813, "elapsed": 450.9384515285492}
{"val_loss": 0.7542137704789639, "boundary_auc": 0.999846875, "log_p_stop_at_boundary": -0.2682472559089561, "log_p_stop_inside": -14.26938571978638, "n_boundary": 160, "n_inside": 23386, "step": 550, "train_loss": 1.0319989174604416, "lr": 0.0001749479531656279, "elapsed": 496.39106273651123}
{"val_loss": 0.7541375041007996, "boundary_auc": 0.9998625, "log_p_stop_at_boundary": -0.248427042112435, "log_p_stop_inside": -14.783945353655993, "n_boundary": 160, "n_inside": 23386, "step": 600, "train_loss": 0.8718457296490669, "lr": 0.00010114441390249201, "elapsed": 541.4151341915131}
{"val_loss": 0.7542470745742321, "boundary_auc": 0.9998625, "log_p_stop_at_boundary": -0.2602318720460374, "log_p_stop_inside": -14.825672019636237, "n_boundary": 160, "n_inside": 23386, "step": 650, "train_loss": 1.1878682225942612, "lr": 4.583812169162299e-05, "elapsed": 586.3881034851074}
{"val_loss": 0.7543145187199116, "boundary_auc": 0.999865625, "log_p_stop_at_boundary": -0.2733512505274575, "log_p_stop_inside": -14.795850889655167, "n_boundary": 160, "n_inside": 23386, "step": 700, "train_loss": 0.7672713845968246, "lr": 1.159395010187042e-05, "elapsed": 631.4388501644135}
{"val_loss": 0.7542948387563229, "boundary_auc": 0.99986875, "log_p_stop_at_boundary": -0.2722316446723966, "log_p_stop_inside": -14.788642325405664, "n_boundary": 160, "n_inside": 23386, "step": 750, "train_loss": 0.817493386566639, "lr": 0.0, "elapsed": 675.5071630477905}
wrote results/e02/final/Rmlp_s0/e01.jsonl 50
wrote results/e02/final/Rmlp_s0/e01_d.jsonl 12
done results/e02/final/Rmlp_s0
