`rope_scaling`'s beta_fast field must be a float, got 32
`rope_scaling`'s beta_slow field must be a float, got 1
Loading checkpoint shards:   0%|          | 0/3 [00:00<?, ?it/s]Loading checkpoint shards: 100%|██████████| 3/3 [00:00<00:00, 39.49it/s]
arm=F repo=allenai/Olmo-3-1025-7B stop_ids=[100257] trainable=7,298,011,136
train=9262 val=302
step0 eval: {'val_loss': 0.7642544843256474, 'boundary_auc': 0.99543125, 'log_p_stop_at_boundary': -1.3495561935832825, 'log_p_stop_inside': -13.836823319880704, 'n_boundary': 160, 'n_inside': 23386}
[timing] step 1: 3.34s  16 seqs / 8796 padded tokens  peak 53.7GB
[timing] step 2: 2.59s  16 seqs / 8596 padded tokens  peak 72.4GB
[timing] step 3: 2.29s  16 seqs / 8224 padded tokens  peak 72.4GB
{"val_loss": 0.6372161872684956, "boundary_auc": 0.999765625, "log_p_stop_at_boundary": -0.2635488844389052, "log_p_stop_inside": -14.456820541029083, "n_boundary": 160, "n_inside": 23386, "step": 50, "train_loss": 0.6716517321765423, "lr": 1.992708874098054e-05, "elapsed": 127.48743891716003}
{"val_loss": 0.6303290121257306, "boundary_auc": 0.999828125, "log_p_stop_at_boundary": -0.1989227326133026, "log_p_stop_inside": -14.512224341014473, "n_boundary": 160, "n_inside": 23386, "step": 100, "train_loss": 0.6203600987792015, "lr": 1.9438833303083677e-05, "elapsed": 251.5927028656006}
{"val_loss": 0.6285630844533443, "boundary_auc": 0.999934375, "log_p_stop_at_boundary": -0.1779227882405486, "log_p_stop_inside": -14.701460126579384, "n_boundary": 160, "n_inside": 23386, "step": 150, "train_loss": 0.7057935893535614, "lr": 1.8512844415843514e-05, "elapsed": 379.5099506378174}
{"val_loss": 0.6266402173787355, "boundary_auc": 0.999890625, "log_p_stop_at_boundary": -0.16018210422408036, "log_p_stop_inside": -14.714727689882197, "n_boundary": 160, "n_inside": 23386, "step": 200, "train_loss": 0.8497100472450256, "lr": 1.7192065555074248e-05, "elapsed": 503.42386651039124}
{"val_loss": 0.6277065336704254, "boundary_auc": 0.99991875, "log_p_stop_at_boundary": -0.17567035243117674, "log_p_stop_inside": -14.789611423184066, "n_boundary": 160, "n_inside": 23386, "step": 250, "train_loss": 0.5683538243174553, "lr": 1.553774889760533e-05, "elapsed": 629.5714120864868}
{"val_loss": 0.6265311870723963, "boundary_auc": 0.999909375, "log_p_stop_at_boundary": -0.17193242277138845, "log_p_stop_inside": -14.957952740043465, "n_boundary": 160, "n_inside": 23386, "step": 300, "train_loss": 0.7987234406173229, "lr": 1.3626614702554322e-05, "elapsed": 758.134761095047}
{"val_loss": 0.624724155664444, "boundary_auc": 0.99989375, "log_p_stop_at_boundary": -0.157464812211665, "log_p_stop_inside": -14.937422226917867, "n_boundary": 160, "n_inside": 23386, "step": 350, "train_loss": 0.5890916883945465, "lr": 1.1547293347902813e-05, "elapsed": 887.1431934833527}
{"val_loss": 0.6244041256606578, "boundary_auc": 0.99991875, "log_p_stop_at_boundary": -0.1701019839601777, "log_p_stop_inside": -14.936113606711801, "n_boundary": 160, "n_inside": 23386, "step": 400, "train_loss": 0.8294937238097191, "lr": 9.39621502577714e-06, "elapsed": 1015.5129799842834}
{"val_loss": 0.6239092335104942, "boundary_auc": 0.999921875, "log_p_stop_at_boundary": -0.1627581410294881, "log_p_stop_inside": -14.983609965462472, "n_boundary": 160, "n_inside": 23386, "step": 450, "train_loss": 0.4855642169713974, "lr": 7.273137715105063e-06, "elapsed": 1138.800057888031}
{"val_loss": 0.6237819634377957, "boundary_auc": 0.999928125, "log_p_stop_at_boundary": -0.1603262615595812, "log_p_stop_inside": -14.9789268576035, "n_boundary": 160, "n_inside": 23386, "step": 500, "train_loss": 0.9713771119713783, "lr": 5.276520825495963e-06, "elapsed": 1267.9573283195496}
{"val_loss": 0.6234198607504368, "boundary_auc": 0.999934375, "log_p_stop_at_boundary": -0.16227868304559173, "log_p_stop_inside": -14.996950035187275, "n_boundary": 160, "n_inside": 23386, "step": 550, "train_loss": 0.9225634858012199, "lr": 3.4989590633125583e-06, "elapsed": 1395.3661799430847}
{"val_loss": 0.6234754245728255, "boundary_auc": 0.999934375, "log_p_stop_at_boundary": -0.16201734875446214, "log_p_stop_inside": -14.999892956487159, "n_boundary": 160, "n_inside": 23386, "step": 600, "train_loss": 0.7333078011870384, "lr": 2.0228882780498405e-06, "elapsed": 1520.6211392879486}
{"val_loss": 0.6235537618398667, "boundary_auc": 0.999928125, "log_p_stop_at_boundary": -0.16267422575243332, "log_p_stop_inside": -15.011879672686222, "n_boundary": 160, "n_inside": 23386, "step": 650, "train_loss": 0.9870238676667213, "lr": 9.167624338324599e-07, "elapsed": 1646.716923236847}
{"val_loss": 0.6234948255121708, "boundary_auc": 0.999921875, "log_p_stop_at_boundary": -0.1628438893052016, "log_p_stop_inside": -15.009811461057215, "n_boundary": 160, "n_inside": 23386, "step": 700, "train_loss": 0.6494591534137726, "lr": 2.3187900203740843e-07, "elapsed": 1773.0426652431488}
{"val_loss": 0.6235546126961709, "boundary_auc": 0.99993125, "log_p_stop_at_boundary": -0.16233578476859473, "log_p_stop_inside": -15.011487162427704, "n_boundary": 160, "n_inside": 23386, "step": 750, "train_loss": 0.6407973989844322, "lr": 0.0, "elapsed": 1894.5368022918701}
wrote results/e02/final/F_s0/e01.jsonl 50
wrote results/e02/final/F_s0/e01_d.jsonl 12
done results/e02/final/F_s0
