Warning: Permanently added 'fvcrc00' (ED25519) to the list of known hosts.
Warning: Permanently added 'fvcrc13' (ED25519) to the list of known hosts.
Traceback (most recent call last):
  File "/home/xiang/ssn-group-papaer/workbench/mechanism-population-dynamics/scripts/e32_cues.py", line 120, in <module>
    check() if a.check else analyze() if a.analyze else compute(a.repo, a.seed)
                                                        ^^^^^^^^^^^^^^^^^^^^^^^
  File "/home/xiang/ssn-group-papaer/workbench/mechanism-population-dynamics/scripts/e32_cues.py", line 68, in compute
    model, tok = dd.load(repo, dd.rev(dd.FINAL_1B, seed), dtype=torch.bfloat16)
                 ^^^^^^^^^^^^^^^^^^^^^^^^^^^^^^^^^^^^^^^^^^^^^^^^^^^^^^^^^^^^^^
  File "/home/xiang/ssn-group-papaer/workbench/mechanism-population-dynamics/scripts/dd_common.py", line 71, in load
    return model.to(device).eval(), tok
           ^^^^^^^^^^^^^^^^
  File "/home/xiang/miniconda3/envs/verl-clean/lib/python3.12/site-packages/transformers/modeling_utils.py", line 4343, in to
    return super().to(*args, **kwargs)
           ^^^^^^^^^^^^^^^^^^^^^^^^^^^
  File "/home/xiang/miniconda3/envs/verl-clean/lib/python3.12/site-packages/torch/nn/modules/module.py", line 1369, in to
    return self._apply(convert)
           ^^^^^^^^^^^^^^^^^^^^
  File "/home/xiang/miniconda3/envs/verl-clean/lib/python3.12/site-packages/torch/nn/modules/module.py", line 928, in _apply
    module._apply(fn)
  File "/home/xiang/miniconda3/envs/verl-clean/lib/python3.12/site-packages/torch/nn/modules/module.py", line 928, in _apply
    module._apply(fn)
  File "/home/xiang/miniconda3/envs/verl-clean/lib/python3.12/site-packages/torch/nn/modules/module.py", line 928, in _apply
    module._apply(fn)
  [Previous line repeated 2 more times]
  File "/home/xiang/miniconda3/envs/verl-clean/lib/python3.12/site-packages/torch/nn/modules/module.py", line 955, in _apply
    param_applied = fn(param)
                    ^^^^^^^^^
  File "/home/xiang/miniconda3/envs/verl-clean/lib/python3.12/site-packages/torch/nn/modules/module.py", line 1355, in convert
    return t.to(
           ^^^^^
torch.OutOfMemoryError: CUDA out of memory. Tried to allocate 20.00 MiB. GPU 0 has a total capacity of 79.14 GiB of which 42.88 MiB is free. Process 3169020 has 72.08 GiB memory in use. Process 3177058 has 5.64 GiB memory in use. Including non-PyTorch memory, this process has 1.28 GiB memory in use. Of the allocated memory 852.54 MiB is allocated by PyTorch, and 47.46 MiB is reserved by PyTorch but unallocated. If reserved but unallocated memory is large try setting PYTORCH_CUDA_ALLOC_CONF=expandable_segments:True to avoid fragmentation.  See documentation for Memory Management  (https://pytorch.org/docs/stable/notes/cuda.html#environment-variables)
Exception ignored in: <function ResourceTracker.__del__ at 0x14c4fd613060>
Traceback (most recent call last):
  File "/home/xiang/miniconda3/envs/verl-clean/lib/python3.12/site-packages/multiprocess/resource_tracker.py", line 80, in __del__
  File "/home/xiang/miniconda3/envs/verl-clean/lib/python3.12/site-packages/multiprocess/resource_tracker.py", line 89, in _stop
  File "/home/xiang/miniconda3/envs/verl-clean/lib/python3.12/site-packages/multiprocess/resource_tracker.py", line 102, in _stop_locked
AttributeError: '_thread.RLock' object has no attribute '_recursion_count'
