Loading checkpoint shards:   0%|          | 0/16 [00:00<?, ?it/s]Loading checkpoint shards:   6%|▋         | 1/16 [00:23<05:47, 23.15s/it]Loading checkpoint shards:  12%|█▎        | 2/16 [00:50<06:02, 25.87s/it]Loading checkpoint shards:  19%|█▉        | 3/16 [01:18<05:46, 26.66s/it]Loading checkpoint shards:  25%|██▌       | 4/16 [01:45<05:23, 26.92s/it]Loading checkpoint shards:  31%|███▏      | 5/16 [02:12<04:56, 26.94s/it]Loading checkpoint shards:  38%|███▊      | 6/16 [02:41<04:34, 27.49s/it]Loading checkpoint shards:  44%|████▍     | 7/16 [03:09<04:09, 27.72s/it]Loading checkpoint shards:  50%|█████     | 8/16 [03:36<03:40, 27.53s/it]Loading checkpoint shards:  56%|█████▋    | 9/16 [04:03<03:10, 27.19s/it]Loading checkpoint shards:  62%|██████▎   | 10/16 [04:30<02:44, 27.36s/it]Loading checkpoint shards:  69%|██████▉   | 11/16 [05:00<02:19, 27.94s/it]Loading checkpoint shards:  75%|███████▌  | 12/16 [05:28<01:52, 28.01s/it]Loading checkpoint shards:  81%|████████▏ | 13/16 [05:55<01:23, 27.86s/it]Loading checkpoint shards:  88%|████████▊ | 14/16 [06:23<00:55, 27.86s/it]Loading checkpoint shards:  94%|█████████▍| 15/16 [06:51<00:27, 27.85s/it]Loading checkpoint shards: 100%|██████████| 16/16 [06:55<00:00, 20.72s/it]Loading checkpoint shards: 100%|██████████| 16/16 [06:55<00:00, 25.98s/it]
CALIB {"ladder": {"0.001": {"36": {"beta": 1.0088339468635517, "changed_frac": 0.14583333333333334, "mean_experts_changed": 0.14583333333333334, "experts_changed_given_changed": 1.0, "kl_median": 0.0010000013280659914, "kl_p90": 0.012004940770566463}, "44": {"beta": 0.7424090181311875, "changed_frac": 0.10416666666666667, "mean_experts_changed": 0.10416666666666667, "experts_changed_given_changed": 1.0, "kl_median": 0.0009999934118241072, "kl_p90": 0.012193400412797928}}, "0.002": {"36": {"beta": 1.4172330525809542, "changed_frac": 0.23958333333333334, "mean_experts_changed": 0.28125, "experts_changed_given_changed": 1.173913043478261, "kl_median": 0.002000004518777132, "kl_p90": 0.021924755536019802}, "44": {"beta": 1.051358999215211, "changed_frac": 0.15625, "mean_experts_changed": 0.16666666666666666, "experts_changed_given_changed": 1.0666666666666667, "kl_median": 0.002000001957640052, "kl_p90": 0.02357356622815132}}, "0.003": {"36": {"beta": 1.7313446434195985, "changed_frac": 0.2916666666666667, "mean_experts_changed": 0.3854166666666667, "experts_changed_given_changed": 1.3214285714285714, "kl_median": 0.0030000086408108473, "kl_p90": 0.03085305541753769}, "44": {"beta": 1.2909190099617924, "changed_frac": 0.16666666666666666, "mean_experts_changed": 0.20833333333333334, "experts_changed_given_changed": 1.25, "kl_median": 0.0030000736005604267, "kl_p90": 0.03617909178137779}}, "0.004": {"36": {"beta": 2.0047813669598993, "changed_frac": 0.3645833333333333, "mean_experts_changed": 0.5, "experts_changed_given_changed": 1.3714285714285714, "kl_median": 0.004000044893473387, "kl_p90": 0.03934810310602188}, "44": {"beta": 1.493912040803607, "changed_frac": 0.21875, "mean_experts_changed": 0.2708333333333333, "experts_changed_given_changed": 1.2380952380952381, "kl_median": 0.003999967128038406, "kl_p90": 0.04887743853032589}}, "0.006": {"36": {"beta": 2.471892711569242, "changed_frac": 0.3958333333333333, "mean_experts_changed": 0.5625, "experts_changed_given_changed": 1.4210526315789473, "kl_median": 0.005999984452500939, "kl_p90": 0.06063588336110115}, "44": {"beta": 1.8366958520065895, "changed_frac": 0.21875, "mean_experts_changed": 0.3333333333333333, "experts_changed_given_changed": 1.5238095238095237, "kl_median": 0.006000012159347534, "kl_p90": 0.07061725854873657}}, "0.008": {"36": {"beta": 2.855695370058288, "changed_frac": 0.4479166666666667, "mean_experts_changed": 0.625, "experts_changed_given_changed": 1.3953488372093024, "kl_median": 0.008000005967915058, "kl_p90": 0.08298828080296516}, "44": {"beta": 2.12799394172756, "changed_frac": 0.25, "mean_experts_changed": 0.40625, "experts_changed_given_changed": 1.625, "kl_median": 0.008000004570931196, "kl_p90": 0.09480351954698563}}, "0.01": {"36": {"beta": 3.186127070086549, "changed_frac": 0.4583333333333333, "mean_experts_changed": 0.6770833333333334, "experts_changed_given_changed": 1.4772727272727273, "kl_median": 0.010000004433095455, "kl_p90": 0.10508989170193672}, "44": {"beta": 2.386494043024957, "changed_frac": 0.2708333333333333, "mean_experts_changed": 0.46875, "experts_changed_given_changed": 1.7307692307692308, "kl_median": 0.010000008158385754, "kl_p90": 0.11244897544384003}}, "0.02": {"36": {"beta": 4.557603120749718, "changed_frac": 0.6145833333333334, "mean_experts_changed": 1.15625, "experts_changed_given_changed": 1.88135593220339, "kl_median": 0.019999993033707142, "kl_p90": 0.2201448231935501}, "44": {"beta": 3.4191523796561327, "changed_frac": 0.3958333333333333, "mean_experts_changed": 0.7291666666666666, "experts_changed_given_changed": 1.8421052631578947, "kl_median": 0.020000023767352104, "kl_p90": 0.2013978436589241}}, "0.05": {"36": {"beta": 7.393516302610172, "changed_frac": 0.75, "mean_experts_changed": 1.84375, "experts_changed_given_changed": 2.4583333333333335, "kl_median": 0.05000002309679985, "kl_p90": 0.4868234395980835}, "44": {"beta": 5.775785205204054, "changed_frac": 0.5625, "mean_experts_changed": 1.3020833333333333, "experts_changed_given_changed": 2.314814814814815, "kl_median": 0.04999994672834873, "kl_p90": 0.4291256368160248}}, "0.1": {"36": {"beta": 11.357449058129898, "changed_frac": 0.875, "mean_experts_changed": 2.6979166666666665, "experts_changed_given_changed": 3.0833333333333335, "kl_median": 0.10000002384185791, "kl_p90": 0.7286599576473236}, "44": {"beta": 8.919354912081445, "changed_frac": 0.7291666666666666, "mean_experts_changed": 2.0208333333333335, "experts_changed_given_changed": 2.7714285714285714, "kl_median": 0.09999998658895493, "kl_p90": 0.6668880581855774}}, "0.2": {"36": {"beta": 17.129210471308596, "changed_frac": 0.90625, "mean_experts_changed": 3.4375, "experts_changed_given_changed": 3.793103448275862, "kl_median": 0.19999998062849045, "kl_p90": 0.8983903527259827}, "44": {"beta": 14.82835054332503, "changed_frac": 0.8541666666666666, "mean_experts_changed": 3.0625, "experts_changed_given_changed": 3.5853658536585367, "kl_median": 0.19999996572732925, "kl_p90": 0.842454344034195}}}, "beta": {"36": 1.4172330525809542, "44": 1.051358999215211}, "n_calib_tokens": 192, "delta_rule": "smallest delta with changed_frac in [0.15,0.35] and mean_experts_changed <= 1.0 on BOTH layers", "delta_auto": 0.002, "delta": 0.002}
/home/xiang/ssn-group-papaer/candidates/CT03_COUNTERFACTUAL_CREDIT_MOE_ROUTING/src/e02_qwen.py:79: UserWarning: Converting a tensor with requires_grad=True to a scalar may lead to unexpected behavior.
Consider using tensor.detach() first. (Triggered internally at /pytorch/torch/csrc/autograd/generated/python_variable_methods.cpp:835.)
  Z = float(p[sel].sum())
[1/400] shuffled loss=0.0142 drift=[0.0024, 0.0039] 13s
[2/400] shuffled loss=0.0083 drift=[0.004, 0.0063] 25s
[3/400] shuffled loss=0.0117 drift=[0.0053, 0.0081] 34s
[20/400] shuffled loss=0.0165 drift=[0.017, 0.026] 210s
[40/400] shuffled loss=0.0012 drift=[0.0241, 0.0363] 410s
[60/400] shuffled loss=0.0054 drift=[0.0289, 0.0433] 610s
[80/400] shuffled loss=0.0049 drift=[0.0329, 0.0499] 814s
[100/400] shuffled loss=0.0043 drift=[0.0362, 0.0555] 1017s
[120/400] shuffled loss=0.0022 drift=[0.0399, 0.0622] 1218s
[140/400] shuffled loss=0.0017 drift=[0.0438, 0.0681] 1412s
[160/400] shuffled loss=0.0076 drift=[0.0473, 0.0733] 1620s
[180/400] shuffled loss=0.0212 drift=[0.0507, 0.0785] 1823s
[200/400] shuffled loss=0.0031 drift=[0.0533, 0.0828] 2027s
[220/400] shuffled loss=0.0096 drift=[0.056, 0.0873] 2225s
[240/400] shuffled loss=0.0116 drift=[0.0584, 0.0907] 2426s
[260/400] shuffled loss=0.0205 drift=[0.0606, 0.0946] 2626s
[280/400] shuffled loss=0.0299 drift=[0.0629, 0.0987] 2830s
[300/400] shuffled loss=0.0165 drift=[0.0643, 0.102] 3023s
[320/400] shuffled loss=0.0020 drift=[0.0659, 0.1039] 3222s
[340/400] shuffled loss=0.0274 drift=[0.0677, 0.1065] 3414s
[360/400] shuffled loss=0.0044 drift=[0.0695, 0.1096] 3615s
[380/400] shuffled loss=0.0035 drift=[0.0711, 0.1127] 3820s
[400/400] shuffled loss=0.0292 drift=[0.0732, 0.1153] 4023s
Exception ignored in: <function ResourceTracker.__del__ at 0x56ce4f04040>
Traceback (most recent call last):
  File "/home/xiang/miniconda3/envs/verl-clean/lib/python3.12/site-packages/multiprocess/resource_tracker.py", line 80, in __del__
  File "/home/xiang/miniconda3/envs/verl-clean/lib/python3.12/site-packages/multiprocess/resource_tracker.py", line 89, in _stop
  File "/home/xiang/miniconda3/envs/verl-clean/lib/python3.12/site-packages/multiprocess/resource_tracker.py", line 102, in _stop_locked
AttributeError: '_thread.RLock' object has no attribute '_recursion_count'
