Loading checkpoint shards:   0%|          | 0/3 [00:00<?, ?it/s]Loading checkpoint shards:  33%|███▎      | 1/3 [00:02<00:04,  2.26s/it]Loading checkpoint shards:  67%|██████▋   | 2/3 [00:05<00:02,  2.89s/it]Loading checkpoint shards: 100%|██████████| 3/3 [00:07<00:00,  2.27s/it]Loading checkpoint shards: 100%|██████████| 3/3 [00:07<00:00,  2.37s/it]
Using the latest cached version of the dataset since HuggingFaceH4/MATH-500 couldn't be found on the Hugging Face Hub (offline mode is enabled).
Found the latest cached dataset configuration 'default' at /home/xiang/.cache/huggingface/datasets/HuggingFaceH4___math-500/default/0.0.0/6e4ed1a2a79af7d8630a6b768ec859cb5af4d3be (last modified on Mon Jun  1 04:37:01 2026).
META {"model": "allenai/OLMoE-1B-7B-0924-Instruct", "alphas": [0.125, 0.25, 0.5, 1.0], "layers": [1, 3, 5, 7, 15], "m": 6, "n_problems": 24, "tok_per_stratum": 4}
[1/24] q=419 T=420
[2/24] q=459 T=342
[3/24] q=130 T=252
[4/24] q=431 T=438
[5/24] q=370 T=117
[6/24] q=26 T=380
[7/24] q=201 T=264
[8/24] q=56 T=138
[9/24] q=366 T=209
[10/24] q=108 T=483
[11/24] q=231 T=302
[12/24] q=326 T=433
[13/24] q=118 T=297
[14/24] q=153 T=202
[15/24] q=493 T=570
[16/24] q=311 T=187
[17/24] q=333 T=541
[18/24] q=24 T=283
[19/24] q=367 T=172
[20/24] q=17 T=339
[21/24] q=150 T=397
[22/24] q=247 T=234
[23/24] q=44 T=429
[24/24] q=274 T=634
Exception ignored in: <function ResourceTracker.__del__ at 0x9401246fb00>
Traceback (most recent call last):
  File "/home/xiang/miniconda3/envs/verl-clean/lib/python3.12/site-packages/multiprocess/resource_tracker.py", line 80, in __del__
  File "/home/xiang/miniconda3/envs/verl-clean/lib/python3.12/site-packages/multiprocess/resource_tracker.py", line 89, in _stop
  File "/home/xiang/miniconda3/envs/verl-clean/lib/python3.12/site-packages/multiprocess/resource_tracker.py", line 102, in _stop_locked
AttributeError: '_thread.RLock' object has no attribute '_recursion_count'
