{
 "hard|boundary|nonfinal": {
  "px_shared": {
   "rho_median": 0.6976190476190476,
   "top1": 0.5484375,
   "top3": 0.815625,
   "norm_regret": 0.19469693370247684
  },
  "px_tok": {
   "rho_median": 0.5619047619047619,
   "top1": 0.41875,
   "top3": 0.70625,
   "norm_regret": 0.27730026991730494
  },
  "router_gap": {
   "rho_median": -0.019047619047619046,
   "top1": 0.178125,
   "top3": 0.4421875,
   "norm_regret": 0.4973415424975277
  },
  "neg_dh_norm": {
   "rho_median": -0.019047619047619046,
   "top1": 0.1859375,
   "top3": 0.4828125,
   "norm_regret": 0.5068603677939382
  },
  "dh_norm": {
   "rho_median": 0.019047619047619046,
   "top1": 0.109375,
   "top3": 0.28125,
   "norm_regret": 0.500444905478572
  },
  "random": {
   "rho_median": 0.0,
   "top1": 0.146875,
   "top3": 0.39375,
   "norm_regret": 0.4910329251483164
  }
 },
 "hard|random|nonfinal": {
  "px_shared": {
   "rho_median": 0.7690476190476191,
   "top1": 0.6375,
   "top3": 0.840625,
   "norm_regret": 0.1616733587093557
  },
  "px_tok": {
   "rho_median": 0.5547619047619048,
   "top1": 0.446875,
   "top3": 0.7265625,
   "norm_regret": 0.2712841457939423
  },
  "router_gap": {
   "rho_median": -0.023809523809523808,
   "top1": 0.1921875,
   "top3": 0.496875,
   "norm_regret": 0.5157951555292067
  },
  "neg_dh_norm": {
   "rho_median": 0.021428571428571425,
   "top1": 0.2390625,
   "top3": 0.55,
   "norm_regret": 0.48701836532278187
  },
  "dh_norm": {
   "rho_median": -0.021428571428571425,
   "top1": 0.053125,
   "top3": 0.23125,
   "norm_regret": 0.5018456157819375
  },
  "random": {
   "rho_median": 0.0,
   "top1": 0.1078125,
   "top3": 0.346875,
   "norm_regret": 0.5051866393841221
  }
 },
 "easy|boundary|nonfinal": {
  "px_shared": {
   "rho_median": 0.6952380952380952,
   "top1": 0.5859375,
   "top3": 0.8140625,
   "norm_regret": 0.19133269026499272
  },
  "px_tok": {
   "rho_median": -0.009523809523809523,
   "top1": 0.1296875,
   "top3": 0.36875,
   "norm_regret": 0.5149235490168201
  },
  "router_gap": {
   "rho_median": -0.04523809523809523,
   "top1": 0.140625,
   "top3": 0.4296875,
   "norm_regret": 0.5381655695061487
  },
  "neg_dh_norm": {
   "rho_median": -0.03571428571428571,
   "top1": 0.175,
   "top3": 0.4671875,
   "norm_regret": 0.5221170052076619
  },
  "dh_norm": {
   "rho_median": 0.03571428571428571,
   "top1": 0.08125,
   "top3": 0.2765625,
   "norm_regret": 0.48677671468823275
  },
  "random": {
   "rho_median": 0.0,
   "top1": 0.1234375,
   "top3": 0.3875,
   "norm_regret": 0.4984987773109729
  }
 },
 "easy|random|nonfinal": {
  "px_shared": {
   "rho_median": 0.7452380952380953,
   "top1": 0.6078125,
   "top3": 0.8421875,
   "norm_regret": 0.19204065778739293
  },
  "px_tok": {
   "rho_median": -0.04047619047619048,
   "top1": 0.171875,
   "top3": 0.3890625,
   "norm_regret": 0.5141663122682969
  },
  "router_gap": {
   "rho_median": -0.009523809523809523,
   "top1": 0.2109375,
   "top3": 0.521875,
   "norm_regret": 0.4835383992887857
  },
  "neg_dh_norm": {
   "rho_median": 0.0047619047619047615,
   "top1": 0.2234375,
   "top3": 0.540625,
   "norm_regret": 0.5041984068925774
  },
  "dh_norm": {
   "rho_median": -0.0047619047619047615,
   "top1": 0.06875,
   "top3": 0.23125,
   "norm_regret": 0.4922496661353587
  },
  "random": {
   "rho_median": 0.0,
   "top1": 0.1453125,
   "top3": 0.3953125,
   "norm_regret": 0.4963956828580794
  }
 }
}

exact s/candidate by layer: {"1": 0.03909757493511279, "4": 0.030932316784856084, "7": 0.022959304961659655, "10": 0.014856770088954363, "13": 0.0067220158816780895, "15": 0.0013809393012707005}

wrote results/e01_report.json  (24576 records)
{
 "hard|boundary|nonfinal": {
  "px_shared": {
   "rho_median": 0.6523809523809524,
   "top1": 0.4890625,
   "top3": 0.7359375,
   "norm_regret": 0.20593376795106116
  },
  "px_tok": {
   "rho_median": 0.8761904761904763,
   "top1": 0.715625,
   "top3": 0.9015625,
   "norm_regret": 0.1100175388347127
  },
  "router_gap": {
   "rho_median": -0.04285714285714286,
   "top1": 0.1828125,
   "top3": 0.4203125,
   "norm_regret": 0.5095639131126668
  },
  "neg_dh_norm": {
   "rho_median": -0.023809523809523808,
   "top1": 0.2046875,
   "top3": 0.50625,
   "norm_regret": 0.49764353324521604
  },
  "dh_norm": {
   "rho_median": 0.023809523809523808,
   "top1": 0.0796875,
   "top3": 0.2578125,
   "norm_regret": 0.49617562854204483
  },
  "random": {
   "rho_median": 0.0,
   "top1": 0.121875,
   "top3": 0.371875,
   "norm_regret": 0.4932044368403071
  }
 },
 "hard|random|nonfinal": {
  "px_shared": {
   "rho_median": 0.6642857142857144,
   "top1": 0.509375,
   "top3": 0.75,
   "norm_regret": 0.2069785734363118
  },
  "px_tok": {
   "rho_median": 0.9523809523809523,
   "top1": 0.759375,
   "top3": 0.925,
   "norm_regret": 0.09534135446654046
  },
  "router_gap": {
   "rho_median": 0.030952380952380953,
   "top1": 0.2125,
   "top3": 0.5484375,
   "norm_regret": 0.4924891760673183
  },
  "neg_dh_norm": {
   "rho_median": 0.02142857142857143,
   "top1": 0.2328125,
   "top3": 0.5515625,
   "norm_regret": 0.4858104420108056
  },
  "dh_norm": {
   "rho_median": -0.02142857142857143,
   "top1": 0.0421875,
   "top3": 0.209375,
   "norm_regret": 0.5067905109667604
  },
  "random": {
   "rho_median": 0.0,
   "top1": 0.128125,
   "top3": 0.3609375,
   "norm_regret": 0.5001002523606735
  }
 },
 "easy|boundary|nonfinal": {
  "px_shared": {
   "rho_median": -0.035511319595234826,
   "top1": 0.153125,
   "top3": 0.39375,
   "norm_regret": 0.4751616103066133
  },
  "px_tok": {
   "rho_median": 0.8147521458186763,
   "top1": 0.6359375,
   "top3": 0.8328125,
   "norm_regret": 0.12147002619350222
  },
  "router_gap": {
   "rho_median": -0.000410949983353745,
   "top1": 0.25,
   "top3": 0.4984375,
   "norm_regret": 0.43181436847283194
  },
  "neg_dh_norm": {
   "rho_median": -0.034438337178899416,
   "top1": 0.19375,
   "top3": 0.4984375,
   "norm_regret": 0.4796715756283222
  },
  "dh_norm": {
   "rho_median": 0.034438337178899416,
   "top1": 0.0765625,
   "top3": 0.2484375,
   "norm_regret": 0.4422048280985538
  },
  "random": {
   "rho_median": 0.0,
   "top1": 0.128125,
   "top3": 0.3796875,
   "norm_regret": 0.45761373947077466
  }
 },
 "easy|random|nonfinal": {
  "px_shared": {
   "rho_median": -0.028608029034666117,
   "top1": 0.1609375,
   "top3": 0.378125,
   "norm_regret": 0.4538709405589871
  },
  "px_tok": {
   "rho_median": 0.8522850022271786,
   "top1": 0.6,
   "top3": 0.81875,
   "norm_regret": 0.13758987086668517
  },
  "router_gap": {
   "rho_median": -0.017711744824924505,
   "top1": 0.196875,
   "top3": 0.5109375,
   "norm_regret": 0.45628408743472954
  },
  "neg_dh_norm": {
   "rho_median": 0.021558983110773845,
   "top1": 0.2375,
   "top3": 0.55,
   "norm_regret": 0.43350438963733035
  },
  "dh_norm": {
   "rho_median": -0.021558983110773845,
   "top1": 0.075,
   "top3": 0.2375,
   "norm_regret": 0.4569505384224547
  },
  "random": {
   "rho_median": 0.0,
   "top1": 0.1109375,
   "top3": 0.3859375,
   "norm_regret": 0.44799562516191554
  }
 }
}

exact s/candidate by layer: {"1": 0.03909757493511279, "4": 0.030932316784856084, "7": 0.022959304961659655, "10": 0.014856770088954363, "13": 0.0067220158816780895, "15": 0.0013809393012707005}

wrote results/e01_report_tok.json  (24576 records)
{
 "hard|boundary|nonfinal": {
  "px_shared": {
   "rho_median": 0.6523809523809524,
   "top1": 0.4890625,
   "top3": 0.7359375,
   "norm_regret": 0.20593376795106116
  },
  "px_tok": {
   "rho_median": 0.8761904761904763,
   "top1": 0.715625,
   "top3": 0.9015625,
   "norm_regret": 0.1100175388347127
  },
  "router_gap": {
   "rho_median": -0.04285714285714286,
   "top1": 0.1828125,
   "top3": 0.4203125,
   "norm_regret": 0.5095639131126668
  },
  "neg_dh_norm": {
   "rho_median": -0.023809523809523808,
   "top1": 0.2046875,
   "top3": 0.50625,
   "norm_regret": 0.49764353324521604
  },
  "dh_norm": {
   "rho_median": 0.023809523809523808,
   "top1": 0.0796875,
   "top3": 0.2578125,
   "norm_regret": 0.49617562854204483
  },
  "random": {
   "rho_median": 0.0,
   "top1": 0.121875,
   "top3": 0.371875,
   "norm_regret": 0.4932044368403071
  }
 },
 "hard|random|nonfinal": {
  "px_shared": {
   "rho_median": 0.6642857142857144,
   "top1": 0.509375,
   "top3": 0.75,
   "norm_regret": 0.2069785734363118
  },
  "px_tok": {
   "rho_median": 0.9523809523809523,
   "top1": 0.759375,
   "top3": 0.925,
   "norm_regret": 0.09534135446654046
  },
  "router_gap": {
   "rho_median": 0.030952380952380953,
   "top1": 0.2125,
   "top3": 0.5484375,
   "norm_regret": 0.4924891760673183
  },
  "neg_dh_norm": {
   "rho_median": 0.02142857142857143,
   "top1": 0.2328125,
   "top3": 0.5515625,
   "norm_regret": 0.4858104420108056
  },
  "dh_norm": {
   "rho_median": -0.02142857142857143,
   "top1": 0.0421875,
   "top3": 0.209375,
   "norm_regret": 0.5067905109667604
  },
  "random": {
   "rho_median": 0.0,
   "top1": 0.128125,
   "top3": 0.3609375,
   "norm_regret": 0.5001002523606735
  }
 },
 "easy|boundary|nonfinal": {
  "px_shared": {
   "rho_median": -0.035511319595234826,
   "top1": 0.153125,
   "top3": 0.39375,
   "norm_regret": 0.4751616103066133
  },
  "px_tok": {
   "rho_median": 0.8147521458186763,
   "top1": 0.6359375,
   "top3": 0.8328125,
   "norm_regret": 0.12147002619350222
  },
  "router_gap": {
   "rho_median": -0.000410949983353745,
   "top1": 0.25,
   "top3": 0.4984375,
   "norm_regret": 0.43181436847283194
  },
  "neg_dh_norm": {
   "rho_median": -0.034438337178899416,
   "top1": 0.19375,
   "top3": 0.4984375,
   "norm_regret": 0.4796715756283222
  },
  "dh_norm": {
   "rho_median": 0.034438337178899416,
   "top1": 0.0765625,
   "top3": 0.2484375,
   "norm_regret": 0.4422048280985538
  },
  "random": {
   "rho_median": 0.0,
   "top1": 0.128125,
   "top3": 0.3796875,
   "norm_regret": 0.45761373947077466
  }
 },
 "easy|random|nonfinal": {
  "px_shared": {
   "rho_median": -0.028608029034666117,
   "top1": 0.1609375,
   "top3": 0.378125,
   "norm_regret": 0.4538709405589871
  },
  "px_tok": {
   "rho_median": 0.8522850022271786,
   "top1": 0.6,
   "top3": 0.81875,
   "norm_regret": 0.13758987086668517
  },
  "router_gap": {
   "rho_median": -0.017711744824924505,
   "top1": 0.196875,
   "top3": 0.5109375,
   "norm_regret": 0.45628408743472954
  },
  "neg_dh_norm": {
   "rho_median": 0.021558983110773845,
   "top1": 0.2375,
   "top3": 0.55,
   "norm_regret": 0.43350438963733035
  },
  "dh_norm": {
   "rho_median": -0.021558983110773845,
   "top1": 0.075,
   "top3": 0.2375,
   "norm_regret": 0.4569505384224547
  },
  "random": {
   "rho_median": 0.0,
   "top1": 0.1109375,
   "top3": 0.3859375,
   "norm_regret": 0.44799562516191554
  }
 }
}

exact s/candidate by layer: {"1": 0.03909757493511279, "4": 0.030932316784856084, "7": 0.022959304961659655, "10": 0.014856770088954363, "13": 0.0067220158816780895, "15": 0.0013809393012707005}

wrote results/e01_report_tok.json  (24576 records)
