Loading checkpoint shards:   0%|          | 0/16 [00:00<?, ?it/s]Loading checkpoint shards:   6%|▋         | 1/16 [00:20<05:00, 20.00s/it]Loading checkpoint shards:  12%|█▎        | 2/16 [00:44<05:13, 22.38s/it]Loading checkpoint shards:  19%|█▉        | 3/16 [01:08<05:03, 23.36s/it]Loading checkpoint shards:  25%|██▌       | 4/16 [01:32<04:42, 23.53s/it]Loading checkpoint shards:  31%|███▏      | 5/16 [01:56<04:19, 23.61s/it]Loading checkpoint shards:  38%|███▊      | 6/16 [02:21<04:03, 24.36s/it]Loading checkpoint shards:  44%|████▍     | 7/16 [02:45<03:38, 24.26s/it]Loading checkpoint shards:  50%|█████     | 8/16 [03:10<03:14, 24.30s/it]Loading checkpoint shards:  56%|█████▋    | 9/16 [03:35<02:50, 24.41s/it]Loading checkpoint shards:  62%|██████▎   | 10/16 [03:59<02:26, 24.50s/it]Loading checkpoint shards:  69%|██████▉   | 11/16 [04:25<02:03, 24.76s/it]Loading checkpoint shards:  75%|███████▌  | 12/16 [04:48<01:37, 24.37s/it]Loading checkpoint shards:  81%|████████▏ | 13/16 [05:12<01:12, 24.10s/it]Loading checkpoint shards:  88%|████████▊ | 14/16 [05:38<00:49, 24.72s/it]Loading checkpoint shards:  94%|█████████▍| 15/16 [05:51<00:21, 21.30s/it]Loading checkpoint shards: 100%|██████████| 16/16 [05:53<00:00, 15.46s/it]Loading checkpoint shards: 100%|██████████| 16/16 [05:53<00:00, 22.09s/it]
[1/60] shard@0 tokens 16
[2/60] shard@0 tokens 32
[3/60] shard@0 tokens 48
[4/60] shard@0 tokens 64
[5/60] shard@0 tokens 80
[6/60] shard@0 tokens 96
[7/60] shard@0 tokens 112
[8/60] shard@0 tokens 128
[9/60] shard@0 tokens 144
[10/60] shard@0 tokens 160
[11/60] shard@0 tokens 176
[12/60] shard@0 tokens 192
[13/60] shard@0 tokens 208
[14/60] shard@0 tokens 224
[15/60] shard@0 tokens 240
[16/60] shard@0 tokens 256
[17/60] shard@0 tokens 272
[18/60] shard@0 tokens 288
[19/60] shard@0 tokens 304
[20/60] shard@0 tokens 320
[21/60] shard@0 tokens 336
[22/60] shard@0 tokens 352
[23/60] shard@0 tokens 368
[24/60] shard@0 tokens 384
[25/60] shard@0 tokens 400
[26/60] shard@0 tokens 416
[27/60] shard@0 tokens 432
[28/60] shard@0 tokens 448
[30/60] shard@0 tokens 464
[31/60] shard@0 tokens 480
[32/60] shard@0 tokens 496
[33/60] shard@0 tokens 512
[34/60] shard@0 tokens 528
[35/60] shard@0 tokens 544
[36/60] shard@0 tokens 560
[37/60] shard@0 tokens 576
[38/60] shard@0 tokens 592
[39/60] shard@0 tokens 608
[40/60] shard@0 tokens 624
[41/60] shard@0 tokens 640
[42/60] shard@0 tokens 656
[43/60] shard@0 tokens 672
[44/60] shard@0 tokens 688
[45/60] shard@0 tokens 704
[46/60] shard@0 tokens 720
[47/60] shard@0 tokens 736
[48/60] shard@0 tokens 752
[49/60] shard@0 tokens 768
[50/60] shard@0 tokens 784
[51/60] shard@0 tokens 800
[52/60] shard@0 tokens 816
[53/60] shard@0 tokens 832
[54/60] shard@0 tokens 848
[55/60] shard@0 tokens 862
[56/60] shard@0 tokens 878
[57/60] shard@0 tokens 894
[58/60] shard@0 tokens 910
[59/60] shard@0 tokens 926
[60/60] shard@0 tokens 942
wrote results/e06_cache.pt: 942 token-layer cells
Exception ignored in: <function ResourceTracker.__del__ at 0x99a87cafd80>
Traceback (most recent call last):
  File "/home/xiang/miniconda3/envs/verl-clean/lib/python3.12/site-packages/multiprocess/resource_tracker.py", line 80, in __del__
  File "/home/xiang/miniconda3/envs/verl-clean/lib/python3.12/site-packages/multiprocess/resource_tracker.py", line 89, in _stop
  File "/home/xiang/miniconda3/envs/verl-clean/lib/python3.12/site-packages/multiprocess/resource_tracker.py", line 102, in _stop_locked
AttributeError: '_thread.RLock' object has no attribute '_recursion_count'
