Loading checkpoint shards:   0%|          | 0/16 [00:00<?, ?it/s]Loading checkpoint shards:   6%|▋         | 1/16 [00:04<01:10,  4.72s/it]Loading checkpoint shards:  12%|█▎        | 2/16 [00:10<01:10,  5.07s/it]Loading checkpoint shards:  19%|█▉        | 3/16 [00:15<01:06,  5.11s/it]Loading checkpoint shards:  25%|██▌       | 4/16 [00:21<01:05,  5.50s/it]Loading checkpoint shards:  31%|███▏      | 5/16 [00:27<01:03,  5.78s/it]Loading checkpoint shards:  38%|███▊      | 6/16 [00:32<00:56,  5.61s/it]Loading checkpoint shards:  44%|████▍     | 7/16 [00:38<00:50,  5.62s/it]Loading checkpoint shards:  50%|█████     | 8/16 [00:44<00:44,  5.61s/it]Loading checkpoint shards:  56%|█████▋    | 9/16 [00:49<00:38,  5.51s/it]Loading checkpoint shards:  62%|██████▎   | 10/16 [00:54<00:32,  5.42s/it]Loading checkpoint shards:  69%|██████▉   | 11/16 [01:00<00:27,  5.56s/it]Loading checkpoint shards:  75%|███████▌  | 12/16 [01:07<00:23,  5.96s/it]Loading checkpoint shards:  81%|████████▏ | 13/16 [01:13<00:17,  6.00s/it]Loading checkpoint shards:  88%|████████▊ | 14/16 [01:19<00:12,  6.16s/it]Loading checkpoint shards:  94%|█████████▍| 15/16 [01:26<00:06,  6.18s/it]Loading checkpoint shards: 100%|██████████| 16/16 [01:27<00:00,  4.75s/it]Loading checkpoint shards: 100%|██████████| 16/16 [01:27<00:00,  5.48s/it]
cells: 1902
  pi=0 done (16 rows)
  pi=1 done (32 rows)
  pi=2 done (48 rows)
  pi=3 done (64 rows)
  pi=4 done (80 rows)
  pi=5 done (96 rows)
  pi=6 done (112 rows)
  pi=7 done (128 rows)
  pi=8 done (144 rows)
  pi=9 done (160 rows)
  pi=10 done (176 rows)
  pi=11 done (192 rows)
  pi=12 done (208 rows)
  pi=13 done (224 rows)
  pi=14 done (240 rows)
  pi=15 done (256 rows)
  pi=16 done (272 rows)
  pi=17 done (288 rows)
  pi=18 done (304 rows)
  pi=19 done (320 rows)
  pi=20 done (336 rows)
  pi=21 done (352 rows)
  pi=22 done (368 rows)
  pi=23 done (384 rows)
  pi=24 done (400 rows)
  pi=25 done (416 rows)
  pi=26 done (432 rows)
  pi=27 done (448 rows)
  pi=29 done (464 rows)
  pi=30 done (480 rows)
  pi=31 done (496 rows)
  pi=32 done (512 rows)
  pi=33 done (528 rows)
  pi=34 done (544 rows)
  pi=35 done (560 rows)
  pi=36 done (576 rows)
  pi=37 done (592 rows)
  pi=38 done (608 rows)
  pi=39 done (624 rows)
  pi=40 done (640 rows)
  pi=41 done (656 rows)
  pi=42 done (672 rows)
  pi=43 done (688 rows)
  pi=44 done (704 rows)
  pi=45 done (720 rows)
  pi=46 done (736 rows)
  pi=47 done (752 rows)
  pi=48 done (768 rows)
  pi=49 done (784 rows)
  pi=50 done (800 rows)
  pi=51 done (816 rows)
  pi=52 done (832 rows)
  pi=53 done (848 rows)
  pi=54 done (862 rows)
  pi=55 done (878 rows)
  pi=56 done (894 rows)
  pi=57 done (910 rows)
  pi=58 done (926 rows)
  pi=59 done (942 rows)
  pi=60 done (958 rows)
  pi=61 done (974 rows)
  pi=62 done (990 rows)
  pi=63 done (1006 rows)
  pi=64 done (1022 rows)
  pi=65 done (1038 rows)
  pi=66 done (1054 rows)
  pi=67 done (1070 rows)
  pi=68 done (1086 rows)
  pi=69 done (1102 rows)
  pi=70 done (1118 rows)
  pi=71 done (1134 rows)
  pi=72 done (1150 rows)
  pi=73 done (1166 rows)
  pi=74 done (1182 rows)
  pi=75 done (1198 rows)
  pi=76 done (1214 rows)
  pi=77 done (1230 rows)
  pi=78 done (1246 rows)
  pi=79 done (1262 rows)
  pi=80 done (1278 rows)
  pi=81 done (1294 rows)
  pi=82 done (1310 rows)
  pi=83 done (1326 rows)
  pi=84 done (1342 rows)
  pi=85 done (1358 rows)
  pi=86 done (1374 rows)
  pi=87 done (1390 rows)
  pi=88 done (1406 rows)
  pi=89 done (1422 rows)
  pi=90 done (1438 rows)
  pi=91 done (1454 rows)
  pi=92 done (1470 rows)
  pi=93 done (1486 rows)
  pi=94 done (1502 rows)
  pi=95 done (1518 rows)
  pi=96 done (1534 rows)
  pi=97 done (1550 rows)
  pi=98 done (1566 rows)
  pi=99 done (1582 rows)
  pi=100 done (1598 rows)
  pi=101 done (1614 rows)
  pi=102 done (1630 rows)
  pi=103 done (1646 rows)
  pi=104 done (1662 rows)
  pi=105 done (1678 rows)
  pi=106 done (1694 rows)
  pi=107 done (1710 rows)
  pi=108 done (1726 rows)
  pi=109 done (1742 rows)
  pi=110 done (1758 rows)
  pi=111 done (1774 rows)
  pi=112 done (1790 rows)
  pi=113 done (1806 rows)
  pi=114 done (1822 rows)
  pi=115 done (1838 rows)
  pi=116 done (1854 rows)
  pi=117 done (1870 rows)
  pi=118 done (1886 rows)
  pi=119 done (1902 rows)

==============================================================================
EXACT value of the route the TRAINED router picks (held-out problems only)
 layer     n   V_trained     V_base  paired diff                95% CI    win  n_chg
    36   328     -0.0673     0.0000      -0.0673  [-0.1366,-0.0068]  0.470   3.16  SIG
    44   328     -0.0727    -0.0000      -0.0727  [-0.1505,+0.0020]  0.540   3.36  ns

(negative V = better than the base route; negative diff = trained better)
Exception ignored in: <function ResourceTracker.__del__ at 0x5d2a74cc2c0>
Traceback (most recent call last):
  File "/home/xiang/miniconda3/envs/verl-clean/lib/python3.12/site-packages/multiprocess/resource_tracker.py", line 80, in __del__
  File "/home/xiang/miniconda3/envs/verl-clean/lib/python3.12/site-packages/multiprocess/resource_tracker.py", line 89, in _stop
  File "/home/xiang/miniconda3/envs/verl-clean/lib/python3.12/site-packages/multiprocess/resource_tracker.py", line 102, in _stop_locked
AttributeError: '_thread.RLock' object has no attribute '_recursion_count'
