Loading checkpoint shards:   0%|          | 0/16 [00:00<?, ?it/s]Loading checkpoint shards:   6%|▋         | 1/16 [00:21<05:15, 21.06s/it]Loading checkpoint shards:  12%|█▎        | 2/16 [00:45<05:22, 23.01s/it]Loading checkpoint shards:  19%|█▉        | 3/16 [01:09<05:04, 23.40s/it]Loading checkpoint shards:  25%|██▌       | 4/16 [01:33<04:42, 23.52s/it]Loading checkpoint shards:  31%|███▏      | 5/16 [01:56<04:16, 23.36s/it]Loading checkpoint shards:  38%|███▊      | 6/16 [02:20<03:58, 23.82s/it]Loading checkpoint shards:  44%|████▍     | 7/16 [02:45<03:36, 24.02s/it]Loading checkpoint shards:  50%|█████     | 8/16 [03:08<03:10, 23.76s/it]Loading checkpoint shards:  56%|█████▋    | 9/16 [03:33<02:48, 24.08s/it]Loading checkpoint shards:  62%|██████▎   | 10/16 [03:59<02:28, 24.74s/it]Loading checkpoint shards:  69%|██████▉   | 11/16 [04:23<02:02, 24.50s/it]Loading checkpoint shards:  75%|███████▌  | 12/16 [04:47<01:36, 24.23s/it]Loading checkpoint shards:  81%|████████▏ | 13/16 [05:11<01:13, 24.37s/it]Loading checkpoint shards:  88%|████████▊ | 14/16 [05:35<00:48, 24.29s/it]Loading checkpoint shards:  94%|█████████▍| 15/16 [05:51<00:21, 21.82s/it]Loading checkpoint shards: 100%|██████████| 16/16 [05:53<00:00, 15.83s/it]Loading checkpoint shards: 100%|██████████| 16/16 [05:53<00:00, 22.12s/it]
[1/80] shard@80 cells 24 proxy 0.8s exact 16.7s
[2/80] shard@80 cells 48 proxy 1.6s exact 28.8s
[3/80] shard@80 cells 72 proxy 2.3s exact 39.9s
[4/80] shard@80 cells 96 proxy 3.1s exact 51.6s
[5/80] shard@80 cells 120 proxy 3.8s exact 67.6s
[6/80] shard@80 cells 144 proxy 4.4s exact 74.9s
[7/80] shard@80 cells 168 proxy 5.1s exact 95.3s
[8/80] shard@80 cells 192 proxy 5.7s exact 109.0s
[9/80] shard@80 cells 216 proxy 6.4s exact 113.6s
[10/80] shard@80 cells 240 proxy 7.0s exact 140.7s
[11/80] shard@80 cells 264 proxy 7.7s exact 154.1s
[12/80] shard@80 cells 288 proxy 8.4s exact 166.7s
[13/80] shard@80 cells 312 proxy 9.1s exact 177.8s
[14/80] shard@80 cells 336 proxy 9.7s exact 184.4s
[15/80] shard@80 cells 360 proxy 10.4s exact 200.9s
[16/80] shard@80 cells 384 proxy 11.0s exact 217.0s
[17/80] shard@80 cells 408 proxy 11.7s exact 228.3s
[18/80] shard@80 cells 432 proxy 12.3s exact 244.2s
[19/80] shard@80 cells 456 proxy 13.0s exact 250.8s
[20/80] shard@80 cells 480 proxy 13.7s exact 280.9s
[21/80] shard@80 cells 504 proxy 14.4s exact 297.2s
[22/80] shard@80 cells 528 proxy 15.0s exact 307.7s
[23/80] shard@80 cells 552 proxy 15.7s exact 316.7s
[24/80] shard@80 cells 576 proxy 16.3s exact 346.1s
[25/80] shard@80 cells 600 proxy 17.0s exact 359.6s
[26/80] shard@80 cells 624 proxy 17.7s exact 376.4s
[27/80] shard@80 cells 648 proxy 18.4s exact 392.5s
[28/80] shard@80 cells 672 proxy 19.0s exact 401.3s
[29/80] shard@80 cells 696 proxy 19.7s exact 407.4s
[30/80] shard@80 cells 720 proxy 20.4s exact 440.0s
[31/80] shard@80 cells 744 proxy 21.0s exact 446.0s
[32/80] shard@80 cells 768 proxy 21.7s exact 483.1s
[33/80] shard@80 cells 792 proxy 22.4s exact 493.4s
[34/80] shard@80 cells 816 proxy 23.0s exact 511.2s
[35/80] shard@80 cells 840 proxy 23.7s exact 522.0s
[36/80] shard@80 cells 864 proxy 24.3s exact 529.9s
[37/80] shard@80 cells 888 proxy 25.0s exact 564.9s
[38/80] shard@80 cells 912 proxy 25.6s exact 579.7s
[39/80] shard@80 cells 936 proxy 26.3s exact 594.3s
[40/80] shard@80 cells 960 proxy 27.0s exact 605.6s
[41/80] shard@80 cells 984 proxy 27.6s exact 617.3s
[42/80] shard@80 cells 1008 proxy 28.3s exact 630.6s
[43/80] shard@80 cells 1032 proxy 29.0s exact 648.1s
[44/80] shard@80 cells 1056 proxy 29.6s exact 655.7s
[45/80] shard@80 cells 1080 proxy 30.3s exact 664.3s
[46/80] shard@80 cells 1104 proxy 30.9s exact 678.0s
[47/80] shard@80 cells 1128 proxy 31.6s exact 685.5s
[48/80] shard@80 cells 1152 proxy 32.2s exact 701.6s
[49/80] shard@80 cells 1176 proxy 32.9s exact 707.8s
[50/80] shard@80 cells 1200 proxy 33.5s exact 722.0s
[51/80] shard@80 cells 1224 proxy 34.2s exact 727.9s
[52/80] shard@80 cells 1248 proxy 34.8s exact 740.1s
[53/80] shard@80 cells 1272 proxy 35.5s exact 753.4s
[54/80] shard@80 cells 1296 proxy 36.1s exact 768.8s
[55/80] shard@80 cells 1320 proxy 36.8s exact 774.6s
[56/80] shard@80 cells 1344 proxy 37.4s exact 800.9s
[57/80] shard@80 cells 1368 proxy 38.1s exact 828.2s
[58/80] shard@80 cells 1392 proxy 38.7s exact 834.0s
[59/80] shard@80 cells 1416 proxy 39.4s exact 847.2s
[60/80] shard@80 cells 1440 proxy 40.0s exact 870.2s
[61/80] shard@80 cells 1464 proxy 40.7s exact 883.1s
[62/80] shard@80 cells 1488 proxy 41.3s exact 891.6s
[63/80] shard@80 cells 1512 proxy 42.0s exact 900.4s
[64/80] shard@80 cells 1536 proxy 42.6s exact 907.6s
[65/80] shard@80 cells 1560 proxy 43.3s exact 913.4s
[66/80] shard@80 cells 1584 proxy 43.9s exact 919.5s
[67/80] shard@80 cells 1608 proxy 44.6s exact 927.5s
[68/80] shard@80 cells 1632 proxy 45.2s exact 941.1s
[69/80] shard@80 cells 1656 proxy 45.8s exact 944.7s
[70/80] shard@80 cells 1680 proxy 46.5s exact 952.7s
[71/80] shard@80 cells 1704 proxy 47.1s exact 965.9s
[72/80] shard@80 cells 1728 proxy 47.8s exact 984.7s
[73/80] shard@80 cells 1752 proxy 48.4s exact 1017.0s
[74/80] shard@80 cells 1776 proxy 49.1s exact 1034.8s
[75/80] shard@80 cells 1800 proxy 49.7s exact 1049.8s
[76/80] shard@80 cells 1824 proxy 50.4s exact 1078.9s
[77/80] shard@80 cells 1848 proxy 51.0s exact 1086.2s
[78/80] shard@80 cells 1872 proxy 51.7s exact 1094.0s
[79/80] shard@80 cells 1896 proxy 52.3s exact 1099.6s
[80/80] shard@80 cells 1920 proxy 53.0s exact 1112.7s
wrote results/e08_cache_b.pt: 1920 cells
Exception ignored in: <function ResourceTracker.__del__ at 0xd73d02afd80>
Traceback (most recent call last):
  File "/home/xiang/miniconda3/envs/verl-clean/lib/python3.12/site-packages/multiprocess/resource_tracker.py", line 80, in __del__
  File "/home/xiang/miniconda3/envs/verl-clean/lib/python3.12/site-packages/multiprocess/resource_tracker.py", line 89, in _stop
  File "/home/xiang/miniconda3/envs/verl-clean/lib/python3.12/site-packages/multiprocess/resource_tracker.py", line 102, in _stop_locked
AttributeError: '_thread.RLock' object has no attribute '_recursion_count'
