Loading checkpoint shards:   0%|          | 0/16 [00:00<?, ?it/s]Loading checkpoint shards:   6%|▋         | 1/16 [00:19<04:49, 19.31s/it]Loading checkpoint shards:  12%|█▎        | 2/16 [00:42<05:02, 21.61s/it]Loading checkpoint shards:  19%|█▉        | 3/16 [01:05<04:50, 22.36s/it]Loading checkpoint shards:  25%|██▌       | 4/16 [01:29<04:33, 22.79s/it]Loading checkpoint shards:  31%|███▏      | 5/16 [01:52<04:11, 22.89s/it]Loading checkpoint shards:  38%|███▊      | 6/16 [02:14<03:47, 22.71s/it]Loading checkpoint shards:  44%|████▍     | 7/16 [02:36<03:22, 22.49s/it]Loading checkpoint shards:  50%|█████     | 8/16 [02:59<03:00, 22.51s/it]Loading checkpoint shards:  56%|█████▋    | 9/16 [03:21<02:37, 22.46s/it]Loading checkpoint shards:  62%|██████▎   | 10/16 [03:43<02:13, 22.33s/it]Loading checkpoint shards:  69%|██████▉   | 11/16 [04:05<01:51, 22.34s/it]Loading checkpoint shards:  75%|███████▌  | 12/16 [04:29<01:31, 22.78s/it]Loading checkpoint shards:  81%|████████▏ | 13/16 [04:54<01:09, 23.24s/it]Loading checkpoint shards:  88%|████████▊ | 14/16 [05:17<00:46, 23.16s/it]Loading checkpoint shards:  94%|█████████▍| 15/16 [05:40<00:23, 23.22s/it]Loading checkpoint shards: 100%|██████████| 16/16 [05:45<00:00, 17.74s/it]Loading checkpoint shards: 100%|██████████| 16/16 [05:45<00:00, 21.59s/it]
[1/80] shard@0 cells 24 proxy 0.9s exact 11.5s
[2/80] shard@0 cells 48 proxy 1.6s exact 32.4s
[3/80] shard@0 cells 72 proxy 2.4s exact 40.1s
[4/80] shard@0 cells 96 proxy 3.1s exact 51.8s
[5/80] shard@0 cells 120 proxy 3.8s exact 67.0s
[6/80] shard@0 cells 144 proxy 4.5s exact 77.2s
[7/80] shard@0 cells 168 proxy 5.1s exact 100.2s
[8/80] shard@0 cells 192 proxy 5.8s exact 110.1s
[9/80] shard@0 cells 216 proxy 6.4s exact 122.0s
[10/80] shard@0 cells 240 proxy 7.1s exact 130.3s
[11/80] shard@0 cells 264 proxy 7.8s exact 142.7s
[12/80] shard@0 cells 288 proxy 8.4s exact 149.6s
[13/80] shard@0 cells 312 proxy 9.1s exact 160.8s
[14/80] shard@0 cells 336 proxy 9.8s exact 194.8s
[15/80] shard@0 cells 360 proxy 10.4s exact 201.3s
[16/80] shard@0 cells 384 proxy 11.1s exact 210.2s
[17/80] shard@0 cells 408 proxy 11.8s exact 216.1s
[18/80] shard@0 cells 432 proxy 12.4s exact 221.6s
[19/80] shard@0 cells 456 proxy 13.1s exact 228.7s
[20/80] shard@0 cells 480 proxy 13.7s exact 235.3s
[21/80] shard@0 cells 504 proxy 14.4s exact 251.8s
[22/80] shard@0 cells 528 proxy 15.0s exact 273.6s
[23/80] shard@0 cells 552 proxy 15.7s exact 282.2s
[24/80] shard@0 cells 576 proxy 16.4s exact 294.9s
[25/80] shard@0 cells 600 proxy 17.0s exact 310.8s
[26/80] shard@0 cells 624 proxy 17.7s exact 336.3s
[27/80] shard@0 cells 648 proxy 18.3s exact 348.8s
[28/80] shard@0 cells 672 proxy 19.1s exact 374.1s
[30/80] shard@0 cells 696 proxy 19.7s exact 384.7s
[31/80] shard@0 cells 720 proxy 20.4s exact 415.6s
[32/80] shard@0 cells 744 proxy 21.1s exact 449.7s
[33/80] shard@0 cells 768 proxy 21.8s exact 464.0s
[34/80] shard@0 cells 792 proxy 22.5s exact 472.6s
[35/80] shard@0 cells 816 proxy 23.2s exact 485.2s
[36/80] shard@0 cells 840 proxy 23.9s exact 503.7s
[37/80] shard@0 cells 864 proxy 24.5s exact 516.9s
[38/80] shard@0 cells 888 proxy 25.2s exact 531.2s
[39/80] shard@0 cells 912 proxy 25.8s exact 542.9s
[40/80] shard@0 cells 936 proxy 26.5s exact 550.3s
[41/80] shard@0 cells 960 proxy 27.1s exact 559.8s
[42/80] shard@0 cells 984 proxy 27.8s exact 573.0s
[43/80] shard@0 cells 1008 proxy 28.5s exact 587.8s
[44/80] shard@0 cells 1032 proxy 29.1s exact 592.9s
[45/80] shard@0 cells 1056 proxy 29.8s exact 600.3s
[46/80] shard@0 cells 1080 proxy 30.5s exact 611.1s
[47/80] shard@0 cells 1104 proxy 31.1s exact 629.0s
[48/80] shard@0 cells 1128 proxy 31.7s exact 644.0s
[49/80] shard@0 cells 1152 proxy 32.4s exact 652.4s
[50/80] shard@0 cells 1176 proxy 33.1s exact 660.9s
[51/80] shard@0 cells 1200 proxy 33.8s exact 666.2s
[52/80] shard@0 cells 1224 proxy 34.4s exact 676.7s
[53/80] shard@0 cells 1248 proxy 35.1s exact 703.5s
[54/80] shard@0 cells 1272 proxy 35.8s exact 713.9s
[55/80] shard@0 cells 1293 proxy 36.3s exact 718.5s
[56/80] shard@0 cells 1317 proxy 37.0s exact 729.9s
[57/80] shard@0 cells 1341 proxy 37.6s exact 744.5s
[58/80] shard@0 cells 1365 proxy 38.3s exact 762.6s
[59/80] shard@0 cells 1389 proxy 38.9s exact 793.0s
[60/80] shard@0 cells 1413 proxy 39.6s exact 798.8s
[61/80] shard@0 cells 1437 proxy 40.3s exact 807.2s
[62/80] shard@0 cells 1461 proxy 40.9s exact 812.8s
[63/80] shard@0 cells 1485 proxy 41.6s exact 836.4s
[64/80] shard@0 cells 1509 proxy 42.3s exact 848.0s
[65/80] shard@0 cells 1533 proxy 42.9s exact 863.5s
[66/80] shard@0 cells 1557 proxy 43.6s exact 877.9s
[67/80] shard@0 cells 1581 proxy 44.3s exact 883.6s
[68/80] shard@0 cells 1605 proxy 44.9s exact 892.5s
[69/80] shard@0 cells 1629 proxy 45.6s exact 905.2s
[70/80] shard@0 cells 1653 proxy 46.2s exact 917.4s
[71/80] shard@0 cells 1677 proxy 46.9s exact 932.7s
[72/80] shard@0 cells 1701 proxy 47.5s exact 938.7s
[73/80] shard@0 cells 1725 proxy 48.2s exact 950.7s
[74/80] shard@0 cells 1749 proxy 48.8s exact 975.0s
[75/80] shard@0 cells 1773 proxy 49.5s exact 1010.9s
[76/80] shard@0 cells 1797 proxy 50.2s exact 1027.2s
[77/80] shard@0 cells 1821 proxy 50.9s exact 1037.1s
[78/80] shard@0 cells 1845 proxy 51.5s exact 1042.1s
[79/80] shard@0 cells 1869 proxy 52.2s exact 1057.4s
[80/80] shard@0 cells 1893 proxy 52.8s exact 1068.0s
wrote results/e08_cache_a.pt: 1893 cells
Exception ignored in: <function ResourceTracker.__del__ at 0x10f47428bd80>
Traceback (most recent call last):
  File "/home/xiang/miniconda3/envs/verl-clean/lib/python3.12/site-packages/multiprocess/resource_tracker.py", line 80, in __del__
  File "/home/xiang/miniconda3/envs/verl-clean/lib/python3.12/site-packages/multiprocess/resource_tracker.py", line 89, in _stop
  File "/home/xiang/miniconda3/envs/verl-clean/lib/python3.12/site-packages/multiprocess/resource_tracker.py", line 102, in _stop_locked
AttributeError: '_thread.RLock' object has no attribute '_recursion_count'
