Loading checkpoint shards:   0%|          | 0/16 [00:00<?, ?it/s]Loading checkpoint shards:   6%|▋         | 1/16 [00:20<05:06, 20.40s/it]Loading checkpoint shards:  12%|█▎        | 2/16 [00:43<05:08, 22.07s/it]Loading checkpoint shards:  19%|█▉        | 3/16 [01:07<04:59, 23.04s/it]Loading checkpoint shards:  25%|██▌       | 4/16 [01:31<04:39, 23.30s/it]Loading checkpoint shards:  31%|███▏      | 5/16 [01:56<04:22, 23.88s/it]Loading checkpoint shards:  38%|███▊      | 6/16 [02:21<04:03, 24.34s/it]Loading checkpoint shards:  44%|████▍     | 7/16 [02:48<03:46, 25.16s/it]Loading checkpoint shards:  50%|█████     | 8/16 [03:12<03:19, 24.93s/it]Loading checkpoint shards:  56%|█████▋    | 9/16 [03:37<02:53, 24.77s/it]Loading checkpoint shards:  62%|██████▎   | 10/16 [04:00<02:25, 24.19s/it]Loading checkpoint shards:  69%|██████▉   | 11/16 [04:24<02:00, 24.08s/it]Loading checkpoint shards:  75%|███████▌  | 12/16 [04:48<01:36, 24.06s/it]Loading checkpoint shards:  81%|████████▏ | 13/16 [05:11<01:11, 23.75s/it]Loading checkpoint shards:  88%|████████▊ | 14/16 [05:34<00:47, 23.55s/it]Loading checkpoint shards:  94%|█████████▍| 15/16 [05:44<00:19, 19.39s/it]Loading checkpoint shards: 100%|██████████| 16/16 [05:46<00:00, 14.21s/it]Loading checkpoint shards: 100%|██████████| 16/16 [05:46<00:00, 21.64s/it]
[1/105] shard@105 tokens 6
[2/105] shard@105 tokens 12
[3/105] shard@105 tokens 18
[4/105] shard@105 tokens 24
[5/105] shard@105 tokens 30
[6/105] shard@105 tokens 36
[7/105] shard@105 tokens 42
[8/105] shard@105 tokens 48
[9/105] shard@105 tokens 54
[10/105] shard@105 tokens 60
[11/105] shard@105 tokens 66
[12/105] shard@105 tokens 72
[13/105] shard@105 tokens 78
[14/105] shard@105 tokens 84
[15/105] shard@105 tokens 90
[16/105] shard@105 tokens 96
[17/105] shard@105 tokens 102
[18/105] shard@105 tokens 108
[19/105] shard@105 tokens 114
[20/105] shard@105 tokens 120
[21/105] shard@105 tokens 126
[22/105] shard@105 tokens 132
[23/105] shard@105 tokens 138
[24/105] shard@105 tokens 144
[25/105] shard@105 tokens 150
[26/105] shard@105 tokens 156
[27/105] shard@105 tokens 162
[28/105] shard@105 tokens 168
[29/105] shard@105 tokens 174
[30/105] shard@105 tokens 180
[31/105] shard@105 tokens 186
[32/105] shard@105 tokens 192
[33/105] shard@105 tokens 198
[34/105] shard@105 tokens 204
[35/105] shard@105 tokens 210
[36/105] shard@105 tokens 216
[37/105] shard@105 tokens 222
[38/105] shard@105 tokens 228
[39/105] shard@105 tokens 234
[40/105] shard@105 tokens 240
[41/105] shard@105 tokens 246
[42/105] shard@105 tokens 252
[43/105] shard@105 tokens 258
[44/105] shard@105 tokens 264
[45/105] shard@105 tokens 270
[46/105] shard@105 tokens 276
[47/105] shard@105 tokens 282
[48/105] shard@105 tokens 288
[49/105] shard@105 tokens 294
[50/105] shard@105 tokens 300
[51/105] shard@105 tokens 306
[52/105] shard@105 tokens 312
[53/105] shard@105 tokens 318
[54/105] shard@105 tokens 324
[55/105] shard@105 tokens 330
[56/105] shard@105 tokens 336
[57/105] shard@105 tokens 342
[58/105] shard@105 tokens 348
[59/105] shard@105 tokens 354
[60/105] shard@105 tokens 360
[61/105] shard@105 tokens 366
[62/105] shard@105 tokens 372
[63/105] shard@105 tokens 378
[64/105] shard@105 tokens 384
[65/105] shard@105 tokens 390
[66/105] shard@105 tokens 396
[67/105] shard@105 tokens 402
[68/105] shard@105 tokens 408
[69/105] shard@105 tokens 414
[70/105] shard@105 tokens 420
[71/105] shard@105 tokens 426
[72/105] shard@105 tokens 432
[73/105] shard@105 tokens 438
[74/105] shard@105 tokens 444
[75/105] shard@105 tokens 450
[76/105] shard@105 tokens 456
[77/105] shard@105 tokens 462
[78/105] shard@105 tokens 468
[79/105] shard@105 tokens 474
[80/105] shard@105 tokens 480
[81/105] shard@105 tokens 486
[82/105] shard@105 tokens 492
[83/105] shard@105 tokens 498
[84/105] shard@105 tokens 504
[85/105] shard@105 tokens 510
[86/105] shard@105 tokens 516
[87/105] shard@105 tokens 522
[88/105] shard@105 tokens 528
[89/105] shard@105 tokens 534
[90/105] shard@105 tokens 540
[91/105] shard@105 tokens 546
[92/105] shard@105 tokens 552
[93/105] shard@105 tokens 558
[94/105] shard@105 tokens 564
[95/105] shard@105 tokens 570
[96/105] shard@105 tokens 576
[97/105] shard@105 tokens 582
[98/105] shard@105 tokens 588
[99/105] shard@105 tokens 594
[100/105] shard@105 tokens 600
[101/105] shard@105 tokens 606
[102/105] shard@105 tokens 612
[103/105] shard@105 tokens 618
[104/105] shard@105 tokens 624
[105/105] shard@105 tokens 630
wrote results/e09_cache_b.pt: 630 tokens
Exception ignored in: <function ResourceTracker.__del__ at 0xb43b1a13ce0>
Traceback (most recent call last):
  File "/home/xiang/miniconda3/envs/verl-clean/lib/python3.12/site-packages/multiprocess/resource_tracker.py", line 80, in __del__
  File "/home/xiang/miniconda3/envs/verl-clean/lib/python3.12/site-packages/multiprocess/resource_tracker.py", line 89, in _stop
  File "/home/xiang/miniconda3/envs/verl-clean/lib/python3.12/site-packages/multiprocess/resource_tracker.py", line 102, in _stop_locked
AttributeError: '_thread.RLock' object has no attribute '_recursion_count'
