Loading checkpoint shards:   0%|          | 0/16 [00:00<?, ?it/s]Loading checkpoint shards:   6%|▋         | 1/16 [00:29<07:16, 29.13s/it]Loading checkpoint shards:  12%|█▎        | 2/16 [01:03<07:34, 32.49s/it]Loading checkpoint shards:  19%|█▉        | 3/16 [01:37<07:07, 32.89s/it]Loading checkpoint shards:  25%|██▌       | 4/16 [02:12<06:43, 33.59s/it]Loading checkpoint shards:  31%|███▏      | 5/16 [02:46<06:14, 34.00s/it]Loading checkpoint shards:  38%|███▊      | 6/16 [03:21<05:43, 34.37s/it]Loading checkpoint shards:  44%|████▍     | 7/16 [03:53<05:02, 33.62s/it]Loading checkpoint shards:  50%|█████     | 8/16 [04:26<04:25, 33.14s/it]Loading checkpoint shards:  56%|█████▋    | 9/16 [04:59<03:52, 33.26s/it]Loading checkpoint shards:  62%|██████▎   | 10/16 [05:31<03:17, 32.95s/it]Loading checkpoint shards:  69%|██████▉   | 11/16 [06:04<02:43, 32.77s/it]Loading checkpoint shards:  75%|███████▌  | 12/16 [06:34<02:08, 32.12s/it]Loading checkpoint shards:  81%|████████▏ | 13/16 [07:07<01:36, 32.17s/it]Loading checkpoint shards:  88%|████████▊ | 14/16 [07:36<01:02, 31.31s/it]Loading checkpoint shards:  94%|█████████▍| 15/16 [07:50<00:26, 26.04s/it]Loading checkpoint shards: 100%|██████████| 16/16 [07:52<00:00, 18.94s/it]Loading checkpoint shards: 100%|██████████| 16/16 [07:52<00:00, 29.54s/it]
[1/105] shard@105 problems 1
  V1 ok: cached replay 247.7829 vs 247.7829; mask ((1, 1, 271, 271), torch.bool)
[2/105] shard@105 problems 2
[3/105] shard@105 problems 3
[4/105] shard@105 problems 4
[5/105] shard@105 problems 5
[6/105] shard@105 problems 6
[7/105] shard@105 problems 7
[8/105] shard@105 problems 8
[9/105] shard@105 problems 9
[10/105] shard@105 problems 10
[11/105] shard@105 problems 11
[12/105] shard@105 problems 12
[13/105] shard@105 problems 13
[14/105] shard@105 problems 14
[15/105] shard@105 problems 15
[16/105] shard@105 problems 16
[17/105] shard@105 problems 17
[18/105] shard@105 problems 18
[19/105] shard@105 problems 19
[20/105] shard@105 problems 20
[21/105] shard@105 problems 21
[22/105] shard@105 problems 22
[23/105] shard@105 problems 23
[24/105] shard@105 problems 24
[25/105] shard@105 problems 25
[26/105] shard@105 problems 26
[27/105] shard@105 problems 27
[28/105] shard@105 problems 28
[29/105] shard@105 problems 29
[30/105] shard@105 problems 30
[31/105] shard@105 problems 31
[32/105] shard@105 problems 32
[33/105] shard@105 problems 33
[34/105] shard@105 problems 34
[35/105] shard@105 problems 35
[36/105] shard@105 problems 36
[37/105] shard@105 problems 37
[38/105] shard@105 problems 38
[39/105] shard@105 problems 39
[40/105] shard@105 problems 40
[41/105] shard@105 problems 41
[42/105] shard@105 problems 42
[43/105] shard@105 problems 43
[44/105] shard@105 problems 44
[45/105] shard@105 problems 45
[46/105] shard@105 problems 46
[47/105] shard@105 problems 47
[48/105] shard@105 problems 48
[49/105] shard@105 problems 49
[50/105] shard@105 problems 50
[51/105] shard@105 problems 51
[52/105] shard@105 problems 52
[53/105] shard@105 problems 53
[54/105] shard@105 problems 54
[55/105] shard@105 problems 55
[56/105] shard@105 problems 56
[57/105] shard@105 problems 57
[58/105] shard@105 problems 58
[59/105] shard@105 problems 59
[60/105] shard@105 problems 60
[61/105] shard@105 problems 61
[62/105] shard@105 problems 62
[63/105] shard@105 problems 63
[64/105] shard@105 problems 64
[65/105] shard@105 problems 65
[66/105] shard@105 problems 66
[67/105] shard@105 problems 67
[68/105] shard@105 problems 68
[69/105] shard@105 problems 69
[70/105] shard@105 problems 70
[71/105] shard@105 problems 71
[72/105] shard@105 problems 72
[73/105] shard@105 problems 73
[74/105] shard@105 problems 74
[75/105] shard@105 problems 75
[76/105] shard@105 problems 76
[77/105] shard@105 problems 77
[78/105] shard@105 problems 78
[79/105] shard@105 problems 79
[80/105] shard@105 problems 80
[81/105] shard@105 problems 81
[82/105] shard@105 problems 82
[83/105] shard@105 problems 83
[84/105] shard@105 problems 84
[85/105] shard@105 problems 85
[86/105] shard@105 problems 86
[87/105] shard@105 problems 87
[88/105] shard@105 problems 88
[89/105] shard@105 problems 89
[90/105] shard@105 problems 90
[91/105] shard@105 problems 91
[92/105] shard@105 problems 92
[93/105] shard@105 problems 93
[94/105] shard@105 problems 94
[95/105] shard@105 problems 95
[96/105] shard@105 problems 96
[97/105] shard@105 problems 97
[98/105] shard@105 problems 98
[99/105] shard@105 problems 99
[100/105] shard@105 problems 100
[101/105] shard@105 problems 101
[102/105] shard@105 problems 102
[103/105] shard@105 problems 103
[104/105] shard@105 problems 104
[105/105] shard@105 problems 105
wrote results/e10_cache_b.pt: 105 problems
Exception ignored in: <function ResourceTracker.__del__ at 0x879dd1dbce0>
Traceback (most recent call last):
  File "/home/xiang/miniconda3/envs/verl-clean/lib/python3.12/site-packages/multiprocess/resource_tracker.py", line 80, in __del__
  File "/home/xiang/miniconda3/envs/verl-clean/lib/python3.12/site-packages/multiprocess/resource_tracker.py", line 89, in _stop
  File "/home/xiang/miniconda3/envs/verl-clean/lib/python3.12/site-packages/multiprocess/resource_tracker.py", line 102, in _stop_locked
AttributeError: '_thread.RLock' object has no attribute '_recursion_count'
