pythia-70m__step6000 {'S1_nat': (0.16, 0.46, -0.29), 'S2_shuf': (0.52, 1.46, -0.28), 'S3_unig': (0.28, 0.78, -0.41), 'S4_hi': (0.61, 0.66, 3.38), 'S5_mid': (0.89, 0.81, 5.15), 'S6_lo': (1.52, 1.22, 6.33)} {'rho_FL_CL': 0.83, 'rho_proj_CL': 0.76, 'rho_FL_proj': 0.88} (14.1s)
AttributeError: '_thread.RLock' object has no attribute '_recursion_count'
pythia-70m__step64000 {'S1_nat': (0.18, 0.95, 1.77), 'S2_shuf': (0.64, 2.94, 1.9), 'S3_unig': (0.33, 2.26, 1.92), 'S4_hi': (1.1, 0.77, 6.63), 'S5_mid': (1.71, 0.68, 8.63), 'S6_lo': (2.44, 0.9, 9.95)} {'rho_FL_CL': 0.83, 'rho_proj_CL': 0.77, 'rho_FL_proj': 0.89} (14.8s)
AttributeError: '_thread.RLock' object has no attribute '_recursion_count'
pythia-70m__step143000 {'S1_nat': (0.19, 1.37, 0.81), 'S2_shuf': (0.61, 3.97, 0.89), 'S3_unig': (0.32, 3.38, 0.89), 'S4_hi': (0.79, 0.63, 3.38), 'S5_mid': (1.4, 0.68, 4.45), 'S6_lo': (2.5, 1.0, 5.12)} {'rho_FL_CL': 0.78, 'rho_proj_CL': 0.76, 'rho_FL_proj': 0.84} (15.4s)
AttributeError: '_thread.RLock' object has no attribute '_recursion_count'
pythia-70m-seed1__step6000 {'S1_nat': (0.12, 0.31, -0.46), 'S2_shuf': (0.45, 1.14, -0.45), 'S3_unig': (0.25, 0.72, -0.54), 'S4_hi': (0.49, 0.7, 3.08), 'S5_mid': (0.77, 0.88, 4.63), 'S6_lo': (1.43, 1.46, 5.57)} {'rho_FL_CL': 0.85, 'rho_proj_CL': 0.77, 'rho_FL_proj': 0.88} (15.3s)
AttributeError: '_thread.RLock' object has no attribute '_recursion_count'
pythia-70m-seed1__step64000 {'S1_nat': (0.17, 1.29, 0.62), 'S2_shuf': (0.61, 3.78, 0.74), 'S3_unig': (0.31, 3.41, 0.73), 'S4_hi': (1.13, 1.14, 5.02), 'S5_mid': (1.67, 1.25, 6.59), 'S6_lo': (2.37, 1.66, 7.43)} {'rho_FL_CL': 0.86, 'rho_proj_CL': 0.81, 'rho_FL_proj': 0.88} (14.1s)
AttributeError: '_thread.RLock' object has no attribute '_recursion_count'
pythia-70m-seed1__step143000 {'S1_nat': (0.15, 2.0, 0.48), 'S2_shuf': (0.57, 5.34, 0.54), 'S3_unig': (0.27, 5.62, 0.55), 'S4_hi': (0.91, 1.11, 2.67), 'S5_mid': (1.29, 1.1, 3.42), 'S6_lo': (1.77, 1.46, 3.78)} {'rho_FL_CL': 0.85, 'rho_proj_CL': 0.78, 'rho_FL_proj': 0.88} (16.5s)
AttributeError: '_thread.RLock' object has no attribute '_recursion_count'
pythia-70m-seed2__step6000 {'S1_nat': (0.17, 0.21, -1.5), 'S2_shuf': (0.48, 0.62, -1.49), 'S3_unig': (0.2, 0.24, -1.58), 'S4_hi': (0.47, 0.41, 1.9), 'S5_mid': (0.68, 0.51, 3.38), 'S6_lo': (1.25, 0.9, 4.42)} {'rho_FL_CL': 0.78, 'rho_proj_CL': 0.75, 'rho_FL_proj': 0.88} (14.6s)
AttributeError: '_thread.RLock' object has no attribute '_recursion_count'
pythia-70m-seed2__step143000 {'S1_nat': (0.17, 0.5, 0.43), 'S2_shuf': (0.55, 1.5, 0.51), 'S3_unig': (0.28, 0.92, 0.53), 'S4_hi': (1.7, 0.48, 2.66), 'S5_mid': (5.22, 0.49, 3.35), 'S6_lo': (9.36, 0.74, 3.77)} {'rho_FL_CL': 0.84, 'rho_proj_CL': 0.86, 'rho_FL_proj': 0.85} (14.8s)
AttributeError: '_thread.RLock' object has no attribute '_recursion_count'
pythia-70m-seed3__step6000 {'S1_nat': (0.12, 0.19, -1.0), 'S2_shuf': (0.44, 0.66, -0.96), 'S3_unig': (0.22, 0.28, -1.12), 'S4_hi': (0.61, 0.56, 2.16), 'S5_mid': (0.86, 0.74, 3.59), 'S6_lo': (1.48, 1.22, 4.61)} {'rho_FL_CL': 0.86, 'rho_proj_CL': 0.79, 'rho_FL_proj': 0.88} (16.4s)
AttributeError: '_thread.RLock' object has no attribute '_recursion_count'
pythia-70m-seed3__step64000 {'S1_nat': (0.19, 0.83, -0.13), 'S2_shuf': (0.69, 2.77, 0.03), 'S3_unig': (0.38, 1.84, -0.07), 'S4_hi': (0.84, 0.83, 3.86), 'S5_mid': (1.21, 0.75, 5.29), 'S6_lo': (2.14, 1.04, 6.09)} {'rho_FL_CL': 0.85, 'rho_proj_CL': 0.77, 'rho_FL_proj': 0.88} (16.6s)
AttributeError: '_thread.RLock' object has no attribute '_recursion_count'
pythia-70m-seed3__step143000 {'S1_nat': (0.15, 0.61, -0.14), 'S2_shuf': (0.59, 1.76, -0.08), 'S3_unig': (0.29, 1.01, -0.13), 'S4_hi': (0.71, 0.79, 1.9), 'S5_mid': (1.06, 0.72, 2.57), 'S6_lo': (1.85, 0.98, 2.91)} {'rho_FL_CL': 0.82, 'rho_proj_CL': 0.78, 'rho_FL_proj': 0.83} (15.8s)
AttributeError: '_thread.RLock' object has no attribute '_recursion_count'
pythia-70m-seed4__step8000 {'S1_nat': (0.11, 0.16, -1.4), 'S2_shuf': (0.4, 0.55, -1.39), 'S3_unig': (0.16, 0.22, -1.49), 'S4_hi': (0.44, 0.38, 2.34), 'S5_mid': (0.69, 0.51, 3.92), 'S6_lo': (1.39, 0.86, 4.98)} {'rho_FL_CL': 0.82, 'rho_proj_CL': 0.77, 'rho_FL_proj': 0.88} (16.3s)
AttributeError: '_thread.RLock' object has no attribute '_recursion_count'
pythia-70m-seed4__step64000 {'S1_nat': (0.14, 0.21, -0.27), 'S2_shuf': (0.45, 0.7, -0.17), 'S3_unig': (0.24, 0.36, -0.16), 'S4_hi': (0.78, 0.41, 3.67), 'S5_mid': (1.79, 0.49, 4.88), 'S6_lo': (4.04, 0.79, 5.67)} {'rho_FL_CL': 0.87, 'rho_proj_CL': 0.82, 'rho_FL_proj': 0.89} (16.6s)
AttributeError: '_thread.RLock' object has no attribute '_recursion_count'
pythia-70m-seed4__step143000 {'S1_nat': (0.11, 0.13, -0.44), 'S2_shuf': (0.39, 0.46, -0.41), 'S3_unig': (0.18, 0.19, -0.4), 'S4_hi': (0.95, 0.28, 1.65), 'S5_mid': (1.67, 0.31, 2.26), 'S6_lo': (2.7, 0.46, 2.61)} {'rho_FL_CL': 0.82, 'rho_proj_CL': 0.81, 'rho_FL_proj': 0.84} (13.9s)
AttributeError: '_thread.RLock' object has no attribute '_recursion_count'
pythia-70m-seed5__step16000 {'S1_nat': (0.14, 0.24, -0.56), 'S2_shuf': (0.47, 0.82, -0.44), 'S3_unig': (0.25, 0.47, -0.51), 'S4_hi': (0.27, 0.17, 4.23), 'S5_mid': (0.29, 0.15, 6.03), 'S6_lo': (0.42, 0.21, 7.25)} {'rho_FL_CL': 0.48, 'rho_proj_CL': 0.37, 'rho_FL_proj': 0.89} (19.1s)
AttributeError: '_thread.RLock' object has no attribute '_recursion_count'
pythia-70m-seed5__step64000 {'S1_nat': (0.12, 0.39, 1.07), 'S2_shuf': (0.44, 1.19, 1.29), 'S3_unig': (0.21, 0.69, 1.3), 'S4_hi': (0.66, 0.23, 5.18), 'S5_mid': (1.01, 0.22, 6.6), 'S6_lo': (1.37, 0.38, 7.41)} {'rho_FL_CL': 0.84, 'rho_proj_CL': 0.79, 'rho_FL_proj': 0.89} (18.1s)
AttributeError: '_thread.RLock' object has no attribute '_recursion_count'
pythia-70m-seed5__step143000 {'S1_nat': (0.14, 0.5, 0.42), 'S2_shuf': (0.55, 1.74, 0.52), 'S3_unig': (0.28, 1.23, 0.51), 'S4_hi': (1.36, 0.33, 2.57), 'S5_mid': (2.17, 0.31, 3.25), 'S6_lo': (2.71, 0.48, 3.6)} {'rho_FL_CL': 0.82, 'rho_proj_CL': 0.81, 'rho_FL_proj': 0.84} (20.9s)
AttributeError: '_thread.RLock' object has no attribute '_recursion_count'
pythia-70m-seed6__step64000 {'S1_nat': (0.21, 0.85, -0.38), 'S2_shuf': (0.7, 2.77, -0.21), 'S3_unig': (0.42, 1.88, -0.31), 'S4_hi': (0.55, 0.48, 3.5), 'S5_mid': (0.72, 0.53, 4.82), 'S6_lo': (1.15, 0.91, 5.59)} {'rho_FL_CL': 0.76, 'rho_proj_CL': 0.65, 'rho_FL_proj': 0.88} (15.2s)
AttributeError: '_thread.RLock' object has no attribute '_recursion_count'
pythia-70m-seed6__step100000 {'S1_nat': (0.11, 1.26, 0.23), 'S2_shuf': (0.41, 3.49, 0.36), 'S3_unig': (0.17, 2.73, 0.29), 'S4_hi': (0.32, 0.23, 2.94), 'S5_mid': (0.42, 0.26, 3.85), 'S6_lo': (0.71, 0.43, 4.34)} {'rho_FL_CL': 0.79, 'rho_proj_CL': 0.71, 'rho_FL_proj': 0.88} (17.2s)
AttributeError: '_thread.RLock' object has no attribute '_recursion_count'
pythia-70m-seed6__step143000 {'S1_nat': (0.13, 0.54, 0.08), 'S2_shuf': (0.47, 1.53, 0.17), 'S3_unig': (0.2, 0.8, 0.12), 'S4_hi': (0.41, 0.16, 2.11), 'S5_mid': (0.58, 0.19, 2.78), 'S6_lo': (0.93, 0.38, 3.14)} {'rho_FL_CL': 0.76, 'rho_proj_CL': 0.74, 'rho_FL_proj': 0.83} (15.9s)
AttributeError: '_thread.RLock' object has no attribute '_recursion_count'
pythia-70m-seed7__step6000 {'S1_nat': (0.12, 0.24, 1.27), 'S2_shuf': (0.47, 0.89, 1.3), 'S3_unig': (0.2, 0.39, 1.25), 'S4_hi': (0.41, 0.35, 4.61), 'S5_mid': (0.69, 0.41, 6.18), 'S6_lo': (1.75, 0.78, 7.24)} {'rho_FL_CL': 0.83, 'rho_proj_CL': 0.76, 'rho_FL_proj': 0.89} (13.0s)
AttributeError: '_thread.RLock' object has no attribute '_recursion_count'
pythia-70m-seed7__step64000 {'S1_nat': (0.19, 1.14, 1.79), 'S2_shuf': (0.64, 3.53, 2.01), 'S3_unig': (0.4, 2.87, 2.04), 'S4_hi': (2.51, 1.03, 6.29), 'S5_mid': (5.4, 0.81, 7.9), 'S6_lo': (6.72, 1.09, 8.83)} {'rho_FL_CL': 0.86, 'rho_proj_CL': 0.81, 'rho_FL_proj': 0.89} (13.5s)
AttributeError: '_thread.RLock' object has no attribute '_recursion_count'
pythia-70m-seed7__step143000 {'S1_nat': (0.17, 1.16, 0.86), 'S2_shuf': (0.51, 3.33, 0.99), 'S3_unig': (0.23, 2.66, 1.01), 'S4_hi': (1.18, 0.68, 3.32), 'S5_mid': (3.49, 0.56, 4.19), 'S6_lo': (4.94, 0.78, 4.68)} {'rho_FL_CL': 0.8, 'rho_proj_CL': 0.77, 'rho_FL_proj': 0.87} (15.0s)
AttributeError: '_thread.RLock' object has no attribute '_recursion_count'
pythia-70m-seed8__step8000 {'S1_nat': (0.12, 0.38, -3.03), 'S2_shuf': (0.46, 1.16, -2.96), 'S3_unig': (0.22, 0.74, -2.89), 'S4_hi': (0.16, 0.39, 1.08), 'S5_mid': (0.16, 0.24, 2.82), 'S6_lo': (0.26, 0.32, 4.16)} {'rho_FL_CL': 0.2, 'rho_proj_CL': 0.04, 'rho_FL_proj': 0.9} (16.5s)
AttributeError: '_thread.RLock' object has no attribute '_recursion_count'
pythia-70m-seed8__step64000 {'S1_nat': (0.13, 0.36, -1.42), 'S2_shuf': (0.47, 1.09, -1.29), 'S3_unig': (0.23, 0.68, -1.22), 'S4_hi': (0.74, 0.55, 2.4), 'S5_mid': (1.35, 0.52, 3.8), 'S6_lo': (2.25, 0.79, 4.78)} {'rho_FL_CL': 0.87, 'rho_proj_CL': 0.81, 'rho_FL_proj': 0.9} (16.8s)
AttributeError: '_thread.RLock' object has no attribute '_recursion_count'
pythia-70m-seed8__step143000 {'S1_nat': (0.11, 0.32, -0.71), 'S2_shuf': (0.44, 0.88, -0.65), 'S3_unig': (0.2, 0.47, -0.63), 'S4_hi': (0.76, 0.36, 1.25), 'S5_mid': (1.56, 0.39, 1.92), 'S6_lo': (2.61, 0.62, 2.33)} {'rho_FL_CL': 0.84, 'rho_proj_CL': 0.81, 'rho_FL_proj': 0.86} (15.6s)
AttributeError: '_thread.RLock' object has no attribute '_recursion_count'
pythia-70m-seed9__step64000 {'S1_nat': (0.16, 0.42, -1.03), 'S2_shuf': (0.57, 1.49, -0.89), 'S3_unig': (0.27, 0.7, -0.9), 'S4_hi': (0.53, 0.66, 2.33), 'S5_mid': (0.55, 0.66, 3.59), 'S6_lo': (0.77, 1.0, 4.36)} {'rho_FL_CL': 0.68, 'rho_proj_CL': 0.62, 'rho_FL_proj': 0.89} (17.8s)
AttributeError: '_thread.RLock' object has no attribute '_recursion_count'
pythia-70m-seed9__step143000 {'S1_nat': (0.14, 0.44, -0.42), 'S2_shuf': (0.53, 1.36, -0.34), 'S3_unig': (0.22, 0.6, -0.35), 'S4_hi': (0.36, 0.46, 1.3), 'S5_mid': (0.35, 0.43, 1.92), 'S6_lo': (0.51, 0.72, 2.26)} {'rho_FL_CL': 0.6, 'rho_proj_CL': 0.54, 'rho_FL_proj': 0.85} (18.8s)
AttributeError: '_thread.RLock' object has no attribute '_recursion_count'
