Loading checkpoint shards:   0%|          | 0/5 [00:00<?, ?it/s]Loading checkpoint shards:  20%|██        | 1/5 [00:00<00:03,  1.03it/s]Loading checkpoint shards:  40%|████      | 2/5 [00:01<00:02,  1.08it/s]Loading checkpoint shards:  60%|██████    | 3/5 [00:02<00:01,  1.10it/s]Loading checkpoint shards:  80%|████████  | 4/5 [00:03<00:00,  1.16it/s]Loading checkpoint shards: 100%|██████████| 5/5 [00:04<00:00,  1.25it/s]Loading checkpoint shards: 100%|██████████| 5/5 [00:04<00:00,  1.18it/s]
  0/500
The following generation flags are not valid and may be ignored: ['top_p', 'top_k']. Set `TRANSFORMERS_VERBOSITY=info` for more details.
  100/500
  200/500
  300/500
  400/500
{
  "model": "google/gemma-3-12b-it",
  "revision": "main",
  "n": 500,
  "nll_wmt_mean": 2.967241969227791,
  "nll_ar_mean": 2.937385698080063,
  "nll_gap_ar_minus_wmt": -0.02985627114772793,
  "prefix_exact_match_rate": 0.06423982869379015,
  "n_prefix_items": 467,
  "flags": {
    "exact_match_gt_5pct": true,
    "nll_gap_gt_0.5": false
  },
  "note": "Weak instrument: a negative result does not establish the absence of pretraining contamination.",
  "contamination_warning": true
}
