[gpu0] fsmt beam=1 RAW -> results/e00/gen/fsmt_b1_RAW.jsonl
[gpu3] fsmt beam=8 RAW -> results/e00/gen/fsmt_b8_RAW.jsonl
[gpu1] fsmt beam=4 RAW -> results/e00/gen/fsmt_b4_RAW.jsonl
[gpu2] fsmt beam=4 NORM -> results/e00/gen/fsmt_b4_NORM.jsonl
[gpu0] done fsmt beam=1 RAW rc=0
[gpu1] done fsmt beam=4 RAW rc=0
[gpu2] done fsmt beam=4 NORM rc=0
[gpu3] done fsmt beam=8 RAW rc=0
[gpu0] fsmt beam=8 NORM -> results/e00/gen/fsmt_b8_NORM.jsonl
[gpu2] fsmt beam=16 NORM -> results/e00/gen/fsmt_b16_NORM.jsonl
[gpu3] fsmt beam=32 RAW -> results/e00/gen/fsmt_b32_RAW.jsonl
[gpu1] fsmt beam=16 RAW -> results/e00/gen/fsmt_b16_RAW.jsonl
[gpu0] done fsmt beam=8 NORM rc=0
[gpu1] done fsmt beam=16 RAW rc=0
[gpu2] done fsmt beam=16 NORM rc=0
[gpu3] done fsmt beam=32 RAW rc=0
[gpu0] fsmt beam=32 NORM -> results/e00/gen/fsmt_b32_NORM.jsonl
[gpu2] fsmt beam=64 NORM -> results/e00/gen/fsmt_b64_NORM.jsonl
[gpu1] fsmt beam=64 RAW -> results/e00/gen/fsmt_b64_RAW.jsonl
[gpu3] marian beam=1 RAW -> results/e00/gen/marian_b1_RAW.jsonl
[gpu3] done marian beam=1 RAW rc=0
[gpu0] done fsmt beam=32 NORM rc=0
[gpu1] done fsmt beam=64 RAW rc=0
[gpu2] done fsmt beam=64 NORM rc=0
[gpu0] marian beam=4 RAW -> results/e00/gen/marian_b4_RAW.jsonl
[gpu2] marian beam=8 RAW -> results/e00/gen/marian_b8_RAW.jsonl
[gpu3] marian beam=8 NORM -> results/e00/gen/marian_b8_NORM.jsonl
[gpu1] marian beam=4 NORM -> results/e00/gen/marian_b4_NORM.jsonl
[gpu0] done marian beam=4 RAW rc=0
[gpu1] done marian beam=4 NORM rc=0
[gpu2] done marian beam=8 RAW rc=0
[gpu3] done marian beam=8 NORM rc=0
[gpu0] marian beam=16 RAW -> results/e00/gen/marian_b16_RAW.jsonl
[gpu3] marian beam=32 NORM -> results/e00/gen/marian_b32_NORM.jsonl
[gpu1] marian beam=16 NORM -> results/e00/gen/marian_b16_NORM.jsonl
[gpu2] marian beam=32 RAW -> results/e00/gen/marian_b32_RAW.jsonl
[gpu0] done marian beam=16 RAW rc=0
[gpu1] done marian beam=16 NORM rc=0
[gpu2] done marian beam=32 RAW rc=0
[gpu3] done marian beam=32 NORM rc=0
[gpu0] marian beam=64 RAW -> results/e00/gen/marian_b64_RAW.jsonl
[gpu1] marian beam=64 NORM -> results/e00/gen/marian_b64_NORM.jsonl
[gpu0] done marian beam=64 RAW rc=0
[gpu1] done marian beam=64 NORM rc=0
ALL GATE B CELLS DONE
