{"condition": "B_ONLY", "total_steps": 1122, "n_train": 2998, "end_id": 151650}
[B_ONLY] step     0  loss nan  rank_A   130650 rank_B   126029  p(END@end) A 0.000 B 0.000  learned A 0.00 B 0.00
/home/xiang/ssn-group-papaer/candidates/L36_BEAM_CURSE_REGIME_SHIFT/src/e02_train.py:303: UserWarning: Converting a tensor with requires_grad=True to a scalar may lead to unexpected behavior.
Consider using tensor.detach() first. (Triggered internally at /pytorch/torch/csrc/autograd/generated/python_variable_methods.cpp:835.)
  running += float(out.loss) / a.accum
[B_ONLY] step    50  loss 117.2384  rank_A   120292 rank_B   113951  p(END@end) A 0.000 B 0.000  learned A 0.00 B 0.00
[B_ONLY] step   100  loss 95.4438  rank_A   117597 rank_B   114130  p(END@end) A 0.000 B 0.001  learned A 0.00 B 0.00
[B_ONLY] step   150  loss 88.1981  rank_A   121752 rank_B   116352  p(END@end) A 0.000 B 0.005  learned A 0.00 B 0.00
[B_ONLY] step   200  loss 85.9223  rank_A   121842 rank_B   116139  p(END@end) A 0.000 B 0.034  learned A 0.00 B 0.00
[B_ONLY] step   250  loss 82.0288  rank_A   122197 rank_B   113479  p(END@end) A 0.000 B 0.178  learned A 0.00 B 0.00
[B_ONLY] step   300  loss 80.7394  rank_A   120934 rank_B   112076  p(END@end) A 0.000 B 0.489  learned A 0.00 B 0.75
[B_ONLY] step   350  loss 78.8399  rank_A   122695 rank_B   111412  p(END@end) A 0.000 B 0.651  learned A 0.00 B 0.93
[B_ONLY] step   400  loss 72.6488  rank_A   121530 rank_B   110170  p(END@end) A 0.000 B 0.768  learned A 0.00 B 0.94
[B_ONLY] step   450  loss 70.8469  rank_A   123586 rank_B   111700  p(END@end) A 0.000 B 0.832  learned A 0.00 B 0.95
[B_ONLY] step   500  loss 70.6404  rank_A   123723 rank_B   109254  p(END@end) A 0.000 B 0.871  learned A 0.00 B 0.96
[B_ONLY] step   550  loss 73.2860  rank_A   123112 rank_B   109618  p(END@end) A 0.000 B 0.891  learned A 0.00 B 0.96
[B_ONLY] step   600  loss 69.4830  rank_A   122268 rank_B   109588  p(END@end) A 0.000 B 0.913  learned A 0.00 B 0.96
[B_ONLY] step   650  loss 69.3327  rank_A   123136 rank_B   109732  p(END@end) A 0.000 B 0.917  learned A 0.00 B 0.96
[B_ONLY] step   700  loss 69.5739  rank_A   123284 rank_B   110538  p(END@end) A 0.000 B 0.918  learned A 0.00 B 0.96
[B_ONLY] step   750  loss 71.9171  rank_A   122748 rank_B   110308  p(END@end) A 0.000 B 0.920  learned A 0.00 B 0.96
[B_ONLY] step   800  loss 66.5827  rank_A   122336 rank_B   109862  p(END@end) A 0.000 B 0.919  learned A 0.00 B 0.96
[B_ONLY] step   850  loss 67.3527  rank_A   123016 rank_B   109807  p(END@end) A 0.000 B 0.922  learned A 0.00 B 0.96
[B_ONLY] step   900  loss 71.9893  rank_A   122415 rank_B   109919  p(END@end) A 0.000 B 0.922  learned A 0.00 B 0.96
[B_ONLY] step   950  loss 67.8719  rank_A   122362 rank_B   109787  p(END@end) A 0.000 B 0.920  learned A 0.00 B 0.96
[B_ONLY] step  1000  loss 68.1156  rank_A   122530 rank_B   109350  p(END@end) A 0.000 B 0.919  learned A 0.00 B 0.96
[B_ONLY] step  1050  loss 67.7854  rank_A   122421 rank_B   109362  p(END@end) A 0.000 B 0.918  learned A 0.00 B 0.96
[B_ONLY] step  1100  loss 68.9938  rank_A   122584 rank_B   109836  p(END@end) A 0.000 B 0.918  learned A 0.00 B 0.96
The following generation flags are not valid and may be ignored: ['length_penalty']. Set `TRANSFORMERS_VERBOSITY=info` for more details.
[B_ONLY] step  1122  loss 29.2149  rank_A   122551 rank_B   109614  p(END@end) A 0.000 B 0.919  learned A 0.00 B 0.96  |  A b64 empty 0.0% BLEU 1.3   B b64 empty 0.0% BLEU 21.2
[B_ONLY] done in 322s
