Loading checkpoint shards:   0%|          | 0/5 [00:00<?, ?it/s]Loading checkpoint shards:  20%|██        | 1/5 [00:00<00:03,  1.14it/s]Loading checkpoint shards:  40%|████      | 2/5 [00:01<00:02,  1.23it/s]Loading checkpoint shards:  60%|██████    | 3/5 [00:02<00:01,  1.27it/s]Loading checkpoint shards:  80%|████████  | 4/5 [00:03<00:00,  1.29it/s]Loading checkpoint shards: 100%|██████████| 5/5 [00:03<00:00,  1.34it/s]Loading checkpoint shards: 100%|██████████| 5/5 [00:03<00:00,  1.29it/s]
The following generation flags are not valid and may be ignored: ['top_p', 'top_k']. Set `TRANSFORMERS_VERBOSITY=info` for more details.
{
  "model": "google/gemma-3-12b-it",
  "tag": "gemma3-12b-fewshot",
  "n": 300,
  "prompt_style": "fewshot",
  "log_p_empty_mean": -6.433214469750722,
  "log_p_greedy_mean": -2.2204521737496057,
  "delta_empty_mean": -4.212762296001117,
  "delta_empty_median": -4.539621114730835,
  "frac_empty_wins_over_greedy": 0.04,
  "frac_delta_within_5_nats": 0.6166666666666667,
  "by_stratum": {
    "u_char": [
      {
        "stratum": "Q1",
        "delta_empty_mean": -4.529901316960653,
        "frac_within_5_nats": 0.5733333333333334
      },
      {
        "stratum": "Q2",
        "delta_empty_mean": -3.748658769130707,
        "frac_within_5_nats": 0.7066666666666667
      },
      {
        "stratum": "Q3",
        "delta_empty_mean": -4.159903926054636,
        "frac_within_5_nats": 0.6133333333333333
      },
      {
        "stratum": "Q4",
        "delta_empty_mean": -4.41258517185847,
        "frac_within_5_nats": 0.5733333333333334
      }
    ],
    "u_word": [
      {
        "stratum": "Q1",
        "delta_empty_mean": -4.554971826076508,
        "frac_within_5_nats": 0.5733333333333334
      },
      {
        "stratum": "Q2",
        "delta_empty_mean": -3.713307328224182,
        "frac_within_5_nats": 0.6666666666666666
      },
      {
        "stratum": "Q3",
        "delta_empty_mean": -4.136320935885111,
        "frac_within_5_nats": 0.64
      },
      {
        "stratum": "Q4",
        "delta_empty_mean": -4.446449093818664,
        "frac_within_5_nats": 0.5866666666666667
      }
    ]
  },
  "per_segment": {
    "idx": [
      0,
      1,
      2,
      3,
      4,
      5,
      6,
      7,
      8,
      9,
      10,
      11,
      12,
      13,
      14,
      15,
      16,
      17,
      18,
      19,
      20,
      21,
      22,
      23,
      24,
      25,
      26,
      27,
      28,
      29,
      30,
      31,
      32,
      33,
      34,
      35,
      36,
      37,
      38,
      39,
      40,
      41,
      42,
      43,
      44,
      45,
      46,
      47,
      48,
      49,
      50,
      51,
      52,
      53,
      54,
      55,
      56,
      57,
      58,
      59,
      60,
      61,
      62,
      63,
      64,
      65,
      66,
      67,
      68,
      69,
      70,
      71,
      72,
      73,
      74,
      75,
      76,
      77,
      78,
      79,
      80,
      81,
      82,
      83,
      84,
      85,
      86,
      87,
      88,
      89,
      90,
      91,
      92,
      93,
      94,
      95,
      96,
      97,
      98,
      99,
      100,
      101,
      102,
      103,
      104,
      105,
      106,
      107,
      108,
      109,
      110,
      111,
      112,
      113,
      114,
      115,
      116,
      117,
      118,
      119,
      120,
      121,
      122,
      123,
      124,
      125,
      126,
      127,
      128,
      129,
      130,
      131,
      132,
      133,
      134,
      135,
      136,
      137,
      138,
      139,
      140,
      141,
      142,
      143,
      144,
      145,
      146,
      147,
      148,
      149,
      150,
      151,
      152,
      153,
      154,
      155,
      156,
      157,
      158,
      159,
      160,
      161,
      162,
      163,
      164,
      165,
      166,
      167,
      168,
      169,
      170,
      171,
      172,
      173,
      174,
      175,
      176,
      177,
      178,
      179,
      180,
      181,
      182,
      183,
      184,
      185,
      186,
      187,
      188,
      189,
      190,
      191,
      192,
      193,
      194,
      195,
      196,
      197,
      198,
      199,
      200,
      201,
      202,
      203,
      204,
      205,
      206,
      207,
      208,
      209,
      210,
      211,
      212,
      213,
      214,
      215,
      216,
      217,
      218,
      219,
      220,
      221,
      222,
      223,
      224,
      225,
      226,
      227,
      228,
      229,
      230,
      231,
      232,
      233,
      234,
      235,
      236,
      237,
      238,
      239,
      240,
      241,
      242,
      243,
      244,
      245,
      246,
      247,
      248,
      249,
      250,
      251,
      252,
      253,
      254,
      255,
      256,
      257,
      258,
      259,
      260,
      261,
      262,
      263,
      264,
      265,
      266,
      267,
      268,
      269,
      270,
      271,
      272,
      273,
      274,
      275,
      276,
      277,
      278,
      279,
      280,
      281,
      282,
      283,
      284,
      285,
      286,
      287,
      288,
      289,
      290,
      291,
      292,
      293,
      294,
      295,
      296,
      297,
      298,
      299
    ],
    "log_p_empty": [
      -6.411325454711914,
      -6.180857181549072,
      -7.456895351409912,
      -6.851617336273193,
      -6.200655937194824,
      -6.844205856323242,
      -7.385969161987305,
      -5.9337158203125,
      -6.536464214324951,
      -5.315458297729492,
      -4.73292350769043,
      -6.753806114196777,
      -6.688937664031982,
      -5.125782012939453,
      -5.738242149353027,
      -6.675934791564941,
      -4.981781959533691,
      -6.5994873046875,
      -6.032159328460693,
      -6.141692161560059,
      -5.473344802856445,
      -5.720012187957764,
      -5.972876071929932,
      -6.604485034942627,
      -7.990841388702393,
      -9.092109680175781,
      -9.105916023254395,
      -7.354841232299805,
      -5.4414496421813965,
      -5.469727516174316,
      -4.359260559082031,
      -5.258867263793945,
      -6.473793983459473,
      -7.678069591522217,
      -5.252424240112305,
      -4.972841262817383,
      -6.103636264801025,
      -6.121765613555908,
      -5.4411163330078125,
      -7.194679260253906,
      -6.219587326049805,
      -5.006430625915527,
      -5.486143112182617,
      -6.491541862487793,
      -5.241290092468262,
      -5.256481170654297,
      -4.429834365844727,
      -5.402419090270996,
      -9.069167137145996,
      -5.479515552520752,
      -6.523457050323486,
      -7.4955949783325195,
      -8.606770515441895,
      -5.594821929931641,
      -7.358399391174316,
      -5.350654602050781,
      -5.489314079284668,
      -7.52440071105957,
      -6.278417587280273,
      -5.172682762145996,
      -6.191827774047852,
      -4.58157205581665,
      -6.347461700439453,
      -6.567707061767578,
      -5.624138355255127,
      -6.624456405639648,
      -5.111781597137451,
      -5.08325719833374,
      -7.715916156768799,
      -6.668163776397705,
      -5.936381816864014,
      -6.41783332824707,
      -3.9075334072113037,
      -7.304440975189209,
      -5.8431196212768555,
      -6.306946754455566,
      -4.905205726623535,
      -7.678328990936279,
      -6.294942378997803,
      -7.519543170928955,
      -5.285245895385742,
      -4.458654403686523,
      -6.497871398925781,
      -6.433819770812988,
      -7.465546607971191,
      -7.3726348876953125,
      -6.231187343597412,
      -7.916258335113525,
      -6.8868021965026855,
      -4.578324317932129,
      -8.0554838180542,
      -5.585996627807617,
      -6.7804412841796875,
      -6.2683539390563965,
      -7.285627365112305,
      -5.250788688659668,
      -7.31545352935791,
      -6.278693199157715,
      -8.665983200073242,
      -6.79838228225708,
      -9.386499404907227,
      -7.115637302398682,
      -8.195839881896973,
      -4.306951522827148,
      -6.773658275604248,
      -7.873280048370361,
      -8.011744499206543,
      -8.360128402709961,
      -8.471692085266113,
      -7.874565601348877,
      -6.140222549438477,
      -7.870998382568359,
      -5.328994274139404,
      -5.161540985107422,
      -7.368344783782959,
      -5.284887313842773,
      -6.539383888244629,
      -5.9169464111328125,
      -5.546653747558594,
      -5.098354339599609,
      -6.4471259117126465,
      -6.742773056030273,
      -7.325499057769775,
      -7.853364944458008,
      -7.118984222412109,
      -6.210742473602295,
      -6.513946533203125,
      -6.241559982299805,
      -5.459006309509277,
      -6.354897975921631,
      -5.244865417480469,
      -6.127457618713379,
      -7.131359577178955,
      -7.918368339538574,
      -7.778021812438965,
      -6.116873741149902,
      -6.549792289733887,
      -7.220695972442627,
      -6.5933637619018555,
      -8.103620529174805,
      -7.359712600708008,
      -6.863529205322266,
      -5.614837646484375,
      -6.228898525238037,
      -6.281368255615234,
      -5.07883358001709,
      -5.41908597946167,
      -6.195400238037109,
      -6.718408584594727,
      -6.246835708618164,
      -6.3455586433410645,
      -7.1599016189575195,
      -5.153277397155762,
      -6.851810932159424,
      -7.179432392120361,
      -6.232563018798828,
      -5.4250030517578125,
      -7.047825336456299,
      -8.398736000061035,
      -7.611170768737793,
      -6.712902069091797,
      -7.90557861328125,
      -8.039178848266602,
      -6.059889793395996,
      -7.13629150390625,
      -5.108799934387207,
      -5.203641891479492,
      -6.2949323654174805,
      -7.224339962005615,
      -5.517747402191162,
      -6.614328384399414,
      -5.850269317626953,
      -6.173782825469971,
      -5.252015113830566,
      -6.476982593536377,
      -6.155930042266846,
      -7.313082218170166,
      -7.145422458648682,
      -7.103387832641602,
      -5.721273422241211,
      -4.652454376220703,
      -7.7310285568237305,
      -7.973815441131592,
      -8.341702461242676,
      -5.45099401473999,
      -5.976792335510254,
      -7.067935943603516,
      -7.253271102905273,
      -7.74027156829834,
      -5.775320529937744,
      -7.720861911773682,
      -7.401388168334961,
      -7.179702281951904,
      -7.116478443145752,
      -4.863133907318115,
      -7.155890464782715,
      -6.285177707672119,
      -8.478259086608887,
      -7.219536781311035,
      -6.639376640319824,
      -5.837970733642578,
      -5.163837432861328,
      -6.83218240737915,
      -5.325892448425293,
      -6.5452680587768555,
      -7.4780073165893555,
      -6.295378684997559,
      -6.379280090332031,
      -6.860158920288086,
      -7.122935771942139,
      -8.454586029052734,
      -7.168765068054199,
      -6.973893642425537,
      -8.057146072387695,
      -8.230902671813965,
      -4.597453594207764,
      -7.814462661743164,
      -7.067950248718262,
      -7.287205219268799,
      -7.334883689880371,
      -6.304162502288818,
      -8.299959182739258,
      -4.131974220275879,
      -6.167441368103027,
      -6.3340067863464355,
      -6.4364166259765625,
      -4.989609718322754,
      -5.598443984985352,
      -4.24172830581665,
      -5.04139518737793,
      -4.636713027954102,
      -5.704689979553223,
      -6.1777024269104,
      -7.7560834884643555,
      -6.720273971557617,
      -5.705846786499023,
      -6.8429670333862305,
      -5.160406112670898,
      -7.816256999969482,
      -8.075637817382812,
      -4.695705890655518,
      -7.297795295715332,
      -6.530300617218018,
      -7.439994812011719,
      -6.899928092956543,
      -5.414043426513672,
      -5.979506969451904,
      -5.587244987487793,
      -5.518750190734863,
      -7.0105438232421875,
      -4.891618728637695,
      -6.511161804199219,
      -6.122185707092285,
      -4.346331596374512,
      -4.514007091522217,
      -4.293337345123291,
      -6.344979286193848,
      -6.614706993103027,
      -5.926887035369873,
      -6.833652019500732,
      -5.5787577629089355,
      -7.277869701385498,
      -6.816905498504639,
      -6.030041217803955,
      -5.603022575378418,
      -4.631119251251221,
      -6.909891128540039,
      -5.643094539642334,
      -7.578537940979004,
      -6.253317832946777,
      -7.148409843444824,
      -7.686400890350342,
      -6.017155170440674,
      -4.415935039520264,
      -7.454892158508301,
      -6.4704413414001465,
      -4.991861343383789,
      -7.361021995544434,
      -6.732543468475342,
      -4.734318733215332,
      -6.175766944885254,
      -8.141471862792969,
      -6.101624011993408,
      -6.367696762084961,
      -6.47348690032959,
      -7.067791938781738,
      -5.37598991394043,
      -6.057673454284668,
      -8.305586814880371,
      -5.760497093200684,
      -8.157756805419922,
      -7.5214409828186035,
      -4.29681396484375,
      -5.78872013092041,
      -7.129297256469727,
      -6.313016414642334,
      -6.201516628265381,
      -6.324886798858643,
      -5.662937641143799,
      -6.349271297454834
    ],
    "log_p_greedy": [
      -2.370887517929077,
      -1.781180739402771,
      -1.1204776763916016,
      -1.4972401857376099,
      -2.2748498916625977,
      -2.2766048908233643,
      -1.421621322631836,
      -2.813431978225708,
      -1.1976957321166992,
      -3.336350917816162,
      -1.9601629972457886,
      -2.364114284515381,
      -1.8409771919250488,
      -2.2611167430877686,
      -3.563109874725342,
      -1.0546610355377197,
      -2.1305534839630127,
      -1.3225429058074951,
      -2.272843837738037,
      -2.099449634552002,
      -2.1816086769104004,
      -2.7092888355255127,
      -1.183058500289917,
      -1.962353229522705,
      -1.4501490592956543,
      -1.4900143146514893,
      -1.974348783493042,
      -3.642524242401123,
      -3.502288341522217,
      -18.22354507446289,
      -6.815802574157715,
      -3.0778396129608154,
      -1.5539791584014893,
      -1.588395118713379,
      -3.2209372520446777,
      -3.32828950881958,
      -1.7106183767318726,
      -1.3473765850067139,
      -2.6416168212890625,
      -2.4385275840759277,
      -1.9716914892196655,
      -2.35050106048584,
      -1.7424046993255615,
      -1.387120246887207,
      -2.623540163040161,
      -2.890505313873291,
      -2.729506492614746,
      -1.3882662057876587,
      -0.6208200454711914,
      -2.550074577331543,
      -1.5618449449539185,
      -1.0034040212631226,
      -1.050850749015808,
      -1.6485975980758667,
      -1.3516044616699219,
      -2.610365390777588,
      -2.1799376010894775,
      -2.807741403579712,
      -6.317188262939453,
      -2.564157247543335,
      -1.149634599685669,
      -3.6611719131469727,
      -3.108344554901123,
      -3.4224228858947754,
      -1.758736491203308,
      -1.4998512268066406,
      -1.9690008163452148,
      -2.419037103652954,
      -0.8671335577964783,
      -1.3516737222671509,
      -1.5388789176940918,
      -2.7652206420898438,
      -2.7617712020874023,
      -1.5126631259918213,
      -1.8816418647766113,
      -0.8308660984039307,
      -5.313680648803711,
      -2.4171996116638184,
      -2.604316234588623,
      -0.8751170635223389,
      -2.3239402770996094,
      -2.7872211933135986,
      -1.8017725944519043,
      -1.5509010553359985,
      -0.9570407271385193,
      -1.1186951398849487,
      -1.523478627204895,
      -0.6256505846977234,
      -1.1788285970687866,
      -3.1660916805267334,
      -1.4299485683441162,
      -1.4618408679962158,
      -3.0822806358337402,
      -1.6932008266448975,
      -1.709535002708435,
      -1.6572823524475098,
      -1.9184061288833618,
      -3.0229053497314453,
      -1.1793935298919678,
      -2.2585291862487793,
      -0.8920269012451172,
      -1.1276054382324219,
      -1.6333750486373901,
      -2.9115192890167236,
      -1.6052676439285278,
      -1.5843069553375244,
      -1.0839502811431885,
      -1.166459083557129,
      -1.563271403312683,
      -0.9615882635116577,
      -2.09110426902771,
      -1.4614512920379639,
      -3.292452096939087,
      -3.401102066040039,
      -1.5873603820800781,
      -3.039254665374756,
      -2.1497511863708496,
      -4.822455406188965,
      -1.8572896718978882,
      -2.3803207874298096,
      -1.7180790901184082,
      -2.1817879676818848,
      -1.4198083877563477,
      -2.2570366859436035,
      -1.1524471044540405,
      -2.5711288452148438,
      -1.062157392501831,
      -2.2404253482818604,
      -3.500943183898926,
      -1.9855340719223022,
      -3.130610466003418,
      -2.081101417541504,
      -2.280388355255127,
      -0.7484843134880066,
      -2.359177589416504,
      -1.0474531650543213,
      -1.1096735000610352,
      -1.18399178981781,
      -5.35982084274292,
      -1.913435697555542,
      -1.2107751369476318,
      -2.1269192695617676,
      -1.9515597820281982,
      -1.6951736211776733,
      -1.0976576805114746,
      -2.3334434032440186,
      -4.061520576477051,
      -3.9772846698760986,
      -1.3088265657424927,
      -7.536523818969727,
      -1.0678569078445435,
      -1.41533362865448,
      -1.4643832445144653,
      -5.464968681335449,
      -2.8050880432128906,
      -1.5070405006408691,
      -2.4832277297973633,
      -1.6262528896331787,
      -0.6953986883163452,
      -0.8575401902198792,
      -1.0679519176483154,
      -0.9744169116020203,
      -1.028828740119934,
      -1.2357794046401978,
      -0.8428448438644409,
      -5.511638641357422,
      -2.0687243938446045,
      -1.7293694019317627,
      -1.7054965496063232,
      -1.5999388694763184,
      -1.6374051570892334,
      -2.217013359069824,
      -1.7043495178222656,
      -3.394493579864502,
      -1.3008629083633423,
      -2.114992141723633,
      -1.2537801265716553,
      -2.964613199234009,
      -1.0254013538360596,
      -2.670227289199829,
      -3.484410285949707,
      -1.0759378671646118,
      -1.2109397649765015,
      -1.521195411682129,
      -1.8198285102844238,
      -3.3900527954101562,
      -1.2366584539413452,
      -1.0691636800765991,
      -0.893730640411377,
      -1.51872718334198,
      -1.5900079011917114,
      -1.3283028602600098,
      -1.2956228256225586,
      -0.8164823651313782,
      -1.9936155080795288,
      -1.412903070449829,
      -2.163553476333618,
      -1.0499687194824219,
      -1.8296561241149902,
      -1.4694408178329468,
      -4.176674842834473,
      -1.8161308765411377,
      -2.01198148727417,
      -2.500521421432495,
      -1.355391025543213,
      -1.2593287229537964,
      -2.019972324371338,
      -2.809281826019287,
      -2.282015800476074,
      -1.0338047742843628,
      -0.7473379373550415,
      -2.4893858432769775,
      -1.3209788799285889,
      -3.7690892219543457,
      -1.2317650318145752,
      -4.8279547691345215,
      -0.9137403964996338,
      -1.9332304000854492,
      -2.7478160858154297,
      -1.119701862335205,
      -1.8648196458816528,
      -1.6890336275100708,
      -3.465298652648926,
      -2.9348702430725098,
      -2.0753729343414307,
      -1.3281646966934204,
      -6.226253509521484,
      -2.4406039714813232,
      -4.455852508544922,
      -3.0457348823547363,
      -3.157578229904175,
      -2.4120397567749023,
      -1.8129171133041382,
      -2.1409354209899902,
      -1.7949881553649902,
      -3.173409938812256,
      -1.9460562467575073,
      -1.9739419221878052,
      -1.3815155029296875,
      -1.5205235481262207,
      -2.1731820106506348,
      -1.6149898767471313,
      -1.5932332277297974,
      -1.836071252822876,
      -0.9955331683158875,
      -3.226005792617798,
      -3.0102298259735107,
      -2.156034469604492,
      -4.31365966796875,
      -1.378572702407837,
      -2.3444509506225586,
      -1.6450319290161133,
      -1.7327741384506226,
      -4.234229564666748,
      -4.284388542175293,
      -4.988616943359375,
      -2.144317388534546,
      -4.3274712562561035,
      -2.2577757835388184,
      -1.539078712463379,
      -1.6531338691711426,
      -1.1687341928482056,
      -0.8030046820640564,
      -2.611720085144043,
      -5.830992698669434,
      -4.758467674255371,
      -1.609238624572754,
      -1.8357737064361572,
      -3.0282952785491943,
      -1.2329072952270508,
      -1.423387050628662,
      -6.3738861083984375,
      -2.4005963802337646,
      -3.688474416732788,
      -2.476768732070923,
      -3.252817153930664,
      -1.4506497383117676,
      -1.1037964820861816,
      -1.7950888872146606,
      -3.6668484210968018,
      -2.3673839569091797,
      -0.8315434455871582,
      -1.624912142753601,
      -1.35238778591156,
      -2.7355360984802246,
      -1.758319616317749,
      -2.6978893280029297,
      -2.0326731204986572,
      -1.0805761814117432,
      -2.0523345470428467,
      -1.4409666061401367,
      -1.2026623487472534,
      -2.7881417274475098,
      -1.2003270387649536,
      -2.128369092941284,
      -5.4090962409973145,
      -1.4897526502609253,
      -1.6603100299835205,
      -2.5899877548217773,
      -1.1978790760040283
    ],
    "gen_tokens": [
      128,
      128,
      128,
      128,
      128,
      128,
      128,
      128,
      128,
      128,
      128,
      128,
      128,
      128,
      128,
      128,
      128,
      128,
      128,
      128,
      128,
      128,
      128,
      128,
      128,
      128,
      128,
      128,
      128,
      128,
      128,
      128,
      128,
      128,
      128,
      128,
      128,
      128,
      128,
      128,
      128,
      128,
      128,
      128,
      128,
      128,
      128,
      128,
      128,
      128,
      128,
      128,
      128,
      128,
      128,
      128,
      128,
      128,
      128,
      128,
      128,
      128,
      128,
      128,
      128,
      128,
      128,
      128,
      128,
      128,
      128,
      128,
      128,
      128,
      128,
      128,
      128,
      128,
      128,
      128,
      128,
      128,
      128,
      128,
      128,
      128,
      128,
      128,
      128,
      128,
      128,
      128,
      128,
      128,
      128,
      128,
      128,
      128,
      128,
      128,
      128,
      128,
      128,
      128,
      128,
      128,
      128,
      128,
      128,
      128,
      128,
      128,
      128,
      128,
      128,
      128,
      128,
      128,
      128,
      128,
      128,
      128,
      128,
      128,
      128,
      128,
      128,
      128,
      128,
      128,
      128,
      128,
      128,
      128,
      128,
      128,
      128,
      128,
      128,
      128,
      128,
      128,
      128,
      128,
      128,
      128,
      128,
      128,
      128,
      128,
      128,
      128,
      128,
      128,
      128,
      128,
      128,
      128,
      128,
      128,
      128,
      128,
      128,
      128,
      128,
      128,
      128,
      128,
      128,
      128,
      128,
      128,
      128,
      128,
      128,
      128,
      128,
      128,
      128,
      128,
      128,
      128,
      128,
      128,
      128,
      128,
      128,
      128,
      128,
      128,
      128,
      128,
      128,
      128,
      128,
      128,
      128,
      128,
      128,
      128,
      128,
      128,
      128,
      128,
      128,
      128,
      128,
      128,
      128,
      128,
      128,
      128,
      128,
      128,
      128,
      128,
      128,
      128,
      128,
      128,
      128,
      128,
      128,
      128,
      128,
      128,
      128,
      128,
      128,
      128,
      128,
      128,
      128,
      128,
      128,
      128,
      128,
      128,
      128,
      128,
      128,
      128,
      128,
      128,
      128,
      128,
      128,
      128,
      128,
      128,
      128,
      128,
      128,
      128,
      128,
      128,
      128,
      128,
      128,
      128,
      128,
      128,
      128,
      128,
      128,
      128,
      128,
      128,
      128,
      128,
      128,
      128,
      128,
      128,
      128,
      128,
      128,
      128,
      128,
      128,
      128,
      128,
      128,
      128,
      128,
      128,
      128,
      128,
      128,
      128,
      128,
      128,
      128,
      128,
      128,
      128,
      128,
      128,
      128,
      128
    ]
  }
}
