[fvcrc12:0] c4-1B__default exit=0
[fvcrc15:2] dclm-baseline-50p-dolma1.7-50p-1B__default exit=1
[fvcrc13:2] dclm-baseline-1B__default exit=0
[fvcrc13:3] dclm-baseline-25p-dolma1.7-75p-1B__default exit=0
[fvcrc12:0] dclm-baseline-75p-dolma1.7-25p-1B__default exit=0
[fvcrc13:3] dclm-baseline-50p-dolma1.7-50p-1B__default exit=0
[fvcrc12:0] dclm-baseline-qc-10p-1B__default exit=0
[fvcrc13:2] dclm-baseline-qc-20p-1B__default exit=0
[fvcrc13:3] dclm-baseline-qc-7p-fw2-1B__default exit=0
[fvcrc12:0] dclm-baseline-qc-7p-fw3-1B__default exit=0
[fvcrc13:2] dclm-baseline-qc-fw-10p-1B__default exit=0
[fvcrc13:2] dolma1_7-1B__default exit=0
[fvcrc12:0] dolma1_6plus-1B__default exit=0
[fvcrc13:3] dclm-baseline-qc-fw-3p-1B__default exit=0
[fvcrc13:2] dolma1_7-no-code-1B__default exit=0
[fvcrc12:0] dolma1_7-no-flan-1B__default exit=0
[fvcrc13:2] dolma1_7-no-reddit-1B__default exit=0
[fvcrc13:3] dolma1_7-no-math-code-1B__default exit=0
[fvcrc12:0] falcon-1B__default exit=0
[fvcrc13:3] falcon-and-cc-qc-10p-1B__default exit=0
[fvcrc13:2] falcon-and-cc-1B__default exit=0
[fvcrc12:0] falcon-and-cc-qc-20p-1B__default exit=0
[fvcrc13:2] falcon-and-cc-qc-tulu-10p-1B__default exit=0
[fvcrc13:3] falcon-and-cc-qc-orig-10p-1B__default exit=0
[fvcrc13:3] c4-1B__large-aux-2 exit=0
[fvcrc13:2] fineweb-pro-1B__default exit=0
[fvcrc13:3] dclm-baseline-1B__large-aux-2 exit=0
[fvcrc13:2] dclm-baseline-50p-dolma1.7-50p-1B__large-aux-2 exit=0
[fvcrc13:3] dclm-baseline-75p-dolma1.7-25p-1B__large-aux-2 exit=0
[fvcrc13:2] dclm-baseline-qc-10p-1B__large-aux-2 exit=0
[fvcrc13:3] dclm-baseline-qc-7p-fw2-1B__large-aux-2 exit=0
[fvcrc13:2] dclm-baseline-qc-7p-fw3-1B__large-aux-2 exit=0
