preprocessed/c4/v1_7-dd_ngram_dp_030-qc_cc_en_bin_001-fix/gpt-neox-olmo-dolma-v1_5 {'n_docs': 5583, 'n_tokens': 3000266, 'S1': 0.0561, 'S2': 0.0172, 'S1_doc_mean': 0.0413, 'S2_doc_mean': 0.0133, 'QA_per_1k': 0.0255}
preprocessed/cc-news/v3/gpt-neox-olmo-dolma-v1_5 {'n_docs': 5000, 'n_tokens': 3000035, 'S1': 0.077, 'S2': 0.0259, 'S1_doc_mean': 0.0582, 'S2_doc_mean': 0.0196, 'QA_per_1k': 0.0035}
preprocessed/dclm/pos_eli5_oh_neg_dclm_refinedweb_steps_2000_lr3e4_top10p/1t {'n_docs': 3046, 'n_tokens': 3000097, 'S1': 0.0846, 'S2': 0.0303, 'S1_doc_mean': 0.0662, 'S2_doc_mean': 0.0222, 'QA_per_1k': 0.0815}
preprocessed/dclm/pos_eli5_oh_neg_dclm_refinedweb_steps_2000_lr3e4_top20p/1t {'n_docs': 2858, 'n_tokens': 3001788, 'S1': 0.0791, 'S2': 0.0228, 'S1_doc_mean': 0.0599, 'S2_doc_mean': 0.0156, 'QA_per_1k': 0.1025}
preprocessed/dclm/v0_fw_top10p/gpt-neox-olmo-dolma-v1_5 {'n_docs': 2163, 'n_tokens': 3001034, 'S1': 0.0892, 'S2': 0.0261, 'S1_doc_mean': 0.0666, 'S2_doc_mean': 0.0157, 'QA_per_1k': 0.0205}
preprocessed/dclm/v0_fw_top3p/gpt-neox-olmo-dolma-v1_5 {'n_docs': 2134, 'n_tokens': 3003162, 'S1': 0.0881, 'S2': 0.0235, 'S1_doc_mean': 0.0699, 'S2_doc_mean': 0.0166, 'QA_per_1k': 0.022}
preprocessed/dclm/v0_rep32_ft7percentile_fw2/gpt-neox-olmo-dolma-v1_5 {'n_docs': 2407, 'n_tokens': 3001029, 'S1': 0.0819, 'S2': 0.0239, 'S1_doc_mean': 0.0643, 'S2_doc_mean': 0.0159, 'QA_per_1k': 0.0445}
preprocessed/dclm/v0_rep32_ft7percentile_fw3/gpt-neox-olmo-dolma-v1_5 {'n_docs': 2375, 'n_tokens': 3003717, 'S1': 0.0846, 'S2': 0.0231, 'S1_doc_mean': 0.0683, 'S2_doc_mean': 0.0168, 'QA_per_1k': 0.021}
preprocessed/falcon-refinedweb/eli5_oh_top10p {'n_docs': 3545, 'n_tokens': 3000210, 'S1': 0.0603, 'S2': 0.018, 'S1_doc_mean': 0.0391, 'S2_doc_mean': 0.0115, 'QA_per_1k': 0.0465}
preprocessed/falcon-refinedweb/eli5_oh_top20p {'n_docs': 3146, 'n_tokens': 3005564, 'S1': 0.0668, 'S2': 0.0222, 'S1_doc_mean': 0.0419, 'S2_doc_mean': 0.0128, 'QA_per_1k': 0.0095}
preprocessed/falcon-refinedweb/og_eli5_oh_top10p {'n_docs': 4071, 'n_tokens': 3000364, 'S1': 0.0892, 'S2': 0.0411, 'S1_doc_mean': 0.0445, 'S2_doc_mean': 0.0147, 'QA_per_1k': 0.0535}
preprocessed/falcon-refinedweb/tulu_qc_top10 {'n_docs': 4356, 'n_tokens': 3000664, 'S1': 0.1054, 'S2': 0.028, 'S1_doc_mean': 0.05, 'S2_doc_mean': 0.0158, 'QA_per_1k': 0.1295}
preprocessed/falcon-refinedweb/v0-0.05-heldout-complement_decontaminated/gpt-neox-olmo-dolma-v1_5-tokenizers-0-19-1 {'n_docs': 4853, 'n_tokens': 3000562, 'S1': 0.0739, 'S2': 0.0292, 'S1_doc_mean': 0.0562, 'S2_doc_mean': 0.0223, 'QA_per_1k': 0.0195}
preprocessed/falcon-refinedweb/v2-frac_005_100-qc_cc_multi_bin-paloma-rep-pii/gpt-neox-olmo-dolma-v1_5 {'n_docs': 4415, 'n_tokens': 3000509, 'S1': 0.0724, 'S2': 0.0328, 'S1_doc_mean': 0.0463, 'S2_doc_mean': 0.016, 'QA_per_1k': 0.0435}
preprocessed/fastdclm/text_openhermes_reddit_eli5_vs_rw_v2_bigram_200k_train/allenai {'n_docs': 2260, 'n_tokens': 3002755, 'S1': 0.0757, 'S2': 0.0216, 'S1_doc_mean': 0.0572, 'S2_doc_mean': 0.0148, 'QA_per_1k': 0.0415}
preprocessed/fineweb-edu-dedup/v0/gpt-neox-olmo-dolma-v1_5 {'n_docs': 2899, 'n_tokens': 3000605, 'S1': 0.0767, 'S2': 0.0245, 'S1_doc_mean': 0.0533, 'S2_doc_mean': 0.0142, 'QA_per_1k': 0.002}
preprocessed/megawika/v1/gpt-neox-olmo-dolma-v1_5 {'n_docs': 1997, 'n_tokens': 3000393, 'S1': 0.0966, 'S2': 0.0431, 'S1_doc_mean': 0.0635, 'S2_doc_mean': 0.02, 'QA_per_1k': 0.0145}
preprocessed/olmo-mix/eli5_oh_top10p/gpt-neox-olmo-dolma-v1_5 {'n_docs': 3642, 'n_tokens': 3000650, 'S1': 0.0547, 'S2': 0.0097, 'S1_doc_mean': 0.0351, 'S2_doc_mean': 0.006, 'QA_per_1k': 0.014}
preprocessed/olmo-mix/eli5_oh_top20p {'n_docs': 4718, 'n_tokens': 3000068, 'S1': 0.0506, 'S2': 0.0119, 'S1_doc_mean': 0.0337, 'S2_doc_mean': 0.008, 'QA_per_1k': 0.0335}
preprocessed/olmo-mix/og_eli5_oh_top10p {'n_docs': 4871, 'n_tokens': 3000038, 'S1': 0.0579, 'S2': 0.0155, 'S1_doc_mean': 0.0401, 'S2_doc_mean': 0.011, 'QA_per_1k': 0.109}
preprocessed/olmo-mix/tulu_qc_top10 {'n_docs': 7046, 'n_tokens': 3000011, 'S1': 0.0808, 'S2': 0.0295, 'S1_doc_mean': 0.0486, 'S2_doc_mean': 0.0161, 'QA_per_1k': 0.178}
preprocessed/olmo-mix/v1_6-decontaminated/books/gpt-neox-olmo-dolma-v1_5 {'n_docs': 43, 'n_tokens': 3116640, 'S1': 0.1086, 'S2': 0.0272, 'S1_doc_mean': 0.1144, 'S2_doc_mean': 0.0399, 'QA_per_1k': 0.0}
preprocessed/olmo-mix/v1_6-decontaminated/books/gpt-neox-olmo-dolma-v1_5-tokenizers-0-19-1 {'n_docs': 40, 'n_tokens': 3141194, 'S1': 0.1176, 'S2': 0.0302, 'S1_doc_mean': 0.1099, 'S2_doc_mean': 0.0305, 'QA_per_1k': 0.0}
preprocessed/olmo-mix/v1_6-decontaminated/c4/gpt-neox-olmo-dolma-v1_5-tokenizers-0-19-1 {'n_docs': 6259, 'n_tokens': 3000018, 'S1': 0.0718, 'S2': 0.0336, 'S1_doc_mean': 0.0504, 'S2_doc_mean': 0.0234, 'QA_per_1k': 0.015}
preprocessed/olmo-mix/v1_6-decontaminated/cc_en_head/gpt-neox-olmo-dolma-v1_5-tokenizers-0-19-1 {'n_docs': 3974, 'n_tokens': 3000152, 'S1': 0.0665, 'S2': 0.0194, 'S1_doc_mean': 0.0456, 'S2_doc_mean': 0.0118, 'QA_per_1k': 0.0025}
preprocessed/olmo-mix/v1_6-decontaminated/cc_en_middle/gpt-neox-olmo-dolma-v1_5-tokenizers-0-19-1 {'n_docs': 4265, 'n_tokens': 3000600, 'S1': 0.052, 'S2': 0.0139, 'S1_doc_mean': 0.0367, 'S2_doc_mean': 0.0091, 'QA_per_1k': 0.0705}
preprocessed/olmo-mix/v1_6-decontaminated/cc_en_tail/gpt-neox-olmo-dolma-v1_5-tokenizers-0-19-1 {'n_docs': 5757, 'n_tokens': 3000111, 'S1': 0.0848, 'S2': 0.0508, 'S1_doc_mean': 0.049, 'S2_doc_mean': 0.0211, 'QA_per_1k': 0.0125}
preprocessed/olmo-mix/v1_6-decontaminated/pes2o/gpt-neox-olmo-dolma-v1_5 {'n_docs': 11169, 'n_tokens': 3000212, 'S1': 0.0668, 'S2': 0.0203, 'S1_doc_mean': 0.0575, 'S2_doc_mean': 0.016, 'QA_per_1k': 0.0}
preprocessed/olmo-mix/v1_6-decontaminated/pes2o/gpt-neox-olmo-dolma-v1_5-tokenizers-0-19-1 {'n_docs': 507, 'n_tokens': 3002096, 'S1': 0.1682, 'S2': 0.0853, 'S1_doc_mean': 0.1573, 'S2_doc_mean': 0.0797, 'QA_per_1k': 0.0}
preprocessed/olmo-mix/v1_6-decontaminated/reddit/gpt-neox-olmo-dolma-v1_5-tokenizers-0-19-1 {'n_docs': 14553, 'n_tokens': 3000132, 'S1': 0.0289, 'S2': 0.0089, 'S1_doc_mean': 0.022, 'S2_doc_mean': 0.0051, 'QA_per_1k': 0.0015}
preprocessed/olmo-mix/v1_6-decontaminated/wiki/gpt-neox-olmo-dolma-v1_5 {'n_docs': 2834, 'n_tokens': 3002210, 'S1': 0.1111, 'S2': 0.0556, 'S1_doc_mean': 0.0736, 'S2_doc_mean': 0.0329, 'QA_per_1k': 0.0435}
preprocessed/olmo-mix/v1_6-decontaminated/wiki/gpt-neox-olmo-dolma-v1_5-tokenizers-0-19-1 {'n_docs': 2939, 'n_tokens': 3001054, 'S1': 0.1156, 'S2': 0.0611, 'S1_doc_mean': 0.0757, 'S2_doc_mean': 0.0338, 'QA_per_1k': 0.0225}
preprocessed/olmo-mix/v1_7-dd_ngram_dp_030-qc_cc_en_bin_001/cc_en_head/gpt-neox-olmo-dolma-v1_5 {'n_docs': 4101, 'n_tokens': 3001383, 'S1': 0.0631, 'S2': 0.0165, 'S1_doc_mean': 0.0464, 'S2_doc_mean': 0.0114, 'QA_per_1k': 0.028}
preprocessed/olmo-mix/v1_7-dd_ngram_dp_030-qc_cc_en_bin_001/cc_en_middle/gpt-neox-olmo-dolma-v1_5 {'n_docs': 4255, 'n_tokens': 3000048, 'S1': 0.051, 'S2': 0.0143, 'S1_doc_mean': 0.0354, 'S2_doc_mean': 0.0083, 'QA_per_1k': 0.009}
preprocessed/olmo-mix/v1_7-dd_ngram_dp_030-qc_cc_en_bin_001/cc_en_tail/gpt-neox-olmo-dolma-v1_5 {'n_docs': 5084, 'n_tokens': 3000483, 'S1': 0.0717, 'S2': 0.0335, 'S1_doc_mean': 0.0408, 'S2_doc_mean': 0.0131, 'QA_per_1k': 0.02}
preprocessed/proof-pile-2/v0_decontaminated/algebraic-stack/train/gpt-neox-olmo-dolma-v1_5 {'n_docs': 653, 'n_tokens': 3018150, 'S1': 0.584, 'S2': 0.6604, 'S1_doc_mean': 0.3052, 'S2_doc_mean': 0.2666, 'QA_per_1k': 0.0}
preprocessed/proof-pile-2/v0_decontaminated/algebraic-stack/train/gpt-neox-olmo-dolma-v1_5-tokenizers-0-19-1 {'n_docs': 454, 'n_tokens': 3010141, 'S1': 0.5085, 'S2': 0.5873, 'S1_doc_mean': 0.3758, 'S2_doc_mean': 0.3487, 'QA_per_1k': 0.0005}
preprocessed/proof-pile-2/v0_decontaminated/open-web-math/train/gpt-neox-olmo-dolma-v1_5 {'n_docs': 1125, 'n_tokens': 3002049, 'S1': 0.4013, 'S2': 0.3747, 'S1_doc_mean': 0.3102, 'S2_doc_mean': 0.2514, 'QA_per_1k': 0.002}
preprocessed/proof-pile-2/v0_decontaminated/open-web-math/train/gpt-neox-olmo-dolma-v1_5-tokenizers-0-19-1 {'n_docs': 1418, 'n_tokens': 3005270, 'S1': 0.2182, 'S2': 0.1741, 'S1_doc_mean': 0.1715, 'S2_doc_mean': 0.1268, 'QA_per_1k': 0.0115}
preprocessed/prox_fineweb_pro/v0/gpt-neox-olmo-dolma-v1_5 {'n_docs': 2618, 'n_tokens': 3000187, 'S1': 0.064, 'S2': 0.016, 'S1_doc_mean': 0.0474, 'S2_doc_mean': 0.0097, 'QA_per_1k': 0.0415}
preprocessed/reddit/v5-dedupe-pii-nsfw-toxic-fuzzydd-length/gpt-neox-olmo-dolma-v1_5 {'n_docs': 14586, 'n_tokens': 3000082, 'S1': 0.0293, 'S2': 0.0082, 'S1_doc_mean': 0.0227, 'S2_doc_mean': 0.0054, 'QA_per_1k': 0.0}
preprocessed/redpajama/v1_decon_fix/arxiv/gpt-neox-olmo-dolma-v1_5-tokenizers-0-19-1 {'n_docs': 158, 'n_tokens': 3034431, 'S1': 0.3544, 'S2': 0.3522, 'S1_doc_mean': 0.3051, 'S2_doc_mean': 0.2659, 'QA_per_1k': 0.0005}
preprocessed/redpajama/v1_decon_fix/stackexchange/gpt-neox-olmo-dolma-v1_5-tokenizers-0-19-1 {'n_docs': 4219, 'n_tokens': 3000387, 'S1': 0.2706, 'S2': 0.2481, 'S1_doc_mean': 0.1801, 'S2_doc_mean': 0.1462, 'QA_per_1k': 1.4475}
preprocessed/redpajama_v1_decon_fix/arxiv/gpt-neox-olmo-dolma-v1_5 {'n_docs': 155, 'n_tokens': 3034923, 'S1': 0.3567, 'S2': 0.3401, 'S1_doc_mean': 0.3139, 'S2_doc_mean': 0.2748, 'QA_per_1k': 0.0}
preprocessed/redpajama_v1_decon_fix/stackexchange/gpt-neox-olmo-dolma-v1_5 {'n_docs': 4465, 'n_tokens': 3000068, 'S1': 0.2226, 'S2': 0.1895, 'S1_doc_mean': 0.1584, 'S2_doc_mean': 0.122, 'QA_per_1k': 2.422}
preprocessed/starcoder/v0_decontaminated_doc_only/gpt-neox-olmo-dolma-v1_5 {'n_docs': 2706, 'n_tokens': 3000000, 'S1': 0.3153, 'S2': 0.2856, 'S1_doc_mean': 0.1704, 'S2_doc_mean': 0.1297, 'QA_per_1k': 0.001}
preprocessed/starcoder/v0_decontaminated_doc_only/gpt-neox-olmo-dolma-v1_5-tokenizers-0-19-1 {'n_docs': 3073, 'n_tokens': 3000998, 'S1': 0.3823, 'S2': 0.3577, 'S1_doc_mean': 0.2314, 'S2_doc_mean': 0.1772, 'QA_per_1k': 0.0005}
preprocessed/tulu_flan/v0_all_train/gpt-neox-olmo-dolma-v1_5-tokenizers-0-19-1 {'n_docs': 8669, 'n_tokens': 3000057, 'S1': 0.1102, 'S2': 0.0772, 'S1_doc_mean': 0.0879, 'S2_doc_mean': 0.0636, 'QA_per_1k': 3.659}
preprocessed/tulu_flan/v2-decontaminated-60M-shots_all-upweight_1-dialog_false-sep_newline/train/gpt-neox-olmo-dolma-v1_5 {'n_docs': 8831, 'n_tokens': 3000115, 'S1': 0.0853, 'S2': 0.0637, 'S1_doc_mean': 0.1085, 'S2_doc_mean': 0.0874, 'QA_per_1k': 8.924}
c4                                  S1 0.0561 S2 0.0172 QA 0.025 cov 1.00
falcon-and-cc-qc-10p                S1 0.0564 S2 0.0122 QA 0.024 cov 1.00
falcon-and-cc-qc-20p                S1 0.0574 S2 0.0162 QA 0.023 cov 1.00
fineweb-pro                         S1 0.0640 S2 0.0160 QA 0.042 cov 1.00
falcon-and-cc                       S1 0.0660 S2 0.0262 QA 0.029 cov 1.00
falcon-and-cc-qc-orig-10p           S1 0.0685 S2 0.0241 QA 0.090 cov 1.00
dolma1_7-no-math-code               S1 0.0697 S2 0.0314 QA 0.135 cov 1.00
falcon                              S1 0.0724 S2 0.0328 QA 0.043 cov 1.00
dclm-baseline                       S1 0.0757 S2 0.0216 QA 0.041 cov 1.00
fineweb-edu                         S1 0.0767 S2 0.0245 QA 0.002 cov 1.00
dolma1_7-no-code                    S1 0.0771 S2 0.0395 QA 0.127 cov 1.00
dclm-baseline-qc-20p                S1 0.0791 S2 0.0228 QA 0.102 cov 1.00
dclm-baseline-75p-dolma1.7-25p      S1 0.0809 S2 0.0292 QA 0.054 cov 1.00
dclm-baseline-qc-7p-fw2             S1 0.0819 S2 0.0239 QA 0.044 cov 1.00
dclm-baseline-qc-7p-fw3             S1 0.0846 S2 0.0231 QA 0.021 cov 1.00
dclm-baseline-qc-10p                S1 0.0846 S2 0.0303 QA 0.082 cov 1.00
dclm-baseline-qc-fw-3p              S1 0.0881 S2 0.0235 QA 0.022 cov 1.00
dclm-baseline-50p-dolma1.7-50p      S1 0.0882 S2 0.0396 QA 0.070 cov 1.00
dclm-baseline-qc-fw-10p             S1 0.0892 S2 0.0261 QA 0.021 cov 1.00
falcon-and-cc-qc-tulu-10p           S1 0.0895 S2 0.0290 QA 0.161 cov 1.00
dclm-baseline-25p-dolma1.7-75p      S1 0.0981 S2 0.0543 QA 0.095 cov 1.00
dolma1_7                            S1 0.1154 S2 0.0791 QA 0.134 cov 1.00
dolma1_7-no-flan                    S1 0.1157 S2 0.0792 QA 0.049 cov 1.00
dolma1_7-no-reddit                  S1 0.1196 S2 0.0825 QA 0.141 cov 1.00
dolma1_6plus                        S1 0.1268 S2 0.0890 QA 0.035 cov 1.00
