c4-1B__default exit=0
c4-1B__large-aux-2 exit=0
c4-1B__large-aux-3 exit=0
dclm-baseline-1B__default exit=0
dclm-baseline-1B__large-aux-2 exit=0
dclm-baseline-1B__large-aux-3 exit=0
dclm-baseline-25p-dolma1.7-75p-1B__default exit=0
dclm-baseline-25p-dolma1.7-75p-1B__large-aux-2 exit=0
dclm-baseline-25p-dolma1.7-75p-1B__large-aux-3 exit=0
dclm-baseline-50p-dolma1.7-50p-1B__default exit=0
dclm-baseline-50p-dolma1.7-50p-1B__large-aux-2 exit=0
dclm-baseline-50p-dolma1.7-50p-1B__large-aux-3 exit=0
dclm-baseline-75p-dolma1.7-25p-1B__default exit=0
dclm-baseline-75p-dolma1.7-25p-1B__large-aux-2 exit=0
dclm-baseline-75p-dolma1.7-25p-1B__large-aux-3 exit=0
dclm-baseline-qc-10p-1B__default exit=0
dclm-baseline-qc-10p-1B__large-aux-2 exit=0
dclm-baseline-qc-10p-1B__large-aux-3 exit=0
dclm-baseline-qc-20p-1B__default exit=0
dclm-baseline-qc-20p-1B__large-aux-2 exit=0
