dclm-baseline-1B__default exit=0
dclm-baseline-qc-10p-1B__default exit=0
dclm-baseline-qc-7p-fw2-1B__default exit=0
dolma1_6plus-1B__default exit=0
dolma1_7-no-code-1B__default exit=0
dolma1_7-no-math-code-1B__default exit=0
falcon-1B__default exit=0
falcon-and-cc-qc-orig-10p-1B__default exit=0
c4-1B__large-aux-2 exit=0
dclm-baseline-50p-dolma1.7-50p-1B__large-aux-2 exit=0
dclm-baseline-qc-20p-1B__large-aux-2 exit=0
dclm-baseline-qc-7p-fw3-1B__large-aux-2 exit=0
dolma1_7-no-code-1B__large-aux-2 exit=0
falcon-1B__large-aux-2 exit=0
falcon-and-cc-qc-10p-1B__large-aux-2 exit=0
fineweb-pro-1B__large-aux-2 exit=0
dclm-baseline-1B__large-aux-3 exit=0
dclm-baseline-75p-dolma1.7-25p-1B__large-aux-3 exit=0
dclm-baseline-qc-20p-1B__large-aux-3 exit=0
dclm-baseline-qc-7p-fw3-1B__large-aux-3 exit=0
dolma1_7-no-code-1B__large-aux-3 exit=0
falcon-1B__large-aux-3 exit=0
falcon-and-cc-qc-10p-1B__large-aux-3 exit=0
falcon-and-cc-qc-tulu-10p-1B__large-aux-3 exit=0
