Warning: Permanently added 'fvcrc00' (ED25519) to the list of known hosts.
Warning: Permanently added 'fvcrc13' (ED25519) to the list of known hosts.
Using the latest cached version of the dataset since gaotang/ParaConflict couldn't be found on the Hugging Face Hub (offline mode is enabled).
Found the latest cached dataset configuration 'default' at /home/xiang/.cache/huggingface/datasets/gaotang___para_conflict/default/0.0.0/d2b097583890081b26762e0caf4067eafff9bab4 (last modified on Fri Oct  2 17:52:29 2026).
6M__dclm-baseline-25p-dolma1.7-75p__default 40s {'M1_max': 0.311, 'M2_max': 0.929, 'M3_max': 0.261, 'M4_max': 0.191}
6M__dclm-baseline-75p-dolma1.7-25p__small-aux-3 10s {'M1_max': 0.206, 'M2_max': 0.935, 'M3_max': 0.228, 'M4_max': 0.205}
6M__dclm-baseline-qc-fw-10p__small-aux-2 16s {'M1_max': 0.096, 'M2_max': 0.864, 'M3_max': 0.202, 'M4_max': 0.278}
6M__dolma1_7__default 20s {'M1_max': 0.458, 'M2_max': 0.978, 'M3_max': 0.192, 'M4_max': 0.376}
6M__dolma1_7-no-flan__small-aux-3 14s {'M1_max': 0.491, 'M2_max': 0.936, 'M3_max': 0.271, 'M4_max': 0.323}
6M__falcon__small-aux-2 13s {'M1_max': 0.143, 'M2_max': 0.872, 'M3_max': 0.134, 'M4_max': 0.174}
6M__falcon-and-cc-qc-20p__default 17s {'M1_max': 0.107, 'M2_max': 0.872, 'M3_max': 0.247, 'M4_max': 0.132}
6M__falcon-and-cc-qc-tulu-10p__small-aux-3 17s {'M1_max': 0.253, 'M2_max': 0.887, 'M3_max': 0.141, 'M4_max': 0.194}
8M__c4__small-aux-2 20s {'M1_max': 0.274, 'M2_max': 0.898, 'M3_max': 0.185, 'M4_max': 0.295}
8M__dclm-baseline-75p-dolma1.7-25p__default 15s {'M1_max': 0.483, 'M2_max': 0.904, 'M3_max': 0.3, 'M4_max': 0.456}
8M__dclm-baseline-qc-20p__small-aux-3 14s {'M1_max': 0.402, 'M2_max': 0.899, 'M3_max': 0.354, 'M4_max': 0.401}
1B@7500__dolma1_7-no-flan__large-aux-3 175s {'M1_max': 0.972, 'M2_max': 0.965, 'M3_max': 0.419, 'M4_max': 0.767}
8M__dolma1_7__small-aux-2 25s {'M1_max': 0.713, 'M2_max': 0.966, 'M3_max': 0.126, 'M4_max': 0.39}
8M__falcon__default 22s {'M1_max': 0.572, 'M2_max': 0.909, 'M3_max': 0.266, 'M4_max': 0.544}
8M__falcon-and-cc-qc-10p__small-aux-3 22s {'M1_max': 0.164, 'M2_max': 0.884, 'M3_max': 0.16, 'M4_max': 0.444}
8M__fineweb-pro__small-aux-2 27s {'M1_max': 0.233, 'M2_max': 0.815, 'M3_max': 0.162, 'M4_max': 0.437}
10M__dclm-baseline-qc-10p__default 13s {'M1_max': 0.558, 'M2_max': 0.863, 'M3_max': 0.212, 'M4_max': 0.515}
10M__dclm-baseline-qc-fw-10p__small-aux-3 14s {'M1_max': 0.45, 'M2_max': 0.897, 'M3_max': 0.134, 'M4_max': 0.228}
10M__dolma1_7-no-code__small-aux-2 13s {'M1_max': 0.636, 'M2_max': 0.913, 'M3_max': 0.248, 'M4_max': 0.581}
60M__dolma1_7__small-aux-3 31s {'M1_max': 0.941, 'M2_max': 0.976, 'M3_max': 0.498, 'M4_max': 0.885}
10M__dolma1_7-no-reddit__default 18s {'M1_max': 0.845, 'M2_max': 0.971, 'M3_max': 0.194, 'M4_max': 0.87}
10M__falcon-and-cc__small-aux-3 26s {'M1_max': 0.429, 'M2_max': 0.893, 'M3_max': 0.164, 'M4_max': 0.571}
10M__fineweb-pro__small-aux-2 19s {'M1_max': 0.338, 'M2_max': 0.916, 'M3_max': 0.209, 'M4_max': 0.306}
14M__dclm-baseline-25p-dolma1.7-75p__default 14s {'M1_max': 0.843, 'M2_max': 0.854, 'M3_max': 0.332, 'M4_max': 0.663}
14M__dclm-baseline-qc-20p__small-aux-3 21s {'M1_max': 0.654, 'M2_max': 0.857, 'M3_max': 0.357, 'M4_max': 0.693}
14M__dolma1_7__small-aux-2 13s {'M1_max': 0.89, 'M2_max': 0.99, 'M3_max': 0.299, 'M4_max': 0.553}
14M__dolma1_7-no-math-code__default 13s {'M1_max': 0.764, 'M2_max': 0.858, 'M3_max': 0.475, 'M4_max': 0.756}
150M__dolma1_7-no-flan__small-aux-2 28s {'M1_max': 0.914, 'M2_max': 0.916, 'M3_max': 0.438, 'M4_max': 0.352}
14M__falcon-and-cc-qc-10p__small-aux-3 13s {'M1_max': 0.665, 'M2_max': 0.883, 'M3_max': 0.307, 'M4_max': 0.582}
14M__falcon-and-cc-qc-tulu-10p__small-aux-2 9s {'M1_max': 0.736, 'M2_max': 0.925, 'M3_max': 0.263, 'M4_max': 0.681}
ERROR 16M__c4__default OutOfMemoryError('CUDA out of memory. Tried to allocate 494.00 MiB. GPU 0 has a total capacity of 79.14 GiB of which 509.69 MiB is free. Process 3265533 has 650.00 MiB memory in use. Including non-PyT
ERROR 16M__dclm-baseline-qc-10p__small-aux-3 OutOfMemoryError('CUDA out of memory. Tried to allocate 988.00 MiB. GPU 0 has a total capacity of 79.14 GiB of which 923.69 MiB is free. Process 3265533 has 650.00 MiB memory in use. Including non-PyT
16M__c4__default 15s {'M1_max': 0.828, 'M2_max': 0.838, 'M3_max': 0.244, 'M4_max': 0.541}
16M__dclm-baseline-qc-10p__small-aux-3 14s {'M1_max': 0.621, 'M2_max': 0.854, 'M3_max': 0.412, 'M4_max': 0.559}
16M__dclm-baseline-qc-7p-fw3__small-aux-2 17s {'M1_max': 0.769, 'M2_max': 0.849, 'M3_max': 0.309, 'M4_max': 0.681}
16M__dolma1_7__default 6s {'M1_max': 0.949, 'M2_max': 0.968, 'M3_max': 0.284, 'M4_max': 0.672}
16M__dolma1_7-no-flan__small-aux-3 73s {'M1_max': 0.895, 'M2_max': 0.979, 'M3_max': 0.279, 'M4_max': 0.636}
20M__dclm-baseline__small-aux-2 134s {'M1_max': 0.565, 'M2_max': 0.914, 'M3_max': 0.286, 'M4_max': 0.654}
20M__dclm-baseline-75p-dolma1.7-25p__default 139s {'M1_max': 0.772, 'M2_max': 0.993, 'M3_max': 0.328, 'M4_max': 0.434}
20M__dclm-baseline-qc-20p__small-aux-3 140s {'M1_max': 0.762, 'M2_max': 0.93, 'M3_max': 0.236, 'M4_max': 0.396}
20M__dclm-baseline-qc-fw-10p__small-aux-2 133s {'M1_max': 0.805, 'M2_max': 0.929, 'M3_max': 0.397, 'M4_max': 0.577}
20M__dolma1_7-no-flan__default 125s {'M1_max': 0.909, 'M2_max': 0.996, 'M3_max': 0.36, 'M4_max': 0.783}
20M__dolma1_7-no-reddit__small-aux-3 126s {'M1_max': 0.867, 'M2_max': 0.999, 'M3_max': 0.438, 'M4_max': 0.927}
20M__falcon-and-cc-qc-20p__small-aux-2 137s {'M1_max': 0.809, 'M2_max': 0.92, 'M3_max': 0.286, 'M4_max': 0.527}
20M__fineweb-pro__default 144s {'M1_max': 0.765, 'M2_max': 0.906, 'M3_max': 0.352, 'M4_max': 0.579}
60M__dclm-baseline-50p-dolma1.7-50p__small-aux-3 146s {'M1_max': 0.956, 'M2_max': 0.98, 'M3_max': 0.473, 'M4_max': 0.697}
