Warning: Permanently added 'fvcrc00' (ED25519) to the list of known hosts.
Warning: Permanently added 'fvcrc13' (ED25519) to the list of known hosts.
Using the latest cached version of the dataset since gaotang/ParaConflict couldn't be found on the Hugging Face Hub (offline mode is enabled).
Found the latest cached dataset configuration 'default' at /home/xiang/.cache/huggingface/datasets/gaotang___para_conflict/default/0.0.0/d2b097583890081b26762e0caf4067eafff9bab4 (last modified on Fri Oct  2 17:52:29 2026).
6M__c4__small-aux-3 40s {'M1_max': 0.246, 'M2_max': 0.886, 'M3_max': 0.089, 'M4_max': 0.212}
6M__dclm-baseline-50p-dolma1.7-50p__small-aux-2 10s {'M1_max': 0.297, 'M2_max': 0.897, 'M3_max': 0.334, 'M4_max': 0.243}
6M__dclm-baseline-qc-7p-fw3__default 14s {'M1_max': 0.066, 'M2_max': 0.912, 'M3_max': 0.091, 'M4_max': 0.208}
6M__dclm-baseline-qc-fw-3p__small-aux-3 21s {'M1_max': 0.145, 'M2_max': 0.847, 'M3_max': 0.114, 'M4_max': 0.252}
6M__dolma1_7-no-code__small-aux-2 13s {'M1_max': 0.307, 'M2_max': 0.892, 'M3_max': 0.132, 'M4_max': 0.296}
6M__dolma1_7-no-reddit__default 14s {'M1_max': 0.399, 'M2_max': 0.964, 'M3_max': 0.173, 'M4_max': 0.403}
6M__falcon-and-cc__small-aux-3 17s {'M1_max': 0.258, 'M2_max': 0.902, 'M3_max': 0.264, 'M4_max': 0.263}
6M__falcon-and-cc-qc-orig-10p__small-aux-2 16s {'M1_max': 0.139, 'M2_max': 0.906, 'M3_max': 0.154, 'M4_max': 0.286}
6M__fineweb-pro__default 15s {'M1_max': 0.157, 'M2_max': 0.913, 'M3_max': 0.11, 'M4_max': 0.202}
8M__dclm-baseline__small-aux-3 18s {'M1_max': 0.471, 'M2_max': 0.909, 'M3_max': 0.152, 'M4_max': 0.499}
8M__dclm-baseline-qc-10p__small-aux-2 14s {'M1_max': 0.226, 'M2_max': 0.911, 'M3_max': 0.211, 'M4_max': 0.579}
8M__dclm-baseline-qc-fw-3p__default 26s {'M1_max': 0.346, 'M2_max': 0.915, 'M3_max': 0.277, 'M4_max': 0.422}
8M__dolma1_7-no-code__small-aux-3 27s {'M1_max': 0.634, 'M2_max': 0.95, 'M3_max': 0.169, 'M4_max': 0.688}
8M__falcon-and-cc__small-aux-2 17s {'M1_max': 0.402, 'M2_max': 0.924, 'M3_max': 0.34, 'M4_max': 0.236}
8M__falcon-and-cc-qc-tulu-10p__default 11s {'M1_max': 0.558, 'M2_max': 0.92, 'M3_max': 0.284, 'M4_max': 0.517}
10M__c4__small-aux-3 20s {'M1_max': 0.506, 'M2_max': 0.853, 'M3_max': 0.239, 'M4_max': 0.584}
10M__dclm-baseline-qc-7p-fw2__small-aux-2 22s {'M1_max': 0.263, 'M2_max': 0.929, 'M3_max': 0.17, 'M4_max': 0.64}
10M__dolma1_7__default 14s {'M1_max': 0.74, 'M2_max': 0.917, 'M3_max': 0.271, 'M4_max': 0.798}
10M__dolma1_7-no-flan__small-aux-3 20s {'M1_max': 0.68, 'M2_max': 0.955, 'M3_max': 0.261, 'M4_max': 0.695}
ERROR 10M__falcon__small-aux-2 FileNotFoundError(2, 'No such file or directory')
90M__dolma1_7__default 42s {'M1_max': 0.946, 'M2_max': 0.923, 'M3_max': 0.44, 'M4_max': 0.476}
10M__falcon__small-aux-2 24s {'M1_max': 0.519, 'M2_max': 0.968, 'M3_max': 0.209, 'M4_max': 0.341}
10M__falcon-and-cc-qc-orig-10p__default 8s {'M1_max': 0.377, 'M2_max': 0.917, 'M3_max': 0.204, 'M4_max': 0.632}
14M__c4__small-aux-3 18s {'M1_max': 0.865, 'M2_max': 0.859, 'M3_max': 0.24, 'M4_max': 0.499}
90M__dolma1_7-no-flan__small-aux-3 43s {'M1_max': 0.914, 'M2_max': 0.995, 'M3_max': 0.413, 'M4_max': 0.492}
14M__dclm-baseline-50p-dolma1.7-50p__small-aux-2 23s {'M1_max': 0.72, 'M2_max': 0.951, 'M3_max': 0.207, 'M4_max': 0.556}
14M__dclm-baseline-qc-fw-10p__default 13s {'M1_max': 0.735, 'M2_max': 0.89, 'M3_max': 0.282, 'M4_max': 0.553}
14M__dolma1_7-no-code__small-aux-3 14s {'M1_max': 0.829, 'M2_max': 0.907, 'M3_max': 0.34, 'M4_max': 0.694}
14M__dolma1_7-no-reddit__small-aux-2 13s {'M1_max': 0.87, 'M2_max': 0.991, 'M3_max': 0.417, 'M4_max': 0.882}
14M__falcon-and-cc-qc-orig-10p__default 7s {'M1_max': 0.807, 'M2_max': 0.916, 'M3_max': 0.257, 'M4_max': 0.575}
14M__fineweb-edu__small-aux-3 31s {'M1_max': 0.763, 'M2_max': 0.892, 'M3_max': 0.4, 'M4_max': 0.654}
ERROR 16M__dclm-baseline-75p-dolma1.7-25p__small-aux-2 OutOfMemoryError('CUDA out of memory. Tried to allocate 2.00 MiB. GPU 0 has a total capacity of 79.14 GiB of which 31.69 MiB is free. Including non-PyTorch memory, this process has 650.00 MiB memory i
16M__dclm-baseline-75p-dolma1.7-25p__small-aux-2 15s {'M1_max': 0.805, 'M2_max': 0.869, 'M3_max': 0.27, 'M4_max': 0.663}
16M__dclm-baseline-qc-7p-fw2__default 21s {'M1_max': 0.757, 'M2_max': 0.845, 'M3_max': 0.275, 'M4_max': 0.676}
16M__dclm-baseline-qc-fw-10p__small-aux-3 13s {'M1_max': 0.461, 'M2_max': 0.94, 'M3_max': 0.213, 'M4_max': 0.368}
300M__dolma1_7-no-flan__small-aux-3 130s {'M1_max': 0.95, 'M2_max': 0.859, 'M3_max': 0.483, 'M4_max': 0.52}
16M__dolma1_7-no-code__small-aux-2 74s {'M1_max': 0.826, 'M2_max': 0.94, 'M3_max': 0.249, 'M4_max': 0.568}
16M__falcon-and-cc-qc-orig-10p__default 73s {'M1_max': 0.811, 'M2_max': 0.889, 'M3_max': 0.264, 'M4_max': 0.57}
20M__dclm-baseline-25p-dolma1.7-75p__small-aux-3 136s {'M1_max': 0.882, 'M2_max': 0.999, 'M3_max': 0.35, 'M4_max': 0.547}
20M__dclm-baseline-qc-10p__small-aux-2 135s {'M1_max': 0.69, 'M2_max': 0.921, 'M3_max': 0.309, 'M4_max': 0.709}
20M__dclm-baseline-qc-7p-fw3__default 137s {'M1_max': 0.735, 'M2_max': 0.961, 'M3_max': 0.398, 'M4_max': 0.485}
20M__dclm-baseline-qc-fw-3p__small-aux-3 133s {'M1_max': 0.689, 'M2_max': 0.954, 'M3_max': 0.341, 'M4_max': 0.594}
20M__dolma1_7-no-math-code__small-aux-2 122s {'M1_max': 0.803, 'M2_max': 0.937, 'M3_max': 0.332, 'M4_max': 0.584}
20M__falcon-and-cc__default 129s {'M1_max': 0.839, 'M2_max': 0.934, 'M3_max': 0.35, 'M4_max': 0.83}
20M__falcon-and-cc-qc-orig-10p__small-aux-3 143s {'M1_max': 0.826, 'M2_max': 0.889, 'M3_max': 0.328, 'M4_max': 0.579}
