Warning: Permanently added 'fvcrc00' (ED25519) to the list of known hosts.
Warning: Permanently added 'fvcrc20' (ED25519) to the list of known hosts.
Using the latest cached version of the dataset since gaotang/ParaConflict couldn't be found on the Hugging Face Hub (offline mode is enabled).
Found the latest cached dataset configuration 'default' at /home/xiang/.cache/huggingface/datasets/gaotang___para_conflict/default/0.0.0/d2b097583890081b26762e0caf4067eafff9bab4 (last modified on Fri Oct  2 17:52:29 2026).
4M__dolma1_7-no-flan__small-aux-2 79s {'M1_max': 0.015, 'M2_max': 0.865, 'M3_max': 0.192, 'M4_max': 0.166}
4M__falcon-and-cc-qc-20p__default 20s {'M1_max': 0.009, 'M2_max': 0.605, 'M3_max': 0.244, 'M4_max': 0.098}
4M__falcon-and-cc-qc-tulu-10p__small-aux-3 22s {'M1_max': 0.017, 'M2_max': 0.86, 'M3_max': 0.194, 'M4_max': 0.118}
6M__c4__small-aux-2 25s {'M1_max': 0.097, 'M2_max': 0.888, 'M3_max': 0.213, 'M4_max': 0.176}
6M__dclm-baseline-50p-dolma1.7-50p__default 24s {'M1_max': 0.134, 'M2_max': 0.895, 'M3_max': 0.256, 'M4_max': 0.174}
6M__dclm-baseline-qc-7p-fw2__small-aux-3 24s {'M1_max': 0.084, 'M2_max': 0.862, 'M3_max': 0.171, 'M4_max': 0.244}
6M__dclm-baseline-qc-fw-3p__small-aux-2 27s {'M1_max': 0.092, 'M2_max': 0.916, 'M3_max': 0.223, 'M4_max': 0.217}
6M__dolma1_7-no-code__default 33s {'M1_max': 0.181, 'M2_max': 0.902, 'M3_max': 0.2, 'M4_max': 0.285}
6M__dolma1_7-no-math-code__small-aux-3 27s {'M1_max': 0.165, 'M2_max': 0.907, 'M3_max': 0.184, 'M4_max': 0.146}
6M__falcon-and-cc__small-aux-2 28s {'M1_max': 0.216, 'M2_max': 0.913, 'M3_max': 0.282, 'M4_max': 0.314}
6M__falcon-and-cc-qc-orig-10p__default 22s {'M1_max': 0.123, 'M2_max': 0.909, 'M3_max': 0.122, 'M4_max': 0.17}
6M__fineweb-edu__small-aux-3 23s {'M1_max': 0.133, 'M2_max': 0.911, 'M3_max': 0.104, 'M4_max': 0.239}
8M__dclm-baseline__small-aux-2 18s {'M1_max': 0.318, 'M2_max': 0.931, 'M3_max': 0.206, 'M4_max': 0.306}
8M__dclm-baseline-qc-10p__default 17s {'M1_max': 0.355, 'M2_max': 0.928, 'M3_max': 0.143, 'M4_max': 0.407}
8M__dclm-baseline-qc-fw-10p__small-aux-3 17s {'M1_max': 0.219, 'M2_max': 0.907, 'M3_max': 0.155, 'M4_max': 0.287}
8M__dolma1_7-no-code__small-aux-2 19s {'M1_max': 0.422, 'M2_max': 0.946, 'M3_max': 0.234, 'M4_max': 0.637}
8M__falcon-and-cc__default 15s {'M1_max': 0.378, 'M2_max': 0.938, 'M3_max': 0.183, 'M4_max': 0.485}
8M__falcon-and-cc-qc-orig-10p__small-aux-3 29s {'M1_max': 0.507, 'M2_max': 0.909, 'M3_max': 0.159, 'M4_max': 0.654}
10M__c4__small-aux-2 27s {'M1_max': 0.625, 'M2_max': 0.908, 'M3_max': 0.306, 'M4_max': 0.481}
10M__dclm-baseline-qc-7p-fw2__default 33s {'M1_max': 0.53, 'M2_max': 0.924, 'M3_max': 0.179, 'M4_max': 0.318}
10M__dclm-baseline-qc-fw-3p__small-aux-3 22s {'M1_max': 0.421, 'M2_max': 0.934, 'M3_max': 0.157, 'M4_max': 0.422}
10M__dolma1_7-no-flan__small-aux-2 20s {'M1_max': 0.748, 'M2_max': 0.951, 'M3_max': 0.225, 'M4_max': 0.882}
1B@7500__dolma1_7__large-aux-3 539s {'M1_max': 0.959, 'M2_max': 0.954, 'M3_max': 0.398, 'M4_max': 0.846}
10M__falcon__default 29s {'M1_max': 0.552, 'M2_max': 0.929, 'M3_max': 0.203, 'M4_max': 0.648}
10M__falcon-and-cc-qc-10p__small-aux-3 16s {'M1_max': 0.316, 'M2_max': 0.842, 'M3_max': 0.255, 'M4_max': 0.476}
14M__c4__small-aux-2 16s {'M1_max': 0.742, 'M2_max': 0.907, 'M3_max': 0.217, 'M4_max': 0.521}
14M__dclm-baseline-50p-dolma1.7-50p__default 19s {'M1_max': 0.76, 'M2_max': 0.876, 'M3_max': 0.321, 'M4_max': 0.691}
14M__dclm-baseline-qc-7p-fw2__small-aux-3 17s {'M1_max': 0.63, 'M2_max': 0.918, 'M3_max': 0.304, 'M4_max': 0.636}
14M__dolma1_7-no-code__small-aux-2 22s {'M1_max': 0.737, 'M2_max': 0.874, 'M3_max': 0.243, 'M4_max': 0.503}
14M__dolma1_7-no-reddit__default 26s {'M1_max': 0.882, 'M2_max': 0.995, 'M3_max': 0.262, 'M4_max': 0.924}
14M__falcon-and-cc-qc-20p__small-aux-3 21s {'M1_max': 0.689, 'M2_max': 0.888, 'M3_max': 0.268, 'M4_max': 0.637}
90M__dolma1_7-no-flan__small-aux-2 50s {'M1_max': 0.94, 'M2_max': 0.952, 'M3_max': 0.45, 'M4_max': 0.563}
ERROR 14M__fineweb-edu__small-aux-2 OutOfMemoryError('CUDA out of memory. Tried to allocate 22.00 MiB. GPU 0 has a total capacity of 94.97 GiB of which 79.50 MiB is free. Process 1804864 has 2.06 GiB memory in use. Including non-PyTorch
14M__fineweb-edu__small-aux-2 41s {'M1_max': 0.822, 'M2_max': 0.908, 'M3_max': 0.245, 'M4_max': 0.76}
16M__dclm-baseline-75p-dolma1.7-25p__default 58s {'M1_max': 0.772, 'M2_max': 0.88, 'M3_max': 0.323, 'M4_max': 0.618}
16M__dclm-baseline-qc-20p__small-aux-3 42s {'M1_max': 0.812, 'M2_max': 0.908, 'M3_max': 0.264, 'M4_max': 0.601}
300M__dolma1_7-no-flan__small-aux-2 107s {'M1_max': 0.931, 'M2_max': 0.904, 'M3_max': 0.476, 'M4_max': 0.47}
16M__dclm-baseline-qc-fw-10p__small-aux-2 29s {'M1_max': 0.609, 'M2_max': 0.887, 'M3_max': 0.225, 'M4_max': 0.481}
16M__dolma1_7-no-code__default 25s {'M1_max': 0.849, 'M2_max': 0.916, 'M3_max': 0.305, 'M4_max': 0.747}
16M__dolma1_7-no-math-code__small-aux-3 22s {'M1_max': 0.757, 'M2_max': 0.906, 'M3_max': 0.298, 'M4_max': 0.437}
20M__dclm-baseline-25p-dolma1.7-75p__small-aux-2 70s {'M1_max': 0.901, 'M2_max': 0.905, 'M3_max': 0.371, 'M4_max': 0.727}
20M__dclm-baseline-qc-10p__default 79s {'M1_max': 0.695, 'M2_max': 0.882, 'M3_max': 0.42, 'M4_max': 0.574}
20M__dclm-baseline-qc-7p-fw2__small-aux-3 148s {'M1_max': 0.796, 'M2_max': 0.943, 'M3_max': 0.382, 'M4_max': 0.502}
20M__dclm-baseline-qc-fw-3p__small-aux-2 119s {'M1_max': 0.82, 'M2_max': 0.917, 'M3_max': 0.263, 'M4_max': 0.457}
20M__dolma1_7-no-math-code__default 156s {'M1_max': 0.881, 'M2_max': 0.904, 'M3_max': 0.375, 'M4_max': 0.743}
20M__falcon__small-aux-3 122s {'M1_max': 0.764, 'M2_max': 0.961, 'M3_max': 0.36, 'M4_max': 0.76}
20M__falcon-and-cc-qc-orig-10p__small-aux-2 111s {'M1_max': 0.761, 'M2_max': 0.908, 'M3_max': 0.3, 'M4_max': 0.438}
60M__dclm-baseline-25p-dolma1.7-75p__default 139s {'M1_max': 0.913, 'M2_max': 0.993, 'M3_max': 0.45, 'M4_max': 0.524}
