Warning: Permanently added 'fvcrc00' (ED25519) to the list of known hosts.
Warning: Permanently added 'fvcrc20' (ED25519) to the list of known hosts.
Using the latest cached version of the dataset since gaotang/ParaConflict couldn't be found on the Hugging Face Hub (offline mode is enabled).
Found the latest cached dataset configuration 'default' at /home/xiang/.cache/huggingface/datasets/gaotang___para_conflict/default/0.0.0/d2b097583890081b26762e0caf4067eafff9bab4 (last modified on Fri Oct  2 17:52:29 2026).
4M__dolma1_7-no-math-code__small-aux-3 79s {'M1_max': 0.008, 'M2_max': 0.736, 'M3_max': 0.399, 'M4_max': 0.175}
4M__falcon-and-cc-qc-orig-10p__small-aux-2 20s {'M1_max': 0.009, 'M2_max': 0.709, 'M3_max': 0.132, 'M4_max': 0.114}
4M__fineweb-pro__default 23s {'M1_max': 0.015, 'M2_max': 0.817, 'M3_max': 0.206, 'M4_max': 0.151}
6M__dclm-baseline__small-aux-3 25s {'M1_max': 0.145, 'M2_max': 0.895, 'M3_max': 0.192, 'M4_max': 0.187}
6M__dclm-baseline-75p-dolma1.7-25p__small-aux-2 24s {'M1_max': 0.141, 'M2_max': 0.856, 'M3_max': 0.2, 'M4_max': 0.152}
6M__dclm-baseline-qc-fw-10p__default 24s {'M1_max': 0.202, 'M2_max': 0.91, 'M3_max': 0.127, 'M4_max': 0.221}
6M__dolma1_6plus__small-aux-3 26s {'M1_max': 0.437, 'M2_max': 0.955, 'M3_max': 0.136, 'M4_max': 0.176}
6M__dolma1_7-no-flan__small-aux-2 32s {'M1_max': 0.325, 'M2_max': 0.916, 'M3_max': 0.155, 'M4_max': 0.187}
6M__falcon__default 29s {'M1_max': 0.31, 'M2_max': 0.951, 'M3_max': 0.137, 'M4_max': 0.211}
6M__falcon-and-cc-qc-10p__small-aux-3 29s {'M1_max': 0.097, 'M2_max': 0.886, 'M3_max': 0.189, 'M4_max': 0.178}
6M__falcon-and-cc-qc-tulu-10p__small-aux-2 21s {'M1_max': 0.232, 'M2_max': 0.952, 'M3_max': 0.303, 'M4_max': 0.313}
8M__c4__default 23s {'M1_max': 0.318, 'M2_max': 0.916, 'M3_max': 0.184, 'M4_max': 0.364}
8M__dclm-baseline-25p-dolma1.7-75p__small-aux-3 17s {'M1_max': 0.589, 'M2_max': 0.954, 'M3_max': 0.169, 'M4_max': 0.834}
8M__dclm-baseline-qc-20p__small-aux-2 14s {'M1_max': 0.414, 'M2_max': 0.919, 'M3_max': 0.251, 'M4_max': 0.479}
8M__dolma1_7__default 17s {'M1_max': 0.671, 'M2_max': 0.968, 'M3_max': 0.265, 'M4_max': 0.624}
8M__dolma1_7-no-math-code__small-aux-3 18s {'M1_max': 0.339, 'M2_max': 0.89, 'M3_max': 0.178, 'M4_max': 0.365}
8M__falcon-and-cc-qc-10p__small-aux-2 16s {'M1_max': 0.416, 'M2_max': 0.905, 'M3_max': 0.188, 'M4_max': 0.273}
8M__fineweb-pro__default 31s {'M1_max': 0.302, 'M2_max': 0.889, 'M3_max': 0.143, 'M4_max': 0.319}
10M__dclm-baseline-75p-dolma1.7-25p__small-aux-3 28s {'M1_max': 0.641, 'M2_max': 0.944, 'M3_max': 0.123, 'M4_max': 0.36}
10M__dclm-baseline-qc-fw-10p__small-aux-2 35s {'M1_max': 0.383, 'M2_max': 0.902, 'M3_max': 0.215, 'M4_max': 0.37}
10M__dolma1_7-no-code__default 23s {'M1_max': 0.609, 'M2_max': 0.889, 'M3_max': 0.159, 'M4_max': 0.551}
60M__dolma1_7__small-aux-2 98s {'M1_max': 0.944, 'M2_max': 0.931, 'M3_max': 0.432, 'M4_max': 0.569}
1B@7500__dolma1_7-no-flan__large-aux-2 478s {'M1_max': 0.966, 'M2_max': 0.994, 'M3_max': 0.422, 'M4_max': 0.745}
10M__dolma1_7-no-math-code__small-aux-3 24s {'M1_max': 0.546, 'M2_max': 0.918, 'M3_max': 0.239, 'M4_max': 0.559}
10M__falcon-and-cc__small-aux-2 18s {'M1_max': 0.226, 'M2_max': 0.96, 'M3_max': 0.179, 'M4_max': 0.472}
10M__fineweb-pro__default 16s {'M1_max': 0.576, 'M2_max': 0.888, 'M3_max': 0.195, 'M4_max': 0.493}
14M__dclm-baseline__small-aux-3 18s {'M1_max': 0.509, 'M2_max': 0.839, 'M3_max': 0.24, 'M4_max': 0.653}
14M__dclm-baseline-qc-20p__small-aux-2 24s {'M1_max': 0.626, 'M2_max': 0.864, 'M3_max': 0.249, 'M4_max': 0.62}
14M__dolma1_7__default 25s {'M1_max': 0.881, 'M2_max': 0.917, 'M3_max': 0.326, 'M4_max': 0.662}
14M__dolma1_7-no-flan__small-aux-3 23s {'M1_max': 0.888, 'M2_max': 0.878, 'M3_max': 0.266, 'M4_max': 0.519}
14M__falcon-and-cc-qc-10p__small-aux-2 26s {'M1_max': 0.581, 'M2_max': 0.875, 'M3_max': 0.21, 'M4_max': 0.541}
ERROR 14M__falcon-and-cc-qc-tulu-10p__default OutOfMemoryError('CUDA out of memory. Tried to allocate 988.00 MiB. GPU 0 has a total capacity of 94.97 GiB of which 141.50 MiB is free. Including non-PyTorch memory, this process has 2.06 GiB memory 
ERROR 14M__falcon-and-cc-qc-tulu-10p__default OutOfMemoryError('CUDA out of memory. Tried to allocate 494.00 MiB. GPU 0 has a total capacity of 94.97 GiB of which 561.50 MiB is free. Including non-PyTorch memory, this process has 1.59 GiB memory 
14M__falcon-and-cc-qc-tulu-10p__default 41s {'M1_max': 0.795, 'M2_max': 0.884, 'M3_max': 0.415, 'M4_max': 0.744}
14M__fineweb-pro__small-aux-3 40s {'M1_max': 0.438, 'M2_max': 0.903, 'M3_max': 0.217, 'M4_max': 0.377}
16M__dclm-baseline-qc-10p__small-aux-2 22s {'M1_max': 0.779, 'M2_max': 0.898, 'M3_max': 0.235, 'M4_max': 0.471}
16M__dclm-baseline-qc-7p-fw3__default 24s {'M1_max': 0.757, 'M2_max': 0.911, 'M3_max': 0.26, 'M4_max': 0.379}
16M__dclm-baseline-qc-fw-3p__small-aux-3 26s {'M1_max': 0.647, 'M2_max': 0.861, 'M3_max': 0.29, 'M4_max': 0.55}
16M__dolma1_7-no-flan__small-aux-2 29s {'M1_max': 0.915, 'M2_max': 0.997, 'M3_max': 0.355, 'M4_max': 0.948}
20M__dclm-baseline__default 53s {'M1_max': 0.633, 'M2_max': 0.937, 'M3_max': 0.395, 'M4_max': 0.501}
20M__dclm-baseline-50p-dolma1.7-50p__small-aux-3 51s {'M1_max': 0.884, 'M2_max': 0.969, 'M3_max': 0.383, 'M4_max': 0.525}
20M__dclm-baseline-qc-20p__small-aux-2 56s {'M1_max': 0.607, 'M2_max': 0.957, 'M3_max': 0.425, 'M4_max': 0.546}
20M__dclm-baseline-qc-fw-10p__default 136s {'M1_max': 0.775, 'M2_max': 0.926, 'M3_max': 0.327, 'M4_max': 0.524}
20M__dolma1_6plus__small-aux-3 126s {'M1_max': 0.91, 'M2_max': 0.998, 'M3_max': 0.384, 'M4_max': 0.831}
20M__dolma1_7-no-reddit__small-aux-2 170s {'M1_max': 0.921, 'M2_max': 0.997, 'M3_max': 0.299, 'M4_max': 0.809}
20M__falcon-and-cc-qc-20p__default 126s {'M1_max': 0.689, 'M2_max': 0.879, 'M3_max': 0.497, 'M4_max': 0.674}
20M__falcon-and-cc-qc-tulu-10p__small-aux-3 111s {'M1_max': 0.862, 'M2_max': 0.96, 'M3_max': 0.455, 'M4_max': 0.655}
60M__dclm-baseline-50p-dolma1.7-50p__small-aux-2 144s {'M1_max': 0.919, 'M2_max': 0.916, 'M3_max': 0.413, 'M4_max': 0.668}
