Warning: Permanently added 'fvcrc00' (ED25519) to the list of known hosts.
Warning: Permanently added 'fvcrc20' (ED25519) to the list of known hosts.
Using the latest cached version of the dataset since gaotang/ParaConflict couldn't be found on the Hugging Face Hub (offline mode is enabled).
Found the latest cached dataset configuration 'default' at /home/xiang/.cache/huggingface/datasets/gaotang___para_conflict/default/0.0.0/d2b097583890081b26762e0caf4067eafff9bab4 (last modified on Fri Oct  2 17:52:29 2026).
4M__dolma1_7-no-flan__default 76s {'M1_max': 0.018, 'M2_max': 0.657, 'M3_max': 0.196, 'M4_max': 0.167}
4M__falcon-and-cc-qc-10p__small-aux-3 18s {'M1_max': 0.009, 'M2_max': 0.77, 'M3_max': 0.157, 'M4_max': 0.139}
4M__falcon-and-cc-qc-tulu-10p__small-aux-2 17s {'M1_max': 0.015, 'M2_max': 0.863, 'M3_max': 0.244, 'M4_max': 0.152}
6M__c4__default 22s {'M1_max': 0.078, 'M2_max': 0.771, 'M3_max': 0.345, 'M4_max': 0.208}
6M__dclm-baseline-25p-dolma1.7-75p__small-aux-3 19s {'M1_max': 0.45, 'M2_max': 0.979, 'M3_max': 0.104, 'M4_max': 0.574}
6M__dclm-baseline-qc-7p-fw2__small-aux-2 18s {'M1_max': 0.061, 'M2_max': 0.938, 'M3_max': 0.113, 'M4_max': 0.186}
6M__dclm-baseline-qc-fw-3p__default 20s {'M1_max': 0.162, 'M2_max': 0.908, 'M3_max': 0.294, 'M4_max': 0.222}
6M__dolma1_7__small-aux-3 20s {'M1_max': 0.437, 'M2_max': 0.967, 'M3_max': 0.2, 'M4_max': 0.209}
6M__dolma1_7-no-math-code__small-aux-2 24s {'M1_max': 0.278, 'M2_max': 0.869, 'M3_max': 0.292, 'M4_max': 0.151}
6M__falcon-and-cc__default 25s {'M1_max': 0.298, 'M2_max': 0.912, 'M3_max': 0.327, 'M4_max': 0.186}
6M__falcon-and-cc-qc-20p__small-aux-3 19s {'M1_max': 0.121, 'M2_max': 0.895, 'M3_max': 0.124, 'M4_max': 0.235}
6M__fineweb-edu__small-aux-2 28s {'M1_max': 0.099, 'M2_max': 0.86, 'M3_max': 0.296, 'M4_max': 0.248}
8M__dclm-baseline__default 23s {'M1_max': 0.354, 'M2_max': 0.908, 'M3_max': 0.133, 'M4_max': 0.539}
8M__dclm-baseline-75p-dolma1.7-25p__small-aux-3 28s {'M1_max': 0.42, 'M2_max': 0.93, 'M3_max': 0.189, 'M4_max': 0.342}
8M__dclm-baseline-qc-fw-10p__small-aux-2 21s {'M1_max': 0.339, 'M2_max': 0.964, 'M3_max': 0.148, 'M4_max': 0.324}
8M__dolma1_7-no-code__default 22s {'M1_max': 0.536, 'M2_max': 0.888, 'M3_max': 0.216, 'M4_max': 0.404}
8M__falcon__small-aux-3 26s {'M1_max': 0.535, 'M2_max': 0.917, 'M3_max': 0.271, 'M4_max': 0.502}
8M__falcon-and-cc-qc-orig-10p__small-aux-2 24s {'M1_max': 0.387, 'M2_max': 0.942, 'M3_max': 0.273, 'M4_max': 0.327}
10M__c4__default 29s {'M1_max': 0.536, 'M2_max': 0.856, 'M3_max': 0.176, 'M4_max': 0.607}
10M__dclm-baseline-qc-10p__small-aux-3 41s {'M1_max': 0.358, 'M2_max': 0.963, 'M3_max': 0.29, 'M4_max': 0.432}
10M__dclm-baseline-qc-fw-3p__small-aux-2 28s {'M1_max': 0.17, 'M2_max': 0.891, 'M3_max': 0.179, 'M4_max': 0.433}
10M__dolma1_7-no-flan__default 25s {'M1_max': 0.847, 'M2_max': 0.942, 'M3_max': 0.16, 'M4_max': 0.843}
1B@7500__dolma1_7__large-aux-2 554s {'M1_max': 0.956, 'M2_max': 0.973, 'M3_max': 0.4, 'M4_max': 0.698}
10M__dolma1_7-no-reddit__small-aux-3 40s {'M1_max': 0.815, 'M2_max': 0.941, 'M3_max': 0.166, 'M4_max': 0.774}
10M__falcon-and-cc-qc-10p__small-aux-2 33s {'M1_max': 0.446, 'M2_max': 0.95, 'M3_max': 0.159, 'M4_max': 0.529}
14M__c4__default 35s {'M1_max': 0.759, 'M2_max': 0.896, 'M3_max': 0.2, 'M4_max': 0.343}
14M__dclm-baseline-25p-dolma1.7-75p__small-aux-3 35s {'M1_max': 0.764, 'M2_max': 0.903, 'M3_max': 0.231, 'M4_max': 0.649}
14M__dclm-baseline-qc-7p-fw2__small-aux-2 34s {'M1_max': 0.659, 'M2_max': 0.888, 'M3_max': 0.241, 'M4_max': 0.417}
14M__dolma1_7-no-code__default 34s {'M1_max': 0.741, 'M2_max': 0.881, 'M3_max': 0.304, 'M4_max': 0.59}
14M__dolma1_7-no-math-code__small-aux-3 37s {'M1_max': 0.799, 'M2_max': 0.863, 'M3_max': 0.243, 'M4_max': 0.513}
90M__dolma1_7-no-flan__default 70s {'M1_max': 0.895, 'M2_max': 0.976, 'M3_max': 0.396, 'M4_max': 0.827}
14M__falcon-and-cc-qc-20p__small-aux-2 36s {'M1_max': 0.784, 'M2_max': 0.911, 'M3_max': 0.232, 'M4_max': 0.692}
14M__fineweb-edu__default 33s {'M1_max': 0.733, 'M2_max': 0.861, 'M3_max': 0.288, 'M4_max': 0.577}
16M__c4__small-aux-3 50s {'M1_max': 0.828, 'M2_max': 0.896, 'M3_max': 0.283, 'M4_max': 0.549}
16M__dclm-baseline-qc-20p__small-aux-2 38s {'M1_max': 0.706, 'M2_max': 0.811, 'M3_max': 0.373, 'M4_max': 0.67}
16M__dclm-baseline-qc-fw-10p__default 25s {'M1_max': 0.774, 'M2_max': 0.905, 'M3_max': 0.205, 'M4_max': 0.407}
16M__dolma1_7__small-aux-3 17s {'M1_max': 0.928, 'M2_max': 0.886, 'M3_max': 0.406, 'M4_max': 0.464}
16M__dolma1_7-no-math-code__small-aux-2 21s {'M1_max': 0.829, 'M2_max': 0.877, 'M3_max': 0.299, 'M4_max': 0.538}
20M__dclm-baseline-25p-dolma1.7-75p__default 99s {'M1_max': 0.838, 'M2_max': 0.946, 'M3_max': 0.414, 'M4_max': 0.527}
20M__dclm-baseline-75p-dolma1.7-25p__small-aux-3 75s {'M1_max': 0.652, 'M2_max': 0.928, 'M3_max': 0.325, 'M4_max': 0.51}
20M__dclm-baseline-qc-7p-fw2__small-aux-2 87s {'M1_max': 0.824, 'M2_max': 0.98, 'M3_max': 0.31, 'M4_max': 0.583}
20M__dclm-baseline-qc-fw-3p__default 72s {'M1_max': 0.631, 'M2_max': 0.978, 'M3_max': 0.308, 'M4_max': 0.538}
20M__dolma1_7-no-flan__small-aux-3 113s {'M1_max': 0.936, 'M2_max': 0.997, 'M3_max': 0.32, 'M4_max': 0.899}
20M__falcon__small-aux-2 93s {'M1_max': 0.798, 'M2_max': 0.915, 'M3_max': 0.466, 'M4_max': 0.461}
20M__falcon-and-cc-qc-orig-10p__default 68s {'M1_max': 0.744, 'M2_max': 0.882, 'M3_max': 0.374, 'M4_max': 0.694}
20M__fineweb-pro__small-aux-3 97s {'M1_max': 0.538, 'M2_max': 0.937, 'M3_max': 0.294, 'M4_max': 0.699}
60M__dclm-baseline-75p-dolma1.7-25p__small-aux-2 122s {'M1_max': 0.897, 'M2_max': 0.984, 'M3_max': 0.5, 'M4_max': 0.817}
