Warning: Permanently added 'fvcrc00' (ED25519) to the list of known hosts.
Warning: Permanently added 'fvcrc13' (ED25519) to the list of known hosts.
Using the latest cached version of the dataset since gaotang/ParaConflict couldn't be found on the Hugging Face Hub (offline mode is enabled).
Found the latest cached dataset configuration 'default' at /home/xiang/.cache/huggingface/datasets/gaotang___para_conflict/default/0.0.0/d2b097583890081b26762e0caf4067eafff9bab4 (last modified on Fri Oct  2 17:52:29 2026).
4M__fineweb-edu__small-aux-2 43s {'M1_max': 0.007, 'M2_max': 0.817, 'M3_max': 0.199, 'M4_max': 0.166}
6M__dclm-baseline__default 15s {'M1_max': 0.17, 'M2_max': 0.882, 'M3_max': 0.243, 'M4_max': 0.196}
6M__dclm-baseline-50p-dolma1.7-50p__small-aux-3 19s {'M1_max': 0.381, 'M2_max': 0.929, 'M3_max': 0.275, 'M4_max': 0.3}
6M__dclm-baseline-qc-7p-fw3__small-aux-2 16s {'M1_max': 0.122, 'M2_max': 0.894, 'M3_max': 0.185, 'M4_max': 0.21}
6M__dolma1_6plus__default 15s {'M1_max': 0.369, 'M2_max': 0.921, 'M3_max': 0.284, 'M4_max': 0.739}
6M__dolma1_7-no-code__small-aux-3 15s {'M1_max': 0.211, 'M2_max': 0.944, 'M3_max': 0.261, 'M4_max': 0.192}
6M__dolma1_7-no-reddit__small-aux-2 16s {'M1_max': 0.329, 'M2_max': 0.918, 'M3_max': 0.215, 'M4_max': 0.176}
6M__falcon-and-cc-qc-10p__default 16s {'M1_max': 0.04, 'M2_max': 0.677, 'M3_max': 0.197, 'M4_max': 0.17}
6M__falcon-and-cc-qc-orig-10p__small-aux-3 19s {'M1_max': 0.2, 'M2_max': 0.867, 'M3_max': 0.149, 'M4_max': 0.206}
6M__fineweb-pro__small-aux-2 15s {'M1_max': 0.055, 'M2_max': 0.867, 'M3_max': 0.299, 'M4_max': 0.204}
8M__dclm-baseline-25p-dolma1.7-75p__default 16s {'M1_max': 0.627, 'M2_max': 0.953, 'M3_max': 0.105, 'M4_max': 0.718}
8M__dclm-baseline-qc-10p__small-aux-3 18s {'M1_max': 0.561, 'M2_max': 0.92, 'M3_max': 0.221, 'M4_max': 0.523}
8M__dclm-baseline-qc-fw-3p__small-aux-2 32s {'M1_max': 0.236, 'M2_max': 0.939, 'M3_max': 0.128, 'M4_max': 0.288}
8M__dolma1_7-no-math-code__default 27s {'M1_max': 0.507, 'M2_max': 0.923, 'M3_max': 0.186, 'M4_max': 0.276}
8M__falcon-and-cc__small-aux-3 25s {'M1_max': 0.503, 'M2_max': 0.887, 'M3_max': 0.238, 'M4_max': 0.285}
8M__falcon-and-cc-qc-tulu-10p__small-aux-2 18s {'M1_max': 0.515, 'M2_max': 0.946, 'M3_max': 0.245, 'M4_max': 0.436}
10M__dclm-baseline-75p-dolma1.7-25p__default 15s {'M1_max': 0.568, 'M2_max': 0.917, 'M3_max': 0.2, 'M4_max': 0.518}
10M__dclm-baseline-qc-7p-fw2__small-aux-3 14s {'M1_max': 0.483, 'M2_max': 0.909, 'M3_max': 0.212, 'M4_max': 0.54}
10M__dolma1_7__small-aux-2 13s {'M1_max': 0.583, 'M2_max': 0.943, 'M3_max': 0.154, 'M4_max': 0.642}
10M__dolma1_7-no-math-code__default 15s {'M1_max': 0.512, 'M2_max': 0.872, 'M3_max': 0.253, 'M4_max': 0.399}
10M__falcon__small-aux-3 15s {'M1_max': 0.629, 'M2_max': 0.936, 'M3_max': 0.283, 'M4_max': 0.443}
10M__falcon-and-cc-qc-orig-10p__small-aux-2 28s {'M1_max': 0.45, 'M2_max': 0.91, 'M3_max': 0.424, 'M4_max': 0.703}
14M__dclm-baseline__default 14s {'M1_max': 0.727, 'M2_max': 0.893, 'M3_max': 0.231, 'M4_max': 0.496}
90M__dolma1_7__small-aux-2 37s {'M1_max': 0.945, 'M2_max': 0.974, 'M3_max': 0.447, 'M4_max': 0.541}
14M__dclm-baseline-50p-dolma1.7-50p__small-aux-3 14s {'M1_max': 0.827, 'M2_max': 0.871, 'M3_max': 0.511, 'M4_max': 0.676}
14M__dclm-baseline-qc-fw-10p__small-aux-2 26s {'M1_max': 0.619, 'M2_max': 0.835, 'M3_max': 0.204, 'M4_max': 0.541}
150M__dolma1_7__small-aux-2 40s {'M1_max': 0.916, 'M2_max': 0.923, 'M3_max': 0.456, 'M4_max': 0.592}
14M__dolma1_7-no-flan__default 17s {'M1_max': 0.937, 'M2_max': 0.971, 'M3_max': 0.321, 'M4_max': 0.581}
14M__dolma1_7-no-reddit__small-aux-3 15s {'M1_max': 0.84, 'M2_max': 0.996, 'M3_max': 0.519, 'M4_max': 0.787}
14M__falcon-and-cc-qc-orig-10p__small-aux-2 7s {'M1_max': 0.69, 'M2_max': 0.846, 'M3_max': 0.369, 'M4_max': 0.568}
ERROR 14M__fineweb-pro__default OutOfMemoryError('CUDA out of memory. Tried to allocate 42.00 MiB. GPU 0 has a total capacity of 79.14 GiB of which 51.75 MiB is free. Including non-PyTorch memory, this process has 920.00 MiB memory 
ERROR 14M__fineweb-pro__default OutOfMemoryError('CUDA out of memory. Tried to allocate 42.00 MiB. GPU 0 has a total capacity of 79.14 GiB of which 35.75 MiB is free. Including non-PyTorch memory, this process has 932.00 MiB memory 
ERROR 300M__dolma1_7__small-aux-2 OutOfMemoryError('CUDA out of memory. Tried to allocate 22.00 MiB. GPU 0 has a total capacity of 79.14 GiB of which 49.75 MiB is free. Including non-PyTorch memory, this process has 1.42 GiB memory in
ERROR 14M__fineweb-pro__default OutOfMemoryError('CUDA out of memory. Tried to allocate 42.00 MiB. GPU 0 has a total capacity of 79.14 GiB of which 53.75 MiB is free. Including non-PyTorch memory, this process has 1.41 GiB memory in
ERROR 300M__dolma1_7__small-aux-2 OutOfMemoryError('CUDA out of memory. Tried to allocate 100.00 MiB. GPU 0 has a total capacity of 79.14 GiB of which 95.75 MiB is free. Including non-PyTorch memory, this process has 1.37 GiB memory i
ERROR 14M__fineweb-pro__default OutOfMemoryError('CUDA out of memory. Tried to allocate 42.00 MiB. GPU 0 has a total capacity of 79.14 GiB of which 29.75 MiB is free. Including non-PyTorch memory, this process has 1.46 GiB memory in
ERROR 300M__dolma1_7__small-aux-2 OutOfMemoryError('CUDA out of memory. Tried to allocate 100.00 MiB. GPU 0 has a total capacity of 79.14 GiB of which 75.75 MiB is free. Including non-PyTorch memory, this process has 1.42 GiB memory i
ERROR 14M__fineweb-pro__default OutOfMemoryError('CUDA out of memory. Tried to allocate 42.00 MiB. GPU 0 has a total capacity of 79.14 GiB of which 29.75 MiB is free. Including non-PyTorch memory, this process has 1.46 GiB memory in
16M__dclm-baseline-75p-dolma1.7-25p__small-aux-3 12s {'M1_max': 0.796, 'M2_max': 0.884, 'M3_max': 0.289, 'M4_max': 0.515}
16M__dclm-baseline-qc-7p-fw2__small-aux-2 11s {'M1_max': 0.808, 'M2_max': 0.922, 'M3_max': 0.22, 'M4_max': 0.421}
300M__dolma1_7__small-aux-2 12s {'M1_max': 0.934, 'M2_max': 0.84, 'M3_max': 0.475, 'M4_max': 0.703}
14M__fineweb-pro__default 5s {'M1_max': 0.666, 'M2_max': 0.866, 'M3_max': 0.347, 'M4_max': 0.396}
16M__dclm-baseline-qc-fw-3p__default 7s {'M1_max': 0.568, 'M2_max': 0.901, 'M3_max': 0.337, 'M4_max': 0.463}
16M__dolma1_7-no-code__small-aux-3 55s {'M1_max': 0.788, 'M2_max': 0.874, 'M3_max': 0.28, 'M4_max': 0.543}
16M__falcon-and-cc-qc-orig-10p__small-aux-2 57s {'M1_max': 0.805, 'M2_max': 0.868, 'M3_max': 0.329, 'M4_max': 0.69}
20M__dclm-baseline-50p-dolma1.7-50p__default 111s {'M1_max': 0.808, 'M2_max': 0.888, 'M3_max': 0.353, 'M4_max': 0.722}
20M__dclm-baseline-qc-10p__small-aux-3 105s {'M1_max': 0.75, 'M2_max': 0.915, 'M3_max': 0.335, 'M4_max': 0.615}
20M__dclm-baseline-qc-7p-fw3__small-aux-2 112s {'M1_max': 0.651, 'M2_max': 0.876, 'M3_max': 0.323, 'M4_max': 0.416}
20M__dolma1_6plus__default 106s {'M1_max': 0.916, 'M2_max': 0.958, 'M3_max': 0.36, 'M4_max': 0.865}
20M__dolma1_7-no-math-code__small-aux-3 112s {'M1_max': 0.768, 'M2_max': 0.964, 'M3_max': 0.337, 'M4_max': 0.587}
20M__falcon-and-cc__small-aux-2 114s {'M1_max': 0.856, 'M2_max': 0.976, 'M3_max': 0.396, 'M4_max': 0.778}
20M__falcon-and-cc-qc-tulu-10p__default 118s {'M1_max': 0.885, 'M2_max': 0.959, 'M3_max': 0.5, 'M4_max': 0.686}
60M__dclm-baseline-25p-dolma1.7-75p__small-aux-3 114s {'M1_max': 0.91, 'M2_max': 0.991, 'M3_max': 0.42, 'M4_max': 0.554}
