Warning: Permanently added 'fvcrc00' (ED25519) to the list of known hosts.
Warning: Permanently added 'fvcrc13' (ED25519) to the list of known hosts.
Using the latest cached version of the dataset since gaotang/ParaConflict couldn't be found on the Hugging Face Hub (offline mode is enabled).
Found the latest cached dataset configuration 'default' at /home/xiang/.cache/huggingface/datasets/gaotang___para_conflict/default/0.0.0/d2b097583890081b26762e0caf4067eafff9bab4 (last modified on Fri Oct  2 17:52:29 2026).
6M__dclm-baseline-25p-dolma1.7-75p__small-aux-2 42s {'M1_max': 0.241, 'M2_max': 0.862, 'M3_max': 0.162, 'M4_max': 0.329}
6M__dclm-baseline-qc-7p-fw2__default 15s {'M1_max': 0.084, 'M2_max': 0.872, 'M3_max': 0.123, 'M4_max': 0.246}
6M__dclm-baseline-qc-fw-10p__small-aux-3 19s {'M1_max': 0.115, 'M2_max': 0.873, 'M3_max': 0.26, 'M4_max': 0.233}
6M__dolma1_7__small-aux-2 16s {'M1_max': 0.35, 'M2_max': 0.986, 'M3_max': 0.135, 'M4_max': 0.39}
6M__dolma1_7-no-math-code__default 15s {'M1_max': 0.167, 'M2_max': 0.904, 'M3_max': 0.104, 'M4_max': 0.202}
6M__falcon__small-aux-3 15s {'M1_max': 0.154, 'M2_max': 0.878, 'M3_max': 0.158, 'M4_max': 0.195}
6M__falcon-and-cc-qc-20p__small-aux-2 17s {'M1_max': 0.106, 'M2_max': 0.856, 'M3_max': 0.187, 'M4_max': 0.176}
6M__fineweb-edu__default 16s {'M1_max': 0.221, 'M2_max': 0.908, 'M3_max': 0.25, 'M4_max': 0.182}
8M__c4__small-aux-3 20s {'M1_max': 0.475, 'M2_max': 0.891, 'M3_max': 0.285, 'M4_max': 0.631}
8M__dclm-baseline-75p-dolma1.7-25p__small-aux-2 14s {'M1_max': 0.562, 'M2_max': 0.944, 'M3_max': 0.124, 'M4_max': 0.342}
8M__dclm-baseline-qc-fw-10p__default 15s {'M1_max': 0.346, 'M2_max': 0.944, 'M3_max': 0.162, 'M4_max': 0.426}
1B@7500__dolma1_7__default 178s {'M1_max': 0.94, 'M2_max': 0.922, 'M3_max': 0.408, 'M4_max': 0.759}
8M__dolma1_7__small-aux-3 16s {'M1_max': 0.819, 'M2_max': 0.978, 'M3_max': 0.366, 'M4_max': 0.969}
8M__falcon__small-aux-2 15s {'M1_max': 0.456, 'M2_max': 0.931, 'M3_max': 0.223, 'M4_max': 0.48}
8M__falcon-and-cc-qc-orig-10p__default 17s {'M1_max': 0.302, 'M2_max': 0.894, 'M3_max': 0.165, 'M4_max': 0.305}
8M__fineweb-pro__small-aux-3 26s {'M1_max': 0.135, 'M2_max': 0.896, 'M3_max': 0.288, 'M4_max': 0.524}
10M__dclm-baseline-qc-10p__small-aux-2 12s {'M1_max': 0.33, 'M2_max': 0.94, 'M3_max': 0.175, 'M4_max': 0.466}
10M__dclm-baseline-qc-fw-3p__default 13s {'M1_max': 0.51, 'M2_max': 0.91, 'M3_max': 0.194, 'M4_max': 0.515}
10M__dolma1_7-no-code__small-aux-3 23s {'M1_max': 0.635, 'M2_max': 0.893, 'M3_max': 0.21, 'M4_max': 0.523}
10M__dolma1_7-no-reddit__small-aux-2 16s {'M1_max': 0.781, 'M2_max': 0.944, 'M3_max': 0.31, 'M4_max': 0.818}
10M__falcon-and-cc-qc-10p__default 15s {'M1_max': 0.326, 'M2_max': 0.851, 'M3_max': 0.148, 'M4_max': 0.377}
10M__fineweb-pro__small-aux-3 11s {'M1_max': 0.449, 'M2_max': 0.886, 'M3_max': 0.143, 'M4_max': 0.333}
14M__dclm-baseline-25p-dolma1.7-75p__small-aux-2 15s {'M1_max': 0.877, 'M2_max': 0.927, 'M3_max': 0.323, 'M4_max': 0.779}
14M__dclm-baseline-qc-7p-fw2__default 13s {'M1_max': 0.726, 'M2_max': 0.911, 'M3_max': 0.252, 'M4_max': 0.748}
14M__dolma1_7__small-aux-3 16s {'M1_max': 0.853, 'M2_max': 0.971, 'M3_max': 0.364, 'M4_max': 0.769}
14M__dolma1_7-no-math-code__small-aux-2 19s {'M1_max': 0.855, 'M2_max': 0.888, 'M3_max': 0.279, 'M4_max': 0.688}
14M__falcon-and-cc-qc-20p__default 12s {'M1_max': 0.666, 'M2_max': 0.906, 'M3_max': 0.216, 'M4_max': 0.595}
ERROR 150M__dolma1_7-no-flan__small-aux-3 OutOfMemoryError('CUDA out of memory. Tried to allocate 988.00 MiB. GPU 0 has a total capacity of 79.14 GiB of which 179.75 MiB is free. Process 3265535 has 792.00 MiB memory in use. Including non-PyT
ERROR 14M__falcon-and-cc-qc-tulu-10p__small-aux-3 OutOfMemoryError('CUDA out of memory. Tried to allocate 988.00 MiB. GPU 0 has a total capacity of 79.14 GiB of which 567.75 MiB is free. Process 3265535 has 932.00 MiB memory in use. Including non-PyT
ERROR 150M__dolma1_7-no-flan__small-aux-3 OutOfMemoryError('CUDA out of memory. Tried to allocate 988.00 MiB. GPU 0 has a total capacity of 79.14 GiB of which 567.75 MiB is free. Process 3265535 has 932.00 MiB memory in use. Including non-PyT
ERROR 14M__falcon-and-cc-qc-tulu-10p__small-aux-3 OutOfMemoryError('CUDA out of memory. Tried to allocate 988.00 MiB. GPU 0 has a total capacity of 79.14 GiB of which 45.75 MiB is free. Process 3265535 has 1.42 GiB memory in use. Including non-PyTorc
ERROR 150M__dolma1_7-no-flan__small-aux-3 OutOfMemoryError('CUDA out of memory. Tried to allocate 988.00 MiB. GPU 0 has a total capacity of 79.14 GiB of which 47.75 MiB is free. Process 3265535 has 1.42 GiB memory in use. Including non-PyTorc
ERROR 14M__falcon-and-cc-qc-tulu-10p__small-aux-3 OutOfMemoryError('CUDA out of memory. Tried to allocate 988.00 MiB. GPU 0 has a total capacity of 79.14 GiB of which 95.75 MiB is free. Process 3265535 has 1.37 GiB memory in use. Including non-PyTorc
ERROR 16M__c4__small-aux-2 OutOfMemoryError('CUDA out of memory. Tried to allocate 988.00 MiB. GPU 0 has a total capacity of 79.14 GiB of which 123.75 MiB is free. Process 3265535 has 1.37 GiB memory in use. Including non-PyTor
ERROR 150M__dolma1_7-no-flan__small-aux-3 OutOfMemoryError('CUDA out of memory. Tried to allocate 988.00 MiB. GPU 0 has a total capacity of 79.14 GiB of which 31.75 MiB is free. Process 3265535 has 1.46 GiB memory in use. Including non-PyTorc
ERROR 14M__falcon-and-cc-qc-tulu-10p__small-aux-3 OutOfMemoryError('CUDA out of memory. Tried to allocate 988.00 MiB. GPU 0 has a total capacity of 79.14 GiB of which 83.75 MiB is free. Process 3265535 has 1.42 GiB memory in use. Including non-PyTorc
ERROR 16M__c4__small-aux-2 OutOfMemoryError('CUDA out of memory. Tried to allocate 988.00 MiB. GPU 0 has a total capacity of 79.14 GiB of which 73.75 MiB is free. Process 3265535 has 1.42 GiB memory in use. Including non-PyTorc
16M__dclm-baseline-qc-20p__default 15s {'M1_max': 0.773, 'M2_max': 0.859, 'M3_max': 0.268, 'M4_max': 0.526}
150M__dolma1_7-no-flan__small-aux-3 12s {'M1_max': 0.895, 'M2_max': 0.858, 'M3_max': 0.482, 'M4_max': 0.58}
14M__falcon-and-cc-qc-tulu-10p__small-aux-3 6s {'M1_max': 0.832, 'M2_max': 0.933, 'M3_max': 0.273, 'M4_max': 0.486}
16M__c4__small-aux-2 5s {'M1_max': 0.765, 'M2_max': 0.841, 'M3_max': 0.228, 'M4_max': 0.648}
16M__dclm-baseline-qc-7p-fw3__small-aux-3 11s {'M1_max': 0.791, 'M2_max': 0.811, 'M3_max': 0.3, 'M4_max': 0.448}
16M__dolma1_7__small-aux-2 57s {'M1_max': 0.898, 'M2_max': 0.913, 'M3_max': 0.291, 'M4_max': 0.585}
16M__dolma1_7-no-math-code__default 64s {'M1_max': 0.755, 'M2_max': 0.868, 'M3_max': 0.213, 'M4_max': 0.594}
20M__dclm-baseline__small-aux-3 101s {'M1_max': 0.642, 'M2_max': 0.938, 'M3_max': 0.343, 'M4_max': 0.545}
20M__dclm-baseline-75p-dolma1.7-25p__small-aux-2 109s {'M1_max': 0.827, 'M2_max': 0.96, 'M3_max': 0.304, 'M4_max': 0.606}
20M__dclm-baseline-qc-7p-fw2__default 106s {'M1_max': 0.732, 'M2_max': 0.933, 'M3_max': 0.295, 'M4_max': 0.53}
20M__dclm-baseline-qc-fw-10p__small-aux-3 112s {'M1_max': 0.783, 'M2_max': 0.902, 'M3_max': 0.302, 'M4_max': 0.482}
20M__dolma1_7-no-flan__small-aux-2 97s {'M1_max': 0.863, 'M2_max': 0.973, 'M3_max': 0.347, 'M4_max': 0.853}
20M__falcon__default 120s {'M1_max': 0.798, 'M2_max': 0.917, 'M3_max': 0.331, 'M4_max': 0.683}
20M__falcon-and-cc-qc-20p__small-aux-3 113s {'M1_max': 0.71, 'M2_max': 0.93, 'M3_max': 0.28, 'M4_max': 0.437}
20M__fineweb-pro__small-aux-2 120s {'M1_max': 0.764, 'M2_max': 0.935, 'M3_max': 0.302, 'M4_max': 0.438}
60M__dclm-baseline-75p-dolma1.7-25p__default 112s {'M1_max': 0.817, 'M2_max': 0.976, 'M3_max': 0.406, 'M4_max': 0.389}
