Warning: Permanently added 'fvcrc00' (ED25519) to the list of known hosts.
Warning: Permanently added 'fvcrc20' (ED25519) to the list of known hosts.
Using the latest cached version of the dataset since gaotang/ParaConflict couldn't be found on the Hugging Face Hub (offline mode is enabled).
Found the latest cached dataset configuration 'default' at /home/xiang/.cache/huggingface/datasets/gaotang___para_conflict/default/0.0.0/d2b097583890081b26762e0caf4067eafff9bab4 (last modified on Fri Oct  2 17:52:29 2026).
4M__dolma1_7-no-math-code__small-aux-2 77s {'M1_max': 0.009, 'M2_max': 0.856, 'M3_max': 0.219, 'M4_max': 0.134}
4M__falcon-and-cc-qc-orig-10p__default 16s {'M1_max': 0.01, 'M2_max': 0.741, 'M3_max': 0.265, 'M4_max': 0.117}
4M__fineweb-edu__small-aux-3 16s {'M1_max': 0.013, 'M2_max': 0.854, 'M3_max': 0.125, 'M4_max': 0.188}
6M__dclm-baseline__small-aux-2 22s {'M1_max': 0.105, 'M2_max': 0.902, 'M3_max': 0.13, 'M4_max': 0.191}
6M__dclm-baseline-75p-dolma1.7-25p__default 17s {'M1_max': 0.208, 'M2_max': 0.922, 'M3_max': 0.253, 'M4_max': 0.186}
6M__dclm-baseline-qc-7p-fw3__small-aux-3 18s {'M1_max': 0.068, 'M2_max': 0.889, 'M3_max': 0.21, 'M4_max': 0.261}
6M__dolma1_6plus__small-aux-2 17s {'M1_max': 0.395, 'M2_max': 0.971, 'M3_max': 0.089, 'M4_max': 0.293}
6M__dolma1_7-no-flan__default 17s {'M1_max': 0.276, 'M2_max': 0.945, 'M3_max': 0.206, 'M4_max': 0.672}
6M__dolma1_7-no-reddit__small-aux-3 23s {'M1_max': 0.298, 'M2_max': 0.957, 'M3_max': 0.14, 'M4_max': 0.39}
6M__falcon-and-cc-qc-10p__small-aux-2 27s {'M1_max': 0.053, 'M2_max': 0.772, 'M3_max': 0.145, 'M4_max': 0.174}
6M__falcon-and-cc-qc-tulu-10p__default 23s {'M1_max': 0.184, 'M2_max': 0.889, 'M3_max': 0.27, 'M4_max': 0.437}
6M__fineweb-pro__small-aux-3 25s {'M1_max': 0.034, 'M2_max': 0.86, 'M3_max': 0.238, 'M4_max': 0.192}
8M__dclm-baseline-25p-dolma1.7-75p__small-aux-2 22s {'M1_max': 0.713, 'M2_max': 0.978, 'M3_max': 0.153, 'M4_max': 0.591}
8M__dclm-baseline-qc-20p__default 24s {'M1_max': 0.359, 'M2_max': 0.924, 'M3_max': 0.196, 'M4_max': 0.481}
8M__dclm-baseline-qc-fw-3p__small-aux-3 20s {'M1_max': 0.112, 'M2_max': 0.889, 'M3_max': 0.303, 'M4_max': 0.313}
8M__dolma1_7-no-math-code__small-aux-2 21s {'M1_max': 0.368, 'M2_max': 0.949, 'M3_max': 0.344, 'M4_max': 0.445}
8M__falcon-and-cc-qc-10p__default 22s {'M1_max': 0.317, 'M2_max': 0.865, 'M3_max': 0.166, 'M4_max': 0.335}
8M__falcon-and-cc-qc-tulu-10p__small-aux-3 24s {'M1_max': 0.427, 'M2_max': 0.935, 'M3_max': 0.258, 'M4_max': 0.435}
10M__dclm-baseline-75p-dolma1.7-25p__small-aux-2 21s {'M1_max': 0.554, 'M2_max': 0.936, 'M3_max': 0.161, 'M4_max': 0.386}
1B@7500__dolma1_7-no-flan__default 536s {'M1_max': 0.957, 'M2_max': 0.911, 'M3_max': 0.449, 'M4_max': 0.755}
10M__dclm-baseline-qc-fw-10p__default 31s {'M1_max': 0.268, 'M2_max': 0.926, 'M3_max': 0.174, 'M4_max': 0.391}
10M__dolma1_7__small-aux-3 33s {'M1_max': 0.835, 'M2_max': 0.925, 'M3_max': 0.208, 'M4_max': 0.693}
10M__dolma1_7-no-math-code__small-aux-2 34s {'M1_max': 0.449, 'M2_max': 0.906, 'M3_max': 0.307, 'M4_max': 0.601}
10M__falcon-and-cc__default 35s {'M1_max': 0.532, 'M2_max': 0.874, 'M3_max': 0.222, 'M4_max': 0.658}
10M__falcon-and-cc-qc-orig-10p__small-aux-3 43s {'M1_max': 0.43, 'M2_max': 0.891, 'M3_max': 0.154, 'M4_max': 0.426}
14M__dclm-baseline__small-aux-2 34s {'M1_max': 0.677, 'M2_max': 0.855, 'M3_max': 0.292, 'M4_max': 0.678}
14M__dclm-baseline-qc-20p__default 35s {'M1_max': 0.645, 'M2_max': 0.896, 'M3_max': 0.288, 'M4_max': 0.716}
14M__dclm-baseline-qc-fw-10p__small-aux-3 39s {'M1_max': 0.668, 'M2_max': 0.87, 'M3_max': 0.257, 'M4_max': 0.653}
14M__dolma1_7-no-flan__small-aux-2 35s {'M1_max': 0.863, 'M2_max': 0.925, 'M3_max': 0.374, 'M4_max': 0.82}
14M__falcon-and-cc-qc-10p__default 35s {'M1_max': 0.723, 'M2_max': 0.853, 'M3_max': 0.287, 'M4_max': 0.617}
90M__dolma1_7__small-aux-3 69s {'M1_max': 0.92, 'M2_max': 0.985, 'M3_max': 0.458, 'M4_max': 0.533}
150M__dolma1_7__small-aux-3 60s {'M1_max': 0.892, 'M2_max': 0.925, 'M3_max': 0.447, 'M4_max': 0.413}
14M__falcon-and-cc-qc-orig-10p__small-aux-3 34s {'M1_max': 0.746, 'M2_max': 0.946, 'M3_max': 0.235, 'M4_max': 0.652}
14M__fineweb-pro__small-aux-2 35s {'M1_max': 0.533, 'M2_max': 0.839, 'M3_max': 0.363, 'M4_max': 0.526}
16M__dclm-baseline-qc-10p__default 49s {'M1_max': 0.617, 'M2_max': 0.891, 'M3_max': 0.223, 'M4_max': 0.474}
300M__dolma1_7__small-aux-3 115s {'M1_max': 0.961, 'M2_max': 0.915, 'M3_max': 0.459, 'M4_max': 0.681}
16M__dclm-baseline-qc-7p-fw2__small-aux-3 19s {'M1_max': 0.811, 'M2_max': 0.901, 'M3_max': 0.276, 'M4_max': 0.512}
16M__dclm-baseline-qc-fw-3p__small-aux-2 30s {'M1_max': 0.614, 'M2_max': 0.85, 'M3_max': 0.252, 'M4_max': 0.497}
16M__dolma1_7-no-flan__default 50s {'M1_max': 0.934, 'M2_max': 0.97, 'M3_max': 0.282, 'M4_max': 0.481}
16M__falcon-and-cc-qc-orig-10p__small-aux-3 51s {'M1_max': 0.706, 'M2_max': 0.898, 'M3_max': 0.283, 'M4_max': 0.573}
20M__dclm-baseline-50p-dolma1.7-50p__small-aux-2 71s {'M1_max': 0.892, 'M2_max': 0.963, 'M3_max': 0.463, 'M4_max': 0.966}
20M__dclm-baseline-qc-20p__default 86s {'M1_max': 0.73, 'M2_max': 0.999, 'M3_max': 0.401, 'M4_max': 0.57}
20M__dclm-baseline-qc-7p-fw3__small-aux-3 78s {'M1_max': 0.81, 'M2_max': 0.947, 'M3_max': 0.341, 'M4_max': 0.386}
20M__dolma1_6plus__small-aux-2 89s {'M1_max': 0.896, 'M2_max': 0.997, 'M3_max': 0.52, 'M4_max': 0.731}
20M__dolma1_7-no-reddit__default 92s {'M1_max': 0.961, 'M2_max': 0.998, 'M3_max': 0.333, 'M4_max': 0.925}
20M__falcon-and-cc__small-aux-3 69s {'M1_max': 0.754, 'M2_max': 0.917, 'M3_max': 0.33, 'M4_max': 0.703}
20M__falcon-and-cc-qc-tulu-10p__small-aux-2 81s {'M1_max': 0.903, 'M2_max': 0.968, 'M3_max': 0.498, 'M4_max': 0.765}
60M__dclm-baseline-50p-dolma1.7-50p__default 110s {'M1_max': 0.894, 'M2_max': 0.986, 'M3_max': 0.495, 'M4_max': 0.644}
