ok 4M__dclm-baseline-qc-10p__small-aux-2
ok 4M__dclm-baseline-qc-7p-fw2__small-aux-2
ok 4M__dclm-baseline-qc-7p-fw2__small-aux-3
ok 4M__dclm-baseline-qc-7p-fw3__small-aux-3
ok 4M__dclm-baseline-qc-fw-3p__small-aux-2
ok 4M__dclm-baseline-qc-fw-3p__default
ok 4M__dclm-baseline-qc-7p-fw3__default
ok 4M__dclm-baseline-qc-7p-fw2__default
ok 4M__dclm-baseline-qc-7p-fw3__small-aux-2
ok 4M__dclm-baseline-qc-fw-3p__small-aux-3
ok 4M__dolma1_6plus__default
ok 4M__dolma1_7__small-aux-2
ok 4M__dolma1_6plus__small-aux-3
ok 4M__dolma1_6plus__small-aux-2
ok 4M__dolma1_7__default
ok 4M__dolma1_7-no-code__small-aux-2
ok 4M__dolma1_7-no-flan__default
ok 4M__dolma1_7__small-aux-3
ok 4M__dolma1_7-no-code__small-aux-3
ok 4M__dolma1_7-no-flan__small-aux-2
ok 4M__dolma1_7-no-math-code__default
ok 4M__dolma1_7-no-math-code__small-aux-2
ok 4M__dolma1_7-no-code__default
ok 4M__dolma1_7-no-flan__small-aux-3
ok 4M__falcon-and-cc-qc-10p__default
ok 4M__dolma1_7-no-math-code__small-aux-3
ok 4M__falcon-and-cc-qc-10p__small-aux-3
ok 4M__falcon-and-cc-qc-10p__small-aux-2
ok 4M__falcon-and-cc-qc-20p__default
ok 4M__falcon-and-cc-qc-20p__small-aux-3
ok 4M__falcon-and-cc-qc-orig-10p__small-aux-2
ok 4M__falcon-and-cc-qc-orig-10p__default
ok 4M__falcon-and-cc-qc-tulu-10p__default
ok 4M__falcon-and-cc-qc-orig-10p__small-aux-3
ok 4M__falcon-and-cc-qc-20p__small-aux-2
ok 4M__falcon-and-cc-qc-tulu-10p__small-aux-2
ok 4M__falcon-and-cc-qc-tulu-10p__small-aux-3
ok 4M__fineweb-edu__default
ok 4M__fineweb-edu__small-aux-3
ok 6M__c4__small-aux-2
ok 6M__c4__default
ok 4M__fineweb-pro__default
ok 4M__fineweb-pro__small-aux-2
ok 4M__fineweb-pro__small-aux-3
ok 4M__fineweb-edu__small-aux-2
ok 6M__dclm-baseline-25p-dolma1.7-75p__small-aux-2
ok 6M__c4__small-aux-3
ok 6M__dclm-baseline__small-aux-2
ok 6M__dclm-baseline-25p-dolma1.7-75p__small-aux-3
ok 6M__dclm-baseline__small-aux-3
ok 6M__dclm-baseline-50p-dolma1.7-50p__small-aux-2
ok 6M__dclm-baseline-25p-dolma1.7-75p__default
ok 6M__dclm-baseline__default
ok 6M__dclm-baseline-50p-dolma1.7-50p__default
ok 6M__dclm-baseline-50p-dolma1.7-50p__small-aux-3
ok 6M__dclm-baseline-qc-7p-fw2__default
ok 6M__dclm-baseline-qc-7p-fw2__small-aux-2
ok 6M__dclm-baseline-75p-dolma1.7-25p__small-aux-3
ok 6M__dclm-baseline-75p-dolma1.7-25p__default
ok 6M__dclm-baseline-75p-dolma1.7-25p__small-aux-2
ok 6M__dclm-baseline-qc-7p-fw2__small-aux-3
ok 6M__dclm-baseline-qc-7p-fw3__small-aux-2
ok 6M__dclm-baseline-qc-7p-fw3__small-aux-3
ok 6M__dclm-baseline-qc-7p-fw3__default
ok 6M__dclm-baseline-qc-fw-10p__default
ok 6M__dclm-baseline-qc-fw-10p__small-aux-2
ok 6M__dclm-baseline-qc-fw-3p__small-aux-2
ok 6M__dclm-baseline-qc-fw-10p__small-aux-3
ok 6M__dclm-baseline-qc-fw-3p__default
ok 6M__dclm-baseline-qc-fw-3p__small-aux-3
ok 6M__dolma1_6plus__small-aux-2
ok 6M__dolma1_6plus__small-aux-3
ok 6M__dolma1_6plus__default
ok 6M__dolma1_7__default
ok 6M__dolma1_7__small-aux-3
ok 6M__dolma1_7-no-code__small-aux-2
ok 6M__dolma1_7-no-code__default
ok 6M__dolma1_7-no-code__small-aux-3
ok 6M__dolma1_7__small-aux-2
ok 6M__dolma1_7-no-flan__default
ok 6M__dolma1_7-no-flan__small-aux-3
ok 6M__dolma1_7-no-flan__small-aux-2
ok 6M__dolma1_7-no-math-code__small-aux-2
ok 6M__dolma1_7-no-math-code__small-aux-3
ok 6M__dolma1_7-no-reddit__default
ok 6M__dolma1_7-no-math-code__default
ok 6M__dolma1_7-no-reddit__small-aux-3
ok 6M__dolma1_7-no-reddit__small-aux-2
ok 6M__falcon__default
ok 6M__falcon__small-aux-2
ok 6M__falcon-and-cc__default
ok 6M__falcon__small-aux-3
ok 6M__falcon-and-cc__small-aux-3
ok 6M__falcon-and-cc__small-aux-2
ok 6M__falcon-and-cc-qc-10p__default
ok 6M__falcon-and-cc-qc-10p__small-aux-2
ok 6M__falcon-and-cc-qc-10p__small-aux-3
ok 6M__falcon-and-cc-qc-20p__default
ok 6M__falcon-and-cc-qc-20p__small-aux-2
ok 6M__falcon-and-cc-qc-20p__small-aux-3
ok 6M__falcon-and-cc-qc-orig-10p__default
ok 6M__falcon-and-cc-qc-orig-10p__small-aux-2
ok 6M__falcon-and-cc-qc-orig-10p__small-aux-3
ok 6M__falcon-and-cc-qc-tulu-10p__default
ok 6M__falcon-and-cc-qc-tulu-10p__small-aux-3
ok 6M__falcon-and-cc-qc-tulu-10p__small-aux-2
ok 6M__fineweb-edu__default
ok 6M__fineweb-edu__small-aux-2
ok 6M__fineweb-edu__small-aux-3
ok 6M__fineweb-pro__small-aux-2
ok 6M__fineweb-pro__default
ok 6M__fineweb-pro__small-aux-3
ok 8M__c4__small-aux-2
ok 8M__c4__default
ok 8M__c4__small-aux-3
ok 8M__dclm-baseline__default
ok 8M__dclm-baseline__small-aux-2
ok 8M__dclm-baseline__small-aux-3
ok 8M__dclm-baseline-25p-dolma1.7-75p__default
ok 8M__dclm-baseline-25p-dolma1.7-75p__small-aux-2
ok 8M__dclm-baseline-25p-dolma1.7-75p__small-aux-3
ok 8M__dclm-baseline-75p-dolma1.7-25p__small-aux-2
ok 8M__dclm-baseline-75p-dolma1.7-25p__default
ok 8M__dclm-baseline-75p-dolma1.7-25p__small-aux-3
ok 8M__dclm-baseline-qc-10p__small-aux-2
ok 8M__dclm-baseline-qc-10p__default
ok 8M__dclm-baseline-qc-10p__small-aux-3
ok 8M__dclm-baseline-qc-20p__default
ok 8M__dclm-baseline-qc-20p__small-aux-2
ok 8M__dclm-baseline-qc-20p__small-aux-3
ok 8M__dclm-baseline-qc-fw-10p__small-aux-3
ok 8M__dclm-baseline-qc-fw-10p__small-aux-2
ok 8M__dclm-baseline-qc-fw-10p__default
ok 8M__dclm-baseline-qc-fw-3p__small-aux-2
ok 8M__dclm-baseline-qc-fw-3p__small-aux-3
ok 8M__dclm-baseline-qc-fw-3p__default
ok 8M__dolma1_7__default
ok 8M__dolma1_7__small-aux-3
ok 8M__dolma1_7__small-aux-2
ok 8M__dolma1_7-no-code__small-aux-2
ok 8M__dolma1_7-no-code__default
ok 8M__dolma1_7-no-code__small-aux-3
ok 8M__dolma1_7-no-math-code__small-aux-3
ok 8M__dolma1_7-no-math-code__small-aux-2
ok 8M__dolma1_7-no-math-code__default
ok 8M__falcon__default
ok 8M__falcon__small-aux-3
ok 8M__falcon__small-aux-2
ok 8M__falcon-and-cc__default
ok 8M__falcon-and-cc__small-aux-3
ok 8M__falcon-and-cc__small-aux-2
ok 8M__falcon-and-cc-qc-10p__small-aux-3
ok 8M__falcon-and-cc-qc-10p__default
ok 8M__falcon-and-cc-qc-10p__small-aux-2
ok 8M__falcon-and-cc-qc-orig-10p__small-aux-2
ok 8M__falcon-and-cc-qc-orig-10p__default
ok 8M__falcon-and-cc-qc-tulu-10p__small-aux-2
ok 8M__falcon-and-cc-qc-tulu-10p__default
ok 8M__falcon-and-cc-qc-tulu-10p__small-aux-3
ok 8M__fineweb-pro__small-aux-2
ok 8M__fineweb-pro__default
ok 8M__falcon-and-cc-qc-orig-10p__small-aux-3
ok 10M__c4__default
ok 8M__fineweb-pro__small-aux-3
ok 10M__c4__small-aux-2
ok 10M__dclm-baseline-75p-dolma1.7-25p__small-aux-2
ok 10M__dclm-baseline-75p-dolma1.7-25p__small-aux-3
ok 10M__dclm-baseline-qc-10p__small-aux-2
ok 10M__dclm-baseline-qc-10p__default
ok 10M__dclm-baseline-qc-10p__small-aux-3
ok 10M__c4__small-aux-3
ok 10M__dclm-baseline-qc-7p-fw2__small-aux-3
ok 10M__dclm-baseline-qc-7p-fw2__small-aux-2
ok 10M__dclm-baseline-qc-fw-10p__small-aux-2
ok 10M__dclm-baseline-qc-7p-fw2__default
ok 10M__dclm-baseline-75p-dolma1.7-25p__default
ok 10M__dclm-baseline-qc-fw-3p__small-aux-2
ok 10M__dclm-baseline-qc-fw-3p__small-aux-3
ok 10M__dclm-baseline-qc-fw-10p__small-aux-3
ok 10M__dclm-baseline-qc-fw-3p__default
ok 10M__dclm-baseline-qc-fw-10p__default
ok 10M__dolma1_7__default
ok 10M__dolma1_7-no-code__default
ok 10M__dolma1_7-no-code__small-aux-2
ok 10M__dolma1_7-no-flan__default
ok 10M__dolma1_7-no-flan__small-aux-2
ok 10M__dolma1_7__small-aux-3
ok 10M__dolma1_7__small-aux-2
ok 10M__dolma1_7-no-code__small-aux-3
ok 10M__dolma1_7-no-math-code__default
ok 10M__dolma1_7-no-flan__small-aux-3
ok 10M__dolma1_7-no-math-code__small-aux-2
ok 10M__dolma1_7-no-reddit__default
ok 10M__dolma1_7-no-math-code__small-aux-3
ok 10M__dolma1_7-no-reddit__small-aux-2
ok 10M__dolma1_7-no-reddit__small-aux-3
ok 10M__falcon__default
ok 10M__falcon__small-aux-3
ok 10M__falcon__small-aux-2
ok 10M__falcon-and-cc__small-aux-2
ok 10M__falcon-and-cc__default
ok 10M__falcon-and-cc-qc-10p__default
ok 10M__falcon-and-cc-qc-10p__small-aux-3
ok 10M__falcon-and-cc-qc-orig-10p__default
ok 10M__falcon-and-cc-qc-10p__small-aux-2
ok 10M__falcon-and-cc__small-aux-3
ok 10M__falcon-and-cc-qc-orig-10p__small-aux-2
ok 10M__falcon-and-cc-qc-orig-10p__small-aux-3
ok 14M__c4__small-aux-2
ok 14M__c4__default
ok 14M__c4__small-aux-3
ok 10M__fineweb-pro__small-aux-2
ok 10M__fineweb-pro__small-aux-3
ok 10M__fineweb-pro__default
ok 14M__dclm-baseline__default
ok 14M__dclm-baseline__small-aux-2
ok 14M__dclm-baseline__small-aux-3
ok 14M__dclm-baseline-25p-dolma1.7-75p__small-aux-3
ok 14M__dclm-baseline-25p-dolma1.7-75p__default
ok 14M__dclm-baseline-25p-dolma1.7-75p__small-aux-2
ok 14M__dclm-baseline-qc-20p__default
ok 14M__dclm-baseline-50p-dolma1.7-50p__small-aux-3
ok 14M__dclm-baseline-50p-dolma1.7-50p__small-aux-2
ok 14M__dclm-baseline-qc-20p__small-aux-3
ok 14M__dclm-baseline-qc-20p__small-aux-2
ok 14M__dclm-baseline-50p-dolma1.7-50p__default
ok 14M__dclm-baseline-qc-7p-fw2__default
ok 14M__dclm-baseline-qc-7p-fw2__small-aux-3
ok 14M__dclm-baseline-qc-7p-fw2__small-aux-2
ok 14M__dclm-baseline-qc-fw-10p__default
ok 14M__dclm-baseline-qc-fw-10p__small-aux-2
ok 14M__dclm-baseline-qc-fw-10p__small-aux-3
ok 14M__dolma1_7__default
ok 14M__dolma1_7__small-aux-2
ok 14M__dolma1_7-no-code__default
ok 14M__dolma1_7-no-flan__small-aux-2
ok 14M__dolma1_7__small-aux-3
ok 14M__dolma1_7-no-code__small-aux-2
ok 14M__dolma1_7-no-code__small-aux-3
ok 14M__dolma1_7-no-reddit__default
ok 14M__dolma1_7-no-flan__small-aux-3
ok 14M__dolma1_7-no-flan__default
ok 14M__dolma1_7-no-reddit__small-aux-3
ok 14M__dolma1_7-no-math-code__small-aux-2
ok 14M__dolma1_7-no-math-code__default
ok 14M__dolma1_7-no-math-code__small-aux-3
ok 14M__dolma1_7-no-reddit__small-aux-2
ok 14M__falcon-and-cc-qc-10p__small-aux-3
ok 14M__falcon-and-cc-qc-20p__default
ok 14M__falcon-and-cc-qc-10p__default
ok 14M__falcon-and-cc-qc-20p__small-aux-3
ok 14M__falcon-and-cc-qc-10p__small-aux-2
ok 14M__falcon-and-cc-qc-orig-10p__small-aux-2
ok 14M__falcon-and-cc-qc-orig-10p__default
ok 14M__falcon-and-cc-qc-orig-10p__small-aux-3
ok 14M__falcon-and-cc-qc-20p__small-aux-2
ok 14M__falcon-and-cc-qc-tulu-10p__default
ok 14M__falcon-and-cc-qc-tulu-10p__small-aux-2
ok 14M__fineweb-edu__small-aux-3
ok 14M__falcon-and-cc-qc-tulu-10p__small-aux-3
ok 14M__fineweb-pro__default
ok 14M__fineweb-edu__small-aux-2
ok 14M__fineweb-pro__small-aux-2
ok 16M__c4__small-aux-2
ok 14M__fineweb-pro__small-aux-3
ok 14M__fineweb-edu__default
ok 16M__dclm-baseline-75p-dolma1.7-25p__default
ok 16M__dclm-baseline-qc-10p__default
ok 16M__c4__small-aux-3
ok 16M__dclm-baseline-75p-dolma1.7-25p__small-aux-2
ok 16M__dclm-baseline-75p-dolma1.7-25p__small-aux-3
ok 16M__dclm-baseline-qc-10p__small-aux-2
ok 16M__c4__default
ok 16M__dclm-baseline-qc-10p__small-aux-3
ok 16M__dclm-baseline-qc-20p__small-aux-2
ok 16M__dclm-baseline-qc-20p__default
ok 16M__dclm-baseline-qc-20p__small-aux-3
ok 16M__dclm-baseline-qc-7p-fw2__default
ok 16M__dclm-baseline-qc-7p-fw2__small-aux-2
ok 16M__dclm-baseline-qc-7p-fw2__small-aux-3
ok 16M__dclm-baseline-qc-fw-10p__default
ok 16M__dclm-baseline-qc-fw-10p__small-aux-2
ok 16M__dclm-baseline-qc-7p-fw3__default
ok 16M__dclm-baseline-qc-7p-fw3__small-aux-2
ok 16M__dclm-baseline-qc-fw-10p__small-aux-3
ok 16M__dclm-baseline-qc-fw-3p__default
ok 16M__dolma1_7__default
ok 16M__dclm-baseline-qc-7p-fw3__small-aux-3
ok 16M__dolma1_7-no-code__default
ok 16M__dolma1_7__small-aux-3
ok 16M__dclm-baseline-qc-fw-3p__small-aux-2
ok 16M__dclm-baseline-qc-fw-3p__small-aux-3
ok 16M__dolma1_7__small-aux-2
ok 16M__dolma1_7-no-flan__small-aux-3
ok 16M__dolma1_7-no-code__small-aux-3
ok 16M__dolma1_7-no-flan__small-aux-2
ok 16M__dolma1_7-no-math-code__small-aux-2
ok 16M__dolma1_7-no-code__small-aux-2
ok 16M__dolma1_7-no-math-code__small-aux-3
ok 16M__dolma1_7-no-math-code__default
ok 16M__dolma1_7-no-flan__default
ok 16M__falcon-and-cc-qc-orig-10p__default
ok 16M__falcon-and-cc-qc-orig-10p__small-aux-3
ok 20M__dclm-baseline__small-aux-2
ok 20M__dclm-baseline__default
ok 20M__dclm-baseline-25p-dolma1.7-75p__default
ok 20M__dclm-baseline__small-aux-3
ok 16M__falcon-and-cc-qc-orig-10p__small-aux-2
ok 20M__dclm-baseline-25p-dolma1.7-75p__small-aux-2
ok 20M__dclm-baseline-50p-dolma1.7-50p__default
ok 20M__dclm-baseline-50p-dolma1.7-50p__small-aux-3
ok 20M__dclm-baseline-75p-dolma1.7-25p__default
ok 20M__dclm-baseline-75p-dolma1.7-25p__small-aux-2
ok 20M__dclm-baseline-25p-dolma1.7-75p__small-aux-3
ok 20M__dclm-baseline-50p-dolma1.7-50p__small-aux-2
ok 20M__dclm-baseline-qc-20p__small-aux-2
ok 20M__dclm-baseline-75p-dolma1.7-25p__small-aux-3
ok 20M__dclm-baseline-qc-10p__small-aux-3
ok 20M__dclm-baseline-qc-10p__small-aux-2
ok 20M__dclm-baseline-qc-10p__default
ok 20M__dclm-baseline-qc-7p-fw2__default
ok 20M__dclm-baseline-qc-7p-fw3__default
ok 20M__dclm-baseline-qc-7p-fw2__small-aux-3
ok 20M__dclm-baseline-qc-20p__default
ok 20M__dclm-baseline-qc-7p-fw2__small-aux-2
ok 20M__dclm-baseline-qc-fw-10p__small-aux-2
ok 20M__dclm-baseline-qc-20p__small-aux-3
ok 20M__dclm-baseline-qc-7p-fw3__small-aux-3
ok 20M__dclm-baseline-qc-fw-10p__default
ok 20M__dclm-baseline-qc-7p-fw3__small-aux-2
ok 20M__dclm-baseline-qc-fw-10p__small-aux-3
ok 20M__dclm-baseline-qc-fw-3p__small-aux-2
ok 20M__dclm-baseline-qc-fw-3p__default
ok 20M__dclm-baseline-qc-fw-3p__small-aux-3
ok 20M__dolma1_6plus__small-aux-3
ok 20M__dolma1_6plus__small-aux-2
ok 20M__dolma1_6plus__default
ok 20M__dolma1_7-no-flan__default
ok 20M__dolma1_7-no-flan__small-aux-2
ok 20M__dolma1_7-no-math-code__small-aux-3
ok 20M__dolma1_7-no-math-code__default
ok 20M__dolma1_7-no-flan__small-aux-3
ok 20M__dolma1_7-no-reddit__small-aux-2
ok 20M__dolma1_7-no-reddit__default
ok 20M__dolma1_7-no-reddit__small-aux-3
ok 20M__dolma1_7-no-math-code__small-aux-2
ok 20M__falcon__default
ok 20M__falcon__small-aux-2
ok 20M__falcon-and-cc-qc-20p__small-aux-2
ok 20M__falcon-and-cc__default
ok 20M__falcon__small-aux-3
ok 20M__falcon-and-cc-qc-20p__default
ok 20M__falcon-and-cc-qc-20p__small-aux-3
ok 20M__falcon-and-cc__small-aux-2
ok 20M__falcon-and-cc__small-aux-3
ok 20M__falcon-and-cc-qc-orig-10p__default
ok 20M__falcon-and-cc-qc-orig-10p__small-aux-2
ok 20M__fineweb-pro__default
ok 20M__falcon-and-cc-qc-orig-10p__small-aux-3
ok 20M__falcon-and-cc-qc-tulu-10p__default
ok 20M__falcon-and-cc-qc-tulu-10p__small-aux-2
ok 20M__falcon-and-cc-qc-tulu-10p__small-aux-3
ok 20M__fineweb-pro__small-aux-2
ok 20M__fineweb-pro__small-aux-3
ok 60M__dclm-baseline-25p-dolma1.7-75p__default
ok 60M__dclm-baseline-50p-dolma1.7-50p__default
ok 60M__dclm-baseline-25p-dolma1.7-75p__small-aux-3
ok 60M__dclm-baseline-75p-dolma1.7-25p__default
ok 60M__dclm-baseline-50p-dolma1.7-50p__small-aux-2
ok 60M__dclm-baseline-50p-dolma1.7-50p__small-aux-3
ok 60M__dclm-baseline-75p-dolma1.7-25p__small-aux-3
ok 60M__dclm-baseline-25p-dolma1.7-75p__small-aux-2
ok 60M__dclm-baseline-75p-dolma1.7-25p__small-aux-2
ok 60M__dclm-baseline-qc-10p__small-aux-3
ok 60M__dclm-baseline-qc-10p__default
ok 60M__dclm-baseline-qc-10p__small-aux-2
