Warning: Permanently added 'fvcrc00' (ED25519) to the list of known hosts.
Warning: Permanently added 'fvcrc13' (ED25519) to the list of known hosts.
Using the latest cached version of the dataset since gaotang/ParaConflict couldn't be found on the Hugging Face Hub (offline mode is enabled).
Found the latest cached dataset configuration 'default' at /home/xiang/.cache/huggingface/datasets/gaotang___para_conflict/default/0.0.0/d2b097583890081b26762e0caf4067eafff9bab4 (last modified on Fri Oct  2 17:52:29 2026).
300M__dolma1_7__default known 1533 {'decl': 7.38, 'A_only': 10.58, 'Q_only': 10.33, 'QA': 9.8, 'QA_short': 9.49, 'novel': 8.44, 'incongruent': 9.38}
Using the latest cached version of the dataset since gaotang/ParaConflict couldn't be found on the Hugging Face Hub (offline mode is enabled).
Found the latest cached dataset configuration 'default' at /home/xiang/.cache/huggingface/datasets/gaotang___para_conflict/default/0.0.0/d2b097583890081b26762e0caf4067eafff9bab4 (last modified on Fri Oct  2 17:52:29 2026).
60M__dolma1_7__default known 1267 {'decl': 8.51, 'A_only': 13.58, 'Q_only': 11.85, 'QA': 12.78, 'QA_short': 11.23, 'novel': 12.02, 'incongruent': 12.94}
Using the latest cached version of the dataset since gaotang/ParaConflict couldn't be found on the Hugging Face Hub (offline mode is enabled).
Found the latest cached dataset configuration 'default' at /home/xiang/.cache/huggingface/datasets/gaotang___para_conflict/default/0.0.0/d2b097583890081b26762e0caf4067eafff9bab4 (last modified on Fri Oct  2 17:52:29 2026).
60M__dolma1_7__small-aux-2 known 1267 {'decl': 7.97, 'A_only': 12.57, 'Q_only': 11.3, 'QA': 12.22, 'QA_short': 11.19, 'novel': 12.77, 'incongruent': 12.25}
Using the latest cached version of the dataset since gaotang/ParaConflict couldn't be found on the Hugging Face Hub (offline mode is enabled).
Found the latest cached dataset configuration 'default' at /home/xiang/.cache/huggingface/datasets/gaotang___para_conflict/default/0.0.0/d2b097583890081b26762e0caf4067eafff9bab4 (last modified on Fri Oct  2 17:52:29 2026).
60M__dolma1_7__small-aux-3 known 1259 {'decl': 8.41, 'A_only': 13.24, 'Q_only': 11.09, 'QA': 11.8, 'QA_short': 11.18, 'novel': 11.64, 'incongruent': 11.79}
Using the latest cached version of the dataset since gaotang/ParaConflict couldn't be found on the Hugging Face Hub (offline mode is enabled).
Found the latest cached dataset configuration 'default' at /home/xiang/.cache/huggingface/datasets/gaotang___para_conflict/default/0.0.0/d2b097583890081b26762e0caf4067eafff9bab4 (last modified on Fri Oct  2 17:52:29 2026).
90M__dolma1_7__default known 1345 {'decl': 8.97, 'A_only': 13.37, 'Q_only': 12.84, 'QA': 12.96, 'QA_short': 11.84, 'novel': 12.15, 'incongruent': 13.16}
Using the latest cached version of the dataset since gaotang/ParaConflict couldn't be found on the Hugging Face Hub (offline mode is enabled).
Found the latest cached dataset configuration 'default' at /home/xiang/.cache/huggingface/datasets/gaotang___para_conflict/default/0.0.0/d2b097583890081b26762e0caf4067eafff9bab4 (last modified on Fri Oct  2 17:52:29 2026).
90M__dolma1_7__small-aux-2 known 1362 {'decl': 9.04, 'A_only': 13.01, 'Q_only': 11.56, 'QA': 11.71, 'QA_short': 10.79, 'novel': 11.49, 'incongruent': 11.62}
Using the latest cached version of the dataset since gaotang/ParaConflict couldn't be found on the Hugging Face Hub (offline mode is enabled).
Found the latest cached dataset configuration 'default' at /home/xiang/.cache/huggingface/datasets/gaotang___para_conflict/default/0.0.0/d2b097583890081b26762e0caf4067eafff9bab4 (last modified on Fri Oct  2 17:52:29 2026).
90M__dolma1_7__small-aux-3 known 1335 {'decl': 7.83, 'A_only': 11.74, 'Q_only': 11.92, 'QA': 11.9, 'QA_short': 10.89, 'novel': 12.15, 'incongruent': 12.22}
Using the latest cached version of the dataset since gaotang/ParaConflict couldn't be found on the Hugging Face Hub (offline mode is enabled).
Found the latest cached dataset configuration 'default' at /home/xiang/.cache/huggingface/datasets/gaotang___para_conflict/default/0.0.0/d2b097583890081b26762e0caf4067eafff9bab4 (last modified on Fri Oct  2 17:52:29 2026).
150M__dolma1_7__default known 1411 {'decl': 7.59, 'A_only': 10.58, 'Q_only': 10.77, 'QA': 10.21, 'QA_short': 10.39, 'novel': 10.55, 'incongruent': 10.08}
Using the latest cached version of the dataset since gaotang/ParaConflict couldn't be found on the Hugging Face Hub (offline mode is enabled).
Found the latest cached dataset configuration 'default' at /home/xiang/.cache/huggingface/datasets/gaotang___para_conflict/default/0.0.0/d2b097583890081b26762e0caf4067eafff9bab4 (last modified on Fri Oct  2 17:52:29 2026).
150M__dolma1_7__small-aux-2 known 1381 {'decl': 7.41, 'A_only': 10.74, 'Q_only': 10.74, 'QA': 10.82, 'QA_short': 10.88, 'novel': 10.69, 'incongruent': 10.58}
Using the latest cached version of the dataset since gaotang/ParaConflict couldn't be found on the Hugging Face Hub (offline mode is enabled).
Found the latest cached dataset configuration 'default' at /home/xiang/.cache/huggingface/datasets/gaotang___para_conflict/default/0.0.0/d2b097583890081b26762e0caf4067eafff9bab4 (last modified on Fri Oct  2 17:52:29 2026).
150M__dolma1_7__small-aux-3 known 1380 {'decl': 9.14, 'A_only': 12.19, 'Q_only': 11.28, 'QA': 10.9, 'QA_short': 10.69, 'novel': 10.71, 'incongruent': 11.12}
Using the latest cached version of the dataset since gaotang/ParaConflict couldn't be found on the Hugging Face Hub (offline mode is enabled).
Found the latest cached dataset configuration 'default' at /home/xiang/.cache/huggingface/datasets/gaotang___para_conflict/default/0.0.0/d2b097583890081b26762e0caf4067eafff9bab4 (last modified on Fri Oct  2 17:52:29 2026).
300M__dolma1_7__small-aux-2 known 1546 {'decl': 7.22, 'A_only': 9.94, 'Q_only': 9.59, 'QA': 9.92, 'QA_short': 9.67, 'novel': 9.53, 'incongruent': 9.17}
Using the latest cached version of the dataset since gaotang/ParaConflict couldn't be found on the Hugging Face Hub (offline mode is enabled).
Found the latest cached dataset configuration 'default' at /home/xiang/.cache/huggingface/datasets/gaotang___para_conflict/default/0.0.0/d2b097583890081b26762e0caf4067eafff9bab4 (last modified on Fri Oct  2 17:52:29 2026).
300M__dolma1_7__small-aux-3 known 1546 {'decl': 8.74, 'A_only': 10.9, 'Q_only': 10.18, 'QA': 10.44, 'QA_short': 9.74, 'novel': 9.12, 'incongruent': 9.77}
Using the latest cached version of the dataset since gaotang/ParaConflict couldn't be found on the Hugging Face Hub (offline mode is enabled).
Found the latest cached dataset configuration 'default' at /home/xiang/.cache/huggingface/datasets/gaotang___para_conflict/default/0.0.0/d2b097583890081b26762e0caf4067eafff9bab4 (last modified on Fri Oct  2 17:52:29 2026).
530M__dolma1_7__default known 1662 {'decl': 7.43, 'A_only': 9.14, 'Q_only': 9.42, 'QA': 9.41, 'QA_short': 7.96, 'novel': 8.61, 'incongruent': 8.25}
Using the latest cached version of the dataset since gaotang/ParaConflict couldn't be found on the Hugging Face Hub (offline mode is enabled).
Found the latest cached dataset configuration 'default' at /home/xiang/.cache/huggingface/datasets/gaotang___para_conflict/default/0.0.0/d2b097583890081b26762e0caf4067eafff9bab4 (last modified on Fri Oct  2 17:52:29 2026).
530M__dolma1_7__small-aux-2 known 1663 {'decl': 7.98, 'A_only': 10.61, 'Q_only': 9.42, 'QA': 9.98, 'QA_short': 10.06, 'novel': 9.8, 'incongruent': 9.46}
