Warning: Permanently added 'fvcrc00' (ED25519) to the list of known hosts.
Warning: Permanently added 'fvcrc20' (ED25519) to the list of known hosts.
Using the latest cached version of the dataset since gaotang/ParaConflict couldn't be found on the Hugging Face Hub (offline mode is enabled).
Found the latest cached dataset configuration 'default' at /home/xiang/.cache/huggingface/datasets/gaotang___para_conflict/default/0.0.0/d2b097583890081b26762e0caf4067eafff9bab4 (last modified on Fri Oct  2 17:52:29 2026).
60M__dolma1_7-no-flan__default known 1263 {'decl': 9.51, 'A_only': 12.41, 'Q_only': 11.75, 'QA': 11.82, 'QA_short': 11.84, 'novel': 13.16, 'incongruent': 11.51}
Using the latest cached version of the dataset since gaotang/ParaConflict couldn't be found on the Hugging Face Hub (offline mode is enabled).
Found the latest cached dataset configuration 'default' at /home/xiang/.cache/huggingface/datasets/gaotang___para_conflict/default/0.0.0/d2b097583890081b26762e0caf4067eafff9bab4 (last modified on Fri Oct  2 17:52:29 2026).
60M__dolma1_7-no-flan__small-aux-2 known 1264 {'decl': 7.84, 'A_only': 11.93, 'Q_only': 10.33, 'QA': 10.62, 'QA_short': 10.86, 'novel': 11.85, 'incongruent': 10.38}
Using the latest cached version of the dataset since gaotang/ParaConflict couldn't be found on the Hugging Face Hub (offline mode is enabled).
Found the latest cached dataset configuration 'default' at /home/xiang/.cache/huggingface/datasets/gaotang___para_conflict/default/0.0.0/d2b097583890081b26762e0caf4067eafff9bab4 (last modified on Fri Oct  2 17:52:29 2026).
60M__dolma1_7-no-flan__small-aux-3 known 1251 {'decl': 9.6, 'A_only': 11.67, 'Q_only': 11.52, 'QA': 11.04, 'QA_short': 11.3, 'novel': 11.68, 'incongruent': 10.89}
Using the latest cached version of the dataset since gaotang/ParaConflict couldn't be found on the Hugging Face Hub (offline mode is enabled).
Found the latest cached dataset configuration 'default' at /home/xiang/.cache/huggingface/datasets/gaotang___para_conflict/default/0.0.0/d2b097583890081b26762e0caf4067eafff9bab4 (last modified on Fri Oct  2 17:52:29 2026).
90M__dolma1_7-no-flan__default known 1348 {'decl': 8.5, 'A_only': 10.83, 'Q_only': 11.63, 'QA': 10.93, 'QA_short': 11.56, 'novel': 11.38, 'incongruent': 10.63}
Using the latest cached version of the dataset since gaotang/ParaConflict couldn't be found on the Hugging Face Hub (offline mode is enabled).
Found the latest cached dataset configuration 'default' at /home/xiang/.cache/huggingface/datasets/gaotang___para_conflict/default/0.0.0/d2b097583890081b26762e0caf4067eafff9bab4 (last modified on Fri Oct  2 17:52:29 2026).
90M__dolma1_7-no-flan__small-aux-2 known 1307 {'decl': 8.4, 'A_only': 11.31, 'Q_only': 10.7, 'QA': 10.79, 'QA_short': 10.86, 'novel': 11.97, 'incongruent': 10.51}
Using the latest cached version of the dataset since gaotang/ParaConflict couldn't be found on the Hugging Face Hub (offline mode is enabled).
Found the latest cached dataset configuration 'default' at /home/xiang/.cache/huggingface/datasets/gaotang___para_conflict/default/0.0.0/d2b097583890081b26762e0caf4067eafff9bab4 (last modified on Fri Oct  2 17:52:29 2026).
90M__dolma1_7-no-flan__small-aux-3 known 1325 {'decl': 8.94, 'A_only': 11.3, 'Q_only': 10.65, 'QA': 10.8, 'QA_short': 10.72, 'novel': 11.17, 'incongruent': 10.37}
Using the latest cached version of the dataset since gaotang/ParaConflict couldn't be found on the Hugging Face Hub (offline mode is enabled).
Found the latest cached dataset configuration 'default' at /home/xiang/.cache/huggingface/datasets/gaotang___para_conflict/default/0.0.0/d2b097583890081b26762e0caf4067eafff9bab4 (last modified on Fri Oct  2 17:52:29 2026).
150M__dolma1_7-no-flan__default known 1370 {'decl': 9.19, 'A_only': 11.68, 'Q_only': 11.1, 'QA': 10.81, 'QA_short': 10.96, 'novel': 11.31, 'incongruent': 10.46}
Using the latest cached version of the dataset since gaotang/ParaConflict couldn't be found on the Hugging Face Hub (offline mode is enabled).
Found the latest cached dataset configuration 'default' at /home/xiang/.cache/huggingface/datasets/gaotang___para_conflict/default/0.0.0/d2b097583890081b26762e0caf4067eafff9bab4 (last modified on Fri Oct  2 17:52:29 2026).
150M__dolma1_7-no-flan__small-aux-2 known 1377 {'decl': 8.9, 'A_only': 9.2, 'Q_only': 10.52, 'QA': 10.37, 'QA_short': 10.48, 'novel': 10.47, 'incongruent': 9.99}
Using the latest cached version of the dataset since gaotang/ParaConflict couldn't be found on the Hugging Face Hub (offline mode is enabled).
Found the latest cached dataset configuration 'default' at /home/xiang/.cache/huggingface/datasets/gaotang___para_conflict/default/0.0.0/d2b097583890081b26762e0caf4067eafff9bab4 (last modified on Fri Oct  2 17:52:29 2026).
150M__dolma1_7-no-flan__small-aux-3 known 1427 {'decl': 8.08, 'A_only': 10.08, 'Q_only': 9.89, 'QA': 8.86, 'QA_short': 9.0, 'novel': 9.63, 'incongruent': 8.76}
Using the latest cached version of the dataset since gaotang/ParaConflict couldn't be found on the Hugging Face Hub (offline mode is enabled).
Found the latest cached dataset configuration 'default' at /home/xiang/.cache/huggingface/datasets/gaotang___para_conflict/default/0.0.0/d2b097583890081b26762e0caf4067eafff9bab4 (last modified on Fri Oct  2 17:52:29 2026).
300M__dolma1_7-no-flan__default known 1531 {'decl': 8.17, 'A_only': 9.82, 'Q_only': 9.48, 'QA': 9.26, 'QA_short': 9.51, 'novel': 9.54, 'incongruent': 8.59}
Using the latest cached version of the dataset since gaotang/ParaConflict couldn't be found on the Hugging Face Hub (offline mode is enabled).
Found the latest cached dataset configuration 'default' at /home/xiang/.cache/huggingface/datasets/gaotang___para_conflict/default/0.0.0/d2b097583890081b26762e0caf4067eafff9bab4 (last modified on Fri Oct  2 17:52:29 2026).
300M__dolma1_7-no-flan__small-aux-2 known 1522 {'decl': 7.83, 'A_only': 9.13, 'Q_only': 8.52, 'QA': 8.37, 'QA_short': 9.09, 'novel': 8.41, 'incongruent': 8.05}
Using the latest cached version of the dataset since gaotang/ParaConflict couldn't be found on the Hugging Face Hub (offline mode is enabled).
Found the latest cached dataset configuration 'default' at /home/xiang/.cache/huggingface/datasets/gaotang___para_conflict/default/0.0.0/d2b097583890081b26762e0caf4067eafff9bab4 (last modified on Fri Oct  2 17:52:29 2026).
