Warning: Permanently added 'fvcrc00' (ED25519) to the list of known hosts.
Warning: Permanently added 'fvcrc12' (ED25519) to the list of known hosts.
{"model_id": "EleutherAI/pythia-410m", "checkpoint": "step123000", "accepted": true, "reject_reason": null, "rel_l2_to_prev": null, "rel_l2_to_step0": 0.0, "pile_nll_16x512": 1.916592001914978, "bin_vs_safetensors_maxabs": 0.0}
{"model_id": "EleutherAI/pythia-410m", "checkpoint": "step133000", "accepted": true, "reject_reason": null, "rel_l2_to_prev": 0.03471614792943001, "rel_l2_to_step0": 0.03471614792943001, "pile_nll_16x512": 1.9111504554748535, "bin_vs_safetensors_maxabs": 0.0}
{"model_id": "EleutherAI/pythia-410m", "checkpoint": "step138000", "accepted": true, "reject_reason": null, "rel_l2_to_prev": 0.021052516996860504, "rel_l2_to_step0": 0.04600819572806358, "pile_nll_16x512": 1.908667802810669, "bin_vs_safetensors_maxabs": 0.0}
{"model_id": "EleutherAI/pythia-410m-seed1", "checkpoint": "step123000", "accepted": true, "reject_reason": null, "rel_l2_to_prev": null, "rel_l2_to_step0": 0.0, "pile_nll_16x512": 1.9125972986221313, "bin_vs_safetensors_maxabs": null}
{"model_id": "EleutherAI/pythia-410m-seed1", "checkpoint": "step133000", "accepted": true, "reject_reason": null, "rel_l2_to_prev": 0.03536715731024742, "rel_l2_to_step0": 0.03536715731024742, "pile_nll_16x512": 1.8978252410888672, "bin_vs_safetensors_maxabs": null}
{"model_id": "EleutherAI/pythia-410m-seed1", "checkpoint": "step138000", "accepted": true, "reject_reason": null, "rel_l2_to_prev": 0.02063855156302452, "rel_l2_to_step0": 0.04577543959021568, "pile_nll_16x512": 1.9062813520431519, "bin_vs_safetensors_maxabs": null}
{"model_id": "EleutherAI/pythia-410m-seed2", "checkpoint": "step123000", "accepted": true, "reject_reason": null, "rel_l2_to_prev": null, "rel_l2_to_step0": 0.0, "pile_nll_16x512": 1.9182153940200806, "bin_vs_safetensors_maxabs": null}
{"model_id": "EleutherAI/pythia-410m-seed2", "checkpoint": "step133000", "accepted": true, "reject_reason": null, "rel_l2_to_prev": 0.05421369895339012, "rel_l2_to_step0": 0.05421369895339012, "pile_nll_16x512": 1.9125556945800781, "bin_vs_safetensors_maxabs": null}
{"model_id": "EleutherAI/pythia-410m-seed2", "checkpoint": "step138000", "accepted": true, "reject_reason": null, "rel_l2_to_prev": 0.02860528975725174, "rel_l2_to_step0": 0.07543204724788666, "pile_nll_16x512": 1.9148974418640137, "bin_vs_safetensors_maxabs": null}
{"model_id": "EleutherAI/pythia-410m-seed3", "checkpoint": "step123000", "accepted": true, "reject_reason": null, "rel_l2_to_prev": null, "rel_l2_to_step0": 0.0, "pile_nll_16x512": 2.071660041809082, "bin_vs_safetensors_maxabs": null}
{"model_id": "EleutherAI/pythia-410m-seed3", "checkpoint": "step133000", "accepted": true, "reject_reason": null, "rel_l2_to_prev": 0.06757085770368576, "rel_l2_to_step0": 0.06757085770368576, "pile_nll_16x512": 2.0615971088409424, "bin_vs_safetensors_maxabs": null}
{"model_id": "EleutherAI/pythia-410m-seed3", "checkpoint": "step138000", "accepted": true, "reject_reason": null, "rel_l2_to_prev": 0.04359254613518715, "rel_l2_to_step0": 0.08818545937538147, "pile_nll_16x512": 2.0522656440734863, "bin_vs_safetensors_maxabs": null}
{"model_id": "EleutherAI/pythia-410m-seed4", "checkpoint": "step123000", "accepted": true, "reject_reason": null, "rel_l2_to_prev": null, "rel_l2_to_step0": 0.0, "pile_nll_16x512": 4.537344455718994, "bin_vs_safetensors_maxabs": null}
{"model_id": "EleutherAI/pythia-410m-seed4", "checkpoint": "step133000", "accepted": true, "reject_reason": null, "rel_l2_to_prev": 0.39456677436828613, "rel_l2_to_step0": 0.39456677436828613, "pile_nll_16x512": 2.6471872329711914, "bin_vs_safetensors_maxabs": null}
{"model_id": "EleutherAI/pythia-410m-seed4", "checkpoint": "step138000", "accepted": true, "reject_reason": null, "rel_l2_to_prev": 0.10304286330938339, "rel_l2_to_step0": 0.45233431458473206, "pile_nll_16x512": 2.524174690246582, "bin_vs_safetensors_maxabs": null}
{"model_id": "EleutherAI/pythia-410m-seed5", "checkpoint": "step123000", "accepted": true, "reject_reason": null, "rel_l2_to_prev": null, "rel_l2_to_step0": 0.0, "pile_nll_16x512": 1.933809757232666, "bin_vs_safetensors_maxabs": null}
{"model_id": "EleutherAI/pythia-410m-seed5", "checkpoint": "step133000", "accepted": true, "reject_reason": null, "rel_l2_to_prev": 0.06213508918881416, "rel_l2_to_step0": 0.06213508918881416, "pile_nll_16x512": 1.9311424493789673, "bin_vs_safetensors_maxabs": null}
{"model_id": "EleutherAI/pythia-410m-seed5", "checkpoint": "step138000", "accepted": true, "reject_reason": null, "rel_l2_to_prev": 0.028437752276659012, "rel_l2_to_step0": 0.08370400965213776, "pile_nll_16x512": 1.9390605688095093, "bin_vs_safetensors_maxabs": null}
{"model_id": "EleutherAI/pythia-410m-seed6", "checkpoint": "step123000", "accepted": true, "reject_reason": null, "rel_l2_to_prev": null, "rel_l2_to_step0": 0.0, "pile_nll_16x512": 1.9200875759124756, "bin_vs_safetensors_maxabs": null}
{"model_id": "EleutherAI/pythia-410m-seed6", "checkpoint": "step133000", "accepted": true, "reject_reason": null, "rel_l2_to_prev": 0.05896715447306633, "rel_l2_to_step0": 0.05896715447306633, "pile_nll_16x512": 1.9194713830947876, "bin_vs_safetensors_maxabs": null}
{"model_id": "EleutherAI/pythia-410m-seed6", "checkpoint": "step138000", "accepted": true, "reject_reason": null, "rel_l2_to_prev": 0.03419026359915733, "rel_l2_to_step0": 0.0857878178358078, "pile_nll_16x512": 1.9228876829147339, "bin_vs_safetensors_maxabs": null}
{"model_id": "EleutherAI/pythia-410m-seed7", "checkpoint": "step123000", "accepted": true, "reject_reason": null, "rel_l2_to_prev": null, "rel_l2_to_step0": 0.0, "pile_nll_16x512": 1.9074040651321411, "bin_vs_safetensors_maxabs": null}
{"model_id": "EleutherAI/pythia-410m-seed7", "checkpoint": "step133000", "accepted": true, "reject_reason": null, "rel_l2_to_prev": 0.04024399444460869, "rel_l2_to_step0": 0.04024399444460869, "pile_nll_16x512": 1.9070208072662354, "bin_vs_safetensors_maxabs": null}
{"model_id": "EleutherAI/pythia-410m-seed7", "checkpoint": "step138000", "accepted": true, "reject_reason": null, "rel_l2_to_prev": 0.021016264334321022, "rel_l2_to_step0": 0.051805924624204636, "pile_nll_16x512": 1.9072203636169434, "bin_vs_safetensors_maxabs": null}
{"model_id": "EleutherAI/pythia-410m-seed8", "checkpoint": "step123000", "accepted": true, "reject_reason": null, "rel_l2_to_prev": null, "rel_l2_to_step0": 0.0, "pile_nll_16x512": 1.9074528217315674, "bin_vs_safetensors_maxabs": null}
{"model_id": "EleutherAI/pythia-410m-seed8", "checkpoint": "step133000", "accepted": true, "reject_reason": null, "rel_l2_to_prev": 0.05647244304418564, "rel_l2_to_step0": 0.05647244304418564, "pile_nll_16x512": 1.9038960933685303, "bin_vs_safetensors_maxabs": null}
{"model_id": "EleutherAI/pythia-410m-seed8", "checkpoint": "step138000", "accepted": true, "reject_reason": null, "rel_l2_to_prev": 0.02271287888288498, "rel_l2_to_step0": 0.0709141418337822, "pile_nll_16x512": 1.9017295837402344, "bin_vs_safetensors_maxabs": null}
{"model_id": "EleutherAI/pythia-410m-seed9", "checkpoint": "step123000", "accepted": true, "reject_reason": null, "rel_l2_to_prev": null, "rel_l2_to_step0": 0.0, "pile_nll_16x512": 1.9132158756256104, "bin_vs_safetensors_maxabs": null}
{"model_id": "EleutherAI/pythia-410m-seed9", "checkpoint": "step133000", "accepted": true, "reject_reason": null, "rel_l2_to_prev": 0.048621587455272675, "rel_l2_to_step0": 0.048621587455272675, "pile_nll_16x512": 1.9158782958984375, "bin_vs_safetensors_maxabs": null}
{"model_id": "EleutherAI/pythia-410m-seed9", "checkpoint": "step138000", "accepted": true, "reject_reason": null, "rel_l2_to_prev": 0.023332640528678894, "rel_l2_to_step0": 0.06415016949176788, "pile_nll_16x512": 1.917323350906372, "bin_vs_safetensors_maxabs": null}
Exception ignored in: <function ResourceTracker.__del__ at 0x14d054d25620>
Traceback (most recent call last):
  File "/home/xiang/miniconda3/envs/verl-clean/lib/python3.12/site-packages/multiprocess/resource_tracker.py", line 80, in __del__
  File "/home/xiang/miniconda3/envs/verl-clean/lib/python3.12/site-packages/multiprocess/resource_tracker.py", line 89, in _stop
  File "/home/xiang/miniconda3/envs/verl-clean/lib/python3.12/site-packages/multiprocess/resource_tracker.py", line 102, in _stop_locked
AttributeError: '_thread.RLock' object has no attribute '_recursion_count'
