18 cells, 18 to run
[1/18] l2_ca_P1_explicit_s0 -> gpu0
[2/18] l2_ca_P1_explicit_s1 -> gpu1
[3/18] l2_ca_P2_render_s0 -> gpu2
[4/18] l2_ca_P2_render_s1 -> gpu3
[5/18] l2_ca_P3_produce_s0 -> gpu2
[6/18] l2_ca_P3_produce_s1 -> gpu3
[7/18] l2_es_P1_explicit_s0 -> gpu0
[8/18] l2_es_P1_explicit_s1 -> gpu1
[9/18] l2_es_P2_render_s0 -> gpu2
[10/18] l2_es_P2_render_s1 -> gpu3
[11/18] l2_es_P3_produce_s0 -> gpu0
[12/18] l2_es_P3_produce_s1 -> gpu1
[13/18] l2_ro_P1_explicit_s0 -> gpu2
[14/18] l2_ro_P1_explicit_s1 -> gpu3
[15/18] l2_ro_P2_render_s0 -> gpu0
[16/18] l2_ro_P2_render_s1 -> gpu1
[17/18] l2_ro_P3_produce_s0 -> gpu0
[18/18] l2_ro_P3_produce_s1 -> gpu2
all done
