Loading checkpoint shards:   0%|          | 0/16 [00:00<?, ?it/s]Loading checkpoint shards:   6%|▋         | 1/16 [00:22<05:40, 22.71s/it]Loading checkpoint shards:  12%|█▎        | 2/16 [00:48<05:46, 24.78s/it]Loading checkpoint shards:  19%|█▉        | 3/16 [01:13<05:21, 24.73s/it]Loading checkpoint shards:  25%|██▌       | 4/16 [01:37<04:53, 24.46s/it]Loading checkpoint shards:  31%|███▏      | 5/16 [02:03<04:36, 25.13s/it]Loading checkpoint shards:  38%|███▊      | 6/16 [02:29<04:14, 25.43s/it]Loading checkpoint shards:  44%|████▍     | 7/16 [02:57<03:55, 26.12s/it]Loading checkpoint shards:  50%|█████     | 8/16 [03:23<03:27, 25.98s/it]Loading checkpoint shards:  56%|█████▋    | 9/16 [03:51<03:06, 26.61s/it]Loading checkpoint shards:  62%|██████▎   | 10/16 [04:16<02:36, 26.08s/it]Loading checkpoint shards:  69%|██████▉   | 11/16 [04:38<02:04, 24.96s/it]Loading checkpoint shards:  75%|███████▌  | 12/16 [05:03<01:39, 24.83s/it]Loading checkpoint shards:  81%|████████▏ | 13/16 [05:27<01:14, 24.79s/it]Loading checkpoint shards:  88%|████████▊ | 14/16 [05:54<00:50, 25.25s/it]Loading checkpoint shards:  94%|█████████▍| 15/16 [06:22<00:26, 26.20s/it]Loading checkpoint shards: 100%|██████████| 16/16 [06:26<00:00, 19.59s/it]Loading checkpoint shards: 100%|██████████| 16/16 [06:26<00:00, 24.17s/it]
CALIB {"ladder": {"0.001": {"36": {"beta": 1.0088339468635517, "changed_frac": 0.14583333333333334, "mean_experts_changed": 0.14583333333333334, "experts_changed_given_changed": 1.0, "kl_median": 0.0010000013280659914, "kl_p90": 0.012004940770566463}, "44": {"beta": 0.7424090181311875, "changed_frac": 0.10416666666666667, "mean_experts_changed": 0.10416666666666667, "experts_changed_given_changed": 1.0, "kl_median": 0.0009999934118241072, "kl_p90": 0.012193400412797928}}, "0.002": {"36": {"beta": 1.4172330525809542, "changed_frac": 0.23958333333333334, "mean_experts_changed": 0.28125, "experts_changed_given_changed": 1.173913043478261, "kl_median": 0.002000004518777132, "kl_p90": 0.021924755536019802}, "44": {"beta": 1.051358999215211, "changed_frac": 0.15625, "mean_experts_changed": 0.16666666666666666, "experts_changed_given_changed": 1.0666666666666667, "kl_median": 0.002000001957640052, "kl_p90": 0.02357356622815132}}, "0.003": {"36": {"beta": 1.7313446434195985, "changed_frac": 0.2916666666666667, "mean_experts_changed": 0.3854166666666667, "experts_changed_given_changed": 1.3214285714285714, "kl_median": 0.0030000086408108473, "kl_p90": 0.03085305541753769}, "44": {"beta": 1.2909190099617924, "changed_frac": 0.16666666666666666, "mean_experts_changed": 0.20833333333333334, "experts_changed_given_changed": 1.25, "kl_median": 0.0030000736005604267, "kl_p90": 0.03617909178137779}}, "0.004": {"36": {"beta": 2.0047813669598993, "changed_frac": 0.3645833333333333, "mean_experts_changed": 0.5, "experts_changed_given_changed": 1.3714285714285714, "kl_median": 0.004000044893473387, "kl_p90": 0.03934810310602188}, "44": {"beta": 1.493912040803607, "changed_frac": 0.21875, "mean_experts_changed": 0.2708333333333333, "experts_changed_given_changed": 1.2380952380952381, "kl_median": 0.003999967128038406, "kl_p90": 0.04887743853032589}}, "0.006": {"36": {"beta": 2.471892711569242, "changed_frac": 0.3958333333333333, "mean_experts_changed": 0.5625, "experts_changed_given_changed": 1.4210526315789473, "kl_median": 0.005999984452500939, "kl_p90": 0.06063588336110115}, "44": {"beta": 1.8366958520065895, "changed_frac": 0.21875, "mean_experts_changed": 0.3333333333333333, "experts_changed_given_changed": 1.5238095238095237, "kl_median": 0.006000012159347534, "kl_p90": 0.07061725854873657}}, "0.008": {"36": {"beta": 2.855695370058288, "changed_frac": 0.4479166666666667, "mean_experts_changed": 0.625, "experts_changed_given_changed": 1.3953488372093024, "kl_median": 0.008000005967915058, "kl_p90": 0.08298828080296516}, "44": {"beta": 2.12799394172756, "changed_frac": 0.25, "mean_experts_changed": 0.40625, "experts_changed_given_changed": 1.625, "kl_median": 0.008000004570931196, "kl_p90": 0.09480351954698563}}, "0.01": {"36": {"beta": 3.186127070086549, "changed_frac": 0.4583333333333333, "mean_experts_changed": 0.6770833333333334, "experts_changed_given_changed": 1.4772727272727273, "kl_median": 0.010000004433095455, "kl_p90": 0.10508989170193672}, "44": {"beta": 2.386494043024957, "changed_frac": 0.2708333333333333, "mean_experts_changed": 0.46875, "experts_changed_given_changed": 1.7307692307692308, "kl_median": 0.010000008158385754, "kl_p90": 0.11244897544384003}}, "0.02": {"36": {"beta": 4.557603120749718, "changed_frac": 0.6145833333333334, "mean_experts_changed": 1.15625, "experts_changed_given_changed": 1.88135593220339, "kl_median": 0.019999993033707142, "kl_p90": 0.2201448231935501}, "44": {"beta": 3.4191523796561327, "changed_frac": 0.3958333333333333, "mean_experts_changed": 0.7291666666666666, "experts_changed_given_changed": 1.8421052631578947, "kl_median": 0.020000023767352104, "kl_p90": 0.2013978436589241}}, "0.05": {"36": {"beta": 7.393516302610172, "changed_frac": 0.75, "mean_experts_changed": 1.84375, "experts_changed_given_changed": 2.4583333333333335, "kl_median": 0.05000002309679985, "kl_p90": 0.4868234395980835}, "44": {"beta": 5.775785205204054, "changed_frac": 0.5625, "mean_experts_changed": 1.3020833333333333, "experts_changed_given_changed": 2.314814814814815, "kl_median": 0.04999994672834873, "kl_p90": 0.4291256368160248}}, "0.1": {"36": {"beta": 11.357449058129898, "changed_frac": 0.875, "mean_experts_changed": 2.6979166666666665, "experts_changed_given_changed": 3.0833333333333335, "kl_median": 0.10000002384185791, "kl_p90": 0.7286599576473236}, "44": {"beta": 8.919354912081445, "changed_frac": 0.7291666666666666, "mean_experts_changed": 2.0208333333333335, "experts_changed_given_changed": 2.7714285714285714, "kl_median": 0.09999998658895493, "kl_p90": 0.6668880581855774}}, "0.2": {"36": {"beta": 17.129210471308596, "changed_frac": 0.90625, "mean_experts_changed": 3.4375, "experts_changed_given_changed": 3.793103448275862, "kl_median": 0.19999998062849045, "kl_p90": 0.8983903527259827}, "44": {"beta": 14.82835054332503, "changed_frac": 0.8541666666666666, "mean_experts_changed": 3.0625, "experts_changed_given_changed": 3.5853658536585367, "kl_median": 0.19999996572732925, "kl_p90": 0.842454344034195}}}, "beta": {"36": 1.4172330525809542, "44": 1.051358999215211}, "n_calib_tokens": 192, "delta_rule": "smallest delta with changed_frac in [0.15,0.35] and mean_experts_changed <= 1.0 on BOTH layers", "delta_auto": 0.002, "delta": 0.002}
/home/xiang/ssn-group-papaer/candidates/CT03_COUNTERFACTUAL_CREDIT_MOE_ROUTING/src/e02_qwen.py:79: UserWarning: Converting a tensor with requires_grad=True to a scalar may lead to unexpected behavior.
Consider using tensor.detach() first. (Triggered internally at /pytorch/torch/csrc/autograd/generated/python_variable_methods.cpp:835.)
  Z = float(p[sel].sum())
[1/400] cpd loss=0.0142 drift=[0.0024, 0.0039] 12s
[2/400] cpd loss=0.0237 drift=[0.004, 0.0064] 24s
[3/400] cpd loss=0.0122 drift=[0.0051, 0.0084] 33s
[20/400] cpd loss=0.0508 drift=[0.0171, 0.0284] 195s
[40/400] cpd loss=0.0020 drift=[0.0269, 0.0433] 379s
[60/400] cpd loss=0.0184 drift=[0.0341, 0.0519] 566s
[80/400] cpd loss=0.0029 drift=[0.0395, 0.0581] 755s
[100/400] cpd loss=0.0132 drift=[0.0444, 0.0659] 947s
[120/400] cpd loss=0.0020 drift=[0.0482, 0.0725] 1138s
[140/400] cpd loss=0.0010 drift=[0.0523, 0.0797] 1322s
[160/400] cpd loss=0.0039 drift=[0.0564, 0.0854] 1513s
[180/400] cpd loss=0.0117 drift=[0.0604, 0.0907] 1696s
[200/400] cpd loss=0.0171 drift=[0.0647, 0.0964] 1879s
[220/400] cpd loss=0.0228 drift=[0.0684, 0.1008] 2055s
[240/400] cpd loss=0.0134 drift=[0.0719, 0.1052] 2239s
[260/400] cpd loss=0.0512 drift=[0.0745, 0.1101] 2421s
[280/400] cpd loss=0.0214 drift=[0.0773, 0.1156] 2614s
[300/400] cpd loss=0.0151 drift=[0.0799, 0.1193] 2797s
[320/400] cpd loss=0.0059 drift=[0.0825, 0.1221] 2986s
[340/400] cpd loss=0.0185 drift=[0.0849, 0.1248] 3170s
[360/400] cpd loss=0.0384 drift=[0.0874, 0.1291] 3362s
[380/400] cpd loss=0.0263 drift=[0.0893, 0.1325] 3557s
[400/400] cpd loss=0.0109 drift=[0.092, 0.1362] 3744s
Exception ignored in: <function ResourceTracker.__del__ at 0x14e3746d8040>
Traceback (most recent call last):
  File "/home/xiang/miniconda3/envs/verl-clean/lib/python3.12/site-packages/multiprocess/resource_tracker.py", line 80, in __del__
  File "/home/xiang/miniconda3/envs/verl-clean/lib/python3.12/site-packages/multiprocess/resource_tracker.py", line 89, in _stop
  File "/home/xiang/miniconda3/envs/verl-clean/lib/python3.12/site-packages/multiprocess/resource_tracker.py", line 102, in _stop_locked
AttributeError: '_thread.RLock' object has no attribute '_recursion_count'
