=== LADDER DONE ===
calib tokens 192   rule: smallest delta with changed_frac in [0.15,0.35] and mean_experts_changed <= 1.0 on BOTH layers
  delta  layer       beta  chg_frac  mean_chg  chg|chg   kl_med   kl_p90
  0.001     36     1.0088     0.146     0.146     1.00   0.0010   0.0120
  0.001     44     0.7424     0.104     0.104     1.00   0.0010   0.0122
  0.002     36     1.4172     0.240     0.281     1.17   0.0020   0.0219
  0.002     44     1.0514     0.156     0.167     1.07   0.0020   0.0236
  0.003     36     1.7313     0.292     0.385     1.32   0.0030   0.0309
  0.003     44     1.2909     0.167     0.208     1.25   0.0030   0.0362
  0.004     36     2.0048     0.365     0.500     1.37   0.0040   0.0393
  0.004     44     1.4939     0.219     0.271     1.24   0.0040   0.0489
  0.006     36     2.4719     0.396     0.562     1.42   0.0060   0.0606
  0.006     44     1.8367     0.219     0.333     1.52   0.0060   0.0706
  0.008     36     2.8557     0.448     0.625     1.40   0.0080   0.0830
  0.008     44     2.1280     0.250     0.406     1.62   0.0080   0.0948
   0.01     36     3.1861     0.458     0.677     1.48   0.0100   0.1051
   0.01     44     2.3865     0.271     0.469     1.73   0.0100   0.1124
   0.02     36     4.5576     0.615     1.156     1.88   0.0200   0.2201
   0.02     44     3.4192     0.396     0.729     1.84   0.0200   0.2014
   0.05     36     7.3935     0.750     1.844     2.46   0.0500   0.4868
   0.05     44     5.7758     0.562     1.302     2.31   0.0500   0.4291
    0.1     36    11.3574     0.875     2.698     3.08   0.1000   0.7287
    0.1     44     8.9194     0.729     2.021     2.77   0.1000   0.6669
    0.2     36    17.1292     0.906     3.438     3.79   0.2000   0.8984
    0.2     44    14.8284     0.854     3.062     3.59   0.2000   0.8425

DELTA CHOSEN BY RULE: 0.002  (used: 0.002)
beta: {'36': 1.4172330525809542, '44': 1.051358999215211}
=== SMOKE PASSED ===
1 pooled median target KL 0.00280 vs budget 0.002 (per-step ['2.4e-03', '2.6e-04', '3.1e-03', '2.5e-03', '3.6e-03', '1.1e-02']) -> True
2 shuffled KL matches true (max resid 6.80e-08): True
3 all arms drift: cpd=[0.007963051088154316, 0.013238184154033661] shuf=[0.00822295993566513, 0.012792813591659069] ce=[0.010931096971035004, 0.01782652921974659] -> True
4 no NaN/Inf: True
   |F| mean: [12.0, 12.0, 12.0, 12.0, 12.0, 12.0]
SMOKE_PASS
=== TRAINED cpd ===
=== TRAINED shuffled ===
=== TRAINED router_ce ===
