Loading checkpoint shards:   0%|          | 0/16 [00:00<?, ?it/s]Loading checkpoint shards:   6%|▋         | 1/16 [00:25<06:17, 25.19s/it]Loading checkpoint shards:  12%|█▎        | 2/16 [00:54<06:22, 27.36s/it]Loading checkpoint shards:  19%|█▉        | 3/16 [01:26<06:25, 29.65s/it]Loading checkpoint shards:  25%|██▌       | 4/16 [01:53<05:41, 28.44s/it]Loading checkpoint shards:  31%|███▏      | 5/16 [02:24<05:26, 29.70s/it]Loading checkpoint shards:  38%|███▊      | 6/16 [02:54<04:57, 29.71s/it]Loading checkpoint shards:  44%|████▍     | 7/16 [03:23<04:23, 29.32s/it]Loading checkpoint shards:  50%|█████     | 8/16 [03:51<03:52, 29.11s/it]Loading checkpoint shards:  56%|█████▋    | 9/16 [04:20<03:21, 28.81s/it]Loading checkpoint shards:  62%|██████▎   | 10/16 [04:49<02:53, 28.90s/it]Loading checkpoint shards:  69%|██████▉   | 11/16 [05:16<02:21, 28.31s/it]Loading checkpoint shards:  75%|███████▌  | 12/16 [05:43<01:51, 27.99s/it]Loading checkpoint shards:  81%|████████▏ | 13/16 [06:16<01:28, 29.46s/it]Loading checkpoint shards:  88%|████████▊ | 14/16 [06:45<00:58, 29.41s/it]Loading checkpoint shards:  94%|█████████▍| 15/16 [07:13<00:28, 28.94s/it]Loading checkpoint shards: 100%|██████████| 16/16 [07:17<00:00, 21.45s/it]Loading checkpoint shards: 100%|██████████| 16/16 [07:17<00:00, 27.34s/it]
/home/xiang/ssn-group-papaer/candidates/CT03_COUNTERFACTUAL_CREDIT_MOE_ROUTING/src/cpd_v1.py:284: UserWarning: Converting a tensor with requires_grad=True to a scalar may lead to unexpected behavior.
Consider using tensor.detach() first. (Triggered internally at /pytorch/torch/csrc/autograd/generated/python_variable_methods.cpp:835.)
  rec = dict(step=step, loss=float(loss), grad_norm=float(gn))
[1/400] router_ce loss=1.4710 drift=[0.0034, 0.0054] 7s
[2/400] router_ce loss=0.8139 drift=[0.0055, 0.0086] 12s
[3/400] router_ce loss=1.9919 drift=[0.0071, 0.0113] 16s
[20/400] router_ce loss=1.0454 drift=[0.0231, 0.0377] 94s
[40/400] router_ce loss=0.5702 drift=[0.0358, 0.0569] 183s
[60/400] router_ce loss=1.4066 drift=[0.045, 0.0711] 270s
[80/400] router_ce loss=2.0959 drift=[0.0519, 0.0817] 361s
[100/400] router_ce loss=1.9124 drift=[0.0577, 0.0907] 451s
[120/400] router_ce loss=0.5125 drift=[0.0625, 0.0982] 540s
[140/400] router_ce loss=0.4869 drift=[0.0666, 0.1046] 626s
[160/400] router_ce loss=1.0301 drift=[0.0712, 0.1109] 719s
[180/400] router_ce loss=1.0484 drift=[0.0757, 0.1171] 808s
[200/400] router_ce loss=0.9176 drift=[0.0797, 0.122] 899s
[220/400] router_ce loss=1.2639 drift=[0.0835, 0.1272] 988s
[240/400] router_ce loss=0.8873 drift=[0.0873, 0.1319] 1078s
[260/400] router_ce loss=1.1324 drift=[0.0907, 0.1366] 1166s
[280/400] router_ce loss=1.5014 drift=[0.0936, 0.1406] 1258s
[300/400] router_ce loss=2.2919 drift=[0.0962, 0.1443] 1346s
[320/400] router_ce loss=1.1730 drift=[0.0985, 0.1475] 1436s
[340/400] router_ce loss=0.9659 drift=[0.1013, 0.1507] 1524s
[360/400] router_ce loss=1.1218 drift=[0.1036, 0.1543] 1613s
[380/400] router_ce loss=1.2347 drift=[0.1059, 0.1575] 1706s
[400/400] router_ce loss=1.3731 drift=[0.1086, 0.1606] 1797s
Exception ignored in: <function ResourceTracker.__del__ at 0xb3377554040>
Traceback (most recent call last):
  File "/home/xiang/miniconda3/envs/verl-clean/lib/python3.12/site-packages/multiprocess/resource_tracker.py", line 80, in __del__
  File "/home/xiang/miniconda3/envs/verl-clean/lib/python3.12/site-packages/multiprocess/resource_tracker.py", line 89, in _stop
  File "/home/xiang/miniconda3/envs/verl-clean/lib/python3.12/site-packages/multiprocess/resource_tracker.py", line 102, in _stop_locked
AttributeError: '_thread.RLock' object has no attribute '_recursion_count'
