==============================================================================
A. rho_med(px_shared, dL_seq) by layer x alpha   [hard tokens]

-- pool=boundary
 layer   a=0.125    a=0.25     a=0.5     a=1.0
     1     0.829     0.657     0.600     0.257
     3     0.914     0.657     0.486     0.429
     5     1.000     0.800     0.657     0.600
     7     0.943     0.914     0.829     0.771
    15     1.000     1.000     1.000     1.000

-- pool=random
 layer   a=0.125    a=0.25     a=0.5     a=1.0
     1     0.943     0.714     0.543     0.314
     3     0.943     0.829     0.657     0.486
     5     1.000     0.943     0.829     0.600
     7     1.000     1.000     0.943     0.771
    15     1.000     1.000     1.000     1.000

==============================================================================
B. top-3 recall by layer x alpha  [hard, boundary]
 layer   a=0.125    a=0.25     a=0.5     a=1.0
     1     0.875     0.844     0.740     0.677
     3     0.896     0.865     0.823     0.750
     5     0.896     0.854     0.812     0.719
     7     0.906     0.875     0.833     0.896
    15     1.000     1.000     1.000     0.990

==============================================================================
C. lin_ratio = dL_exact / (alpha * g.dh), median -- 1.0 means first order is exact
 layer   a=0.125    a=0.25     a=0.5     a=1.0
     1     0.997     0.996     0.992     0.960
     3     0.999     0.999     1.003     1.014
     5     1.000     0.999     0.990     0.954
     7     1.001     1.004     1.005     0.988
    15     0.994     0.991     0.982     0.965

==============================================================================
D. error stratified by perturbation size  [layer 1 and 7, alpha=1, hard]
 layer   ||dh|| quartile   rho_med  lin_ratio      n
     1                Q1     0.543      0.592    288
     1                Q2     0.400      0.956    288
     1                Q3     0.100      0.857    288
     1                Q4     0.386      0.905    288
     7                Q1     0.829      0.985    288
     7                Q2     0.800      1.060    288
     7                Q3     0.771      0.940    288
     7                Q4     0.657      0.671    288

==============================================================================
E. by candidate router rank  [layer 1, alpha=1, hard]  rank 8..15 = boundary
  boundary   median rank_j= 10.5  median||dh||=0.0141  lin_ratio=0.928
  random     median rank_j= 38.0  median||dh||=0.0124  lin_ratio=0.886

==============================================================================
F. direction drift cos(actual, linear) at alpha=1, by relative depth
  L1   1.00  1.00  1.00  1.00  1.00  1.00  1.00  1.00  1.00  1.00  1.00  1.00  0.95  0.96
  L3   1.00  1.00  1.00  1.00  1.00  1.00  1.00  1.00  1.00  0.89  0.58  0.59
  L5   1.00  1.00  1.00  1.00  1.00  0.99  0.99  0.99  0.69  0.69
  L7   1.00  1.00  0.99  0.99  0.99  0.87  0.88  0.88

==============================================================================
G. cost ratio (exact / proxy) vs candidates harvested per shared backward
 cands/seq       L1       L3       L5       L7      L15
         4      0.7      0.6      0.5      0.4      0.1
         8      1.4      1.2      1.0      0.8      0.1
        16      2.7      2.4      2.0      1.7      0.3
        32      5.5      4.8      4.1      3.4      0.5
        64     10.9      9.5      8.1      6.7      1.1
       256     43.7     38.1     32.4     26.8      4.2
       768    130.6    113.7     96.9     80.0     12.7
      1024    173.8    151.3    128.9    106.5     16.9
      4096    678.8    591.2    503.7    416.1     65.9
     16384   2482.8   2162.6   1842.3   1522.0    240.9

  break-even (ratio = 1x), candidates per sequence:
    layer  1:      5.8
    layer  3:      6.7
    layer  5:      7.9
    layer  7:      9.5
    layer 15:     60.3

==============================================================================
ADJUDICATION  r1 = 0.829   (STAGE B if >= 0.60, SHRINK if < 0.40)
wrote results/e015_report.json
