Loading checkpoint shards:   0%|          | 0/16 [00:00<?, ?it/s]Loading checkpoint shards:   6%|▋         | 1/16 [00:09<02:27,  9.85s/it]Loading checkpoint shards:  12%|█▎        | 2/16 [00:21<02:29, 10.68s/it]Loading checkpoint shards:  19%|█▉        | 3/16 [00:32<02:21, 10.89s/it]Loading checkpoint shards:  25%|██▌       | 4/16 [00:43<02:12, 11.08s/it]Loading checkpoint shards:  31%|███▏      | 5/16 [00:54<02:02, 11.16s/it]Loading checkpoint shards:  38%|███▊      | 6/16 [01:06<01:51, 11.20s/it]Loading checkpoint shards:  44%|████▍     | 7/16 [01:17<01:41, 11.25s/it]Loading checkpoint shards:  50%|█████     | 8/16 [01:28<01:29, 11.24s/it]Loading checkpoint shards:  56%|█████▋    | 9/16 [01:40<01:19, 11.34s/it]Loading checkpoint shards:  62%|██████▎   | 10/16 [01:51<01:07, 11.19s/it]Loading checkpoint shards:  69%|██████▉   | 11/16 [02:02<00:56, 11.21s/it]Loading checkpoint shards:  75%|███████▌  | 12/16 [02:13<00:44, 11.16s/it]Loading checkpoint shards:  81%|████████▏ | 13/16 [02:24<00:33, 11.16s/it]Loading checkpoint shards:  88%|████████▊ | 14/16 [02:35<00:22, 11.16s/it]Loading checkpoint shards:  94%|█████████▍| 15/16 [02:47<00:11, 11.29s/it]Loading checkpoint shards: 100%|██████████| 16/16 [02:49<00:00,  8.46s/it]Loading checkpoint shards: 100%|██████████| 16/16 [02:49<00:00, 10.58s/it]
Using the latest cached version of the dataset since HuggingFaceH4/MATH-500 couldn't be found on the Hugging Face Hub (offline mode is enabled).
Found the latest cached dataset configuration 'default' at /home/xiang/.cache/huggingface/datasets/HuggingFaceH4___math-500/default/0.0.0/6e4ed1a2a79af7d8630a6b768ec859cb5af4d3be (last modified on Mon Jun  1 04:37:01 2026).
  proxy done q=419
  proxy done q=459
  proxy done q=130
  proxy done q=431
  proxy done q=370
  proxy done q=26
  proxy done q=201
  proxy done q=56
  proxy done q=366
  proxy done q=108
  proxy done q=231
  proxy done q=326
  proxy done q=118
  proxy done q=153
  proxy done q=311
  proxy done q=24
matched tokens: 384 (proxy 384, exact 384)

Does projection preserve -- or denoise -- the proxy?
 layer     n  rho pairwise  rho potential    gain  R2 proxy  best-cand  top4 ovl
    28   128         0.707          0.703  -0.004     1.000      0.703     0.660
    36   128         0.905          0.902  -0.003     1.000      0.852     0.791
    44   128         0.984          0.979  -0.005     1.000      0.914     0.902

wrote results/e036_potential.json
Exception ignored in: <function ResourceTracker.__del__ at 0x9318617fa60>
Traceback (most recent call last):
  File "/home/xiang/miniconda3/envs/verl-clean/lib/python3.12/site-packages/multiprocess/resource_tracker.py", line 80, in __del__
  File "/home/xiang/miniconda3/envs/verl-clean/lib/python3.12/site-packages/multiprocess/resource_tracker.py", line 89, in _stop
  File "/home/xiang/miniconda3/envs/verl-clean/lib/python3.12/site-packages/multiprocess/resource_tracker.py", line 102, in _stop_locked
AttributeError: '_thread.RLock' object has no attribute '_recursion_count'
