Loading checkpoint shards:   0%|          | 0/3 [00:00<?, ?it/s]Loading checkpoint shards:  33%|███▎      | 1/3 [00:12<00:25, 12.95s/it]Loading checkpoint shards:  67%|██████▋   | 2/3 [00:23<00:11, 11.37s/it]Loading checkpoint shards: 100%|██████████| 3/3 [00:30<00:00,  9.70s/it]Loading checkpoint shards: 100%|██████████| 3/3 [00:30<00:00, 10.31s/it]
Using the latest cached version of the dataset since HuggingFaceH4/MATH-500 couldn't be found on the Hugging Face Hub (offline mode is enabled).
Found the latest cached dataset configuration 'default' at /home/xiang/.cache/huggingface/datasets/HuggingFaceH4___math-500/default/0.0.0/6e4ed1a2a79af7d8630a6b768ec859cb5af4d3be (last modified on Mon Jun  1 04:37:01 2026).
[1/16] q=419
[2/16] q=459
[3/16] q=130
[4/16] q=431
[5/16] q=370
[6/16] q=26
[7/16] q=201
[8/16] q=56
[9/16] q=366
[10/16] q=108
[11/16] q=231
[12/16] q=326
[13/16] q=118
[14/16] q=153
[15/16] q=311
[16/16] q=24
Exception ignored in: <function ResourceTracker.__del__ at 0x1352fa95fa60>
Traceback (most recent call last):
  File "/home/xiang/miniconda3/envs/verl-clean/lib/python3.12/site-packages/multiprocess/resource_tracker.py", line 80, in __del__
  File "/home/xiang/miniconda3/envs/verl-clean/lib/python3.12/site-packages/multiprocess/resource_tracker.py", line 89, in _stop
  File "/home/xiang/miniconda3/envs/verl-clean/lib/python3.12/site-packages/multiprocess/resource_tracker.py", line 102, in _stop_locked
AttributeError: '_thread.RLock' object has no attribute '_recursion_count'
