Loading checkpoint shards:   0%|          | 0/16 [00:00<?, ?it/s]Loading checkpoint shards:   6%|▋         | 1/16 [00:20<05:09, 20.61s/it]Loading checkpoint shards:  12%|█▎        | 2/16 [00:43<05:04, 21.77s/it]Loading checkpoint shards:  19%|█▉        | 3/16 [01:05<04:43, 21.84s/it]Loading checkpoint shards:  25%|██▌       | 4/16 [01:27<04:25, 22.12s/it]Loading checkpoint shards:  31%|███▏      | 5/16 [01:49<04:02, 22.01s/it]Loading checkpoint shards:  38%|███▊      | 6/16 [02:12<03:42, 22.25s/it]Loading checkpoint shards:  44%|████▍     | 7/16 [02:34<03:20, 22.25s/it]Loading checkpoint shards:  50%|█████     | 8/16 [02:57<02:59, 22.46s/it]Loading checkpoint shards:  56%|█████▋    | 9/16 [03:18<02:35, 22.19s/it]Loading checkpoint shards:  62%|██████▎   | 10/16 [03:41<02:13, 22.31s/it]Loading checkpoint shards:  69%|██████▉   | 11/16 [04:04<01:52, 22.44s/it]Loading checkpoint shards:  75%|███████▌  | 12/16 [04:26<01:29, 22.42s/it]Loading checkpoint shards:  81%|████████▏ | 13/16 [04:48<01:06, 22.22s/it]Loading checkpoint shards:  88%|████████▊ | 14/16 [05:09<00:43, 21.77s/it]Loading checkpoint shards:  94%|█████████▍| 15/16 [05:30<00:21, 21.58s/it]Loading checkpoint shards: 100%|██████████| 16/16 [05:33<00:00, 16.19s/it]Loading checkpoint shards: 100%|██████████| 16/16 [05:33<00:00, 20.87s/it]
[1/105] shard@0 tokens 6
[2/105] shard@0 tokens 12
[3/105] shard@0 tokens 18
[4/105] shard@0 tokens 24
[5/105] shard@0 tokens 30
[6/105] shard@0 tokens 36
[7/105] shard@0 tokens 42
[8/105] shard@0 tokens 48
[9/105] shard@0 tokens 54
[10/105] shard@0 tokens 60
[11/105] shard@0 tokens 66
[12/105] shard@0 tokens 72
[13/105] shard@0 tokens 78
[14/105] shard@0 tokens 84
[15/105] shard@0 tokens 90
[16/105] shard@0 tokens 96
[17/105] shard@0 tokens 102
[18/105] shard@0 tokens 108
[19/105] shard@0 tokens 114
[20/105] shard@0 tokens 120
[21/105] shard@0 tokens 126
[22/105] shard@0 tokens 132
[23/105] shard@0 tokens 138
[24/105] shard@0 tokens 144
[25/105] shard@0 tokens 150
[26/105] shard@0 tokens 156
[27/105] shard@0 tokens 162
[28/105] shard@0 tokens 168
[30/105] shard@0 tokens 174
[31/105] shard@0 tokens 180
[32/105] shard@0 tokens 186
[33/105] shard@0 tokens 192
[34/105] shard@0 tokens 198
[35/105] shard@0 tokens 204
[36/105] shard@0 tokens 210
[37/105] shard@0 tokens 216
[38/105] shard@0 tokens 222
[39/105] shard@0 tokens 228
[40/105] shard@0 tokens 234
[41/105] shard@0 tokens 240
[42/105] shard@0 tokens 246
[43/105] shard@0 tokens 252
[44/105] shard@0 tokens 258
[45/105] shard@0 tokens 264
[46/105] shard@0 tokens 270
[47/105] shard@0 tokens 276
[48/105] shard@0 tokens 282
[49/105] shard@0 tokens 288
[50/105] shard@0 tokens 294
[51/105] shard@0 tokens 300
[52/105] shard@0 tokens 306
[53/105] shard@0 tokens 312
[54/105] shard@0 tokens 318
[55/105] shard@0 tokens 324
[56/105] shard@0 tokens 330
[57/105] shard@0 tokens 336
[58/105] shard@0 tokens 342
[59/105] shard@0 tokens 348
[60/105] shard@0 tokens 354
[61/105] shard@0 tokens 360
[62/105] shard@0 tokens 366
[63/105] shard@0 tokens 372
[64/105] shard@0 tokens 378
[65/105] shard@0 tokens 384
[66/105] shard@0 tokens 390
[67/105] shard@0 tokens 396
[68/105] shard@0 tokens 402
[69/105] shard@0 tokens 408
[70/105] shard@0 tokens 414
[71/105] shard@0 tokens 420
[72/105] shard@0 tokens 426
[73/105] shard@0 tokens 432
[74/105] shard@0 tokens 438
[75/105] shard@0 tokens 444
[76/105] shard@0 tokens 450
[77/105] shard@0 tokens 456
[78/105] shard@0 tokens 462
[79/105] shard@0 tokens 468
[80/105] shard@0 tokens 474
[81/105] shard@0 tokens 480
[82/105] shard@0 tokens 486
[83/105] shard@0 tokens 492
[84/105] shard@0 tokens 498
[85/105] shard@0 tokens 504
[86/105] shard@0 tokens 510
[87/105] shard@0 tokens 516
[88/105] shard@0 tokens 522
[89/105] shard@0 tokens 528
[90/105] shard@0 tokens 534
[91/105] shard@0 tokens 540
[92/105] shard@0 tokens 546
[93/105] shard@0 tokens 552
[94/105] shard@0 tokens 558
[95/105] shard@0 tokens 564
[96/105] shard@0 tokens 570
[97/105] shard@0 tokens 576
[98/105] shard@0 tokens 582
[99/105] shard@0 tokens 588
[100/105] shard@0 tokens 594
[101/105] shard@0 tokens 600
[102/105] shard@0 tokens 606
[103/105] shard@0 tokens 612
[104/105] shard@0 tokens 618
[105/105] shard@0 tokens 624
wrote results/e09_cache_a.pt: 624 tokens
Exception ignored in: <function ResourceTracker.__del__ at 0x885c6f4fce0>
Traceback (most recent call last):
  File "/home/xiang/miniconda3/envs/verl-clean/lib/python3.12/site-packages/multiprocess/resource_tracker.py", line 80, in __del__
  File "/home/xiang/miniconda3/envs/verl-clean/lib/python3.12/site-packages/multiprocess/resource_tracker.py", line 89, in _stop
  File "/home/xiang/miniconda3/envs/verl-clean/lib/python3.12/site-packages/multiprocess/resource_tracker.py", line 102, in _stop_locked
AttributeError: '_thread.RLock' object has no attribute '_recursion_count'
