Loading checkpoint shards:   0%|          | 0/16 [00:00<?, ?it/s]Loading checkpoint shards:   6%|▋         | 1/16 [00:28<07:03, 28.24s/it]Loading checkpoint shards:  12%|█▎        | 2/16 [00:59<06:59, 29.98s/it]Loading checkpoint shards:  19%|█▉        | 3/16 [01:30<06:38, 30.66s/it]Loading checkpoint shards:  25%|██▌       | 4/16 [02:01<06:05, 30.48s/it]Loading checkpoint shards:  31%|███▏      | 5/16 [02:31<05:36, 30.59s/it]Loading checkpoint shards:  38%|███▊      | 6/16 [03:02<05:07, 30.71s/it]Loading checkpoint shards:  44%|████▍     | 7/16 [03:33<04:36, 30.67s/it]Loading checkpoint shards:  50%|█████     | 8/16 [04:00<03:56, 29.62s/it]Loading checkpoint shards:  56%|█████▋    | 9/16 [04:29<03:24, 29.19s/it]Loading checkpoint shards:  62%|██████▎   | 10/16 [05:00<02:58, 29.76s/it]Loading checkpoint shards:  69%|██████▉   | 11/16 [05:31<02:30, 30.13s/it]Loading checkpoint shards:  75%|███████▌  | 12/16 [05:59<01:58, 29.64s/it]Loading checkpoint shards:  81%|████████▏ | 13/16 [06:28<01:28, 29.54s/it]Loading checkpoint shards:  88%|████████▊ | 14/16 [07:00<01:00, 30.18s/it]Loading checkpoint shards:  94%|█████████▍| 15/16 [07:29<00:29, 29.96s/it]Loading checkpoint shards: 100%|██████████| 16/16 [07:35<00:00, 22.49s/it]Loading checkpoint shards: 100%|██████████| 16/16 [07:35<00:00, 28.45s/it]
[1/105] shard@0 problems 1
  V1 ok: cached replay 167.2719 vs 167.2719; mask ((1, 1, 366, 366), torch.bool)
[2/105] shard@0 problems 2
[3/105] shard@0 problems 3
[4/105] shard@0 problems 4
[5/105] shard@0 problems 5
[6/105] shard@0 problems 6
[7/105] shard@0 problems 7
[8/105] shard@0 problems 8
[9/105] shard@0 problems 9
[10/105] shard@0 problems 10
[11/105] shard@0 problems 11
[12/105] shard@0 problems 12
[13/105] shard@0 problems 13
[14/105] shard@0 problems 14
[15/105] shard@0 problems 15
[16/105] shard@0 problems 16
[17/105] shard@0 problems 17
[18/105] shard@0 problems 18
[19/105] shard@0 problems 19
[20/105] shard@0 problems 20
[21/105] shard@0 problems 21
[22/105] shard@0 problems 22
[23/105] shard@0 problems 23
[24/105] shard@0 problems 24
[25/105] shard@0 problems 25
[26/105] shard@0 problems 26
[27/105] shard@0 problems 27
[28/105] shard@0 problems 28
[30/105] shard@0 problems 29
[31/105] shard@0 problems 30
[32/105] shard@0 problems 31
[33/105] shard@0 problems 32
[34/105] shard@0 problems 33
[35/105] shard@0 problems 34
[36/105] shard@0 problems 35
[37/105] shard@0 problems 36
[38/105] shard@0 problems 37
[39/105] shard@0 problems 38
[40/105] shard@0 problems 39
[41/105] shard@0 problems 40
[42/105] shard@0 problems 41
[43/105] shard@0 problems 42
[44/105] shard@0 problems 43
[45/105] shard@0 problems 44
[46/105] shard@0 problems 45
[47/105] shard@0 problems 46
[48/105] shard@0 problems 47
[49/105] shard@0 problems 48
[50/105] shard@0 problems 49
[51/105] shard@0 problems 50
[52/105] shard@0 problems 51
[53/105] shard@0 problems 52
[54/105] shard@0 problems 53
[55/105] shard@0 problems 54
[56/105] shard@0 problems 55
[57/105] shard@0 problems 56
[58/105] shard@0 problems 57
[59/105] shard@0 problems 58
[60/105] shard@0 problems 59
[61/105] shard@0 problems 60
[62/105] shard@0 problems 61
[63/105] shard@0 problems 62
[64/105] shard@0 problems 63
[65/105] shard@0 problems 64
[66/105] shard@0 problems 65
[67/105] shard@0 problems 66
[68/105] shard@0 problems 67
[69/105] shard@0 problems 68
[70/105] shard@0 problems 69
[71/105] shard@0 problems 70
[72/105] shard@0 problems 71
[73/105] shard@0 problems 72
[74/105] shard@0 problems 73
[75/105] shard@0 problems 74
[76/105] shard@0 problems 75
[77/105] shard@0 problems 76
[78/105] shard@0 problems 77
[79/105] shard@0 problems 78
[80/105] shard@0 problems 79
[81/105] shard@0 problems 80
[82/105] shard@0 problems 81
[83/105] shard@0 problems 82
[84/105] shard@0 problems 83
[85/105] shard@0 problems 84
[86/105] shard@0 problems 85
[87/105] shard@0 problems 86
[88/105] shard@0 problems 87
[89/105] shard@0 problems 88
[90/105] shard@0 problems 89
[91/105] shard@0 problems 90
[92/105] shard@0 problems 91
[93/105] shard@0 problems 92
[94/105] shard@0 problems 93
[95/105] shard@0 problems 94
[96/105] shard@0 problems 95
[97/105] shard@0 problems 96
[98/105] shard@0 problems 97
[99/105] shard@0 problems 98
[100/105] shard@0 problems 99
[101/105] shard@0 problems 100
[102/105] shard@0 problems 101
[103/105] shard@0 problems 102
[104/105] shard@0 problems 103
[105/105] shard@0 problems 104
wrote results/e10_cache_a.pt: 104 problems
Exception ignored in: <function ResourceTracker.__del__ at 0x14c28752fce0>
Traceback (most recent call last):
  File "/home/xiang/miniconda3/envs/verl-clean/lib/python3.12/site-packages/multiprocess/resource_tracker.py", line 80, in __del__
  File "/home/xiang/miniconda3/envs/verl-clean/lib/python3.12/site-packages/multiprocess/resource_tracker.py", line 89, in _stop
  File "/home/xiang/miniconda3/envs/verl-clean/lib/python3.12/site-packages/multiprocess/resource_tracker.py", line 102, in _stop_locked
AttributeError: '_thread.RLock' object has no attribute '_recursion_count'
