Loading checkpoint shards:   0%|          | 0/16 [00:00<?, ?it/s]Loading checkpoint shards:   6%|▋         | 1/16 [00:26<06:36, 26.46s/it]Loading checkpoint shards:  12%|█▎        | 2/16 [01:00<07:13, 30.95s/it]Loading checkpoint shards:  19%|█▉        | 3/16 [01:32<06:50, 31.59s/it]Loading checkpoint shards:  25%|██▌       | 4/16 [02:06<06:27, 32.27s/it]Loading checkpoint shards:  31%|███▏      | 5/16 [02:40<06:01, 32.84s/it]Loading checkpoint shards:  38%|███▊      | 6/16 [03:14<05:34, 33.45s/it]Loading checkpoint shards:  44%|████▍     | 7/16 [03:48<05:02, 33.57s/it]Loading checkpoint shards:  50%|█████     | 8/16 [04:22<04:30, 33.77s/it]Loading checkpoint shards:  56%|█████▋    | 9/16 [04:55<03:54, 33.49s/it]Loading checkpoint shards:  62%|██████▎   | 10/16 [05:28<03:20, 33.38s/it]Loading checkpoint shards:  69%|██████▉   | 11/16 [06:01<02:46, 33.26s/it]Loading checkpoint shards:  75%|███████▌  | 12/16 [06:34<02:13, 33.25s/it]Loading checkpoint shards:  81%|████████▏ | 13/16 [07:07<01:39, 33.15s/it]Loading checkpoint shards:  88%|████████▊ | 14/16 [07:39<01:05, 32.72s/it]Loading checkpoint shards:  94%|█████████▍| 15/16 [08:13<00:32, 32.97s/it]Loading checkpoint shards: 100%|██████████| 16/16 [08:18<00:00, 24.59s/it]Loading checkpoint shards: 100%|██████████| 16/16 [08:18<00:00, 31.14s/it]
[10/300] shard@0 tokens 949
[20/300] shard@0 tokens 1680
[30/300] shard@0 tokens 2500
[40/300] shard@0 tokens 3395
[50/300] shard@0 tokens 4257
[60/300] shard@0 tokens 5041
[70/300] shard@0 tokens 5891
[80/300] shard@0 tokens 6756
[90/300] shard@0 tokens 7630
[100/300] shard@0 tokens 8533
[110/300] shard@0 tokens 9452
[120/300] shard@0 tokens 10344
[130/300] shard@0 tokens 11241
[140/300] shard@0 tokens 12021
[150/300] shard@0 tokens 12810
[160/300] shard@0 tokens 13706
[170/300] shard@0 tokens 14652
[180/300] shard@0 tokens 15559
[190/300] shard@0 tokens 16418
[200/300] shard@0 tokens 17350
[210/300] shard@0 tokens 18246
[220/300] shard@0 tokens 19172
[230/300] shard@0 tokens 19922
[240/300] shard@0 tokens 20742
[250/300] shard@0 tokens 21626
[260/300] shard@0 tokens 22566
[270/300] shard@0 tokens 23393
[280/300] shard@0 tokens 24348
[290/300] shard@0 tokens 25267
[300/300] shard@0 tokens 26151
wrote results/e11_cache_a.pt: 26151 tokens
Exception ignored in: <function ResourceTracker.__del__ at 0x13d85c133ce0>
Traceback (most recent call last):
  File "/home/xiang/miniconda3/envs/verl-clean/lib/python3.12/site-packages/multiprocess/resource_tracker.py", line 80, in __del__
  File "/home/xiang/miniconda3/envs/verl-clean/lib/python3.12/site-packages/multiprocess/resource_tracker.py", line 89, in _stop
  File "/home/xiang/miniconda3/envs/verl-clean/lib/python3.12/site-packages/multiprocess/resource_tracker.py", line 102, in _stop_locked
AttributeError: '_thread.RLock' object has no attribute '_recursion_count'
