Loading checkpoint shards:   0%|          | 0/16 [00:00<?, ?it/s]Loading checkpoint shards:   6%|▋         | 1/16 [00:32<08:10, 32.71s/it]Loading checkpoint shards:  12%|█▎        | 2/16 [01:10<08:19, 35.69s/it]Loading checkpoint shards:  19%|█▉        | 3/16 [01:47<07:49, 36.15s/it]Loading checkpoint shards:  25%|██▌       | 4/16 [02:26<07:28, 37.41s/it]Loading checkpoint shards:  31%|███▏      | 5/16 [03:07<07:04, 38.56s/it]Loading checkpoint shards:  38%|███▊      | 6/16 [03:45<06:25, 38.56s/it]Loading checkpoint shards:  44%|████▍     | 7/16 [04:24<05:47, 38.60s/it]Loading checkpoint shards:  50%|█████     | 8/16 [05:03<05:09, 38.67s/it]Loading checkpoint shards:  56%|█████▋    | 9/16 [05:40<04:28, 38.29s/it]Loading checkpoint shards:  62%|██████▎   | 10/16 [06:20<03:53, 38.89s/it]Loading checkpoint shards:  69%|██████▉   | 11/16 [06:58<03:12, 38.46s/it]Loading checkpoint shards:  75%|███████▌  | 12/16 [07:34<02:30, 37.69s/it]Loading checkpoint shards:  81%|████████▏ | 13/16 [08:10<01:51, 37.10s/it]Loading checkpoint shards:  88%|████████▊ | 14/16 [08:28<01:02, 31.47s/it]Loading checkpoint shards:  94%|█████████▍| 15/16 [08:43<00:26, 26.41s/it]Loading checkpoint shards: 100%|██████████| 16/16 [08:45<00:00, 19.20s/it]Loading checkpoint shards: 100%|██████████| 16/16 [08:45<00:00, 32.85s/it]
[10/300] shard@300 tokens 870
[20/300] shard@300 tokens 1772
[30/300] shard@300 tokens 2659
[40/300] shard@300 tokens 3452
[50/300] shard@300 tokens 4304
[60/300] shard@300 tokens 5264
[70/300] shard@300 tokens 6106
[80/300] shard@300 tokens 6988
[90/300] shard@300 tokens 7926
[100/300] shard@300 tokens 8768
[110/300] shard@300 tokens 9652
[120/300] shard@300 tokens 10565
[130/300] shard@300 tokens 11438
[140/300] shard@300 tokens 12299
[150/300] shard@300 tokens 13120
[160/300] shard@300 tokens 13987
[170/300] shard@300 tokens 14896
[180/300] shard@300 tokens 15808
[190/300] shard@300 tokens 16683
[200/300] shard@300 tokens 17592
[210/300] shard@300 tokens 18311
[220/300] shard@300 tokens 19238
[230/300] shard@300 tokens 20165
[240/300] shard@300 tokens 21004
[250/300] shard@300 tokens 21922
[260/300] shard@300 tokens 22757
[270/300] shard@300 tokens 23595
[280/300] shard@300 tokens 24555
[290/300] shard@300 tokens 25466
[300/300] shard@300 tokens 26357
wrote results/e11_cache_b.pt: 26357 tokens
Exception ignored in: <function ResourceTracker.__del__ at 0x13cb5342bce0>
Traceback (most recent call last):
  File "/home/xiang/miniconda3/envs/verl-clean/lib/python3.12/site-packages/multiprocess/resource_tracker.py", line 80, in __del__
  File "/home/xiang/miniconda3/envs/verl-clean/lib/python3.12/site-packages/multiprocess/resource_tracker.py", line 89, in _stop
  File "/home/xiang/miniconda3/envs/verl-clean/lib/python3.12/site-packages/multiprocess/resource_tracker.py", line 102, in _stop_locked
AttributeError: '_thread.RLock' object has no attribute '_recursion_count'
