Loading checkpoint shards:   0%|          | 0/16 [00:00<?, ?it/s]Loading checkpoint shards:   6%|▋         | 1/16 [00:09<02:28,  9.91s/it]Loading checkpoint shards:  12%|█▎        | 2/16 [00:21<02:31, 10.82s/it]Loading checkpoint shards:  19%|█▉        | 3/16 [00:30<02:09,  9.95s/it]Loading checkpoint shards:  25%|██▌       | 4/16 [00:36<01:40,  8.36s/it]Loading checkpoint shards:  31%|███▏      | 5/16 [00:42<01:22,  7.48s/it]Loading checkpoint shards:  38%|███▊      | 6/16 [00:51<01:21,  8.17s/it]Loading checkpoint shards:  44%|████▍     | 7/16 [00:58<01:11,  7.90s/it]Loading checkpoint shards:  50%|█████     | 8/16 [01:04<00:57,  7.20s/it]Loading checkpoint shards:  56%|█████▋    | 9/16 [01:10<00:47,  6.75s/it]Loading checkpoint shards:  62%|██████▎   | 10/16 [01:15<00:37,  6.25s/it]Loading checkpoint shards:  69%|██████▉   | 11/16 [01:21<00:30,  6.04s/it]Loading checkpoint shards:  75%|███████▌  | 12/16 [01:26<00:22,  5.72s/it]Loading checkpoint shards:  81%|████████▏ | 13/16 [01:31<00:17,  5.75s/it]Loading checkpoint shards:  88%|████████▊ | 14/16 [01:38<00:11,  5.86s/it]Loading checkpoint shards:  94%|█████████▍| 15/16 [01:43<00:05,  5.80s/it]Loading checkpoint shards: 100%|██████████| 16/16 [01:44<00:00,  4.41s/it]Loading checkpoint shards: 100%|██████████| 16/16 [01:44<00:00,  6.56s/it]
tokens 52508: train 41863 (478 problems) / test 10645 (120 problems), disjoint; FG0 held apart
  fixed support: 9666/10645 held-out tokens have an improving route under the reference router (0.908)
  before: pref_acc 0.000 (floor 0)  adopt 0.000 ov 3.77/8  V_route -0.00000 [-0.00000,+0.00000]  med +0.00000  win 0.237  changed 0.00  n=10645
  fixed-target capacity control on 9482 frozen pairs
  fixed ep1/TRAIN: pref_acc 0.003 (floor 0)  adopt 0.000 ov 3.67/8  V_route +0.03254 [+0.02810,+0.03752]  med -0.00000  win 0.360  changed 1.52  n=10602
  fixed ep2/TRAIN: pref_acc 0.005 (floor 0)  adopt 0.000 ov 3.65/8  V_route +0.04625 [+0.04006,+0.05328]  med -0.00000  win 0.356  changed 1.65  n=10602
  fixed ep3/TRAIN: pref_acc 0.008 (floor 0)  adopt 0.000 ov 3.64/8  V_route +0.05681 [+0.04918,+0.06515]  med -0.00000  win 0.356  changed 1.78  n=10602
  fixed ep4/TRAIN: pref_acc 0.014 (floor 0)  adopt 0.000 ov 3.63/8  V_route +0.06594 [+0.05702,+0.07556]  med -0.00000  win 0.361  changed 1.92  n=10602
  fixed ep5/TRAIN: pref_acc 0.020 (floor 0)  adopt 0.001 ov 3.62/8  V_route +0.07248 [+0.06283,+0.08250]  med -0.00000  win 0.360  changed 2.06  n=10602
  fixed ep6/TRAIN: pref_acc 0.029 (floor 0)  adopt 0.001 ov 3.62/8  V_route +0.07842 [+0.06814,+0.08922]  med -0.00000  win 0.361  changed 2.19  n=10602
  fixed ep7/TRAIN: pref_acc 0.038 (floor 0)  adopt 0.002 ov 3.62/8  V_route +0.08296 [+0.07215,+0.09417]  med -0.00000  win 0.364  changed 2.30  n=10602
  fixed ep8/TRAIN: pref_acc 0.048 (floor 0)  adopt 0.003 ov 3.62/8  V_route +0.08640 [+0.07546,+0.09730]  med -0.00000  win 0.362  changed 2.41  n=10602
  drift 0.3608
Exception ignored in: <function ResourceTracker.__del__ at 0xf63eed94400>
Traceback (most recent call last):
  File "/home/xiang/miniconda3/envs/verl-clean/lib/python3.12/site-packages/multiprocess/resource_tracker.py", line 80, in __del__
  File "/home/xiang/miniconda3/envs/verl-clean/lib/python3.12/site-packages/multiprocess/resource_tracker.py", line 89, in _stop
  File "/home/xiang/miniconda3/envs/verl-clean/lib/python3.12/site-packages/multiprocess/resource_tracker.py", line 102, in _stop_locked
AttributeError: '_thread.RLock' object has no attribute '_recursion_count'
