Loading mistral24b
`torch_dtype` is deprecated! Use `dtype` instead!
Loading checkpoint shards:   0%|          | 0/10 [00:00<?, ?it/s]Loading checkpoint shards:  10%|█         | 1/10 [00:02<00:21,  2.34s/it]Loading checkpoint shards:  20%|██        | 2/10 [00:04<00:18,  2.27s/it]Loading checkpoint shards:  30%|███       | 3/10 [00:06<00:15,  2.22s/it]Loading checkpoint shards:  40%|████      | 4/10 [00:08<00:13,  2.21s/it]Loading checkpoint shards:  50%|█████     | 5/10 [00:11<00:10,  2.17s/it]Loading checkpoint shards:  60%|██████    | 6/10 [00:13<00:08,  2.15s/it]Loading checkpoint shards:  70%|███████   | 7/10 [00:15<00:06,  2.17s/it]Loading checkpoint shards:  80%|████████  | 8/10 [00:17<00:04,  2.16s/it]Loading checkpoint shards:  90%|█████████ | 9/10 [00:19<00:02,  2.15s/it]Loading checkpoint shards: 100%|██████████| 10/10 [00:21<00:00,  2.02s/it]Loading checkpoint shards: 100%|██████████| 10/10 [00:21<00:00,  2.13s/it]
The following generation flags are not valid and may be ignored: ['temperature']. Set `TRANSFORMERS_VERBOSITY=info` for more details.
mistral24b 2/84 batch_s=4.38
mistral24b 4/84 batch_s=0.33
mistral24b 6/84 batch_s=0.33
mistral24b 8/84 batch_s=0.33
mistral24b 10/84 batch_s=0.33
mistral24b 12/84 batch_s=0.51
mistral24b 14/84 batch_s=0.34
mistral24b 16/84 batch_s=0.33
mistral24b 18/84 batch_s=0.33
mistral24b 20/84 batch_s=0.33
mistral24b 22/84 batch_s=0.33
mistral24b 24/84 batch_s=0.35
mistral24b 26/84 batch_s=0.35
mistral24b 28/84 batch_s=0.35
mistral24b 30/84 batch_s=0.35
mistral24b 32/84 batch_s=0.35
mistral24b 34/84 batch_s=0.36
mistral24b 36/84 batch_s=0.39
mistral24b 38/84 batch_s=0.39
mistral24b 40/84 batch_s=0.39
mistral24b 42/84 batch_s=0.39
mistral24b 44/84 batch_s=6.78
mistral24b 46/84 batch_s=6.81
mistral24b 48/84 batch_s=5.04
mistral24b 50/84 batch_s=5.06
mistral24b 52/84 batch_s=6.91
mistral24b 54/84 batch_s=6.95
mistral24b 56/84 batch_s=5.14
mistral24b 58/84 batch_s=5.15
mistral24b 60/84 batch_s=6.94
mistral24b 62/84 batch_s=6.73
mistral24b 64/84 batch_s=4.92
mistral24b 66/84 batch_s=6.76
mistral24b 68/84 batch_s=6.79
mistral24b 70/84 batch_s=4.96
mistral24b 72/84 batch_s=4.98
mistral24b 74/84 batch_s=6.86
mistral24b 76/84 batch_s=5.00
mistral24b 78/84 batch_s=6.88
mistral24b 80/84 batch_s=6.94
mistral24b 82/84 batch_s=6.94
mistral24b 84/84 batch_s=5.05
COMPLETE E001b_mistral24b_v1
